Build started 31.03.2026 11:57:43.
     1>Project "D:\warhub\wham\tests\WarHub.ArmouryModel.RosterEngine.Tests\WarHub.ArmouryModel.RosterEngine.Tests.csproj" on node 1 (VSTest target(s)).
     1>BuildProject:
         Build started, please wait...
     1>Project "D:\warhub\wham\tests\WarHub.ArmouryModel.RosterEngine.Tests\WarHub.ArmouryModel.RosterEngine.Tests.csproj" (1) is building "D:\warhub\wham\tests\WarHub.ArmouryModel.RosterEngine.Tests\WarHub.ArmouryModel.RosterEngine.Tests.csproj" (1:2) on node 1 (default targets).
   1:2>Project "D:\warhub\wham\tests\WarHub.ArmouryModel.RosterEngine.Tests\WarHub.ArmouryModel.RosterEngine.Tests.csproj" (1:2) is building "D:\warhub\wham\src\WarHub.ArmouryModel.Source\WarHub.ArmouryModel.Source.csproj" (6:2) on node 5 (default targets).
     6>TransformXsdSchemas:
       Skipping target "TransformXsdSchemas" because all output files are up-to-date with respect to the input files.
   1:2>Project "D:\warhub\wham\tests\WarHub.ArmouryModel.RosterEngine.Tests\WarHub.ArmouryModel.RosterEngine.Tests.csproj" (1:2) is building "D:\warhub\battlescribe-spec\src\BattleScribeSpec.TestKit\BattleScribeSpec.TestKit.csproj" (8:2) on node 3 (default targets).
     8>GenerateTargetFrameworkMonikerAttribute:
       Skipping target "GenerateTargetFrameworkMonikerAttribute" because all output files are up-to-date with respect to the input files.
       CoreGenerateAssemblyInfo:
       Skipping target "CoreGenerateAssemblyInfo" because all output files are up-to-date with respect to the input files.
       _GenerateSourceLinkFile:
         Source Link file 'D:\warhub\battlescribe-spec\artifacts\obj\BattleScribeSpec.TestKit\debug\BattleScribeSpec.TestKit.sourcelink.json' is up-to-date.
       CoreCompile:
       Skipping target "CoreCompile" because all output files are up-to-date with respect to the input files.
       GenerateBuildDependencyFile:
       Skipping target "GenerateBuildDependencyFile" because all output files are up-to-date with respect to the input files.
       CopyFilesToOutputDirectory:
         BattleScribeSpec.TestKit -> D:\warhub\battlescribe-spec\artifacts\bin\BattleScribeSpec.TestKit\debug\BattleScribeSpec.TestKit.dll
     8>Done Building Project "D:\warhub\battlescribe-spec\src\BattleScribeSpec.TestKit\BattleScribeSpec.TestKit.csproj" (default targets).
   6:2>Project "D:\warhub\wham\src\WarHub.ArmouryModel.Source\WarHub.ArmouryModel.Source.csproj" (6:2) is building "D:\warhub\wham\src\WarHub.ArmouryModel.Source.CodeGeneration.Attributes\WarHub.ArmouryModel.Source.CodeGeneration.Attributes.csproj" (9:2) on node 5 (default targets).
   9:2>Project "D:\warhub\wham\src\WarHub.ArmouryModel.Source.CodeGeneration.Attributes\WarHub.ArmouryModel.Source.CodeGeneration.Attributes.csproj" (9:2) is building "D:\packages\nuget\nerdbank.gitversioning\3.9.50\build\PrivateP2PCaching.proj" (11) on node 2 (GetBuildVersion_Properties;GetBuildVersion_CloudBuildVersionVars target(s)).
    11>GetBuildVersionCore:
         Building version 0.15.0 from commit bd593f73dd76ecf5114b63020b643f6218be88b0
    11>Done Building Project "D:\packages\nuget\nerdbank.gitversioning\3.9.50\build\PrivateP2PCaching.proj" (GetBuildVersion_Properties;GetBuildVersion_CloudBuildVersionVars target(s)).
     9>GenerateAssemblyNBGVVersionInfo:
         Copying file from "D:\warhub\wham\artifacts\obj\WarHub.ArmouryModel.Source.CodeGeneration.Attributes\debug\WarHub.ArmouryModel.Source.CodeGeneration.Attributes.Version.cs.new" to "D:\warhub\wham\artifacts\obj\WarHub.ArmouryModel.Source.CodeGeneration.Attributes\debug\WarHub.ArmouryModel.Source.CodeGeneration.Attributes.Version.cs".
       GenerateTargetFrameworkMonikerAttribute:
       Skipping target "GenerateTargetFrameworkMonikerAttribute" because all output files are up-to-date with respect to the input files.
       CoreGenerateAssemblyInfo:
       Skipping target "CoreGenerateAssemblyInfo" because all output files are up-to-date with respect to the input files.
       _GenerateSourceLinkFile:
         Updating Source Link file 'D:\warhub\wham\artifacts\obj\WarHub.ArmouryModel.Source.CodeGeneration.Attributes\debug\WarHub.ArmouryModel.Source.CodeGeneration.Attributes.sourcelink.json'.
       CoreCompile:
         Setting DOTNET_ROOT to 'C:\Program Files\dotnet'
         C:\Program Files\dotnet\sdk\10.0.104\Roslyn\bincore\csc.exe /noconfig /unsafe- /checked- /nowarn:CS1591,NU5105,CA1515,1701,1702 /fullpaths /nostdlib+ /errorreport:prompt /warn:10 /doc:D:\warhub\wham\artifacts\obj\WarHub.ArmouryModel.Source.CodeGeneration.Attributes\debug\WarHub.ArmouryModel.Source.CodeGeneration.Attributes.xml /define:TRACE;DEBUG;NET;NET10_0;NETCOREAPP;NET5_0_OR_GREATER;NET6_0_OR_GREATER;NET7_0_OR_GREATER;NET8_0_OR_GREATER;NET9_0_OR_GREATER;NET10_0_OR_GREATER;NETCOREAPP1_0_OR_GREATER;NETCOREAPP1_1_OR_GREATER;NETCOREAPP2_0_OR_GREATER;NETCOREAPP2_1_OR_GREATER;NETCOREAPP2_2_OR_GREATER;NETCOREAPP3_0_OR_GREATER;NETCOREAPP3_1_OR_GREATER /highentropyva+ /nullable:enable /reference:"C:\Program Files\dotnet\packs\Microsoft.NETCore.App.Ref\10.0.4\ref\net10.0\Microsoft.CSharp.dll" /reference:"C:\Program Files\dotnet\packs\Microsoft.NETCore.App.Ref\10.0.4\ref\net10.0\Microsoft.VisualBasic.Core.dll" /reference:"C:\Program Files\dotnet\packs\Microsoft.NETCore.App.Ref\10.0.4\ref\net10.0\Microsoft.VisualBasic.dll" /reference:"C:\Program Files\dotnet\packs\Microsoft.NETCore.App.Ref\10.0.4\ref\net10.0\Microsoft.Win32.Primitives.dll" /reference:"C:\Program Files\dotnet\packs\Microsoft.NETCore.App.Ref\10.0.4\ref\net10.0\Microsoft.Win32.Registry.dll" /reference:"C:\Program Files\dotnet\packs\Microsoft.NETCore.App.Ref\10.0.4\ref\net10.0\mscorlib.dll" /reference:"C:\Program Files\dotnet\packs\Microsoft.NETCore.App.Ref\10.0.4\ref\net10.0\netstandard.dll" /reference:"C:\Program Files\dotnet\packs\Microsoft.NETCore.App.Ref\10.0.4\ref\net10.0\System.AppContext.dll" /reference:"C:\Program Files\dotnet\packs\Microsoft.NETCore.App.Ref\10.0.4\ref\net10.0\System.Buffers.dll" /reference:"C:\Program Files\dotnet\packs\Microsoft.NETCore.App.Ref\10.0.4\ref\net10.0\System.Collections.Concurrent.dll" /reference:"C:\Program Files\dotnet\packs\Microsoft.NETCore.App.Ref\10.0.4\ref\net10.0\System.Collections.dll" /reference:"C:\Program Files\dotnet\packs\Microsoft.NETCore.App.Ref\10.0.4\ref\net10.0\System.Collections.Immutable.dll" /reference:"C:\Program Files\dotnet\packs\Microsoft.NETCore.App.Ref\10.0.4\ref\net10.0\System.Collections.NonGeneric.dll" /reference:"C:\Program Files\dotnet\packs\Microsoft.NETCore.App.Ref\10.0.4\ref\net10.0\System.Collections.Specialized.dll" /reference:"C:\Program Files\dotnet\packs\Microsoft.NETCore.App.Ref\10.0.4\ref\net10.0\System.ComponentModel.Annotations.dll" /reference:"C:\Program Files\dotnet\packs\Microsoft.NETCore.App.Ref\10.0.4\ref\net10.0\System.ComponentModel.DataAnnotations.dll" /reference:"C:\Program Files\dotnet\packs\Microsoft.NETCore.App.Ref\10.0.4\ref\net10.0\System.ComponentModel.dll" /reference:"C:\Program Files\dotnet\packs\Microsoft.NETCore.App.Ref\10.0.4\ref\net10.0\System.ComponentModel.EventBasedAsync.dll" /reference:"C:\Program Files\dotnet\packs\Microsoft.NETCore.App.Ref\10.0.4\ref\net10.0\System.ComponentModel.Primitives.dll" /reference:"C:\Program Files\dotnet\packs\Microsoft.NETCore.App.Ref\10.0.4\ref\net10.0\System.ComponentModel.TypeConverter.dll" /reference:"C:\Program Files\dotnet\packs\Microsoft.NETCore.App.Ref\10.0.4\ref\net10.0\System.Configuration.dll" /reference:"C:\Program Files\dotnet\packs\Microsoft.NETCore.App.Ref\10.0.4\ref\net10.0\System.Console.dll" /reference:"C:\Program Files\dotnet\packs\Microsoft.NETCore.App.Ref\10.0.4\ref\net10.0\System.Core.dll" /reference:"C:\Program Files\dotnet\packs\Microsoft.NETCore.App.Ref\10.0.4\ref\net10.0\System.Data.Common.dll" /reference:"C:\Program Files\dotnet\packs\Microsoft.NETCore.App.Ref\10.0.4\ref\net10.0\System.Data.DataSetExtensions.dll" /reference:"C:\Program Files\dotnet\packs\Microsoft.NETCore.App.Ref\10.0.4\ref\net10.0\System.Data.dll" /reference:"C:\Program Files\dotnet\packs\Microsoft.NETCore.App.Ref\10.0.4\ref\net10.0\System.Diagnostics.Contracts.dll" /reference:"C:\Program Files\dotnet\packs\Microsoft.NETCore.App.Ref\10.0.4\ref\net10.0\System.Diagnostics.Debug.dll" /reference:"C:\Program Files\dotnet\packs\Microsoft.NETCore.App.Ref\10.0.4\ref\net10.0\System.Diagnostics.DiagnosticSource.dll" /reference:"C:\Program Files\dotnet\packs\Microsoft.NETCore.App.Ref\10.0.4\ref\net10.0\System.Diagnostics.FileVersionInfo.dll" /reference:"C:\Program Files\dotnet\packs\Microsoft.NETCore.App.Ref\10.0.4\ref\net10.0\System.Diagnostics.Process.dll" /reference:"C:\Program Files\dotnet\packs\Microsoft.NETCore.App.Ref\10.0.4\ref\net10.0\System.Diagnostics.StackTrace.dll" /reference:"C:\Program Files\dotnet\packs\Microsoft.NETCore.App.Ref\10.0.4\ref\net10.0\System.Diagnostics.TextWriterTraceListener.dll" /reference:"C:\Program Files\dotnet\packs\Microsoft.NETCore.App.Ref\10.0.4\ref\net10.0\System.Diagnostics.Tools.dll" /reference:"C:\Program Files\dotnet\packs\Microsoft.NETCore.App.Ref\10.0.4\ref\net10.0\System.Diagnostics.TraceSource.dll" /reference:"C:\Program Files\dotnet\packs\Microsoft.NETCore.App.Ref\10.0.4\ref\net10.0\System.Diagnostics.Tracing.dll" /reference:"C:\Program Files\dotnet\packs\Microsoft.NETCore.App.Ref\10.0.4\ref\net10.0\System.dll" /reference:"C:\Program Files\dotnet\packs\Microsoft.NETCore.App.Ref\10.0.4\ref\net10.0\System.Drawing.dll" /reference:"C:\Program Files\dotnet\packs\Microsoft.NETCore.App.Ref\10.0.4\ref\net10.0\System.Drawing.Primitives.dll" /reference:"C:\Program Files\dotnet\packs\Microsoft.NETCore.App.Ref\10.0.4\ref\net10.0\System.Dynamic.Runtime.dll" /reference:"C:\Program Files\dotnet\packs\Microsoft.NETCore.App.Ref\10.0.4\ref\net10.0\System.Formats.Asn1.dll" /reference:"C:\Program Files\dotnet\packs\Microsoft.NETCore.App.Ref\10.0.4\ref\net10.0\System.Formats.Tar.dll" /reference:"C:\Program Files\dotnet\packs\Microsoft.NETCore.App.Ref\10.0.4\ref\net10.0\System.Globalization.Calendars.dll" /reference:"C:\Program Files\dotnet\packs\Microsoft.NETCore.App.Ref\10.0.4\ref\net10.0\System.Globalization.dll" /reference:"C:\Program Files\dotnet\packs\Microsoft.NETCore.App.Ref\10.0.4\ref\net10.0\System.Globalization.Extensions.dll" /reference:"C:\Program Files\dotnet\packs\Microsoft.NETCore.App.Ref\10.0.4\ref\net10.0\System.IO.Compression.Brotli.dll" /reference:"C:\Program Files\dotnet\packs\Microsoft.NETCore.App.Ref\10.0.4\ref\net10.0\System.IO.Compression.dll" /reference:"C:\Program Files\dotnet\packs\Microsoft.NETCore.App.Ref\10.0.4\ref\net10.0\System.IO.Compression.FileSystem.dll" /reference:"C:\Program Files\dotnet\packs\Microsoft.NETCore.App.Ref\10.0.4\ref\net10.0\System.IO.Compression.ZipFile.dll" /reference:"C:\Program Files\dotnet\packs\Microsoft.NETCore.App.Ref\10.0.4\ref\net10.0\System.IO.dll" /reference:"C:\Program Files\dotnet\packs\Microsoft.NETCore.App.Ref\10.0.4\ref\net10.0\System.IO.FileSystem.AccessControl.dll" /reference:"C:\Program Files\dotnet\packs\Microsoft.NETCore.App.Ref\10.0.4\ref\net10.0\System.IO.FileSystem.dll" /reference:"C:\Program Files\dotnet\packs\Microsoft.NETCore.App.Ref\10.0.4\ref\net10.0\System.IO.FileSystem.DriveInfo.dll" /reference:"C:\Program Files\dotnet\packs\Microsoft.NETCore.App.Ref\10.0.4\ref\net10.0\System.IO.FileSystem.Primitives.dll" /reference:"C:\Program Files\dotnet\packs\Microsoft.NETCore.App.Ref\10.0.4\ref\net10.0\System.IO.FileSystem.Watcher.dll" /reference:"C:\Program Files\dotnet\packs\Microsoft.NETCore.App.Ref\10.0.4\ref\net10.0\System.IO.IsolatedStorage.dll" /reference:"C:\Program Files\dotnet\packs\Microsoft.NETCore.App.Ref\10.0.4\ref\net10.0\System.IO.MemoryMappedFiles.dll" /reference:"C:\Program Files\dotnet\packs\Microsoft.NETCore.App.Ref\10.0.4\ref\net10.0\System.IO.Pipelines.dll" /reference:"C:\Program Files\dotnet\packs\Microsoft.NETCore.App.Ref\10.0.4\ref\net10.0\System.IO.Pipes.AccessControl.dll" /reference:"C:\Program Files\dotnet\packs\Microsoft.NETCore.App.Ref\10.0.4\ref\net10.0\System.IO.Pipes.dll" /reference:"C:\Program Files\dotnet\packs\Microsoft.NETCore.App.Ref\10.0.4\ref\net10.0\System.IO.UnmanagedMemoryStream.dll" /reference:"C:\Program Files\dotnet\packs\Microsoft.NETCore.App.Ref\10.0.4\ref\net10.0\System.Linq.AsyncEnumerable.dll" /reference:"C:\Program Files\dotnet\packs\Microsoft.NETCore.App.Ref\10.0.4\ref\net10.0\System.Linq.dll" /reference:"C:\Program Files\dotnet\packs\Microsoft.NETCore.App.Ref\10.0.4\ref\net10.0\System.Linq.Expressions.dll" /reference:"C:\Program Files\dotnet\packs\Microsoft.NETCore.App.Ref\10.0.4\ref\net10.0\System.Linq.Parallel.dll" /reference:"C:\Program Files\dotnet\packs\Microsoft.NETCore.App.Ref\10.0.4\ref\net10.0\System.Linq.Queryable.dll" /reference:"C:\Program Files\dotnet\packs\Microsoft.NETCore.App.Ref\10.0.4\ref\net10.0\System.Memory.dll" /reference:"C:\Program Files\dotnet\packs\Microsoft.NETCore.App.Ref\10.0.4\ref\net10.0\System.Net.dll" /reference:"C:\Program Files\dotnet\packs\Microsoft.NETCore.App.Ref\10.0.4\ref\net10.0\System.Net.Http.dll" /reference:"C:\Program Files\dotnet\packs\Microsoft.NETCore.App.Ref\10.0.4\ref\net10.0\System.Net.Http.Json.dll" /reference:"C:\Program Files\dotnet\packs\Microsoft.NETCore.App.Ref\10.0.4\ref\net10.0\System.Net.HttpListener.dll" /reference:"C:\Program Files\dotnet\packs\Microsoft.NETCore.App.Ref\10.0.4\ref\net10.0\System.Net.Mail.dll" /reference:"C:\Program Files\dotnet\packs\Microsoft.NETCore.App.Ref\10.0.4\ref\net10.0\System.Net.NameResolution.dll" /reference:"C:\Program Files\dotnet\packs\Microsoft.NETCore.App.Ref\10.0.4\ref\net10.0\System.Net.NetworkInformation.dll" /reference:"C:\Program Files\dotnet\packs\Microsoft.NETCore.App.Ref\10.0.4\ref\net10.0\System.Net.Ping.dll" /reference:"C:\Program Files\dotnet\packs\Microsoft.NETCore.App.Ref\10.0.4\ref\net10.0\System.Net.Primitives.dll" /reference:"C:\Program Files\dotnet\packs\Microsoft.NETCore.App.Ref\10.0.4\ref\net10.0\System.Net.Quic.dll" /reference:"C:\Program Files\dotnet\packs\Microsoft.NETCore.App.Ref\10.0.4\ref\net10.0\System.Net.Requests.dll" /reference:"C:\Program Files\dotnet\packs\Microsoft.NETCore.App.Ref\10.0.4\ref\net10.0\System.Net.Security.dll" /reference:"C:\Program Files\dotnet\packs\Microsoft.NETCore.App.Ref\10.0.4\ref\net10.0\System.Net.ServerSentEvents.dll" /reference:"C:\Program Files\dotnet\packs\Microsoft.NETCore.App.Ref\10.0.4\ref\net10.0\System.Net.ServicePoint.dll" /reference:"C:\Program Files\dotnet\packs\Microsoft.NETCore.App.Ref\10.0.4\ref\net10.0\System.Net.Sockets.dll" /reference:"C:\Program Files\dotnet\packs\Microsoft.NETCore.App.Ref\10.0.4\ref\net10.0\System.Net.WebClient.dll" /reference:"C:\Program Files\dotnet\packs\Microsoft.NETCore.App.Ref\10.0.4\ref\net10.0\System.Net.WebHeaderCollection.dll" /reference:"C:\Program Files\dotnet\packs\Microsoft.NETCore.App.Ref\10.0.4\ref\net10.0\System.Net.WebProxy.dll" /reference:"C:\Program Files\dotnet\packs\Microsoft.NETCore.App.Ref\10.0.4\ref\net10.0\System.Net.WebSockets.Client.dll" /reference:"C:\Program Files\dotnet\packs\Microsoft.NETCore.App.Ref\10.0.4\ref\net10.0\System.Net.WebSockets.dll" /reference:"C:\Program Files\dotnet\packs\Microsoft.NETCore.App.Ref\10.0.4\ref\net10.0\System.Numerics.dll" /reference:"C:\Program Files\dotnet\packs\Microsoft.NETCore.App.Ref\10.0.4\ref\net10.0\System.Numerics.Vectors.dll" /reference:"C:\Program Files\dotnet\packs\Microsoft.NETCore.App.Ref\10.0.4\ref\net10.0\System.ObjectModel.dll" /reference:"C:\Program Files\dotnet\packs\Microsoft.NETCore.App.Ref\10.0.4\ref\net10.0\System.Reflection.DispatchProxy.dll" /reference:"C:\Program Files\dotnet\packs\Microsoft.NETCore.App.Ref\10.0.4\ref\net10.0\System.Reflection.dll" /reference:"C:\Program Files\dotnet\packs\Microsoft.NETCore.App.Ref\10.0.4\ref\net10.0\System.Reflection.Emit.dll" /reference:"C:\Program Files\dotnet\packs\Microsoft.NETCore.App.Ref\10.0.4\ref\net10.0\System.Reflection.Emit.ILGeneration.dll" /reference:"C:\Program Files\dotnet\packs\Microsoft.NETCore.App.Ref\10.0.4\ref\net10.0\System.Reflection.Emit.Lightweight.dll" /reference:"C:\Program Files\dotnet\packs\Microsoft.NETCore.App.Ref\10.0.4\ref\net10.0\System.Reflection.Extensions.dll" /reference:"C:\Program Files\dotnet\packs\Microsoft.NETCore.App.Ref\10.0.4\ref\net10.0\System.Reflection.Metadata.dll" /reference:"C:\Program Files\dotnet\packs\Microsoft.NETCore.App.Ref\10.0.4\ref\net10.0\System.Reflection.Primitives.dll" /reference:"C:\Program Files\dotnet\packs\Microsoft.NETCore.App.Ref\10.0.4\ref\net10.0\System.Reflection.TypeExtensions.dll" /reference:"C:\Program Files\dotnet\packs\Microsoft.NETCore.App.Ref\10.0.4\ref\net10.0\System.Resources.Reader.dll" /reference:"C:\Program Files\dotnet\packs\Microsoft.NETCore.App.Ref\10.0.4\ref\net10.0\System.Resources.ResourceManager.dll" /reference:"C:\Program Files\dotnet\packs\Microsoft.NETCore.App.Ref\10.0.4\ref\net10.0\System.Resources.Writer.dll" /reference:"C:\Program Files\dotnet\packs\Microsoft.NETCore.App.Ref\10.0.4\ref\net10.0\System.Runtime.CompilerServices.Unsafe.dll" /reference:"C:\Program Files\dotnet\packs\Microsoft.NETCore.App.Ref\10.0.4\ref\net10.0\System.Runtime.CompilerServices.VisualC.dll" /reference:"C:\Program Files\dotnet\packs\Microsoft.NETCore.App.Ref\10.0.4\ref\net10.0\System.Runtime.dll" /reference:"C:\Program Files\dotnet\packs\Microsoft.NETCore.App.Ref\10.0.4\ref\net10.0\System.Runtime.Extensions.dll" /reference:"C:\Program Files\dotnet\packs\Microsoft.NETCore.App.Ref\10.0.4\ref\net10.0\System.Runtime.Handles.dll" /reference:"C:\Program Files\dotnet\packs\Microsoft.NETCore.App.Ref\10.0.4\ref\net10.0\System.Runtime.InteropServices.dll" /reference:"C:\Program Files\dotnet\packs\Microsoft.NETCore.App.Ref\10.0.4\ref\net10.0\System.Runtime.InteropServices.JavaScript.dll" /reference:"C:\Program Files\dotnet\packs\Microsoft.NETCore.App.Ref\10.0.4\ref\net10.0\System.Runtime.InteropServices.RuntimeInformation.dll" /reference:"C:\Program Files\dotnet\packs\Microsoft.NETCore.App.Ref\10.0.4\ref\net10.0\System.Runtime.Intrinsics.dll" /reference:"C:\Program Files\dotnet\packs\Microsoft.NETCore.App.Ref\10.0.4\ref\net10.0\System.Runtime.Loader.dll" /reference:"C:\Program Files\dotnet\packs\Microsoft.NETCore.App.Ref\10.0.4\ref\net10.0\System.Runtime.Numerics.dll" /reference:"C:\Program Files\dotnet\packs\Microsoft.NETCore.App.Ref\10.0.4\ref\net10.0\System.Runtime.Serialization.dll" /reference:"C:\Program Files\dotnet\packs\Microsoft.NETCore.App.Ref\10.0.4\ref\net10.0\System.Runtime.Serialization.Formatters.dll" /reference:"C:\Program Files\dotnet\packs\Microsoft.NETCore.App.Ref\10.0.4\ref\net10.0\System.Runtime.Serialization.Json.dll" /reference:"C:\Program Files\dotnet\packs\Microsoft.NETCore.App.Ref\10.0.4\ref\net10.0\System.Runtime.Serialization.Primitives.dll" /reference:"C:\Program Files\dotnet\packs\Microsoft.NETCore.App.Ref\10.0.4\ref\net10.0\System.Runtime.Serialization.Xml.dll" /reference:"C:\Program Files\dotnet\packs\Microsoft.NETCore.App.Ref\10.0.4\ref\net10.0\System.Security.AccessControl.dll" /reference:"C:\Program Files\dotnet\packs\Microsoft.NETCore.App.Ref\10.0.4\ref\net10.0\System.Security.Claims.dll" /reference:"C:\Program Files\dotnet\packs\Microsoft.NETCore.App.Ref\10.0.4\ref\net10.0\System.Security.Cryptography.Algorithms.dll" /reference:"C:\Program Files\dotnet\packs\Microsoft.NETCore.App.Ref\10.0.4\ref\net10.0\System.Security.Cryptography.Cng.dll" /reference:"C:\Program Files\dotnet\packs\Microsoft.NETCore.App.Ref\10.0.4\ref\net10.0\System.Security.Cryptography.Csp.dll" /reference:"C:\Program Files\dotnet\packs\Microsoft.NETCore.App.Ref\10.0.4\ref\net10.0\System.Security.Cryptography.dll" /reference:"C:\Program Files\dotnet\packs\Microsoft.NETCore.App.Ref\10.0.4\ref\net10.0\System.Security.Cryptography.Encoding.dll" /reference:"C:\Program Files\dotnet\packs\Microsoft.NETCore.App.Ref\10.0.4\ref\net10.0\System.Security.Cryptography.OpenSsl.dll" /reference:"C:\Program Files\dotnet\packs\Microsoft.NETCore.App.Ref\10.0.4\ref\net10.0\System.Security.Cryptography.Primitives.dll" /reference:"C:\Program Files\dotnet\packs\Microsoft.NETCore.App.Ref\10.0.4\ref\net10.0\System.Security.Cryptography.X509Certificates.dll" /reference:"C:\Program Files\dotnet\packs\Microsoft.NETCore.App.Ref\10.0.4\ref\net10.0\System.Security.dll" /reference:"C:\Program Files\dotnet\packs\Microsoft.NETCore.App.Ref\10.0.4\ref\net10.0\System.Security.Principal.dll" /reference:"C:\Program Files\dotnet\packs\Microsoft.NETCore.App.Ref\10.0.4\ref\net10.0\System.Security.Principal.Windows.dll" /reference:"C:\Program Files\dotnet\packs\Microsoft.NETCore.App.Ref\10.0.4\ref\net10.0\System.Security.SecureString.dll" /reference:"C:\Program Files\dotnet\packs\Microsoft.NETCore.App.Ref\10.0.4\ref\net10.0\System.ServiceModel.Web.dll" /reference:"C:\Program Files\dotnet\packs\Microsoft.NETCore.App.Ref\10.0.4\ref\net10.0\System.ServiceProcess.dll" /reference:"C:\Program Files\dotnet\packs\Microsoft.NETCore.App.Ref\10.0.4\ref\net10.0\System.Text.Encoding.CodePages.dll" /reference:"C:\Program Files\dotnet\packs\Microsoft.NETCore.App.Ref\10.0.4\ref\net10.0\System.Text.Encoding.dll" /reference:"C:\Program Files\dotnet\packs\Microsoft.NETCore.App.Ref\10.0.4\ref\net10.0\System.Text.Encoding.Extensions.dll" /reference:"C:\Program Files\dotnet\packs\Microsoft.NETCore.App.Ref\10.0.4\ref\net10.0\System.Text.Encodings.Web.dll" /reference:"C:\Program Files\dotnet\packs\Microsoft.NETCore.App.Ref\10.0.4\ref\net10.0\System.Text.Json.dll" /reference:"C:\Program Files\dotnet\packs\Microsoft.NETCore.App.Ref\10.0.4\ref\net10.0\System.Text.RegularExpressions.dll" /reference:"C:\Program Files\dotnet\packs\Microsoft.NETCore.App.Ref\10.0.4\ref\net10.0\System.Threading.AccessControl.dll" /reference:"C:\Program Files\dotnet\packs\Microsoft.NETCore.App.Ref\10.0.4\ref\net10.0\System.Threading.Channels.dll" /reference:"C:\Program Files\dotnet\packs\Microsoft.NETCore.App.Ref\10.0.4\ref\net10.0\System.Threading.dll" /reference:"C:\Program Files\dotnet\packs\Microsoft.NETCore.App.Ref\10.0.4\ref\net10.0\System.Threading.Overlapped.dll" /reference:"C:\Program Files\dotnet\packs\Microsoft.NETCore.App.Ref\10.0.4\ref\net10.0\System.Threading.Tasks.Dataflow.dll" /reference:"C:\Program Files\dotnet\packs\Microsoft.NETCore.App.Ref\10.0.4\ref\net10.0\System.Threading.Tasks.dll" /reference:"C:\Program Files\dotnet\packs\Microsoft.NETCore.App.Ref\10.0.4\ref\net10.0\System.Threading.Tasks.Extensions.dll" /reference:"C:\Program Files\dotnet\packs\Microsoft.NETCore.App.Ref\10.0.4\ref\net10.0\System.Threading.Tasks.Parallel.dll" /reference:"C:\Program Files\dotnet\packs\Microsoft.NETCore.App.Ref\10.0.4\ref\net10.0\System.Threading.Thread.dll" /reference:"C:\Program Files\dotnet\packs\Microsoft.NETCore.App.Ref\10.0.4\ref\net10.0\System.Threading.ThreadPool.dll" /reference:"C:\Program Files\dotnet\packs\Microsoft.NETCore.App.Ref\10.0.4\ref\net10.0\System.Threading.Timer.dll" /reference:"C:\Program Files\dotnet\packs\Microsoft.NETCore.App.Ref\10.0.4\ref\net10.0\System.Transactions.dll" /reference:"C:\Program Files\dotnet\packs\Microsoft.NETCore.App.Ref\10.0.4\ref\net10.0\System.Transactions.Local.dll" /reference:"C:\Program Files\dotnet\packs\Microsoft.NETCore.App.Ref\10.0.4\ref\net10.0\System.ValueTuple.dll" /reference:"C:\Program Files\dotnet\packs\Microsoft.NETCore.App.Ref\10.0.4\ref\net10.0\System.Web.dll" /reference:"C:\Program Files\dotnet\packs\Microsoft.NETCore.App.Ref\10.0.4\ref\net10.0\System.Web.HttpUtility.dll" /reference:"C:\Program Files\dotnet\packs\Microsoft.NETCore.App.Ref\10.0.4\ref\net10.0\System.Windows.dll" /reference:"C:\Program Files\dotnet\packs\Microsoft.NETCore.App.Ref\10.0.4\ref\net10.0\System.Xml.dll" /reference:"C:\Program Files\dotnet\packs\Microsoft.NETCore.App.Ref\10.0.4\ref\net10.0\System.Xml.Linq.dll" /reference:"C:\Program Files\dotnet\packs\Microsoft.NETCore.App.Ref\10.0.4\ref\net10.0\System.Xml.ReaderWriter.dll" /reference:"C:\Program Files\dotnet\packs\Microsoft.NETCore.App.Ref\10.0.4\ref\net10.0\System.Xml.Serialization.dll" /reference:"C:\Program Files\dotnet\packs\Microsoft.NETCore.App.Ref\10.0.4\ref\net10.0\System.Xml.XDocument.dll" /reference:"C:\Program Files\dotnet\packs\Microsoft.NETCore.App.Ref\10.0.4\ref\net10.0\System.Xml.XmlDocument.dll" /reference:"C:\Program Files\dotnet\packs\Microsoft.NETCore.App.Ref\10.0.4\ref\net10.0\System.Xml.XmlSerializer.dll" /reference:"C:\Program Files\dotnet\packs\Microsoft.NETCore.App.Ref\10.0.4\ref\net10.0\System.Xml.XPath.dll" /reference:"C:\Program Files\dotnet\packs\Microsoft.NETCore.App.Ref\10.0.4\ref\net10.0\System.Xml.XPath.XDocument.dll" /reference:"C:\Program Files\dotnet\packs\Microsoft.NETCore.App.Ref\10.0.4\ref\net10.0\WindowsBase.dll" /features:"InterceptorsNamespaces=;Microsoft.Extensions.Validation.Generated" /debug+ /debug:portable /filealign:512 /optimize- /out:D:\warhub\wham\artifacts\obj\WarHub.ArmouryModel.Source.CodeGeneration.Attributes\debug\WarHub.ArmouryModel.Source.CodeGeneration.Attributes.dll /refout:D:\warhub\wham\artifacts\obj\WarHub.ArmouryModel.Source.CodeGeneration.Attributes\debug\refint\WarHub.ArmouryModel.Source.CodeGeneration.Attributes.dll /target:library /warnaserror- /utf8output /deterministic+ /sourcelink:D:\warhub\wham\artifacts\obj\WarHub.ArmouryModel.Source.CodeGeneration.Attributes\debug\WarHub.ArmouryModel.Source.CodeGeneration.Attributes.sourcelink.json /langversion:latest /embed:D:\warhub\wham\artifacts\obj\WarHub.ArmouryModel.Source.CodeGeneration.Attributes\debug\WarHub.ArmouryModel.Source.CodeGeneration.Attributes.Version.cs /embed:"D:\warhub\wham\artifacts\obj\WarHub.ArmouryModel.Source.CodeGeneration.Attributes\debug\.NETCoreApp,Version=v10.0.AssemblyAttributes.cs" /embed:D:\warhub\wham\artifacts\obj\WarHub.ArmouryModel.Source.CodeGeneration.Attributes\debug\WarHub.ArmouryModel.Source.CodeGeneration.Attributes.AssemblyInfo.cs /analyzerconfig:D:\warhub\wham\.editorconfig /analyzerconfig:D:\warhub\wham\artifacts\obj\WarHub.ArmouryModel.Source.CodeGeneration.Attributes\debug\WarHub.ArmouryModel.Source.CodeGeneration.Attributes.GeneratedMSBuildEditorConfig.editorconfig /analyzerconfig:"C:\Program Files\dotnet\sdk\10.0.104\Sdks\Microsoft.NET.Sdk\analyzers\build\config\analysislevel_10_all.globalconfig" /analyzer:"C:\Program Files\dotnet\sdk\10.0.104\Sdks\Microsoft.NET.Sdk\targets\..\analyzers\Microsoft.CodeAnalysis.CSharp.NetAnalyzers.dll" /analyzer:"C:\Program Files\dotnet\sdk\10.0.104\Sdks\Microsoft.NET.Sdk\targets\..\analyzers\Microsoft.CodeAnalysis.NetAnalyzers.dll" /analyzer:"C:\Program Files\dotnet\packs\Microsoft.NETCore.App.Ref\10.0.4\analyzers/dotnet/cs/Microsoft.Interop.ComInterfaceGenerator.dll" /analyzer:"C:\Program Files\dotnet\packs\Microsoft.NETCore.App.Ref\10.0.4\analyzers/dotnet/cs/Microsoft.Interop.JavaScript.JSImportGenerator.dll" /analyzer:"C:\Program Files\dotnet\packs\Microsoft.NETCore.App.Ref\10.0.4\analyzers/dotnet/cs/Microsoft.Interop.LibraryImportGenerator.dll" /analyzer:"C:\Program Files\dotnet\packs\Microsoft.NETCore.App.Ref\10.0.4\analyzers/dotnet/cs/Microsoft.Interop.SourceGeneration.dll" /analyzer:"C:\Program Files\dotnet\packs\Microsoft.NETCore.App.Ref\10.0.4\analyzers/dotnet/cs/System.Text.Json.SourceGeneration.dll" /analyzer:"C:\Program Files\dotnet\packs\Microsoft.NETCore.App.Ref\10.0.4\analyzers/dotnet/cs/System.Text.RegularExpressions.Generator.dll" D:\warhub\wham\artifacts\obj\WarHub.ArmouryModel.Source.CodeGeneration.Attributes\debug\WarHub.ArmouryModel.Source.CodeGeneration.Attributes.Version.cs WhamNodeCoreAttribute.cs "D:\warhub\wham\artifacts\obj\WarHub.ArmouryModel.Source.CodeGeneration.Attributes\debug\.NETCoreApp,Version=v10.0.AssemblyAttributes.cs" D:\warhub\wham\artifacts\obj\WarHub.ArmouryModel.Source.CodeGeneration.Attributes\debug\WarHub.ArmouryModel.Source.CodeGeneration.Attributes.AssemblyInfo.cs /warnaserror+:NU1605,SYSLIB0011
         Compilation request WarHub.ArmouryModel.Source.CodeGeneration.Attributes (net10.0), PathToTool=C:\Program Files\dotnet\sdk\10.0.104\Roslyn\bincore\csc.exe
         CommandLine = ' /noconfig'
         BuildResponseFile = '/unsafe- /checked- /nowarn:CS1591,NU5105,CA1515,1701,1702 /fullpaths /nostdlib+ /errorreport:prompt /warn:10 /doc:D:\warhub\wham\artifacts\obj\WarHub.ArmouryModel.Source.CodeGeneration.Attributes\debug\WarHub.ArmouryModel.Source.CodeGeneration.Attributes.xml /define:TRACE;DEBUG;NET;NET10_0;NETCOREAPP;NET5_0_OR_GREATER;NET6_0_OR_GREATER;NET7_0_OR_GREATER;NET8_0_OR_GREATER;NET9_0_OR_GREATER;NET10_0_OR_GREATER;NETCOREAPP1_0_OR_GREATER;NETCOREAPP1_1_OR_GREATER;NETCOREAPP2_0_OR_GREATER;NETCOREAPP2_1_OR_GREATER;NETCOREAPP2_2_OR_GREATER;NETCOREAPP3_0_OR_GREATER;NETCOREAPP3_1_OR_GREATER /highentropyva+ /nullable:enable /reference:"C:\Program Files\dotnet\packs\Microsoft.NETCore.App.Ref\10.0.4\ref\net10.0\Microsoft.CSharp.dll" /reference:"C:\Program Files\dotnet\packs\Microsoft.NETCore.App.Ref\10.0.4\ref\net10.0\Microsoft.VisualBasic.Core.dll" /reference:"C:\Program Files\dotnet\packs\Microsoft.NETCore.App.Ref\10.0.4\ref\net10.0\Microsoft.VisualBasic.dll" /reference:"C:\Program Files\dotnet\packs\Microsoft.NETCore.App.Ref\10.0.4\ref\net10.0\Microsoft.Win32.Primitives.dll" /reference:"C:\Program Files\dotnet\packs\Microsoft.NETCore.App.Ref\10.0.4\ref\net10.0\Microsoft.Win32.Registry.dll" /reference:"C:\Program Files\dotnet\packs\Microsoft.NETCore.App.Ref\10.0.4\ref\net10.0\mscorlib.dll" /reference:"C:\Program Files\dotnet\packs\Microsoft.NETCore.App.Ref\10.0.4\ref\net10.0\netstandard.dll" /reference:"C:\Program Files\dotnet\packs\Microsoft.NETCore.App.Ref\10.0.4\ref\net10.0\System.AppContext.dll" /reference:"C:\Program Files\dotnet\packs\Microsoft.NETCore.App.Ref\10.0.4\ref\net10.0\System.Buffers.dll" /reference:"C:\Program Files\dotnet\packs\Microsoft.NETCore.App.Ref\10.0.4\ref\net10.0\System.Collections.Concurrent.dll" /reference:"C:\Program Files\dotnet\packs\Microsoft.NETCore.App.Ref\10.0.4\ref\net10.0\System.Collections.dll" /reference:"C:\Program Files\dotnet\packs\Microsoft.NETCore.App.Ref\10.0.4\ref\net10.0\System.Collections.Immutable.dll" /reference:"C:\Program Files\dotnet\packs\Microsoft.NETCore.App.Ref\10.0.4\ref\net10.0\System.Collections.NonGeneric.dll" /reference:"C:\Program Files\dotnet\packs\Microsoft.NETCore.App.Ref\10.0.4\ref\net10.0\System.Collections.Specialized.dll" /reference:"C:\Program Files\dotnet\packs\Microsoft.NETCore.App.Ref\10.0.4\ref\net10.0\System.ComponentModel.Annotations.dll" /reference:"C:\Program Files\dotnet\packs\Microsoft.NETCore.App.Ref\10.0.4\ref\net10.0\System.ComponentModel.DataAnnotations.dll" /reference:"C:\Program Files\dotnet\packs\Microsoft.NETCore.App.Ref\10.0.4\ref\net10.0\System.ComponentModel.dll" /reference:"C:\Program Files\dotnet\packs\Microsoft.NETCore.App.Ref\10.0.4\ref\net10.0\System.ComponentModel.EventBasedAsync.dll" /reference:"C:\Program Files\dotnet\packs\Microsoft.NETCore.App.Ref\10.0.4\ref\net10.0\System.ComponentModel.Primitives.dll" /reference:"C:\Program Files\dotnet\packs\Microsoft.NETCore.App.Ref\10.0.4\ref\net10.0\System.ComponentModel.TypeConverter.dll" /reference:"C:\Program Files\dotnet\packs\Microsoft.NETCore.App.Ref\10.0.4\ref\net10.0\System.Configuration.dll" /reference:"C:\Program Files\dotnet\packs\Microsoft.NETCore.App.Ref\10.0.4\ref\net10.0\System.Console.dll" /reference:"C:\Program Files\dotnet\packs\Microsoft.NETCore.App.Ref\10.0.4\ref\net10.0\System.Core.dll" /reference:"C:\Program Files\dotnet\packs\Microsoft.NETCore.App.Ref\10.0.4\ref\net10.0\System.Data.Common.dll" /reference:"C:\Program Files\dotnet\packs\Microsoft.NETCore.App.Ref\10.0.4\ref\net10.0\System.Data.DataSetExtensions.dll" /reference:"C:\Program Files\dotnet\packs\Microsoft.NETCore.App.Ref\10.0.4\ref\net10.0\System.Data.dll" /reference:"C:\Program Files\dotnet\packs\Microsoft.NETCore.App.Ref\10.0.4\ref\net10.0\System.Diagnostics.Contracts.dll" /reference:"C:\Program Files\dotnet\packs\Microsoft.NETCore.App.Ref\10.0.4\ref\net10.0\System.Diagnostics.Debug.dll" /reference:"C:\Program Files\dotnet\packs\Microsoft.NETCore.App.Ref\10.0.4\ref\net10.0\System.Diagnostics.DiagnosticSource.dll" /reference:"C:\Program Files\dotnet\packs\Microsoft.NETCore.App.Ref\10.0.4\ref\net10.0\System.Diagnostics.FileVersionInfo.dll" /reference:"C:\Program Files\dotnet\packs\Microsoft.NETCore.App.Ref\10.0.4\ref\net10.0\System.Diagnostics.Process.dll" /reference:"C:\Program Files\dotnet\packs\Microsoft.NETCore.App.Ref\10.0.4\ref\net10.0\System.Diagnostics.StackTrace.dll" /reference:"C:\Program Files\dotnet\packs\Microsoft.NETCore.App.Ref\10.0.4\ref\net10.0\System.Diagnostics.TextWriterTraceListener.dll" /reference:"C:\Program Files\dotnet\packs\Microsoft.NETCore.App.Ref\10.0.4\ref\net10.0\System.Diagnostics.Tools.dll" /reference:"C:\Program Files\dotnet\packs\Microsoft.NETCore.App.Ref\10.0.4\ref\net10.0\System.Diagnostics.TraceSource.dll" /reference:"C:\Program Files\dotnet\packs\Microsoft.NETCore.App.Ref\10.0.4\ref\net10.0\System.Diagnostics.Tracing.dll" /reference:"C:\Program Files\dotnet\packs\Microsoft.NETCore.App.Ref\10.0.4\ref\net10.0\System.dll" /reference:"C:\Program Files\dotnet\packs\Microsoft.NETCore.App.Ref\10.0.4\ref\net10.0\System.Drawing.dll" /reference:"C:\Program Files\dotnet\packs\Microsoft.NETCore.App.Ref\10.0.4\ref\net10.0\System.Drawing.Primitives.dll" /reference:"C:\Program Files\dotnet\packs\Microsoft.NETCore.App.Ref\10.0.4\ref\net10.0\System.Dynamic.Runtime.dll" /reference:"C:\Program Files\dotnet\packs\Microsoft.NETCore.App.Ref\10.0.4\ref\net10.0\System.Formats.Asn1.dll" /reference:"C:\Program Files\dotnet\packs\Microsoft.NETCore.App.Ref\10.0.4\ref\net10.0\System.Formats.Tar.dll" /reference:"C:\Program Files\dotnet\packs\Microsoft.NETCore.App.Ref\10.0.4\ref\net10.0\System.Globalization.Calendars.dll" /reference:"C:\Program Files\dotnet\packs\Microsoft.NETCore.App.Ref\10.0.4\ref\net10.0\System.Globalization.dll" /reference:"C:\Program Files\dotnet\packs\Microsoft.NETCore.App.Ref\10.0.4\ref\net10.0\System.Globalization.Extensions.dll" /reference:"C:\Program Files\dotnet\packs\Microsoft.NETCore.App.Ref\10.0.4\ref\net10.0\System.IO.Compression.Brotli.dll" /reference:"C:\Program Files\dotnet\packs\Microsoft.NETCore.App.Ref\10.0.4\ref\net10.0\System.IO.Compression.dll" /reference:"C:\Program Files\dotnet\packs\Microsoft.NETCore.App.Ref\10.0.4\ref\net10.0\System.IO.Compression.FileSystem.dll" /reference:"C:\Program Files\dotnet\packs\Microsoft.NETCore.App.Ref\10.0.4\ref\net10.0\System.IO.Compression.ZipFile.dll" /reference:"C:\Program Files\dotnet\packs\Microsoft.NETCore.App.Ref\10.0.4\ref\net10.0\System.IO.dll" /reference:"C:\Program Files\dotnet\packs\Microsoft.NETCore.App.Ref\10.0.4\ref\net10.0\System.IO.FileSystem.AccessControl.dll" /reference:"C:\Program Files\dotnet\packs\Microsoft.NETCore.App.Ref\10.0.4\ref\net10.0\System.IO.FileSystem.dll" /reference:"C:\Program Files\dotnet\packs\Microsoft.NETCore.App.Ref\10.0.4\ref\net10.0\System.IO.FileSystem.DriveInfo.dll" /reference:"C:\Program Files\dotnet\packs\Microsoft.NETCore.App.Ref\10.0.4\ref\net10.0\System.IO.FileSystem.Primitives.dll" /reference:"C:\Program Files\dotnet\packs\Microsoft.NETCore.App.Ref\10.0.4\ref\net10.0\System.IO.FileSystem.Watcher.dll" /reference:"C:\Program Files\dotnet\packs\Microsoft.NETCore.App.Ref\10.0.4\ref\net10.0\System.IO.IsolatedStorage.dll" /reference:"C:\Program Files\dotnet\packs\Microsoft.NETCore.App.Ref\10.0.4\ref\net10.0\System.IO.MemoryMappedFiles.dll" /reference:"C:\Program Files\dotnet\packs\Microsoft.NETCore.App.Ref\10.0.4\ref\net10.0\System.IO.Pipelines.dll" /reference:"C:\Program Files\dotnet\packs\Microsoft.NETCore.App.Ref\10.0.4\ref\net10.0\System.IO.Pipes.AccessControl.dll" /reference:"C:\Program Files\dotnet\packs\Microsoft.NETCore.App.Ref\10.0.4\ref\net10.0\System.IO.Pipes.dll" /reference:"C:\Program Files\dotnet\packs\Microsoft.NETCore.App.Ref\10.0.4\ref\net10.0\System.IO.UnmanagedMemoryStream.dll" /reference:"C:\Program Files\dotnet\packs\Microsoft.NETCore.App.Ref\10.0.4\ref\net10.0\System.Linq.AsyncEnumerable.dll" /reference:"C:\Program Files\dotnet\packs\Microsoft.NETCore.App.Ref\10.0.4\ref\net10.0\System.Linq.dll" /reference:"C:\Program Files\dotnet\packs\Microsoft.NETCore.App.Ref\10.0.4\ref\net10.0\System.Linq.Expressions.dll" /reference:"C:\Program Files\dotnet\packs\Microsoft.NETCore.App.Ref\10.0.4\ref\net10.0\System.Linq.Parallel.dll" /reference:"C:\Program Files\dotnet\packs\Microsoft.NETCore.App.Ref\10.0.4\ref\net10.0\System.Linq.Queryable.dll" /reference:"C:\Program Files\dotnet\packs\Microsoft.NETCore.App.Ref\10.0.4\ref\net10.0\System.Memory.dll" /reference:"C:\Program Files\dotnet\packs\Microsoft.NETCore.App.Ref\10.0.4\ref\net10.0\System.Net.dll" /reference:"C:\Program Files\dotnet\packs\Microsoft.NETCore.App.Ref\10.0.4\ref\net10.0\System.Net.Http.dll" /reference:"C:\Program Files\dotnet\packs\Microsoft.NETCore.App.Ref\10.0.4\ref\net10.0\System.Net.Http.Json.dll" /reference:"C:\Program Files\dotnet\packs\Microsoft.NETCore.App.Ref\10.0.4\ref\net10.0\System.Net.HttpListener.dll" /reference:"C:\Program Files\dotnet\packs\Microsoft.NETCore.App.Ref\10.0.4\ref\net10.0\System.Net.Mail.dll" /reference:"C:\Program Files\dotnet\packs\Microsoft.NETCore.App.Ref\10.0.4\ref\net10.0\System.Net.NameResolution.dll" /reference:"C:\Program Files\dotnet\packs\Microsoft.NETCore.App.Ref\10.0.4\ref\net10.0\System.Net.NetworkInformation.dll" /reference:"C:\Program Files\dotnet\packs\Microsoft.NETCore.App.Ref\10.0.4\ref\net10.0\System.Net.Ping.dll" /reference:"C:\Program Files\dotnet\packs\Microsoft.NETCore.App.Ref\10.0.4\ref\net10.0\System.Net.Primitives.dll" /reference:"C:\Program Files\dotnet\packs\Microsoft.NETCore.App.Ref\10.0.4\ref\net10.0\System.Net.Quic.dll" /reference:"C:\Program Files\dotnet\packs\Microsoft.NETCore.App.Ref\10.0.4\ref\net10.0\System.Net.Requests.dll" /reference:"C:\Program Files\dotnet\packs\Microsoft.NETCore.App.Ref\10.0.4\ref\net10.0\System.Net.Security.dll" /reference:"C:\Program Files\dotnet\packs\Microsoft.NETCore.App.Ref\10.0.4\ref\net10.0\System.Net.ServerSentEvents.dll" /reference:"C:\Program Files\dotnet\packs\Microsoft.NETCore.App.Ref\10.0.4\ref\net10.0\System.Net.ServicePoint.dll" /reference:"C:\Program Files\dotnet\packs\Microsoft.NETCore.App.Ref\10.0.4\ref\net10.0\System.Net.Sockets.dll" /reference:"C:\Program Files\dotnet\packs\Microsoft.NETCore.App.Ref\10.0.4\ref\net10.0\System.Net.WebClient.dll" /reference:"C:\Program Files\dotnet\packs\Microsoft.NETCore.App.Ref\10.0.4\ref\net10.0\System.Net.WebHeaderCollection.dll" /reference:"C:\Program Files\dotnet\packs\Microsoft.NETCore.App.Ref\10.0.4\ref\net10.0\System.Net.WebProxy.dll" /reference:"C:\Program Files\dotnet\packs\Microsoft.NETCore.App.Ref\10.0.4\ref\net10.0\System.Net.WebSockets.Client.dll" /reference:"C:\Program Files\dotnet\packs\Microsoft.NETCore.App.Ref\10.0.4\ref\net10.0\System.Net.WebSockets.dll" /reference:"C:\Program Files\dotnet\packs\Microsoft.NETCore.App.Ref\10.0.4\ref\net10.0\System.Numerics.dll" /reference:"C:\Program Files\dotnet\packs\Microsoft.NETCore.App.Ref\10.0.4\ref\net10.0\System.Numerics.Vectors.dll" /reference:"C:\Program Files\dotnet\packs\Microsoft.NETCore.App.Ref\10.0.4\ref\net10.0\System.ObjectModel.dll" /reference:"C:\Program Files\dotnet\packs\Microsoft.NETCore.App.Ref\10.0.4\ref\net10.0\System.Reflection.DispatchProxy.dll" /reference:"C:\Program Files\dotnet\packs\Microsoft.NETCore.App.Ref\10.0.4\ref\net10.0\System.Reflection.dll" /reference:"C:\Program Files\dotnet\packs\Microsoft.NETCore.App.Ref\10.0.4\ref\net10.0\System.Reflection.Emit.dll" /reference:"C:\Program Files\dotnet\packs\Microsoft.NETCore.App.Ref\10.0.4\ref\net10.0\System.Reflection.Emit.ILGeneration.dll" /reference:"C:\Program Files\dotnet\packs\Microsoft.NETCore.App.Ref\10.0.4\ref\net10.0\System.Reflection.Emit.Lightweight.dll" /reference:"C:\Program Files\dotnet\packs\Microsoft.NETCore.App.Ref\10.0.4\ref\net10.0\System.Reflection.Extensions.dll" /reference:"C:\Program Files\dotnet\packs\Microsoft.NETCore.App.Ref\10.0.4\ref\net10.0\System.Reflection.Metadata.dll" /reference:"C:\Program Files\dotnet\packs\Microsoft.NETCore.App.Ref\10.0.4\ref\net10.0\System.Reflection.Primitives.dll" /reference:"C:\Program Files\dotnet\packs\Microsoft.NETCore.App.Ref\10.0.4\ref\net10.0\System.Reflection.TypeExtensions.dll" /reference:"C:\Program Files\dotnet\packs\Microsoft.NETCore.App.Ref\10.0.4\ref\net10.0\System.Resources.Reader.dll" /reference:"C:\Program Files\dotnet\packs\Microsoft.NETCore.App.Ref\10.0.4\ref\net10.0\System.Resources.ResourceManager.dll" /reference:"C:\Program Files\dotnet\packs\Microsoft.NETCore.App.Ref\10.0.4\ref\net10.0\System.Resources.Writer.dll" /reference:"C:\Program Files\dotnet\packs\Microsoft.NETCore.App.Ref\10.0.4\ref\net10.0\System.Runtime.CompilerServices.Unsafe.dll" /reference:"C:\Program Files\dotnet\packs\Microsoft.NETCore.App.Ref\10.0.4\ref\net10.0\System.Runtime.CompilerServices.VisualC.dll" /reference:"C:\Program Files\dotnet\packs\Microsoft.NETCore.App.Ref\10.0.4\ref\net10.0\System.Runtime.dll" /reference:"C:\Program Files\dotnet\packs\Microsoft.NETCore.App.Ref\10.0.4\ref\net10.0\System.Runtime.Extensions.dll" /reference:"C:\Program Files\dotnet\packs\Microsoft.NETCore.App.Ref\10.0.4\ref\net10.0\System.Runtime.Handles.dll" /reference:"C:\Program Files\dotnet\packs\Microsoft.NETCore.App.Ref\10.0.4\ref\net10.0\System.Runtime.InteropServices.dll" /reference:"C:\Program Files\dotnet\packs\Microsoft.NETCore.App.Ref\10.0.4\ref\net10.0\System.Runtime.InteropServices.JavaScript.dll" /reference:"C:\Program Files\dotnet\packs\Microsoft.NETCore.App.Ref\10.0.4\ref\net10.0\System.Runtime.InteropServices.RuntimeInformation.dll" /reference:"C:\Program Files\dotnet\packs\Microsoft.NETCore.App.Ref\10.0.4\ref\net10.0\System.Runtime.Intrinsics.dll" /reference:"C:\Program Files\dotnet\packs\Microsoft.NETCore.App.Ref\10.0.4\ref\net10.0\System.Runtime.Loader.dll" /reference:"C:\Program Files\dotnet\packs\Microsoft.NETCore.App.Ref\10.0.4\ref\net10.0\System.Runtime.Numerics.dll" /reference:"C:\Program Files\dotnet\packs\Microsoft.NETCore.App.Ref\10.0.4\ref\net10.0\System.Runtime.Serialization.dll" /reference:"C:\Program Files\dotnet\packs\Microsoft.NETCore.App.Ref\10.0.4\ref\net10.0\System.Runtime.Serialization.Formatters.dll" /reference:"C:\Program Files\dotnet\packs\Microsoft.NETCore.App.Ref\10.0.4\ref\net10.0\System.Runtime.Serialization.Json.dll" /reference:"C:\Program Files\dotnet\packs\Microsoft.NETCore.App.Ref\10.0.4\ref\net10.0\System.Runtime.Serialization.Primitives.dll" /reference:"C:\Program Files\dotnet\packs\Microsoft.NETCore.App.Ref\10.0.4\ref\net10.0\System.Runtime.Serialization.Xml.dll" /reference:"C:\Program Files\dotnet\packs\Microsoft.NETCore.App.Ref\10.0.4\ref\net10.0\System.Security.AccessControl.dll" /reference:"C:\Program Files\dotnet\packs\Microsoft.NETCore.App.Ref\10.0.4\ref\net10.0\System.Security.Claims.dll" /reference:"C:\Program Files\dotnet\packs\Microsoft.NETCore.App.Ref\10.0.4\ref\net10.0\System.Security.Cryptography.Algorithms.dll" /reference:"C:\Program Files\dotnet\packs\Microsoft.NETCore.App.Ref\10.0.4\ref\net10.0\System.Security.Cryptography.Cng.dll" /reference:"C:\Program Files\dotnet\packs\Microsoft.NETCore.App.Ref\10.0.4\ref\net10.0\System.Security.Cryptography.Csp.dll" /reference:"C:\Program Files\dotnet\packs\Microsoft.NETCore.App.Ref\10.0.4\ref\net10.0\System.Security.Cryptography.dll" /reference:"C:\Program Files\dotnet\packs\Microsoft.NETCore.App.Ref\10.0.4\ref\net10.0\System.Security.Cryptography.Encoding.dll" /reference:"C:\Program Files\dotnet\packs\Microsoft.NETCore.App.Ref\10.0.4\ref\net10.0\System.Security.Cryptography.OpenSsl.dll" /reference:"C:\Program Files\dotnet\packs\Microsoft.NETCore.App.Ref\10.0.4\ref\net10.0\System.Security.Cryptography.Primitives.dll" /reference:"C:\Program Files\dotnet\packs\Microsoft.NETCore.App.Ref\10.0.4\ref\net10.0\System.Security.Cryptography.X509Certificates.dll" /reference:"C:\Program Files\dotnet\packs\Microsoft.NETCore.App.Ref\10.0.4\ref\net10.0\System.Security.dll" /reference:"C:\Program Files\dotnet\packs\Microsoft.NETCore.App.Ref\10.0.4\ref\net10.0\System.Security.Principal.dll" /reference:"C:\Program Files\dotnet\packs\Microsoft.NETCore.App.Ref\10.0.4\ref\net10.0\System.Security.Principal.Windows.dll" /reference:"C:\Program Files\dotnet\packs\Microsoft.NETCore.App.Ref\10.0.4\ref\net10.0\System.Security.SecureString.dll" /reference:"C:\Program Files\dotnet\packs\Microsoft.NETCore.App.Ref\10.0.4\ref\net10.0\System.ServiceModel.Web.dll" /reference:"C:\Program Files\dotnet\packs\Microsoft.NETCore.App.Ref\10.0.4\ref\net10.0\System.ServiceProcess.dll" /reference:"C:\Program Files\dotnet\packs\Microsoft.NETCore.App.Ref\10.0.4\ref\net10.0\System.Text.Encoding.CodePages.dll" /reference:"C:\Program Files\dotnet\packs\Microsoft.NETCore.App.Ref\10.0.4\ref\net10.0\System.Text.Encoding.dll" /reference:"C:\Program Files\dotnet\packs\Microsoft.NETCore.App.Ref\10.0.4\ref\net10.0\System.Text.Encoding.Extensions.dll" /reference:"C:\Program Files\dotnet\packs\Microsoft.NETCore.App.Ref\10.0.4\ref\net10.0\System.Text.Encodings.Web.dll" /reference:"C:\Program Files\dotnet\packs\Microsoft.NETCore.App.Ref\10.0.4\ref\net10.0\System.Text.Json.dll" /reference:"C:\Program Files\dotnet\packs\Microsoft.NETCore.App.Ref\10.0.4\ref\net10.0\System.Text.RegularExpressions.dll" /reference:"C:\Program Files\dotnet\packs\Microsoft.NETCore.App.Ref\10.0.4\ref\net10.0\System.Threading.AccessControl.dll" /reference:"C:\Program Files\dotnet\packs\Microsoft.NETCore.App.Ref\10.0.4\ref\net10.0\System.Threading.Channels.dll" /reference:"C:\Program Files\dotnet\packs\Microsoft.NETCore.App.Ref\10.0.4\ref\net10.0\System.Threading.dll" /reference:"C:\Program Files\dotnet\packs\Microsoft.NETCore.App.Ref\10.0.4\ref\net10.0\System.Threading.Overlapped.dll" /reference:"C:\Program Files\dotnet\packs\Microsoft.NETCore.App.Ref\10.0.4\ref\net10.0\System.Threading.Tasks.Dataflow.dll" /reference:"C:\Program Files\dotnet\packs\Microsoft.NETCore.App.Ref\10.0.4\ref\net10.0\System.Threading.Tasks.dll" /reference:"C:\Program Files\dotnet\packs\Microsoft.NETCore.App.Ref\10.0.4\ref\net10.0\System.Threading.Tasks.Extensions.dll" /reference:"C:\Program Files\dotnet\packs\Microsoft.NETCore.App.Ref\10.0.4\ref\net10.0\System.Threading.Tasks.Parallel.dll" /reference:"C:\Program Files\dotnet\packs\Microsoft.NETCore.App.Ref\10.0.4\ref\net10.0\System.Threading.Thread.dll" /reference:"C:\Program Files\dotnet\packs\Microsoft.NETCore.App.Ref\10.0.4\ref\net10.0\System.Threading.ThreadPool.dll" /reference:"C:\Program Files\dotnet\packs\Microsoft.NETCore.App.Ref\10.0.4\ref\net10.0\System.Threading.Timer.dll" /reference:"C:\Program Files\dotnet\packs\Microsoft.NETCore.App.Ref\10.0.4\ref\net10.0\System.Transactions.dll" /reference:"C:\Program Files\dotnet\packs\Microsoft.NETCore.App.Ref\10.0.4\ref\net10.0\System.Transactions.Local.dll" /reference:"C:\Program Files\dotnet\packs\Microsoft.NETCore.App.Ref\10.0.4\ref\net10.0\System.ValueTuple.dll" /reference:"C:\Program Files\dotnet\packs\Microsoft.NETCore.App.Ref\10.0.4\ref\net10.0\System.Web.dll" /reference:"C:\Program Files\dotnet\packs\Microsoft.NETCore.App.Ref\10.0.4\ref\net10.0\System.Web.HttpUtility.dll" /reference:"C:\Program Files\dotnet\packs\Microsoft.NETCore.App.Ref\10.0.4\ref\net10.0\System.Windows.dll" /reference:"C:\Program Files\dotnet\packs\Microsoft.NETCore.App.Ref\10.0.4\ref\net10.0\System.Xml.dll" /reference:"C:\Program Files\dotnet\packs\Microsoft.NETCore.App.Ref\10.0.4\ref\net10.0\System.Xml.Linq.dll" /reference:"C:\Program Files\dotnet\packs\Microsoft.NETCore.App.Ref\10.0.4\ref\net10.0\System.Xml.ReaderWriter.dll" /reference:"C:\Program Files\dotnet\packs\Microsoft.NETCore.App.Ref\10.0.4\ref\net10.0\System.Xml.Serialization.dll" /reference:"C:\Program Files\dotnet\packs\Microsoft.NETCore.App.Ref\10.0.4\ref\net10.0\System.Xml.XDocument.dll" /reference:"C:\Program Files\dotnet\packs\Microsoft.NETCore.App.Ref\10.0.4\ref\net10.0\System.Xml.XmlDocument.dll" /reference:"C:\Program Files\dotnet\packs\Microsoft.NETCore.App.Ref\10.0.4\ref\net10.0\System.Xml.XmlSerializer.dll" /reference:"C:\Program Files\dotnet\packs\Microsoft.NETCore.App.Ref\10.0.4\ref\net10.0\System.Xml.XPath.dll" /reference:"C:\Program Files\dotnet\packs\Microsoft.NETCore.App.Ref\10.0.4\ref\net10.0\System.Xml.XPath.XDocument.dll" /reference:"C:\Program Files\dotnet\packs\Microsoft.NETCore.App.Ref\10.0.4\ref\net10.0\WindowsBase.dll" /features:"InterceptorsNamespaces=;Microsoft.Extensions.Validation.Generated" /debug+ /debug:portable /filealign:512 /optimize- /out:D:\warhub\wham\artifacts\obj\WarHub.ArmouryModel.Source.CodeGeneration.Attributes\debug\WarHub.ArmouryModel.Source.CodeGeneration.Attributes.dll /refout:D:\warhub\wham\artifacts\obj\WarHub.ArmouryModel.Source.CodeGeneration.Attributes\debug\refint\WarHub.ArmouryModel.Source.CodeGeneration.Attributes.dll /target:library /warnaserror- /utf8output /deterministic+ /sourcelink:D:\warhub\wham\artifacts\obj\WarHub.ArmouryModel.Source.CodeGeneration.Attributes\debug\WarHub.ArmouryModel.Source.CodeGeneration.Attributes.sourcelink.json /langversion:latest /embed:D:\warhub\wham\artifacts\obj\WarHub.ArmouryModel.Source.CodeGeneration.Attributes\debug\WarHub.ArmouryModel.Source.CodeGeneration.Attributes.Version.cs /embed:"D:\warhub\wham\artifacts\obj\WarHub.ArmouryModel.Source.CodeGeneration.Attributes\debug\.NETCoreApp,Version=v10.0.AssemblyAttributes.cs" /embed:D:\warhub\wham\artifacts\obj\WarHub.ArmouryModel.Source.CodeGeneration.Attributes\debug\WarHub.ArmouryModel.Source.CodeGeneration.Attributes.AssemblyInfo.cs /analyzerconfig:D:\warhub\wham\.editorconfig /analyzerconfig:D:\warhub\wham\artifacts\obj\WarHub.ArmouryModel.Source.CodeGeneration.Attributes\debug\WarHub.ArmouryModel.Source.CodeGeneration.Attributes.GeneratedMSBuildEditorConfig.editorconfig /analyzerconfig:"C:\Program Files\dotnet\sdk\10.0.104\Sdks\Microsoft.NET.Sdk\analyzers\build\config\analysislevel_10_all.globalconfig" /analyzer:"C:\Program Files\dotnet\sdk\10.0.104\Sdks\Microsoft.NET.Sdk\targets\..\analyzers\Microsoft.CodeAnalysis.CSharp.NetAnalyzers.dll" /analyzer:"C:\Program Files\dotnet\sdk\10.0.104\Sdks\Microsoft.NET.Sdk\targets\..\analyzers\Microsoft.CodeAnalysis.NetAnalyzers.dll" /analyzer:"C:\Program Files\dotnet\packs\Microsoft.NETCore.App.Ref\10.0.4\analyzers/dotnet/cs/Microsoft.Interop.ComInterfaceGenerator.dll" /analyzer:"C:\Program Files\dotnet\packs\Microsoft.NETCore.App.Ref\10.0.4\analyzers/dotnet/cs/Microsoft.Interop.JavaScript.JSImportGenerator.dll" /analyzer:"C:\Program Files\dotnet\packs\Microsoft.NETCore.App.Ref\10.0.4\analyzers/dotnet/cs/Microsoft.Interop.LibraryImportGenerator.dll" /analyzer:"C:\Program Files\dotnet\packs\Microsoft.NETCore.App.Ref\10.0.4\analyzers/dotnet/cs/Microsoft.Interop.SourceGeneration.dll" /analyzer:"C:\Program Files\dotnet\packs\Microsoft.NETCore.App.Ref\10.0.4\analyzers/dotnet/cs/System.Text.Json.SourceGeneration.dll" /analyzer:"C:\Program Files\dotnet\packs\Microsoft.NETCore.App.Ref\10.0.4\analyzers/dotnet/cs/System.Text.RegularExpressions.Generator.dll" D:\warhub\wham\artifacts\obj\WarHub.ArmouryModel.Source.CodeGeneration.Attributes\debug\WarHub.ArmouryModel.Source.CodeGeneration.Attributes.Version.cs WhamNodeCoreAttribute.cs "D:\warhub\wham\artifacts\obj\WarHub.ArmouryModel.Source.CodeGeneration.Attributes\debug\.NETCoreApp,Version=v10.0.AssemblyAttributes.cs" D:\warhub\wham\artifacts\obj\WarHub.ArmouryModel.Source.CodeGeneration.Attributes\debug\WarHub.ArmouryModel.Source.CodeGeneration.Attributes.AssemblyInfo.cs /warnaserror+:NU1605,SYSLIB0011'
         Attempt to open named pipe 'yQiqoU4G1HkDoitZ6p1liDWTIZlE_laOFRNKsOjNUzk'
         Attempt to connect named pipe 'yQiqoU4G1HkDoitZ6p1liDWTIZlE_laOFRNKsOjNUzk'
         Named pipe 'yQiqoU4G1HkDoitZ6p1liDWTIZlE_laOFRNKsOjNUzk' connected
         Begin writing request for WarHub.ArmouryModel.Source.CodeGeneration.Attributes (net10.0)
         End writing request for WarHub.ArmouryModel.Source.CodeGeneration.Attributes (net10.0)
         Begin reading response for WarHub.ArmouryModel.Source.CodeGeneration.Attributes (net10.0)
         End reading response for WarHub.ArmouryModel.Source.CodeGeneration.Attributes (net10.0)
         CompilerServer: server - server processed compilation - WarHub.ArmouryModel.Source.CodeGeneration.Attributes (net10.0)
       GenerateBuildDependencyFile:
       Skipping target "GenerateBuildDependencyFile" because all output files are up-to-date with respect to the input files.
       CopyFilesToOutputDirectory:
         Copying file from "D:\warhub\wham\artifacts\obj\WarHub.ArmouryModel.Source.CodeGeneration.Attributes\debug\WarHub.ArmouryModel.Source.CodeGeneration.Attributes.dll" to "D:\warhub\wham\artifacts\bin\WarHub.ArmouryModel.Source.CodeGeneration.Attributes\debug\WarHub.ArmouryModel.Source.CodeGeneration.Attributes.dll".
         Copying reference assembly from "D:\warhub\wham\artifacts\obj\WarHub.ArmouryModel.Source.CodeGeneration.Attributes\debug\refint\WarHub.ArmouryModel.Source.CodeGeneration.Attributes.dll" to "D:\warhub\wham\artifacts\obj\WarHub.ArmouryModel.Source.CodeGeneration.Attributes\debug\ref\WarHub.ArmouryModel.Source.CodeGeneration.Attributes.dll".
         WarHub.ArmouryModel.Source.CodeGeneration.Attributes -> D:\warhub\wham\artifacts\bin\WarHub.ArmouryModel.Source.CodeGeneration.Attributes\debug\WarHub.ArmouryModel.Source.CodeGeneration.Attributes.dll
         Copying file from "D:\warhub\wham\artifacts\obj\WarHub.ArmouryModel.Source.CodeGeneration.Attributes\debug\WarHub.ArmouryModel.Source.CodeGeneration.Attributes.pdb" to "D:\warhub\wham\artifacts\bin\WarHub.ArmouryModel.Source.CodeGeneration.Attributes\debug\WarHub.ArmouryModel.Source.CodeGeneration.Attributes.pdb".
         Copying file from "D:\warhub\wham\artifacts\obj\WarHub.ArmouryModel.Source.CodeGeneration.Attributes\debug\WarHub.ArmouryModel.Source.CodeGeneration.Attributes.xml" to "D:\warhub\wham\artifacts\bin\WarHub.ArmouryModel.Source.CodeGeneration.Attributes\debug\WarHub.ArmouryModel.Source.CodeGeneration.Attributes.xml".
     9>Done Building Project "D:\warhub\wham\src\WarHub.ArmouryModel.Source.CodeGeneration.Attributes\WarHub.ArmouryModel.Source.CodeGeneration.Attributes.csproj" (default targets).
   6:2>Project "D:\warhub\wham\src\WarHub.ArmouryModel.Source\WarHub.ArmouryModel.Source.csproj" (6:2) is building "D:\warhub\wham\src\WarHub.ArmouryModel.Source.CodeGeneration\WarHub.ArmouryModel.Source.CodeGeneration.csproj" (10:2) on node 1 (default targets).
  10:2>Project "D:\warhub\wham\src\WarHub.ArmouryModel.Source.CodeGeneration\WarHub.ArmouryModel.Source.CodeGeneration.csproj" (10:2) is building "D:\packages\nuget\nerdbank.gitversioning\3.9.50\build\PrivateP2PCaching.proj" (11:2) on node 3 (GetBuildVersion_Properties;GetBuildVersion_CloudBuildVersionVars target(s)).
    11>GetBuildVersionCore:
         Building version 0.15.0 from commit bd593f73dd76ecf5114b63020b643f6218be88b0
    11>Done Building Project "D:\packages\nuget\nerdbank.gitversioning\3.9.50\build\PrivateP2PCaching.proj" (GetBuildVersion_Properties;GetBuildVersion_CloudBuildVersionVars target(s)).
    10>GenerateAssemblyNBGVVersionInfo:
         Copying file from "D:\warhub\wham\artifacts\obj\WarHub.ArmouryModel.Source.CodeGeneration\debug\WarHub.ArmouryModel.Source.CodeGeneration.Version.cs.new" to "D:\warhub\wham\artifacts\obj\WarHub.ArmouryModel.Source.CodeGeneration\debug\WarHub.ArmouryModel.Source.CodeGeneration.Version.cs".
       GenerateTargetFrameworkMonikerAttribute:
       Skipping target "GenerateTargetFrameworkMonikerAttribute" because all output files are up-to-date with respect to the input files.
       CoreGenerateAssemblyInfo:
       Skipping target "CoreGenerateAssemblyInfo" because all output files are up-to-date with respect to the input files.
       _GenerateSourceLinkFile:
         Updating Source Link file 'D:\warhub\wham\artifacts\obj\WarHub.ArmouryModel.Source.CodeGeneration\debug\WarHub.ArmouryModel.Source.CodeGeneration.sourcelink.json'.
       CoreCompile:
         Setting DOTNET_ROOT to 'C:\Program Files\dotnet'
         C:\Program Files\dotnet\sdk\10.0.104\Roslyn\bincore\csc.exe /noconfig /unsafe- /checked- /nowarn:CS1591,NU5105,CA1515,1701,1702 /fullpaths /nostdlib+ /errorreport:prompt /doc:D:\warhub\wham\artifacts\obj\WarHub.ArmouryModel.Source.CodeGeneration\debug\WarHub.ArmouryModel.Source.CodeGeneration.xml /define:TRACE;DEBUG;NETSTANDARD;NETSTANDARD2_0;NETSTANDARD1_0_OR_GREATER;NETSTANDARD1_1_OR_GREATER;NETSTANDARD1_2_OR_GREATER;NETSTANDARD1_3_OR_GREATER;NETSTANDARD1_4_OR_GREATER;NETSTANDARD1_5_OR_GREATER;NETSTANDARD1_6_OR_GREATER;NETSTANDARD2_0_OR_GREATER /highentropyva+ /nullable:enable /reference:D:\packages\nuget\microsoft.codeanalysis.csharp\5.0.0\lib\netstandard2.0\Microsoft.CodeAnalysis.CSharp.dll /reference:D:\packages\nuget\microsoft.codeanalysis.common\5.0.0\lib\netstandard2.0\Microsoft.CodeAnalysis.dll /reference:D:\packages\nuget\netstandard.library\2.0.3\build\netstandard2.0\ref\Microsoft.Win32.Primitives.dll /reference:D:\packages\nuget\netstandard.library\2.0.3\build\netstandard2.0\ref\mscorlib.dll /reference:D:\packages\nuget\netstandard.library\2.0.3\build\netstandard2.0\ref\netstandard.dll /reference:D:\packages\nuget\netstandard.library\2.0.3\build\netstandard2.0\ref\System.AppContext.dll /reference:D:\packages\nuget\system.buffers\4.6.0\lib\netstandard2.0\System.Buffers.dll /reference:D:\packages\nuget\netstandard.library\2.0.3\build\netstandard2.0\ref\System.Collections.Concurrent.dll /reference:D:\packages\nuget\netstandard.library\2.0.3\build\netstandard2.0\ref\System.Collections.dll /reference:D:\packages\nuget\system.collections.immutable\9.0.0\lib\netstandard2.0\System.Collections.Immutable.dll /reference:D:\packages\nuget\netstandard.library\2.0.3\build\netstandard2.0\ref\System.Collections.NonGeneric.dll /reference:D:\packages\nuget\netstandard.library\2.0.3\build\netstandard2.0\ref\System.Collections.Specialized.dll /reference:D:\packages\nuget\netstandard.library\2.0.3\build\netstandard2.0\ref\System.ComponentModel.Composition.dll /reference:D:\packages\nuget\netstandard.library\2.0.3\build\netstandard2.0\ref\System.ComponentModel.dll /reference:D:\packages\nuget\netstandard.library\2.0.3\build\netstandard2.0\ref\System.ComponentModel.EventBasedAsync.dll /reference:D:\packages\nuget\netstandard.library\2.0.3\build\netstandard2.0\ref\System.ComponentModel.Primitives.dll /reference:D:\packages\nuget\netstandard.library\2.0.3\build\netstandard2.0\ref\System.ComponentModel.TypeConverter.dll /reference:D:\packages\nuget\netstandard.library\2.0.3\build\netstandard2.0\ref\System.Console.dll /reference:D:\packages\nuget\netstandard.library\2.0.3\build\netstandard2.0\ref\System.Core.dll /reference:D:\packages\nuget\netstandard.library\2.0.3\build\netstandard2.0\ref\System.Data.Common.dll /reference:D:\packages\nuget\netstandard.library\2.0.3\build\netstandard2.0\ref\System.Data.dll /reference:D:\packages\nuget\netstandard.library\2.0.3\build\netstandard2.0\ref\System.Diagnostics.Contracts.dll /reference:D:\packages\nuget\netstandard.library\2.0.3\build\netstandard2.0\ref\System.Diagnostics.Debug.dll /reference:D:\packages\nuget\netstandard.library\2.0.3\build\netstandard2.0\ref\System.Diagnostics.FileVersionInfo.dll /reference:D:\packages\nuget\netstandard.library\2.0.3\build\netstandard2.0\ref\System.Diagnostics.Process.dll /reference:D:\packages\nuget\netstandard.library\2.0.3\build\netstandard2.0\ref\System.Diagnostics.StackTrace.dll /reference:D:\packages\nuget\netstandard.library\2.0.3\build\netstandard2.0\ref\System.Diagnostics.TextWriterTraceListener.dll /reference:D:\packages\nuget\netstandard.library\2.0.3\build\netstandard2.0\ref\System.Diagnostics.Tools.dll /reference:D:\packages\nuget\netstandard.library\2.0.3\build\netstandard2.0\ref\System.Diagnostics.TraceSource.dll /reference:D:\packages\nuget\netstandard.library\2.0.3\build\netstandard2.0\ref\System.Diagnostics.Tracing.dll /reference:D:\packages\nuget\netstandard.library\2.0.3\build\netstandard2.0\ref\System.dll /reference:D:\packages\nuget\netstandard.library\2.0.3\build\netstandard2.0\ref\System.Drawing.dll /reference:D:\packages\nuget\netstandard.library\2.0.3\build\netstandard2.0\ref\System.Drawing.Primitives.dll /reference:D:\packages\nuget\netstandard.library\2.0.3\build\netstandard2.0\ref\System.Dynamic.Runtime.dll /reference:D:\packages\nuget\netstandard.library\2.0.3\build\netstandard2.0\ref\System.Globalization.Calendars.dll /reference:D:\packages\nuget\netstandard.library\2.0.3\build\netstandard2.0\ref\System.Globalization.dll /reference:D:\packages\nuget\netstandard.library\2.0.3\build\netstandard2.0\ref\System.Globalization.Extensions.dll /reference:D:\packages\nuget\netstandard.library\2.0.3\build\netstandard2.0\ref\System.IO.Compression.dll /reference:D:\packages\nuget\netstandard.library\2.0.3\build\netstandard2.0\ref\System.IO.Compression.FileSystem.dll /reference:D:\packages\nuget\netstandard.library\2.0.3\build\netstandard2.0\ref\System.IO.Compression.ZipFile.dll /reference:D:\packages\nuget\netstandard.library\2.0.3\build\netstandard2.0\ref\System.IO.dll /reference:D:\packages\nuget\netstandard.library\2.0.3\build\netstandard2.0\ref\System.IO.FileSystem.dll /reference:D:\packages\nuget\netstandard.library\2.0.3\build\netstandard2.0\ref\System.IO.FileSystem.DriveInfo.dll /reference:D:\packages\nuget\netstandard.library\2.0.3\build\netstandard2.0\ref\System.IO.FileSystem.Primitives.dll /reference:D:\packages\nuget\netstandard.library\2.0.3\build\netstandard2.0\ref\System.IO.FileSystem.Watcher.dll /reference:D:\packages\nuget\netstandard.library\2.0.3\build\netstandard2.0\ref\System.IO.IsolatedStorage.dll /reference:D:\packages\nuget\netstandard.library\2.0.3\build\netstandard2.0\ref\System.IO.MemoryMappedFiles.dll /reference:D:\packages\nuget\netstandard.library\2.0.3\build\netstandard2.0\ref\System.IO.Pipes.dll /reference:D:\packages\nuget\netstandard.library\2.0.3\build\netstandard2.0\ref\System.IO.UnmanagedMemoryStream.dll /reference:D:\packages\nuget\netstandard.library\2.0.3\build\netstandard2.0\ref\System.Linq.dll /reference:D:\packages\nuget\netstandard.library\2.0.3\build\netstandard2.0\ref\System.Linq.Expressions.dll /reference:D:\packages\nuget\netstandard.library\2.0.3\build\netstandard2.0\ref\System.Linq.Parallel.dll /reference:D:\packages\nuget\netstandard.library\2.0.3\build\netstandard2.0\ref\System.Linq.Queryable.dll /reference:D:\packages\nuget\system.memory\4.6.0\lib\netstandard2.0\System.Memory.dll /reference:D:\packages\nuget\netstandard.library\2.0.3\build\netstandard2.0\ref\System.Net.dll /reference:D:\packages\nuget\netstandard.library\2.0.3\build\netstandard2.0\ref\System.Net.Http.dll /reference:D:\packages\nuget\netstandard.library\2.0.3\build\netstandard2.0\ref\System.Net.NameResolution.dll /reference:D:\packages\nuget\netstandard.library\2.0.3\build\netstandard2.0\ref\System.Net.NetworkInformation.dll /reference:D:\packages\nuget\netstandard.library\2.0.3\build\netstandard2.0\ref\System.Net.Ping.dll /reference:D:\packages\nuget\netstandard.library\2.0.3\build\netstandard2.0\ref\System.Net.Primitives.dll /reference:D:\packages\nuget\netstandard.library\2.0.3\build\netstandard2.0\ref\System.Net.Requests.dll /reference:D:\packages\nuget\netstandard.library\2.0.3\build\netstandard2.0\ref\System.Net.Security.dll /reference:D:\packages\nuget\netstandard.library\2.0.3\build\netstandard2.0\ref\System.Net.Sockets.dll /reference:D:\packages\nuget\netstandard.library\2.0.3\build\netstandard2.0\ref\System.Net.WebHeaderCollection.dll /reference:D:\packages\nuget\netstandard.library\2.0.3\build\netstandard2.0\ref\System.Net.WebSockets.Client.dll /reference:D:\packages\nuget\netstandard.library\2.0.3\build\netstandard2.0\ref\System.Net.WebSockets.dll /reference:D:\packages\nuget\netstandard.library\2.0.3\build\netstandard2.0\ref\System.Numerics.dll /reference:D:\packages\nuget\system.numerics.vectors\4.6.0\lib\netstandard2.0\System.Numerics.Vectors.dll /reference:D:\packages\nuget\netstandard.library\2.0.3\build\netstandard2.0\ref\System.ObjectModel.dll /reference:D:\packages\nuget\netstandard.library\2.0.3\build\netstandard2.0\ref\System.Reflection.dll /reference:D:\packages\nuget\netstandard.library\2.0.3\build\netstandard2.0\ref\System.Reflection.Extensions.dll /reference:D:\packages\nuget\system.reflection.metadata\9.0.0\lib\netstandard2.0\System.Reflection.Metadata.dll /reference:D:\packages\nuget\netstandard.library\2.0.3\build\netstandard2.0\ref\System.Reflection.Primitives.dll /reference:D:\packages\nuget\netstandard.library\2.0.3\build\netstandard2.0\ref\System.Resources.Reader.dll /reference:D:\packages\nuget\netstandard.library\2.0.3\build\netstandard2.0\ref\System.Resources.ResourceManager.dll /reference:D:\packages\nuget\netstandard.library\2.0.3\build\netstandard2.0\ref\System.Resources.Writer.dll /reference:D:\packages\nuget\system.runtime.compilerservices.unsafe\6.1.0\lib\netstandard2.0\System.Runtime.CompilerServices.Unsafe.dll /reference:D:\packages\nuget\netstandard.library\2.0.3\build\netstandard2.0\ref\System.Runtime.CompilerServices.VisualC.dll /reference:D:\packages\nuget\netstandard.library\2.0.3\build\netstandard2.0\ref\System.Runtime.dll /reference:D:\packages\nuget\netstandard.library\2.0.3\build\netstandard2.0\ref\System.Runtime.Extensions.dll /reference:D:\packages\nuget\netstandard.library\2.0.3\build\netstandard2.0\ref\System.Runtime.Handles.dll /reference:D:\packages\nuget\netstandard.library\2.0.3\build\netstandard2.0\ref\System.Runtime.InteropServices.dll /reference:D:\packages\nuget\netstandard.library\2.0.3\build\netstandard2.0\ref\System.Runtime.InteropServices.RuntimeInformation.dll /reference:D:\packages\nuget\netstandard.library\2.0.3\build\netstandard2.0\ref\System.Runtime.Numerics.dll /reference:D:\packages\nuget\netstandard.library\2.0.3\build\netstandard2.0\ref\System.Runtime.Serialization.dll /reference:D:\packages\nuget\netstandard.library\2.0.3\build\netstandard2.0\ref\System.Runtime.Serialization.Formatters.dll /reference:D:\packages\nuget\netstandard.library\2.0.3\build\netstandard2.0\ref\System.Runtime.Serialization.Json.dll /reference:D:\packages\nuget\netstandard.library\2.0.3\build\netstandard2.0\ref\System.Runtime.Serialization.Primitives.dll /reference:D:\packages\nuget\netstandard.library\2.0.3\build\netstandard2.0\ref\System.Runtime.Serialization.Xml.dll /reference:D:\packages\nuget\netstandard.library\2.0.3\build\netstandard2.0\ref\System.Security.Claims.dll /reference:D:\packages\nuget\netstandard.library\2.0.3\build\netstandard2.0\ref\System.Security.Cryptography.Algorithms.dll /reference:D:\packages\nuget\netstandard.library\2.0.3\build\netstandard2.0\ref\System.Security.Cryptography.Csp.dll /reference:D:\packages\nuget\netstandard.library\2.0.3\build\netstandard2.0\ref\System.Security.Cryptography.Encoding.dll /reference:D:\packages\nuget\netstandard.library\2.0.3\build\netstandard2.0\ref\System.Security.Cryptography.Primitives.dll /reference:D:\packages\nuget\netstandard.library\2.0.3\build\netstandard2.0\ref\System.Security.Cryptography.X509Certificates.dll /reference:D:\packages\nuget\netstandard.library\2.0.3\build\netstandard2.0\ref\System.Security.Principal.dll /reference:D:\packages\nuget\netstandard.library\2.0.3\build\netstandard2.0\ref\System.Security.SecureString.dll /reference:D:\packages\nuget\netstandard.library\2.0.3\build\netstandard2.0\ref\System.ServiceModel.Web.dll /reference:D:\packages\nuget\system.text.encoding.codepages\8.0.0\lib\netstandard2.0\System.Text.Encoding.CodePages.dll /reference:D:\packages\nuget\netstandard.library\2.0.3\build\netstandard2.0\ref\System.Text.Encoding.dll /reference:D:\packages\nuget\netstandard.library\2.0.3\build\netstandard2.0\ref\System.Text.Encoding.Extensions.dll /reference:D:\packages\nuget\netstandard.library\2.0.3\build\netstandard2.0\ref\System.Text.RegularExpressions.dll /reference:D:\packages\nuget\netstandard.library\2.0.3\build\netstandard2.0\ref\System.Threading.dll /reference:D:\packages\nuget\netstandard.library\2.0.3\build\netstandard2.0\ref\System.Threading.Overlapped.dll /reference:D:\packages\nuget\netstandard.library\2.0.3\build\netstandard2.0\ref\System.Threading.Tasks.dll /reference:D:\packages\nuget\system.threading.tasks.extensions\4.6.0\lib\netstandard2.0\System.Threading.Tasks.Extensions.dll /reference:D:\packages\nuget\netstandard.library\2.0.3\build\netstandard2.0\ref\System.Threading.Tasks.Parallel.dll /reference:D:\packages\nuget\netstandard.library\2.0.3\build\netstandard2.0\ref\System.Threading.Thread.dll /reference:D:\packages\nuget\netstandard.library\2.0.3\build\netstandard2.0\ref\System.Threading.ThreadPool.dll /reference:D:\packages\nuget\netstandard.library\2.0.3\build\netstandard2.0\ref\System.Threading.Timer.dll /reference:D:\packages\nuget\netstandard.library\2.0.3\build\netstandard2.0\ref\System.Transactions.dll /reference:D:\packages\nuget\netstandard.library\2.0.3\build\netstandard2.0\ref\System.ValueTuple.dll /reference:D:\packages\nuget\netstandard.library\2.0.3\build\netstandard2.0\ref\System.Web.dll /reference:D:\packages\nuget\netstandard.library\2.0.3\build\netstandard2.0\ref\System.Windows.dll /reference:D:\packages\nuget\netstandard.library\2.0.3\build\netstandard2.0\ref\System.Xml.dll /reference:D:\packages\nuget\netstandard.library\2.0.3\build\netstandard2.0\ref\System.Xml.Linq.dll /reference:D:\packages\nuget\netstandard.library\2.0.3\build\netstandard2.0\ref\System.Xml.ReaderWriter.dll /reference:D:\packages\nuget\netstandard.library\2.0.3\build\netstandard2.0\ref\System.Xml.Serialization.dll /reference:D:\packages\nuget\netstandard.library\2.0.3\build\netstandard2.0\ref\System.Xml.XDocument.dll /reference:D:\packages\nuget\netstandard.library\2.0.3\build\netstandard2.0\ref\System.Xml.XmlDocument.dll /reference:D:\packages\nuget\netstandard.library\2.0.3\build\netstandard2.0\ref\System.Xml.XmlSerializer.dll /reference:D:\packages\nuget\netstandard.library\2.0.3\build\netstandard2.0\ref\System.Xml.XPath.dll /reference:D:\packages\nuget\netstandard.library\2.0.3\build\netstandard2.0\ref\System.Xml.XPath.XDocument.dll /debug+ /debug:portable /filealign:512 /optimize- /out:D:\warhub\wham\artifacts\obj\WarHub.ArmouryModel.Source.CodeGeneration\debug\WarHub.ArmouryModel.Source.CodeGeneration.dll /target:library /warnaserror- /utf8output /deterministic+ /sourcelink:D:\warhub\wham\artifacts\obj\WarHub.ArmouryModel.Source.CodeGeneration\debug\WarHub.ArmouryModel.Source.CodeGeneration.sourcelink.json /langversion:latest /embed:D:\warhub\wham\artifacts\obj\WarHub.ArmouryModel.Source.CodeGeneration\debug\WarHub.ArmouryModel.Source.CodeGeneration.Version.cs /embed:"D:\warhub\wham\artifacts\obj\WarHub.ArmouryModel.Source.CodeGeneration\debug\.NETStandard,Version=v2.0.AssemblyAttributes.cs" /embed:D:\warhub\wham\artifacts\obj\WarHub.ArmouryModel.Source.CodeGeneration\debug\WarHub.ArmouryModel.Source.CodeGeneration.AssemblyInfo.cs /analyzerconfig:D:\warhub\wham\.editorconfig /analyzerconfig:D:\warhub\wham\artifacts\obj\WarHub.ArmouryModel.Source.CodeGeneration\debug\WarHub.ArmouryModel.Source.CodeGeneration.GeneratedMSBuildEditorConfig.editorconfig /analyzer:D:\packages\nuget\microsoft.codeanalysis.analyzers\3.11.0\analyzers\dotnet\cs\Microsoft.CodeAnalysis.Analyzers.dll /analyzer:D:\packages\nuget\microsoft.codeanalysis.analyzers\3.11.0\analyzers\dotnet\cs\Microsoft.CodeAnalysis.CSharp.Analyzers.dll D:\warhub\wham\artifacts\obj\WarHub.ArmouryModel.Source.CodeGeneration\debug\WarHub.ArmouryModel.Source.CodeGeneration.Version.cs CoreChildBase.cs CoreDescriptor.cs CoreDescriptorBuilder.cs CoreDescriptorExtensions.cs CoreListChild.cs CoreObjectChild.cs CoreValueChild.cs EnumerableExtensions.cs GeneralExtensions.cs GeneratorBase.cs Generators\BasicDeclarationNodeGenerator.cs Generators\CollectionConversionExtensionsPartialGenerator.cs Generators\CoreEmptyPropertyPartialGenerator.cs Generators\CorePartialGeneratorBase.cs Generators\CoreToNodeMethodsCorePartialGenerator.cs Generators\ListNodePartialGenerator.cs Generators\ModelExtensionsPartialGeneratorBase.cs Generators\NodeAcceptSourceVisitorPartialGenerator.cs Generators\NodeConvenienceMethodsGenerator.cs Generators\NodeExtensionsGenerator.cs Generators\NodeFactoryPartialGenerator.cs Generators\NodeGenerator.cs Generators\NodePartialGeneratorBase.cs Generators\PartialGeneratorBase.cs Generators\SourceRewriterVisitPartialGenerator.cs Generators\SourceVisitorGenericVisitPartialGenerator.cs Generators\SourceVisitorVisitPartialGenerator.cs Names.cs RoslynWhamNodeGenerator.cs SyntaxFluentExtensions.cs SyntaxOverloadsExtensions.cs WhamSerializerGenerator.cs WhamSerializerGenerator.Reads.cs WhamSerializerGenerator.Writes.cs XmlConvertMembers.cs XmlNodeKind.cs XmlNodeTypeMembers.cs XmlReaderMembers.cs XmlResolvedInfo.cs "D:\warhub\wham\artifacts\obj\WarHub.ArmouryModel.Source.CodeGeneration\debug\.NETStandard,Version=v2.0.AssemblyAttributes.cs" D:\warhub\wham\artifacts\obj\WarHub.ArmouryModel.Source.CodeGeneration\debug\WarHub.ArmouryModel.Source.CodeGeneration.AssemblyInfo.cs /warnaserror+:NU1605
         Compilation request WarHub.ArmouryModel.Source.CodeGeneration (netstandard2.0), PathToTool=C:\Program Files\dotnet\sdk\10.0.104\Roslyn\bincore\csc.exe
         CommandLine = ' /noconfig'
         BuildResponseFile = '/unsafe- /checked- /nowarn:CS1591,NU5105,CA1515,1701,1702 /fullpaths /nostdlib+ /errorreport:prompt /doc:D:\warhub\wham\artifacts\obj\WarHub.ArmouryModel.Source.CodeGeneration\debug\WarHub.ArmouryModel.Source.CodeGeneration.xml /define:TRACE;DEBUG;NETSTANDARD;NETSTANDARD2_0;NETSTANDARD1_0_OR_GREATER;NETSTANDARD1_1_OR_GREATER;NETSTANDARD1_2_OR_GREATER;NETSTANDARD1_3_OR_GREATER;NETSTANDARD1_4_OR_GREATER;NETSTANDARD1_5_OR_GREATER;NETSTANDARD1_6_OR_GREATER;NETSTANDARD2_0_OR_GREATER /highentropyva+ /nullable:enable /reference:D:\packages\nuget\microsoft.codeanalysis.csharp\5.0.0\lib\netstandard2.0\Microsoft.CodeAnalysis.CSharp.dll /reference:D:\packages\nuget\microsoft.codeanalysis.common\5.0.0\lib\netstandard2.0\Microsoft.CodeAnalysis.dll /reference:D:\packages\nuget\netstandard.library\2.0.3\build\netstandard2.0\ref\Microsoft.Win32.Primitives.dll /reference:D:\packages\nuget\netstandard.library\2.0.3\build\netstandard2.0\ref\mscorlib.dll /reference:D:\packages\nuget\netstandard.library\2.0.3\build\netstandard2.0\ref\netstandard.dll /reference:D:\packages\nuget\netstandard.library\2.0.3\build\netstandard2.0\ref\System.AppContext.dll /reference:D:\packages\nuget\system.buffers\4.6.0\lib\netstandard2.0\System.Buffers.dll /reference:D:\packages\nuget\netstandard.library\2.0.3\build\netstandard2.0\ref\System.Collections.Concurrent.dll /reference:D:\packages\nuget\netstandard.library\2.0.3\build\netstandard2.0\ref\System.Collections.dll /reference:D:\packages\nuget\system.collections.immutable\9.0.0\lib\netstandard2.0\System.Collections.Immutable.dll /reference:D:\packages\nuget\netstandard.library\2.0.3\build\netstandard2.0\ref\System.Collections.NonGeneric.dll /reference:D:\packages\nuget\netstandard.library\2.0.3\build\netstandard2.0\ref\System.Collections.Specialized.dll /reference:D:\packages\nuget\netstandard.library\2.0.3\build\netstandard2.0\ref\System.ComponentModel.Composition.dll /reference:D:\packages\nuget\netstandard.library\2.0.3\build\netstandard2.0\ref\System.ComponentModel.dll /reference:D:\packages\nuget\netstandard.library\2.0.3\build\netstandard2.0\ref\System.ComponentModel.EventBasedAsync.dll /reference:D:\packages\nuget\netstandard.library\2.0.3\build\netstandard2.0\ref\System.ComponentModel.Primitives.dll /reference:D:\packages\nuget\netstandard.library\2.0.3\build\netstandard2.0\ref\System.ComponentModel.TypeConverter.dll /reference:D:\packages\nuget\netstandard.library\2.0.3\build\netstandard2.0\ref\System.Console.dll /reference:D:\packages\nuget\netstandard.library\2.0.3\build\netstandard2.0\ref\System.Core.dll /reference:D:\packages\nuget\netstandard.library\2.0.3\build\netstandard2.0\ref\System.Data.Common.dll /reference:D:\packages\nuget\netstandard.library\2.0.3\build\netstandard2.0\ref\System.Data.dll /reference:D:\packages\nuget\netstandard.library\2.0.3\build\netstandard2.0\ref\System.Diagnostics.Contracts.dll /reference:D:\packages\nuget\netstandard.library\2.0.3\build\netstandard2.0\ref\System.Diagnostics.Debug.dll /reference:D:\packages\nuget\netstandard.library\2.0.3\build\netstandard2.0\ref\System.Diagnostics.FileVersionInfo.dll /reference:D:\packages\nuget\netstandard.library\2.0.3\build\netstandard2.0\ref\System.Diagnostics.Process.dll /reference:D:\packages\nuget\netstandard.library\2.0.3\build\netstandard2.0\ref\System.Diagnostics.StackTrace.dll /reference:D:\packages\nuget\netstandard.library\2.0.3\build\netstandard2.0\ref\System.Diagnostics.TextWriterTraceListener.dll /reference:D:\packages\nuget\netstandard.library\2.0.3\build\netstandard2.0\ref\System.Diagnostics.Tools.dll /reference:D:\packages\nuget\netstandard.library\2.0.3\build\netstandard2.0\ref\System.Diagnostics.TraceSource.dll /reference:D:\packages\nuget\netstandard.library\2.0.3\build\netstandard2.0\ref\System.Diagnostics.Tracing.dll /reference:D:\packages\nuget\netstandard.library\2.0.3\build\netstandard2.0\ref\System.dll /reference:D:\packages\nuget\netstandard.library\2.0.3\build\netstandard2.0\ref\System.Drawing.dll /reference:D:\packages\nuget\netstandard.library\2.0.3\build\netstandard2.0\ref\System.Drawing.Primitives.dll /reference:D:\packages\nuget\netstandard.library\2.0.3\build\netstandard2.0\ref\System.Dynamic.Runtime.dll /reference:D:\packages\nuget\netstandard.library\2.0.3\build\netstandard2.0\ref\System.Globalization.Calendars.dll /reference:D:\packages\nuget\netstandard.library\2.0.3\build\netstandard2.0\ref\System.Globalization.dll /reference:D:\packages\nuget\netstandard.library\2.0.3\build\netstandard2.0\ref\System.Globalization.Extensions.dll /reference:D:\packages\nuget\netstandard.library\2.0.3\build\netstandard2.0\ref\System.IO.Compression.dll /reference:D:\packages\nuget\netstandard.library\2.0.3\build\netstandard2.0\ref\System.IO.Compression.FileSystem.dll /reference:D:\packages\nuget\netstandard.library\2.0.3\build\netstandard2.0\ref\System.IO.Compression.ZipFile.dll /reference:D:\packages\nuget\netstandard.library\2.0.3\build\netstandard2.0\ref\System.IO.dll /reference:D:\packages\nuget\netstandard.library\2.0.3\build\netstandard2.0\ref\System.IO.FileSystem.dll /reference:D:\packages\nuget\netstandard.library\2.0.3\build\netstandard2.0\ref\System.IO.FileSystem.DriveInfo.dll /reference:D:\packages\nuget\netstandard.library\2.0.3\build\netstandard2.0\ref\System.IO.FileSystem.Primitives.dll /reference:D:\packages\nuget\netstandard.library\2.0.3\build\netstandard2.0\ref\System.IO.FileSystem.Watcher.dll /reference:D:\packages\nuget\netstandard.library\2.0.3\build\netstandard2.0\ref\System.IO.IsolatedStorage.dll /reference:D:\packages\nuget\netstandard.library\2.0.3\build\netstandard2.0\ref\System.IO.MemoryMappedFiles.dll /reference:D:\packages\nuget\netstandard.library\2.0.3\build\netstandard2.0\ref\System.IO.Pipes.dll /reference:D:\packages\nuget\netstandard.library\2.0.3\build\netstandard2.0\ref\System.IO.UnmanagedMemoryStream.dll /reference:D:\packages\nuget\netstandard.library\2.0.3\build\netstandard2.0\ref\System.Linq.dll /reference:D:\packages\nuget\netstandard.library\2.0.3\build\netstandard2.0\ref\System.Linq.Expressions.dll /reference:D:\packages\nuget\netstandard.library\2.0.3\build\netstandard2.0\ref\System.Linq.Parallel.dll /reference:D:\packages\nuget\netstandard.library\2.0.3\build\netstandard2.0\ref\System.Linq.Queryable.dll /reference:D:\packages\nuget\system.memory\4.6.0\lib\netstandard2.0\System.Memory.dll /reference:D:\packages\nuget\netstandard.library\2.0.3\build\netstandard2.0\ref\System.Net.dll /reference:D:\packages\nuget\netstandard.library\2.0.3\build\netstandard2.0\ref\System.Net.Http.dll /reference:D:\packages\nuget\netstandard.library\2.0.3\build\netstandard2.0\ref\System.Net.NameResolution.dll /reference:D:\packages\nuget\netstandard.library\2.0.3\build\netstandard2.0\ref\System.Net.NetworkInformation.dll /reference:D:\packages\nuget\netstandard.library\2.0.3\build\netstandard2.0\ref\System.Net.Ping.dll /reference:D:\packages\nuget\netstandard.library\2.0.3\build\netstandard2.0\ref\System.Net.Primitives.dll /reference:D:\packages\nuget\netstandard.library\2.0.3\build\netstandard2.0\ref\System.Net.Requests.dll /reference:D:\packages\nuget\netstandard.library\2.0.3\build\netstandard2.0\ref\System.Net.Security.dll /reference:D:\packages\nuget\netstandard.library\2.0.3\build\netstandard2.0\ref\System.Net.Sockets.dll /reference:D:\packages\nuget\netstandard.library\2.0.3\build\netstandard2.0\ref\System.Net.WebHeaderCollection.dll /reference:D:\packages\nuget\netstandard.library\2.0.3\build\netstandard2.0\ref\System.Net.WebSockets.Client.dll /reference:D:\packages\nuget\netstandard.library\2.0.3\build\netstandard2.0\ref\System.Net.WebSockets.dll /reference:D:\packages\nuget\netstandard.library\2.0.3\build\netstandard2.0\ref\System.Numerics.dll /reference:D:\packages\nuget\system.numerics.vectors\4.6.0\lib\netstandard2.0\System.Numerics.Vectors.dll /reference:D:\packages\nuget\netstandard.library\2.0.3\build\netstandard2.0\ref\System.ObjectModel.dll /reference:D:\packages\nuget\netstandard.library\2.0.3\build\netstandard2.0\ref\System.Reflection.dll /reference:D:\packages\nuget\netstandard.library\2.0.3\build\netstandard2.0\ref\System.Reflection.Extensions.dll /reference:D:\packages\nuget\system.reflection.metadata\9.0.0\lib\netstandard2.0\System.Reflection.Metadata.dll /reference:D:\packages\nuget\netstandard.library\2.0.3\build\netstandard2.0\ref\System.Reflection.Primitives.dll /reference:D:\packages\nuget\netstandard.library\2.0.3\build\netstandard2.0\ref\System.Resources.Reader.dll /reference:D:\packages\nuget\netstandard.library\2.0.3\build\netstandard2.0\ref\System.Resources.ResourceManager.dll /reference:D:\packages\nuget\netstandard.library\2.0.3\build\netstandard2.0\ref\System.Resources.Writer.dll /reference:D:\packages\nuget\system.runtime.compilerservices.unsafe\6.1.0\lib\netstandard2.0\System.Runtime.CompilerServices.Unsafe.dll /reference:D:\packages\nuget\netstandard.library\2.0.3\build\netstandard2.0\ref\System.Runtime.CompilerServices.VisualC.dll /reference:D:\packages\nuget\netstandard.library\2.0.3\build\netstandard2.0\ref\System.Runtime.dll /reference:D:\packages\nuget\netstandard.library\2.0.3\build\netstandard2.0\ref\System.Runtime.Extensions.dll /reference:D:\packages\nuget\netstandard.library\2.0.3\build\netstandard2.0\ref\System.Runtime.Handles.dll /reference:D:\packages\nuget\netstandard.library\2.0.3\build\netstandard2.0\ref\System.Runtime.InteropServices.dll /reference:D:\packages\nuget\netstandard.library\2.0.3\build\netstandard2.0\ref\System.Runtime.InteropServices.RuntimeInformation.dll /reference:D:\packages\nuget\netstandard.library\2.0.3\build\netstandard2.0\ref\System.Runtime.Numerics.dll /reference:D:\packages\nuget\netstandard.library\2.0.3\build\netstandard2.0\ref\System.Runtime.Serialization.dll /reference:D:\packages\nuget\netstandard.library\2.0.3\build\netstandard2.0\ref\System.Runtime.Serialization.Formatters.dll /reference:D:\packages\nuget\netstandard.library\2.0.3\build\netstandard2.0\ref\System.Runtime.Serialization.Json.dll /reference:D:\packages\nuget\netstandard.library\2.0.3\build\netstandard2.0\ref\System.Runtime.Serialization.Primitives.dll /reference:D:\packages\nuget\netstandard.library\2.0.3\build\netstandard2.0\ref\System.Runtime.Serialization.Xml.dll /reference:D:\packages\nuget\netstandard.library\2.0.3\build\netstandard2.0\ref\System.Security.Claims.dll /reference:D:\packages\nuget\netstandard.library\2.0.3\build\netstandard2.0\ref\System.Security.Cryptography.Algorithms.dll /reference:D:\packages\nuget\netstandard.library\2.0.3\build\netstandard2.0\ref\System.Security.Cryptography.Csp.dll /reference:D:\packages\nuget\netstandard.library\2.0.3\build\netstandard2.0\ref\System.Security.Cryptography.Encoding.dll /reference:D:\packages\nuget\netstandard.library\2.0.3\build\netstandard2.0\ref\System.Security.Cryptography.Primitives.dll /reference:D:\packages\nuget\netstandard.library\2.0.3\build\netstandard2.0\ref\System.Security.Cryptography.X509Certificates.dll /reference:D:\packages\nuget\netstandard.library\2.0.3\build\netstandard2.0\ref\System.Security.Principal.dll /reference:D:\packages\nuget\netstandard.library\2.0.3\build\netstandard2.0\ref\System.Security.SecureString.dll /reference:D:\packages\nuget\netstandard.library\2.0.3\build\netstandard2.0\ref\System.ServiceModel.Web.dll /reference:D:\packages\nuget\system.text.encoding.codepages\8.0.0\lib\netstandard2.0\System.Text.Encoding.CodePages.dll /reference:D:\packages\nuget\netstandard.library\2.0.3\build\netstandard2.0\ref\System.Text.Encoding.dll /reference:D:\packages\nuget\netstandard.library\2.0.3\build\netstandard2.0\ref\System.Text.Encoding.Extensions.dll /reference:D:\packages\nuget\netstandard.library\2.0.3\build\netstandard2.0\ref\System.Text.RegularExpressions.dll /reference:D:\packages\nuget\netstandard.library\2.0.3\build\netstandard2.0\ref\System.Threading.dll /reference:D:\packages\nuget\netstandard.library\2.0.3\build\netstandard2.0\ref\System.Threading.Overlapped.dll /reference:D:\packages\nuget\netstandard.library\2.0.3\build\netstandard2.0\ref\System.Threading.Tasks.dll /reference:D:\packages\nuget\system.threading.tasks.extensions\4.6.0\lib\netstandard2.0\System.Threading.Tasks.Extensions.dll /reference:D:\packages\nuget\netstandard.library\2.0.3\build\netstandard2.0\ref\System.Threading.Tasks.Parallel.dll /reference:D:\packages\nuget\netstandard.library\2.0.3\build\netstandard2.0\ref\System.Threading.Thread.dll /reference:D:\packages\nuget\netstandard.library\2.0.3\build\netstandard2.0\ref\System.Threading.ThreadPool.dll /reference:D:\packages\nuget\netstandard.library\2.0.3\build\netstandard2.0\ref\System.Threading.Timer.dll /reference:D:\packages\nuget\netstandard.library\2.0.3\build\netstandard2.0\ref\System.Transactions.dll /reference:D:\packages\nuget\netstandard.library\2.0.3\build\netstandard2.0\ref\System.ValueTuple.dll /reference:D:\packages\nuget\netstandard.library\2.0.3\build\netstandard2.0\ref\System.Web.dll /reference:D:\packages\nuget\netstandard.library\2.0.3\build\netstandard2.0\ref\System.Windows.dll /reference:D:\packages\nuget\netstandard.library\2.0.3\build\netstandard2.0\ref\System.Xml.dll /reference:D:\packages\nuget\netstandard.library\2.0.3\build\netstandard2.0\ref\System.Xml.Linq.dll /reference:D:\packages\nuget\netstandard.library\2.0.3\build\netstandard2.0\ref\System.Xml.ReaderWriter.dll /reference:D:\packages\nuget\netstandard.library\2.0.3\build\netstandard2.0\ref\System.Xml.Serialization.dll /reference:D:\packages\nuget\netstandard.library\2.0.3\build\netstandard2.0\ref\System.Xml.XDocument.dll /reference:D:\packages\nuget\netstandard.library\2.0.3\build\netstandard2.0\ref\System.Xml.XmlDocument.dll /reference:D:\packages\nuget\netstandard.library\2.0.3\build\netstandard2.0\ref\System.Xml.XmlSerializer.dll /reference:D:\packages\nuget\netstandard.library\2.0.3\build\netstandard2.0\ref\System.Xml.XPath.dll /reference:D:\packages\nuget\netstandard.library\2.0.3\build\netstandard2.0\ref\System.Xml.XPath.XDocument.dll /debug+ /debug:portable /filealign:512 /optimize- /out:D:\warhub\wham\artifacts\obj\WarHub.ArmouryModel.Source.CodeGeneration\debug\WarHub.ArmouryModel.Source.CodeGeneration.dll /target:library /warnaserror- /utf8output /deterministic+ /sourcelink:D:\warhub\wham\artifacts\obj\WarHub.ArmouryModel.Source.CodeGeneration\debug\WarHub.ArmouryModel.Source.CodeGeneration.sourcelink.json /langversion:latest /embed:D:\warhub\wham\artifacts\obj\WarHub.ArmouryModel.Source.CodeGeneration\debug\WarHub.ArmouryModel.Source.CodeGeneration.Version.cs /embed:"D:\warhub\wham\artifacts\obj\WarHub.ArmouryModel.Source.CodeGeneration\debug\.NETStandard,Version=v2.0.AssemblyAttributes.cs" /embed:D:\warhub\wham\artifacts\obj\WarHub.ArmouryModel.Source.CodeGeneration\debug\WarHub.ArmouryModel.Source.CodeGeneration.AssemblyInfo.cs /analyzerconfig:D:\warhub\wham\.editorconfig /analyzerconfig:D:\warhub\wham\artifacts\obj\WarHub.ArmouryModel.Source.CodeGeneration\debug\WarHub.ArmouryModel.Source.CodeGeneration.GeneratedMSBuildEditorConfig.editorconfig /analyzer:D:\packages\nuget\microsoft.codeanalysis.analyzers\3.11.0\analyzers\dotnet\cs\Microsoft.CodeAnalysis.Analyzers.dll /analyzer:D:\packages\nuget\microsoft.codeanalysis.analyzers\3.11.0\analyzers\dotnet\cs\Microsoft.CodeAnalysis.CSharp.Analyzers.dll D:\warhub\wham\artifacts\obj\WarHub.ArmouryModel.Source.CodeGeneration\debug\WarHub.ArmouryModel.Source.CodeGeneration.Version.cs CoreChildBase.cs CoreDescriptor.cs CoreDescriptorBuilder.cs CoreDescriptorExtensions.cs CoreListChild.cs CoreObjectChild.cs CoreValueChild.cs EnumerableExtensions.cs GeneralExtensions.cs GeneratorBase.cs Generators\BasicDeclarationNodeGenerator.cs Generators\CollectionConversionExtensionsPartialGenerator.cs Generators\CoreEmptyPropertyPartialGenerator.cs Generators\CorePartialGeneratorBase.cs Generators\CoreToNodeMethodsCorePartialGenerator.cs Generators\ListNodePartialGenerator.cs Generators\ModelExtensionsPartialGeneratorBase.cs Generators\NodeAcceptSourceVisitorPartialGenerator.cs Generators\NodeConvenienceMethodsGenerator.cs Generators\NodeExtensionsGenerator.cs Generators\NodeFactoryPartialGenerator.cs Generators\NodeGenerator.cs Generators\NodePartialGeneratorBase.cs Generators\PartialGeneratorBase.cs Generators\SourceRewriterVisitPartialGenerator.cs Generators\SourceVisitorGenericVisitPartialGenerator.cs Generators\SourceVisitorVisitPartialGenerator.cs Names.cs RoslynWhamNodeGenerator.cs SyntaxFluentExtensions.cs SyntaxOverloadsExtensions.cs WhamSerializerGenerator.cs WhamSerializerGenerator.Reads.cs WhamSerializerGenerator.Writes.cs XmlConvertMembers.cs XmlNodeKind.cs XmlNodeTypeMembers.cs XmlReaderMembers.cs XmlResolvedInfo.cs "D:\warhub\wham\artifacts\obj\WarHub.ArmouryModel.Source.CodeGeneration\debug\.NETStandard,Version=v2.0.AssemblyAttributes.cs" D:\warhub\wham\artifacts\obj\WarHub.ArmouryModel.Source.CodeGeneration\debug\WarHub.ArmouryModel.Source.CodeGeneration.AssemblyInfo.cs /warnaserror+:NU1605'
         Attempt to open named pipe 'yQiqoU4G1HkDoitZ6p1liDWTIZlE_laOFRNKsOjNUzk'
         Attempt to connect named pipe 'yQiqoU4G1HkDoitZ6p1liDWTIZlE_laOFRNKsOjNUzk'
         Named pipe 'yQiqoU4G1HkDoitZ6p1liDWTIZlE_laOFRNKsOjNUzk' connected
         Begin writing request for WarHub.ArmouryModel.Source.CodeGeneration (netstandard2.0)
         End writing request for WarHub.ArmouryModel.Source.CodeGeneration (netstandard2.0)
         Begin reading response for WarHub.ArmouryModel.Source.CodeGeneration (netstandard2.0)
         End reading response for WarHub.ArmouryModel.Source.CodeGeneration (netstandard2.0)
         CompilerServer: server - server processed compilation - WarHub.ArmouryModel.Source.CodeGeneration (netstandard2.0)
       GenerateBuildDependencyFile:
       Skipping target "GenerateBuildDependencyFile" because all output files are up-to-date with respect to the input files.
       CopyFilesToOutputDirectory:
         Copying file from "D:\warhub\wham\artifacts\obj\WarHub.ArmouryModel.Source.CodeGeneration\debug\WarHub.ArmouryModel.Source.CodeGeneration.dll" to "D:\warhub\wham\artifacts\bin\WarHub.ArmouryModel.Source.CodeGeneration\debug\WarHub.ArmouryModel.Source.CodeGeneration.dll".
         WarHub.ArmouryModel.Source.CodeGeneration -> D:\warhub\wham\artifacts\bin\WarHub.ArmouryModel.Source.CodeGeneration\debug\WarHub.ArmouryModel.Source.CodeGeneration.dll
         Copying file from "D:\warhub\wham\artifacts\obj\WarHub.ArmouryModel.Source.CodeGeneration\debug\WarHub.ArmouryModel.Source.CodeGeneration.pdb" to "D:\warhub\wham\artifacts\bin\WarHub.ArmouryModel.Source.CodeGeneration\debug\WarHub.ArmouryModel.Source.CodeGeneration.pdb".
         Copying file from "D:\warhub\wham\artifacts\obj\WarHub.ArmouryModel.Source.CodeGeneration\debug\WarHub.ArmouryModel.Source.CodeGeneration.xml" to "D:\warhub\wham\artifacts\bin\WarHub.ArmouryModel.Source.CodeGeneration\debug\WarHub.ArmouryModel.Source.CodeGeneration.xml".
    10>Done Building Project "D:\warhub\wham\src\WarHub.ArmouryModel.Source.CodeGeneration\WarHub.ArmouryModel.Source.CodeGeneration.csproj" (default targets).
   6:2>Project "D:\warhub\wham\src\WarHub.ArmouryModel.Source\WarHub.ArmouryModel.Source.csproj" (6:2) is building "D:\packages\nuget\nerdbank.gitversioning\3.9.50\build\PrivateP2PCaching.proj" (11:3) on node 4 (GetBuildVersion_Properties;GetBuildVersion_CloudBuildVersionVars target(s)).
    11>GetBuildVersionCore:
         Building version 0.15.0 from commit bd593f73dd76ecf5114b63020b643f6218be88b0
    11>Done Building Project "D:\packages\nuget\nerdbank.gitversioning\3.9.50\build\PrivateP2PCaching.proj" (GetBuildVersion_Properties;GetBuildVersion_CloudBuildVersionVars target(s)).
     6>GenerateAssemblyNBGVVersionInfo:
         Copying file from "D:\warhub\wham\artifacts\obj\WarHub.ArmouryModel.Source\debug\WarHub.ArmouryModel.Source.Version.cs.new" to "D:\warhub\wham\artifacts\obj\WarHub.ArmouryModel.Source\debug\WarHub.ArmouryModel.Source.Version.cs".
       GenerateTargetFrameworkMonikerAttribute:
       Skipping target "GenerateTargetFrameworkMonikerAttribute" because all output files are up-to-date with respect to the input files.
       CoreGenerateAssemblyInfo:
       Skipping target "CoreGenerateAssemblyInfo" because all output files are up-to-date with respect to the input files.
       _GenerateSourceLinkFile:
         Updating Source Link file 'D:\warhub\wham\artifacts\obj\WarHub.ArmouryModel.Source\debug\WarHub.ArmouryModel.Source.sourcelink.json'.
       CoreCompile:
         Setting DOTNET_ROOT to 'C:\Program Files\dotnet'
         C:\Program Files\dotnet\sdk\10.0.104\Roslyn\bincore\csc.exe /noconfig /unsafe- /checked- /nowarn:CS1591,NU5105,CA1515,1701,1702 /fullpaths /nostdlib+ /errorreport:prompt /warn:10 /doc:D:\warhub\wham\artifacts\obj\WarHub.ArmouryModel.Source\debug\WarHub.ArmouryModel.Source.xml /define:TRACE;DEBUG;NET;NET10_0;NETCOREAPP;NET5_0_OR_GREATER;NET6_0_OR_GREATER;NET7_0_OR_GREATER;NET8_0_OR_GREATER;NET9_0_OR_GREATER;NET10_0_OR_GREATER;NETCOREAPP1_0_OR_GREATER;NETCOREAPP1_1_OR_GREATER;NETCOREAPP2_0_OR_GREATER;NETCOREAPP2_1_OR_GREATER;NETCOREAPP2_2_OR_GREATER;NETCOREAPP3_0_OR_GREATER;NETCOREAPP3_1_OR_GREATER /highentropyva+ /nullable:enable /reference:"C:\Program Files\dotnet\packs\Microsoft.NETCore.App.Ref\10.0.4\ref\net10.0\Microsoft.CSharp.dll" /reference:"C:\Program Files\dotnet\packs\Microsoft.NETCore.App.Ref\10.0.4\ref\net10.0\Microsoft.VisualBasic.Core.dll" /reference:"C:\Program Files\dotnet\packs\Microsoft.NETCore.App.Ref\10.0.4\ref\net10.0\Microsoft.VisualBasic.dll" /reference:"C:\Program Files\dotnet\packs\Microsoft.NETCore.App.Ref\10.0.4\ref\net10.0\Microsoft.Win32.Primitives.dll" /reference:"C:\Program Files\dotnet\packs\Microsoft.NETCore.App.Ref\10.0.4\ref\net10.0\Microsoft.Win32.Registry.dll" /reference:"C:\Program Files\dotnet\packs\Microsoft.NETCore.App.Ref\10.0.4\ref\net10.0\mscorlib.dll" /reference:"C:\Program Files\dotnet\packs\Microsoft.NETCore.App.Ref\10.0.4\ref\net10.0\netstandard.dll" /reference:"C:\Program Files\dotnet\packs\Microsoft.NETCore.App.Ref\10.0.4\ref\net10.0\System.AppContext.dll" /reference:"C:\Program Files\dotnet\packs\Microsoft.NETCore.App.Ref\10.0.4\ref\net10.0\System.Buffers.dll" /reference:"C:\Program Files\dotnet\packs\Microsoft.NETCore.App.Ref\10.0.4\ref\net10.0\System.Collections.Concurrent.dll" /reference:"C:\Program Files\dotnet\packs\Microsoft.NETCore.App.Ref\10.0.4\ref\net10.0\System.Collections.dll" /reference:"C:\Program Files\dotnet\packs\Microsoft.NETCore.App.Ref\10.0.4\ref\net10.0\System.Collections.Immutable.dll" /reference:"C:\Program Files\dotnet\packs\Microsoft.NETCore.App.Ref\10.0.4\ref\net10.0\System.Collections.NonGeneric.dll" /reference:"C:\Program Files\dotnet\packs\Microsoft.NETCore.App.Ref\10.0.4\ref\net10.0\System.Collections.Specialized.dll" /reference:"C:\Program Files\dotnet\packs\Microsoft.NETCore.App.Ref\10.0.4\ref\net10.0\System.ComponentModel.Annotations.dll" /reference:"C:\Program Files\dotnet\packs\Microsoft.NETCore.App.Ref\10.0.4\ref\net10.0\System.ComponentModel.DataAnnotations.dll" /reference:"C:\Program Files\dotnet\packs\Microsoft.NETCore.App.Ref\10.0.4\ref\net10.0\System.ComponentModel.dll" /reference:"C:\Program Files\dotnet\packs\Microsoft.NETCore.App.Ref\10.0.4\ref\net10.0\System.ComponentModel.EventBasedAsync.dll" /reference:"C:\Program Files\dotnet\packs\Microsoft.NETCore.App.Ref\10.0.4\ref\net10.0\System.ComponentModel.Primitives.dll" /reference:"C:\Program Files\dotnet\packs\Microsoft.NETCore.App.Ref\10.0.4\ref\net10.0\System.ComponentModel.TypeConverter.dll" /reference:"C:\Program Files\dotnet\packs\Microsoft.NETCore.App.Ref\10.0.4\ref\net10.0\System.Configuration.dll" /reference:"C:\Program Files\dotnet\packs\Microsoft.NETCore.App.Ref\10.0.4\ref\net10.0\System.Console.dll" /reference:"C:\Program Files\dotnet\packs\Microsoft.NETCore.App.Ref\10.0.4\ref\net10.0\System.Core.dll" /reference:"C:\Program Files\dotnet\packs\Microsoft.NETCore.App.Ref\10.0.4\ref\net10.0\System.Data.Common.dll" /reference:"C:\Program Files\dotnet\packs\Microsoft.NETCore.App.Ref\10.0.4\ref\net10.0\System.Data.DataSetExtensions.dll" /reference:"C:\Program Files\dotnet\packs\Microsoft.NETCore.App.Ref\10.0.4\ref\net10.0\System.Data.dll" /reference:"C:\Program Files\dotnet\packs\Microsoft.NETCore.App.Ref\10.0.4\ref\net10.0\System.Diagnostics.Contracts.dll" /reference:"C:\Program Files\dotnet\packs\Microsoft.NETCore.App.Ref\10.0.4\ref\net10.0\System.Diagnostics.Debug.dll" /reference:"C:\Program Files\dotnet\packs\Microsoft.NETCore.App.Ref\10.0.4\ref\net10.0\System.Diagnostics.DiagnosticSource.dll" /reference:"C:\Program Files\dotnet\packs\Microsoft.NETCore.App.Ref\10.0.4\ref\net10.0\System.Diagnostics.FileVersionInfo.dll" /reference:"C:\Program Files\dotnet\packs\Microsoft.NETCore.App.Ref\10.0.4\ref\net10.0\System.Diagnostics.Process.dll" /reference:"C:\Program Files\dotnet\packs\Microsoft.NETCore.App.Ref\10.0.4\ref\net10.0\System.Diagnostics.StackTrace.dll" /reference:"C:\Program Files\dotnet\packs\Microsoft.NETCore.App.Ref\10.0.4\ref\net10.0\System.Diagnostics.TextWriterTraceListener.dll" /reference:"C:\Program Files\dotnet\packs\Microsoft.NETCore.App.Ref\10.0.4\ref\net10.0\System.Diagnostics.Tools.dll" /reference:"C:\Program Files\dotnet\packs\Microsoft.NETCore.App.Ref\10.0.4\ref\net10.0\System.Diagnostics.TraceSource.dll" /reference:"C:\Program Files\dotnet\packs\Microsoft.NETCore.App.Ref\10.0.4\ref\net10.0\System.Diagnostics.Tracing.dll" /reference:"C:\Program Files\dotnet\packs\Microsoft.NETCore.App.Ref\10.0.4\ref\net10.0\System.dll" /reference:"C:\Program Files\dotnet\packs\Microsoft.NETCore.App.Ref\10.0.4\ref\net10.0\System.Drawing.dll" /reference:"C:\Program Files\dotnet\packs\Microsoft.NETCore.App.Ref\10.0.4\ref\net10.0\System.Drawing.Primitives.dll" /reference:"C:\Program Files\dotnet\packs\Microsoft.NETCore.App.Ref\10.0.4\ref\net10.0\System.Dynamic.Runtime.dll" /reference:"C:\Program Files\dotnet\packs\Microsoft.NETCore.App.Ref\10.0.4\ref\net10.0\System.Formats.Asn1.dll" /reference:"C:\Program Files\dotnet\packs\Microsoft.NETCore.App.Ref\10.0.4\ref\net10.0\System.Formats.Tar.dll" /reference:"C:\Program Files\dotnet\packs\Microsoft.NETCore.App.Ref\10.0.4\ref\net10.0\System.Globalization.Calendars.dll" /reference:"C:\Program Files\dotnet\packs\Microsoft.NETCore.App.Ref\10.0.4\ref\net10.0\System.Globalization.dll" /reference:"C:\Program Files\dotnet\packs\Microsoft.NETCore.App.Ref\10.0.4\ref\net10.0\System.Globalization.Extensions.dll" /reference:"C:\Program Files\dotnet\packs\Microsoft.NETCore.App.Ref\10.0.4\ref\net10.0\System.IO.Compression.Brotli.dll" /reference:"C:\Program Files\dotnet\packs\Microsoft.NETCore.App.Ref\10.0.4\ref\net10.0\System.IO.Compression.dll" /reference:"C:\Program Files\dotnet\packs\Microsoft.NETCore.App.Ref\10.0.4\ref\net10.0\System.IO.Compression.FileSystem.dll" /reference:"C:\Program Files\dotnet\packs\Microsoft.NETCore.App.Ref\10.0.4\ref\net10.0\System.IO.Compression.ZipFile.dll" /reference:"C:\Program Files\dotnet\packs\Microsoft.NETCore.App.Ref\10.0.4\ref\net10.0\System.IO.dll" /reference:"C:\Program Files\dotnet\packs\Microsoft.NETCore.App.Ref\10.0.4\ref\net10.0\System.IO.FileSystem.AccessControl.dll" /reference:"C:\Program Files\dotnet\packs\Microsoft.NETCore.App.Ref\10.0.4\ref\net10.0\System.IO.FileSystem.dll" /reference:"C:\Program Files\dotnet\packs\Microsoft.NETCore.App.Ref\10.0.4\ref\net10.0\System.IO.FileSystem.DriveInfo.dll" /reference:"C:\Program Files\dotnet\packs\Microsoft.NETCore.App.Ref\10.0.4\ref\net10.0\System.IO.FileSystem.Primitives.dll" /reference:"C:\Program Files\dotnet\packs\Microsoft.NETCore.App.Ref\10.0.4\ref\net10.0\System.IO.FileSystem.Watcher.dll" /reference:"C:\Program Files\dotnet\packs\Microsoft.NETCore.App.Ref\10.0.4\ref\net10.0\System.IO.IsolatedStorage.dll" /reference:"C:\Program Files\dotnet\packs\Microsoft.NETCore.App.Ref\10.0.4\ref\net10.0\System.IO.MemoryMappedFiles.dll" /reference:"C:\Program Files\dotnet\packs\Microsoft.NETCore.App.Ref\10.0.4\ref\net10.0\System.IO.Pipelines.dll" /reference:"C:\Program Files\dotnet\packs\Microsoft.NETCore.App.Ref\10.0.4\ref\net10.0\System.IO.Pipes.AccessControl.dll" /reference:"C:\Program Files\dotnet\packs\Microsoft.NETCore.App.Ref\10.0.4\ref\net10.0\System.IO.Pipes.dll" /reference:"C:\Program Files\dotnet\packs\Microsoft.NETCore.App.Ref\10.0.4\ref\net10.0\System.IO.UnmanagedMemoryStream.dll" /reference:"C:\Program Files\dotnet\packs\Microsoft.NETCore.App.Ref\10.0.4\ref\net10.0\System.Linq.AsyncEnumerable.dll" /reference:"C:\Program Files\dotnet\packs\Microsoft.NETCore.App.Ref\10.0.4\ref\net10.0\System.Linq.dll" /reference:"C:\Program Files\dotnet\packs\Microsoft.NETCore.App.Ref\10.0.4\ref\net10.0\System.Linq.Expressions.dll" /reference:"C:\Program Files\dotnet\packs\Microsoft.NETCore.App.Ref\10.0.4\ref\net10.0\System.Linq.Parallel.dll" /reference:"C:\Program Files\dotnet\packs\Microsoft.NETCore.App.Ref\10.0.4\ref\net10.0\System.Linq.Queryable.dll" /reference:"C:\Program Files\dotnet\packs\Microsoft.NETCore.App.Ref\10.0.4\ref\net10.0\System.Memory.dll" /reference:"C:\Program Files\dotnet\packs\Microsoft.NETCore.App.Ref\10.0.4\ref\net10.0\System.Net.dll" /reference:"C:\Program Files\dotnet\packs\Microsoft.NETCore.App.Ref\10.0.4\ref\net10.0\System.Net.Http.dll" /reference:"C:\Program Files\dotnet\packs\Microsoft.NETCore.App.Ref\10.0.4\ref\net10.0\System.Net.Http.Json.dll" /reference:"C:\Program Files\dotnet\packs\Microsoft.NETCore.App.Ref\10.0.4\ref\net10.0\System.Net.HttpListener.dll" /reference:"C:\Program Files\dotnet\packs\Microsoft.NETCore.App.Ref\10.0.4\ref\net10.0\System.Net.Mail.dll" /reference:"C:\Program Files\dotnet\packs\Microsoft.NETCore.App.Ref\10.0.4\ref\net10.0\System.Net.NameResolution.dll" /reference:"C:\Program Files\dotnet\packs\Microsoft.NETCore.App.Ref\10.0.4\ref\net10.0\System.Net.NetworkInformation.dll" /reference:"C:\Program Files\dotnet\packs\Microsoft.NETCore.App.Ref\10.0.4\ref\net10.0\System.Net.Ping.dll" /reference:"C:\Program Files\dotnet\packs\Microsoft.NETCore.App.Ref\10.0.4\ref\net10.0\System.Net.Primitives.dll" /reference:"C:\Program Files\dotnet\packs\Microsoft.NETCore.App.Ref\10.0.4\ref\net10.0\System.Net.Quic.dll" /reference:"C:\Program Files\dotnet\packs\Microsoft.NETCore.App.Ref\10.0.4\ref\net10.0\System.Net.Requests.dll" /reference:"C:\Program Files\dotnet\packs\Microsoft.NETCore.App.Ref\10.0.4\ref\net10.0\System.Net.Security.dll" /reference:"C:\Program Files\dotnet\packs\Microsoft.NETCore.App.Ref\10.0.4\ref\net10.0\System.Net.ServerSentEvents.dll" /reference:"C:\Program Files\dotnet\packs\Microsoft.NETCore.App.Ref\10.0.4\ref\net10.0\System.Net.ServicePoint.dll" /reference:"C:\Program Files\dotnet\packs\Microsoft.NETCore.App.Ref\10.0.4\ref\net10.0\System.Net.Sockets.dll" /reference:"C:\Program Files\dotnet\packs\Microsoft.NETCore.App.Ref\10.0.4\ref\net10.0\System.Net.WebClient.dll" /reference:"C:\Program Files\dotnet\packs\Microsoft.NETCore.App.Ref\10.0.4\ref\net10.0\System.Net.WebHeaderCollection.dll" /reference:"C:\Program Files\dotnet\packs\Microsoft.NETCore.App.Ref\10.0.4\ref\net10.0\System.Net.WebProxy.dll" /reference:"C:\Program Files\dotnet\packs\Microsoft.NETCore.App.Ref\10.0.4\ref\net10.0\System.Net.WebSockets.Client.dll" /reference:"C:\Program Files\dotnet\packs\Microsoft.NETCore.App.Ref\10.0.4\ref\net10.0\System.Net.WebSockets.dll" /reference:"C:\Program Files\dotnet\packs\Microsoft.NETCore.App.Ref\10.0.4\ref\net10.0\System.Numerics.dll" /reference:"C:\Program Files\dotnet\packs\Microsoft.NETCore.App.Ref\10.0.4\ref\net10.0\System.Numerics.Vectors.dll" /reference:"C:\Program Files\dotnet\packs\Microsoft.NETCore.App.Ref\10.0.4\ref\net10.0\System.ObjectModel.dll" /reference:"C:\Program Files\dotnet\packs\Microsoft.NETCore.App.Ref\10.0.4\ref\net10.0\System.Reflection.DispatchProxy.dll" /reference:"C:\Program Files\dotnet\packs\Microsoft.NETCore.App.Ref\10.0.4\ref\net10.0\System.Reflection.dll" /reference:"C:\Program Files\dotnet\packs\Microsoft.NETCore.App.Ref\10.0.4\ref\net10.0\System.Reflection.Emit.dll" /reference:"C:\Program Files\dotnet\packs\Microsoft.NETCore.App.Ref\10.0.4\ref\net10.0\System.Reflection.Emit.ILGeneration.dll" /reference:"C:\Program Files\dotnet\packs\Microsoft.NETCore.App.Ref\10.0.4\ref\net10.0\System.Reflection.Emit.Lightweight.dll" /reference:"C:\Program Files\dotnet\packs\Microsoft.NETCore.App.Ref\10.0.4\ref\net10.0\System.Reflection.Extensions.dll" /reference:"C:\Program Files\dotnet\packs\Microsoft.NETCore.App.Ref\10.0.4\ref\net10.0\System.Reflection.Metadata.dll" /reference:"C:\Program Files\dotnet\packs\Microsoft.NETCore.App.Ref\10.0.4\ref\net10.0\System.Reflection.Primitives.dll" /reference:"C:\Program Files\dotnet\packs\Microsoft.NETCore.App.Ref\10.0.4\ref\net10.0\System.Reflection.TypeExtensions.dll" /reference:"C:\Program Files\dotnet\packs\Microsoft.NETCore.App.Ref\10.0.4\ref\net10.0\System.Resources.Reader.dll" /reference:"C:\Program Files\dotnet\packs\Microsoft.NETCore.App.Ref\10.0.4\ref\net10.0\System.Resources.ResourceManager.dll" /reference:"C:\Program Files\dotnet\packs\Microsoft.NETCore.App.Ref\10.0.4\ref\net10.0\System.Resources.Writer.dll" /reference:"C:\Program Files\dotnet\packs\Microsoft.NETCore.App.Ref\10.0.4\ref\net10.0\System.Runtime.CompilerServices.Unsafe.dll" /reference:"C:\Program Files\dotnet\packs\Microsoft.NETCore.App.Ref\10.0.4\ref\net10.0\System.Runtime.CompilerServices.VisualC.dll" /reference:"C:\Program Files\dotnet\packs\Microsoft.NETCore.App.Ref\10.0.4\ref\net10.0\System.Runtime.dll" /reference:"C:\Program Files\dotnet\packs\Microsoft.NETCore.App.Ref\10.0.4\ref\net10.0\System.Runtime.Extensions.dll" /reference:"C:\Program Files\dotnet\packs\Microsoft.NETCore.App.Ref\10.0.4\ref\net10.0\System.Runtime.Handles.dll" /reference:"C:\Program Files\dotnet\packs\Microsoft.NETCore.App.Ref\10.0.4\ref\net10.0\System.Runtime.InteropServices.dll" /reference:"C:\Program Files\dotnet\packs\Microsoft.NETCore.App.Ref\10.0.4\ref\net10.0\System.Runtime.InteropServices.JavaScript.dll" /reference:"C:\Program Files\dotnet\packs\Microsoft.NETCore.App.Ref\10.0.4\ref\net10.0\System.Runtime.InteropServices.RuntimeInformation.dll" /reference:"C:\Program Files\dotnet\packs\Microsoft.NETCore.App.Ref\10.0.4\ref\net10.0\System.Runtime.Intrinsics.dll" /reference:"C:\Program Files\dotnet\packs\Microsoft.NETCore.App.Ref\10.0.4\ref\net10.0\System.Runtime.Loader.dll" /reference:"C:\Program Files\dotnet\packs\Microsoft.NETCore.App.Ref\10.0.4\ref\net10.0\System.Runtime.Numerics.dll" /reference:"C:\Program Files\dotnet\packs\Microsoft.NETCore.App.Ref\10.0.4\ref\net10.0\System.Runtime.Serialization.dll" /reference:"C:\Program Files\dotnet\packs\Microsoft.NETCore.App.Ref\10.0.4\ref\net10.0\System.Runtime.Serialization.Formatters.dll" /reference:"C:\Program Files\dotnet\packs\Microsoft.NETCore.App.Ref\10.0.4\ref\net10.0\System.Runtime.Serialization.Json.dll" /reference:"C:\Program Files\dotnet\packs\Microsoft.NETCore.App.Ref\10.0.4\ref\net10.0\System.Runtime.Serialization.Primitives.dll" /reference:"C:\Program Files\dotnet\packs\Microsoft.NETCore.App.Ref\10.0.4\ref\net10.0\System.Runtime.Serialization.Xml.dll" /reference:"C:\Program Files\dotnet\packs\Microsoft.NETCore.App.Ref\10.0.4\ref\net10.0\System.Security.AccessControl.dll" /reference:"C:\Program Files\dotnet\packs\Microsoft.NETCore.App.Ref\10.0.4\ref\net10.0\System.Security.Claims.dll" /reference:"C:\Program Files\dotnet\packs\Microsoft.NETCore.App.Ref\10.0.4\ref\net10.0\System.Security.Cryptography.Algorithms.dll" /reference:"C:\Program Files\dotnet\packs\Microsoft.NETCore.App.Ref\10.0.4\ref\net10.0\System.Security.Cryptography.Cng.dll" /reference:"C:\Program Files\dotnet\packs\Microsoft.NETCore.App.Ref\10.0.4\ref\net10.0\System.Security.Cryptography.Csp.dll" /reference:"C:\Program Files\dotnet\packs\Microsoft.NETCore.App.Ref\10.0.4\ref\net10.0\System.Security.Cryptography.dll" /reference:"C:\Program Files\dotnet\packs\Microsoft.NETCore.App.Ref\10.0.4\ref\net10.0\System.Security.Cryptography.Encoding.dll" /reference:"C:\Program Files\dotnet\packs\Microsoft.NETCore.App.Ref\10.0.4\ref\net10.0\System.Security.Cryptography.OpenSsl.dll" /reference:"C:\Program Files\dotnet\packs\Microsoft.NETCore.App.Ref\10.0.4\ref\net10.0\System.Security.Cryptography.Primitives.dll" /reference:"C:\Program Files\dotnet\packs\Microsoft.NETCore.App.Ref\10.0.4\ref\net10.0\System.Security.Cryptography.X509Certificates.dll" /reference:"C:\Program Files\dotnet\packs\Microsoft.NETCore.App.Ref\10.0.4\ref\net10.0\System.Security.dll" /reference:"C:\Program Files\dotnet\packs\Microsoft.NETCore.App.Ref\10.0.4\ref\net10.0\System.Security.Principal.dll" /reference:"C:\Program Files\dotnet\packs\Microsoft.NETCore.App.Ref\10.0.4\ref\net10.0\System.Security.Principal.Windows.dll" /reference:"C:\Program Files\dotnet\packs\Microsoft.NETCore.App.Ref\10.0.4\ref\net10.0\System.Security.SecureString.dll" /reference:"C:\Program Files\dotnet\packs\Microsoft.NETCore.App.Ref\10.0.4\ref\net10.0\System.ServiceModel.Web.dll" /reference:"C:\Program Files\dotnet\packs\Microsoft.NETCore.App.Ref\10.0.4\ref\net10.0\System.ServiceProcess.dll" /reference:"C:\Program Files\dotnet\packs\Microsoft.NETCore.App.Ref\10.0.4\ref\net10.0\System.Text.Encoding.CodePages.dll" /reference:"C:\Program Files\dotnet\packs\Microsoft.NETCore.App.Ref\10.0.4\ref\net10.0\System.Text.Encoding.dll" /reference:"C:\Program Files\dotnet\packs\Microsoft.NETCore.App.Ref\10.0.4\ref\net10.0\System.Text.Encoding.Extensions.dll" /reference:"C:\Program Files\dotnet\packs\Microsoft.NETCore.App.Ref\10.0.4\ref\net10.0\System.Text.Encodings.Web.dll" /reference:"C:\Program Files\dotnet\packs\Microsoft.NETCore.App.Ref\10.0.4\ref\net10.0\System.Text.Json.dll" /reference:"C:\Program Files\dotnet\packs\Microsoft.NETCore.App.Ref\10.0.4\ref\net10.0\System.Text.RegularExpressions.dll" /reference:"C:\Program Files\dotnet\packs\Microsoft.NETCore.App.Ref\10.0.4\ref\net10.0\System.Threading.AccessControl.dll" /reference:"C:\Program Files\dotnet\packs\Microsoft.NETCore.App.Ref\10.0.4\ref\net10.0\System.Threading.Channels.dll" /reference:"C:\Program Files\dotnet\packs\Microsoft.NETCore.App.Ref\10.0.4\ref\net10.0\System.Threading.dll" /reference:"C:\Program Files\dotnet\packs\Microsoft.NETCore.App.Ref\10.0.4\ref\net10.0\System.Threading.Overlapped.dll" /reference:"C:\Program Files\dotnet\packs\Microsoft.NETCore.App.Ref\10.0.4\ref\net10.0\System.Threading.Tasks.Dataflow.dll" /reference:"C:\Program Files\dotnet\packs\Microsoft.NETCore.App.Ref\10.0.4\ref\net10.0\System.Threading.Tasks.dll" /reference:"C:\Program Files\dotnet\packs\Microsoft.NETCore.App.Ref\10.0.4\ref\net10.0\System.Threading.Tasks.Extensions.dll" /reference:"C:\Program Files\dotnet\packs\Microsoft.NETCore.App.Ref\10.0.4\ref\net10.0\System.Threading.Tasks.Parallel.dll" /reference:"C:\Program Files\dotnet\packs\Microsoft.NETCore.App.Ref\10.0.4\ref\net10.0\System.Threading.Thread.dll" /reference:"C:\Program Files\dotnet\packs\Microsoft.NETCore.App.Ref\10.0.4\ref\net10.0\System.Threading.ThreadPool.dll" /reference:"C:\Program Files\dotnet\packs\Microsoft.NETCore.App.Ref\10.0.4\ref\net10.0\System.Threading.Timer.dll" /reference:"C:\Program Files\dotnet\packs\Microsoft.NETCore.App.Ref\10.0.4\ref\net10.0\System.Transactions.dll" /reference:"C:\Program Files\dotnet\packs\Microsoft.NETCore.App.Ref\10.0.4\ref\net10.0\System.Transactions.Local.dll" /reference:"C:\Program Files\dotnet\packs\Microsoft.NETCore.App.Ref\10.0.4\ref\net10.0\System.ValueTuple.dll" /reference:"C:\Program Files\dotnet\packs\Microsoft.NETCore.App.Ref\10.0.4\ref\net10.0\System.Web.dll" /reference:"C:\Program Files\dotnet\packs\Microsoft.NETCore.App.Ref\10.0.4\ref\net10.0\System.Web.HttpUtility.dll" /reference:"C:\Program Files\dotnet\packs\Microsoft.NETCore.App.Ref\10.0.4\ref\net10.0\System.Windows.dll" /reference:"C:\Program Files\dotnet\packs\Microsoft.NETCore.App.Ref\10.0.4\ref\net10.0\System.Xml.dll" /reference:"C:\Program Files\dotnet\packs\Microsoft.NETCore.App.Ref\10.0.4\ref\net10.0\System.Xml.Linq.dll" /reference:"C:\Program Files\dotnet\packs\Microsoft.NETCore.App.Ref\10.0.4\ref\net10.0\System.Xml.ReaderWriter.dll" /reference:"C:\Program Files\dotnet\packs\Microsoft.NETCore.App.Ref\10.0.4\ref\net10.0\System.Xml.Serialization.dll" /reference:"C:\Program Files\dotnet\packs\Microsoft.NETCore.App.Ref\10.0.4\ref\net10.0\System.Xml.XDocument.dll" /reference:"C:\Program Files\dotnet\packs\Microsoft.NETCore.App.Ref\10.0.4\ref\net10.0\System.Xml.XmlDocument.dll" /reference:"C:\Program Files\dotnet\packs\Microsoft.NETCore.App.Ref\10.0.4\ref\net10.0\System.Xml.XmlSerializer.dll" /reference:"C:\Program Files\dotnet\packs\Microsoft.NETCore.App.Ref\10.0.4\ref\net10.0\System.Xml.XPath.dll" /reference:"C:\Program Files\dotnet\packs\Microsoft.NETCore.App.Ref\10.0.4\ref\net10.0\System.Xml.XPath.XDocument.dll" /reference:D:\warhub\wham\artifacts\obj\WarHub.ArmouryModel.Source.CodeGeneration.Attributes\debug\ref\WarHub.ArmouryModel.Source.CodeGeneration.Attributes.dll /reference:"C:\Program Files\dotnet\packs\Microsoft.NETCore.App.Ref\10.0.4\ref\net10.0\WindowsBase.dll" /features:"InterceptorsNamespaces=;Microsoft.Extensions.Validation.Generated" /debug+ /debug:portable /filealign:512 /optimize- /out:D:\warhub\wham\artifacts\obj\WarHub.ArmouryModel.Source\debug\WarHub.ArmouryModel.Source.dll /refout:D:\warhub\wham\artifacts\obj\WarHub.ArmouryModel.Source\debug\refint\WarHub.ArmouryModel.Source.dll /resource:..\dataformat\xml\schema\v2_02\Catalogue.xsd,WarHub.ArmouryModel.Source.DataFormat.xml.schema.v2_02.Catalogue.xsd /resource:..\dataformat\xml\schema\v2_03\Catalogue.xsd,WarHub.ArmouryModel.Source.DataFormat.xml.schema.v2_03.Catalogue.xsd /resource:D:\warhub\wham\artifacts\obj\WarHub.ArmouryModel.Source\debug\Catalogue.xsd,WarHub.ArmouryModel.Source.DataFormat.xml.schema.latest.Catalogue.xsd /resource:D:\warhub\wham\artifacts\obj\WarHub.ArmouryModel.Source\debug\Roster.xsd,WarHub.ArmouryModel.Source.DataFormat.xml.schema.latest.Roster.xsd /resource:D:\warhub\wham\artifacts\obj\WarHub.ArmouryModel.Source\debug\GameSystem.xsd,WarHub.ArmouryModel.Source.DataFormat.xml.schema.latest.GameSystem.xsd /resource:..\dataformat\xml\transform\Catalogue_1_15.xsl,WarHub.ArmouryModel.Source.DataFormat.xml.transform.Catalogue_1_15.xsl /resource:..\dataformat\xml\transform\Catalogue_2_00.xsl,WarHub.ArmouryModel.Source.DataFormat.xml.transform.Catalogue_2_00.xsl /resource:..\dataformat\xml\transform\Catalogue_2_01.xsl,WarHub.ArmouryModel.Source.DataFormat.xml.transform.Catalogue_2_01.xsl /resource:..\dataformat\xml\transform\Catalogue_2_02.xsl,WarHub.ArmouryModel.Source.DataFormat.xml.transform.Catalogue_2_02.xsl /resource:..\dataformat\xml\transform\Catalogue_2_03.xsl,WarHub.ArmouryModel.Source.DataFormat.xml.transform.Catalogue_2_03.xsl /resource:..\dataformat\xml\transform\DataIndex_2_02.xsl,WarHub.ArmouryModel.Source.DataFormat.xml.transform.DataIndex_2_02.xsl /resource:..\dataformat\xml\transform\GameSystem_1_15.xsl,WarHub.ArmouryModel.Source.DataFormat.xml.transform.GameSystem_1_15.xsl /resource:..\dataformat\xml\transform\GameSystem_2_00.xsl,WarHub.ArmouryModel.Source.DataFormat.xml.transform.GameSystem_2_00.xsl /resource:..\dataformat\xml\transform\GameSystem_2_01.xsl,WarHub.ArmouryModel.Source.DataFormat.xml.transform.GameSystem_2_01.xsl /resource:..\dataformat\xml\transform\GameSystem_2_02.xsl,WarHub.ArmouryModel.Source.DataFormat.xml.transform.GameSystem_2_02.xsl /resource:..\dataformat\xml\transform\GameSystem_2_03.xsl,WarHub.ArmouryModel.Source.DataFormat.xml.transform.GameSystem_2_03.xsl /resource:..\dataformat\xml\transform\Roster_1_15.xsl,WarHub.ArmouryModel.Source.DataFormat.xml.transform.Roster_1_15.xsl /resource:..\dataformat\xml\transform\Roster_2_00.xsl,WarHub.ArmouryModel.Source.DataFormat.xml.transform.Roster_2_00.xsl /resource:..\dataformat\xml\transform\Roster_2_01.xsl,WarHub.ArmouryModel.Source.DataFormat.xml.transform.Roster_2_01.xsl /resource:..\dataformat\xml\transform\Roster_2_02.xsl,WarHub.ArmouryModel.Source.DataFormat.xml.transform.Roster_2_02.xsl /resource:..\dataformat\xml\transform\Roster_2_03.xsl,WarHub.ArmouryModel.Source.DataFormat.xml.transform.Roster_2_03.xsl /target:library /warnaserror- /utf8output /deterministic+ /sourcelink:D:\warhub\wham\artifacts\obj\WarHub.ArmouryModel.Source\debug\WarHub.ArmouryModel.Source.sourcelink.json /langversion:preview /embed:D:\warhub\wham\artifacts\obj\WarHub.ArmouryModel.Source\debug\WarHub.ArmouryModel.Source.Version.cs /embed:"D:\warhub\wham\artifacts\obj\WarHub.ArmouryModel.Source\debug\.NETCoreApp,Version=v10.0.AssemblyAttributes.cs" /embed:D:\warhub\wham\artifacts\obj\WarHub.ArmouryModel.Source\debug\WarHub.ArmouryModel.Source.AssemblyInfo.cs /analyzerconfig:D:\warhub\wham\.editorconfig /analyzerconfig:D:\warhub\wham\artifacts\obj\WarHub.ArmouryModel.Source\debug\WarHub.ArmouryModel.Source.GeneratedMSBuildEditorConfig.editorconfig /analyzerconfig:"C:\Program Files\dotnet\sdk\10.0.104\Sdks\Microsoft.NET.Sdk\analyzers\build\config\analysislevel_10_all.globalconfig" /analyzer:"C:\Program Files\dotnet\sdk\10.0.104\Sdks\Microsoft.NET.Sdk\targets\..\analyzers\Microsoft.CodeAnalysis.CSharp.NetAnalyzers.dll" /analyzer:"C:\Program Files\dotnet\sdk\10.0.104\Sdks\Microsoft.NET.Sdk\targets\..\analyzers\Microsoft.CodeAnalysis.NetAnalyzers.dll" /analyzer:D:\warhub\wham\artifacts\bin\WarHub.ArmouryModel.Source.CodeGeneration\debug\WarHub.ArmouryModel.Source.CodeGeneration.dll /analyzer:"C:\Program Files\dotnet\packs\Microsoft.NETCore.App.Ref\10.0.4\analyzers/dotnet/cs/Microsoft.Interop.ComInterfaceGenerator.dll" /analyzer:"C:\Program Files\dotnet\packs\Microsoft.NETCore.App.Ref\10.0.4\analyzers/dotnet/cs/Microsoft.Interop.JavaScript.JSImportGenerator.dll" /analyzer:"C:\Program Files\dotnet\packs\Microsoft.NETCore.App.Ref\10.0.4\analyzers/dotnet/cs/Microsoft.Interop.LibraryImportGenerator.dll" /analyzer:"C:\Program Files\dotnet\packs\Microsoft.NETCore.App.Ref\10.0.4\analyzers/dotnet/cs/Microsoft.Interop.SourceGeneration.dll" /analyzer:"C:\Program Files\dotnet\packs\Microsoft.NETCore.App.Ref\10.0.4\analyzers/dotnet/cs/System.Text.Json.SourceGeneration.dll" /analyzer:"C:\Program Files\dotnet\packs\Microsoft.NETCore.App.Ref\10.0.4\analyzers/dotnet/cs/System.Text.RegularExpressions.Generator.dll" D:\warhub\wham\artifacts\obj\WarHub.ArmouryModel.Source\debug\WarHub.ArmouryModel.Source.Version.cs CatalogueBaseCore.cs CatalogueCore.cs CatalogueLinkCore.cs CatalogueLinkKind.cs CategoryCore.cs CategoryEntryCore.cs CategoryLinkCore.cs CharacteristicCore.cs CharacteristicTypeCore.cs CommentableCore.cs ConditionCore.cs ConditionGroupCore.cs ConditionGroupKind.cs ConditionKind.cs ConstraintCore.cs ConstraintKind.cs ContainerEntryBaseCore.cs CostBaseCore.cs CostCore.cs CostLimitCore.cs CostTypeCore.cs DatablobCore.cs DataIndexCore.cs DataIndexEntryCore.cs DataIndexEntryKind.cs DataIndexRepositoryUrlCore.cs EntryBaseCore.cs EntryLinkCore.cs EntryLinkKind.cs ForceCore.cs ForceEntryCore.cs Foundation\ArrayElement.cs Foundation\ChildInfo.cs Foundation\IBuildable.cs Foundation\IBuilder.cs Foundation\IContainer.cs Foundation\IContainerProvider.cs Foundation\ICore.cs Foundation\IListNode.cs Foundation\ImmutableExtensions.cs Foundation\INodeListWithCoreArray.cs Foundation\INodeWithCore.cs Foundation\LazyNodeList.cs Foundation\LazyNodeListExtensions.cs Foundation\ListNode.cs Foundation\NodeCollectionContainerProxy.cs Foundation\NodeCore.cs Foundation\NodeFactory.cs Foundation\NodeList.cs "Foundation\NodeList`1.cs" "Foundation\NodeList`1.Enumerator.cs" Foundation\SourceExtensions.cs Foundation\SourceKind.cs Foundation\SourceNode.Accept.cs Foundation\SourceNode.cs Foundation\SourceReference.cs Foundation\SourceRewriter.cs Foundation\SourceTree.cs Foundation\SourceVisitor.cs Foundation\SourceWalker.cs GamesystemCore.cs InfoGroupCore.cs InfoLinkCore.cs InfoLinkKind.cs Interfaces\IIdentifiableNode.cs Interfaces\INameableNode.cs Interfaces\IPublicationReferencingNode.cs Interfaces\IRootNode.cs MetadataCore.cs ModifierBaseCore.cs ModifierCore.cs ModifierGroupCore.cs ModifierKind.cs ProfileCore.cs ProfileTypeCore.cs PublicationCore.cs QueryBaseCore.cs QueryFilteredBaseCore.cs RepeatCore.cs RosterCore.cs RosterElementBaseCore.cs RosterTagCore.cs RuleCore.cs SelectionCore.cs SelectionEntryBaseCore.cs SelectionEntryCore.cs SelectionEntryGroupCore.cs SelectionEntryKind.cs SelectionParentBaseCore.cs XmlFormat\BattleScribeVersion.cs XmlFormat\Namespaces.cs XmlFormat\RootElement.cs XmlFormat\RootElementExtensions.cs XmlFormat\RootElementInfo.cs XmlFormat\RootElementNames.cs XmlFormat\VersionedElementInfo.cs XmlFormat\XmlResources.cs "D:\warhub\wham\artifacts\obj\WarHub.ArmouryModel.Source\debug\.NETCoreApp,Version=v10.0.AssemblyAttributes.cs" D:\warhub\wham\artifacts\obj\WarHub.ArmouryModel.Source\debug\WarHub.ArmouryModel.Source.AssemblyInfo.cs /warnaserror+:NU1605,SYSLIB0011
         Compilation request WarHub.ArmouryModel.Source (net10.0), PathToTool=C:\Program Files\dotnet\sdk\10.0.104\Roslyn\bincore\csc.exe
         CommandLine = ' /noconfig'
         BuildResponseFile = '/unsafe- /checked- /nowarn:CS1591,NU5105,CA1515,1701,1702 /fullpaths /nostdlib+ /errorreport:prompt /warn:10 /doc:D:\warhub\wham\artifacts\obj\WarHub.ArmouryModel.Source\debug\WarHub.ArmouryModel.Source.xml /define:TRACE;DEBUG;NET;NET10_0;NETCOREAPP;NET5_0_OR_GREATER;NET6_0_OR_GREATER;NET7_0_OR_GREATER;NET8_0_OR_GREATER;NET9_0_OR_GREATER;NET10_0_OR_GREATER;NETCOREAPP1_0_OR_GREATER;NETCOREAPP1_1_OR_GREATER;NETCOREAPP2_0_OR_GREATER;NETCOREAPP2_1_OR_GREATER;NETCOREAPP2_2_OR_GREATER;NETCOREAPP3_0_OR_GREATER;NETCOREAPP3_1_OR_GREATER /highentropyva+ /nullable:enable /reference:"C:\Program Files\dotnet\packs\Microsoft.NETCore.App.Ref\10.0.4\ref\net10.0\Microsoft.CSharp.dll" /reference:"C:\Program Files\dotnet\packs\Microsoft.NETCore.App.Ref\10.0.4\ref\net10.0\Microsoft.VisualBasic.Core.dll" /reference:"C:\Program Files\dotnet\packs\Microsoft.NETCore.App.Ref\10.0.4\ref\net10.0\Microsoft.VisualBasic.dll" /reference:"C:\Program Files\dotnet\packs\Microsoft.NETCore.App.Ref\10.0.4\ref\net10.0\Microsoft.Win32.Primitives.dll" /reference:"C:\Program Files\dotnet\packs\Microsoft.NETCore.App.Ref\10.0.4\ref\net10.0\Microsoft.Win32.Registry.dll" /reference:"C:\Program Files\dotnet\packs\Microsoft.NETCore.App.Ref\10.0.4\ref\net10.0\mscorlib.dll" /reference:"C:\Program Files\dotnet\packs\Microsoft.NETCore.App.Ref\10.0.4\ref\net10.0\netstandard.dll" /reference:"C:\Program Files\dotnet\packs\Microsoft.NETCore.App.Ref\10.0.4\ref\net10.0\System.AppContext.dll" /reference:"C:\Program Files\dotnet\packs\Microsoft.NETCore.App.Ref\10.0.4\ref\net10.0\System.Buffers.dll" /reference:"C:\Program Files\dotnet\packs\Microsoft.NETCore.App.Ref\10.0.4\ref\net10.0\System.Collections.Concurrent.dll" /reference:"C:\Program Files\dotnet\packs\Microsoft.NETCore.App.Ref\10.0.4\ref\net10.0\System.Collections.dll" /reference:"C:\Program Files\dotnet\packs\Microsoft.NETCore.App.Ref\10.0.4\ref\net10.0\System.Collections.Immutable.dll" /reference:"C:\Program Files\dotnet\packs\Microsoft.NETCore.App.Ref\10.0.4\ref\net10.0\System.Collections.NonGeneric.dll" /reference:"C:\Program Files\dotnet\packs\Microsoft.NETCore.App.Ref\10.0.4\ref\net10.0\System.Collections.Specialized.dll" /reference:"C:\Program Files\dotnet\packs\Microsoft.NETCore.App.Ref\10.0.4\ref\net10.0\System.ComponentModel.Annotations.dll" /reference:"C:\Program Files\dotnet\packs\Microsoft.NETCore.App.Ref\10.0.4\ref\net10.0\System.ComponentModel.DataAnnotations.dll" /reference:"C:\Program Files\dotnet\packs\Microsoft.NETCore.App.Ref\10.0.4\ref\net10.0\System.ComponentModel.dll" /reference:"C:\Program Files\dotnet\packs\Microsoft.NETCore.App.Ref\10.0.4\ref\net10.0\System.ComponentModel.EventBasedAsync.dll" /reference:"C:\Program Files\dotnet\packs\Microsoft.NETCore.App.Ref\10.0.4\ref\net10.0\System.ComponentModel.Primitives.dll" /reference:"C:\Program Files\dotnet\packs\Microsoft.NETCore.App.Ref\10.0.4\ref\net10.0\System.ComponentModel.TypeConverter.dll" /reference:"C:\Program Files\dotnet\packs\Microsoft.NETCore.App.Ref\10.0.4\ref\net10.0\System.Configuration.dll" /reference:"C:\Program Files\dotnet\packs\Microsoft.NETCore.App.Ref\10.0.4\ref\net10.0\System.Console.dll" /reference:"C:\Program Files\dotnet\packs\Microsoft.NETCore.App.Ref\10.0.4\ref\net10.0\System.Core.dll" /reference:"C:\Program Files\dotnet\packs\Microsoft.NETCore.App.Ref\10.0.4\ref\net10.0\System.Data.Common.dll" /reference:"C:\Program Files\dotnet\packs\Microsoft.NETCore.App.Ref\10.0.4\ref\net10.0\System.Data.DataSetExtensions.dll" /reference:"C:\Program Files\dotnet\packs\Microsoft.NETCore.App.Ref\10.0.4\ref\net10.0\System.Data.dll" /reference:"C:\Program Files\dotnet\packs\Microsoft.NETCore.App.Ref\10.0.4\ref\net10.0\System.Diagnostics.Contracts.dll" /reference:"C:\Program Files\dotnet\packs\Microsoft.NETCore.App.Ref\10.0.4\ref\net10.0\System.Diagnostics.Debug.dll" /reference:"C:\Program Files\dotnet\packs\Microsoft.NETCore.App.Ref\10.0.4\ref\net10.0\System.Diagnostics.DiagnosticSource.dll" /reference:"C:\Program Files\dotnet\packs\Microsoft.NETCore.App.Ref\10.0.4\ref\net10.0\System.Diagnostics.FileVersionInfo.dll" /reference:"C:\Program Files\dotnet\packs\Microsoft.NETCore.App.Ref\10.0.4\ref\net10.0\System.Diagnostics.Process.dll" /reference:"C:\Program Files\dotnet\packs\Microsoft.NETCore.App.Ref\10.0.4\ref\net10.0\System.Diagnostics.StackTrace.dll" /reference:"C:\Program Files\dotnet\packs\Microsoft.NETCore.App.Ref\10.0.4\ref\net10.0\System.Diagnostics.TextWriterTraceListener.dll" /reference:"C:\Program Files\dotnet\packs\Microsoft.NETCore.App.Ref\10.0.4\ref\net10.0\System.Diagnostics.Tools.dll" /reference:"C:\Program Files\dotnet\packs\Microsoft.NETCore.App.Ref\10.0.4\ref\net10.0\System.Diagnostics.TraceSource.dll" /reference:"C:\Program Files\dotnet\packs\Microsoft.NETCore.App.Ref\10.0.4\ref\net10.0\System.Diagnostics.Tracing.dll" /reference:"C:\Program Files\dotnet\packs\Microsoft.NETCore.App.Ref\10.0.4\ref\net10.0\System.dll" /reference:"C:\Program Files\dotnet\packs\Microsoft.NETCore.App.Ref\10.0.4\ref\net10.0\System.Drawing.dll" /reference:"C:\Program Files\dotnet\packs\Microsoft.NETCore.App.Ref\10.0.4\ref\net10.0\System.Drawing.Primitives.dll" /reference:"C:\Program Files\dotnet\packs\Microsoft.NETCore.App.Ref\10.0.4\ref\net10.0\System.Dynamic.Runtime.dll" /reference:"C:\Program Files\dotnet\packs\Microsoft.NETCore.App.Ref\10.0.4\ref\net10.0\System.Formats.Asn1.dll" /reference:"C:\Program Files\dotnet\packs\Microsoft.NETCore.App.Ref\10.0.4\ref\net10.0\System.Formats.Tar.dll" /reference:"C:\Program Files\dotnet\packs\Microsoft.NETCore.App.Ref\10.0.4\ref\net10.0\System.Globalization.Calendars.dll" /reference:"C:\Program Files\dotnet\packs\Microsoft.NETCore.App.Ref\10.0.4\ref\net10.0\System.Globalization.dll" /reference:"C:\Program Files\dotnet\packs\Microsoft.NETCore.App.Ref\10.0.4\ref\net10.0\System.Globalization.Extensions.dll" /reference:"C:\Program Files\dotnet\packs\Microsoft.NETCore.App.Ref\10.0.4\ref\net10.0\System.IO.Compression.Brotli.dll" /reference:"C:\Program Files\dotnet\packs\Microsoft.NETCore.App.Ref\10.0.4\ref\net10.0\System.IO.Compression.dll" /reference:"C:\Program Files\dotnet\packs\Microsoft.NETCore.App.Ref\10.0.4\ref\net10.0\System.IO.Compression.FileSystem.dll" /reference:"C:\Program Files\dotnet\packs\Microsoft.NETCore.App.Ref\10.0.4\ref\net10.0\System.IO.Compression.ZipFile.dll" /reference:"C:\Program Files\dotnet\packs\Microsoft.NETCore.App.Ref\10.0.4\ref\net10.0\System.IO.dll" /reference:"C:\Program Files\dotnet\packs\Microsoft.NETCore.App.Ref\10.0.4\ref\net10.0\System.IO.FileSystem.AccessControl.dll" /reference:"C:\Program Files\dotnet\packs\Microsoft.NETCore.App.Ref\10.0.4\ref\net10.0\System.IO.FileSystem.dll" /reference:"C:\Program Files\dotnet\packs\Microsoft.NETCore.App.Ref\10.0.4\ref\net10.0\System.IO.FileSystem.DriveInfo.dll" /reference:"C:\Program Files\dotnet\packs\Microsoft.NETCore.App.Ref\10.0.4\ref\net10.0\System.IO.FileSystem.Primitives.dll" /reference:"C:\Program Files\dotnet\packs\Microsoft.NETCore.App.Ref\10.0.4\ref\net10.0\System.IO.FileSystem.Watcher.dll" /reference:"C:\Program Files\dotnet\packs\Microsoft.NETCore.App.Ref\10.0.4\ref\net10.0\System.IO.IsolatedStorage.dll" /reference:"C:\Program Files\dotnet\packs\Microsoft.NETCore.App.Ref\10.0.4\ref\net10.0\System.IO.MemoryMappedFiles.dll" /reference:"C:\Program Files\dotnet\packs\Microsoft.NETCore.App.Ref\10.0.4\ref\net10.0\System.IO.Pipelines.dll" /reference:"C:\Program Files\dotnet\packs\Microsoft.NETCore.App.Ref\10.0.4\ref\net10.0\System.IO.Pipes.AccessControl.dll" /reference:"C:\Program Files\dotnet\packs\Microsoft.NETCore.App.Ref\10.0.4\ref\net10.0\System.IO.Pipes.dll" /reference:"C:\Program Files\dotnet\packs\Microsoft.NETCore.App.Ref\10.0.4\ref\net10.0\System.IO.UnmanagedMemoryStream.dll" /reference:"C:\Program Files\dotnet\packs\Microsoft.NETCore.App.Ref\10.0.4\ref\net10.0\System.Linq.AsyncEnumerable.dll" /reference:"C:\Program Files\dotnet\packs\Microsoft.NETCore.App.Ref\10.0.4\ref\net10.0\System.Linq.dll" /reference:"C:\Program Files\dotnet\packs\Microsoft.NETCore.App.Ref\10.0.4\ref\net10.0\System.Linq.Expressions.dll" /reference:"C:\Program Files\dotnet\packs\Microsoft.NETCore.App.Ref\10.0.4\ref\net10.0\System.Linq.Parallel.dll" /reference:"C:\Program Files\dotnet\packs\Microsoft.NETCore.App.Ref\10.0.4\ref\net10.0\System.Linq.Queryable.dll" /reference:"C:\Program Files\dotnet\packs\Microsoft.NETCore.App.Ref\10.0.4\ref\net10.0\System.Memory.dll" /reference:"C:\Program Files\dotnet\packs\Microsoft.NETCore.App.Ref\10.0.4\ref\net10.0\System.Net.dll" /reference:"C:\Program Files\dotnet\packs\Microsoft.NETCore.App.Ref\10.0.4\ref\net10.0\System.Net.Http.dll" /reference:"C:\Program Files\dotnet\packs\Microsoft.NETCore.App.Ref\10.0.4\ref\net10.0\System.Net.Http.Json.dll" /reference:"C:\Program Files\dotnet\packs\Microsoft.NETCore.App.Ref\10.0.4\ref\net10.0\System.Net.HttpListener.dll" /reference:"C:\Program Files\dotnet\packs\Microsoft.NETCore.App.Ref\10.0.4\ref\net10.0\System.Net.Mail.dll" /reference:"C:\Program Files\dotnet\packs\Microsoft.NETCore.App.Ref\10.0.4\ref\net10.0\System.Net.NameResolution.dll" /reference:"C:\Program Files\dotnet\packs\Microsoft.NETCore.App.Ref\10.0.4\ref\net10.0\System.Net.NetworkInformation.dll" /reference:"C:\Program Files\dotnet\packs\Microsoft.NETCore.App.Ref\10.0.4\ref\net10.0\System.Net.Ping.dll" /reference:"C:\Program Files\dotnet\packs\Microsoft.NETCore.App.Ref\10.0.4\ref\net10.0\System.Net.Primitives.dll" /reference:"C:\Program Files\dotnet\packs\Microsoft.NETCore.App.Ref\10.0.4\ref\net10.0\System.Net.Quic.dll" /reference:"C:\Program Files\dotnet\packs\Microsoft.NETCore.App.Ref\10.0.4\ref\net10.0\System.Net.Requests.dll" /reference:"C:\Program Files\dotnet\packs\Microsoft.NETCore.App.Ref\10.0.4\ref\net10.0\System.Net.Security.dll" /reference:"C:\Program Files\dotnet\packs\Microsoft.NETCore.App.Ref\10.0.4\ref\net10.0\System.Net.ServerSentEvents.dll" /reference:"C:\Program Files\dotnet\packs\Microsoft.NETCore.App.Ref\10.0.4\ref\net10.0\System.Net.ServicePoint.dll" /reference:"C:\Program Files\dotnet\packs\Microsoft.NETCore.App.Ref\10.0.4\ref\net10.0\System.Net.Sockets.dll" /reference:"C:\Program Files\dotnet\packs\Microsoft.NETCore.App.Ref\10.0.4\ref\net10.0\System.Net.WebClient.dll" /reference:"C:\Program Files\dotnet\packs\Microsoft.NETCore.App.Ref\10.0.4\ref\net10.0\System.Net.WebHeaderCollection.dll" /reference:"C:\Program Files\dotnet\packs\Microsoft.NETCore.App.Ref\10.0.4\ref\net10.0\System.Net.WebProxy.dll" /reference:"C:\Program Files\dotnet\packs\Microsoft.NETCore.App.Ref\10.0.4\ref\net10.0\System.Net.WebSockets.Client.dll" /reference:"C:\Program Files\dotnet\packs\Microsoft.NETCore.App.Ref\10.0.4\ref\net10.0\System.Net.WebSockets.dll" /reference:"C:\Program Files\dotnet\packs\Microsoft.NETCore.App.Ref\10.0.4\ref\net10.0\System.Numerics.dll" /reference:"C:\Program Files\dotnet\packs\Microsoft.NETCore.App.Ref\10.0.4\ref\net10.0\System.Numerics.Vectors.dll" /reference:"C:\Program Files\dotnet\packs\Microsoft.NETCore.App.Ref\10.0.4\ref\net10.0\System.ObjectModel.dll" /reference:"C:\Program Files\dotnet\packs\Microsoft.NETCore.App.Ref\10.0.4\ref\net10.0\System.Reflection.DispatchProxy.dll" /reference:"C:\Program Files\dotnet\packs\Microsoft.NETCore.App.Ref\10.0.4\ref\net10.0\System.Reflection.dll" /reference:"C:\Program Files\dotnet\packs\Microsoft.NETCore.App.Ref\10.0.4\ref\net10.0\System.Reflection.Emit.dll" /reference:"C:\Program Files\dotnet\packs\Microsoft.NETCore.App.Ref\10.0.4\ref\net10.0\System.Reflection.Emit.ILGeneration.dll" /reference:"C:\Program Files\dotnet\packs\Microsoft.NETCore.App.Ref\10.0.4\ref\net10.0\System.Reflection.Emit.Lightweight.dll" /reference:"C:\Program Files\dotnet\packs\Microsoft.NETCore.App.Ref\10.0.4\ref\net10.0\System.Reflection.Extensions.dll" /reference:"C:\Program Files\dotnet\packs\Microsoft.NETCore.App.Ref\10.0.4\ref\net10.0\System.Reflection.Metadata.dll" /reference:"C:\Program Files\dotnet\packs\Microsoft.NETCore.App.Ref\10.0.4\ref\net10.0\System.Reflection.Primitives.dll" /reference:"C:\Program Files\dotnet\packs\Microsoft.NETCore.App.Ref\10.0.4\ref\net10.0\System.Reflection.TypeExtensions.dll" /reference:"C:\Program Files\dotnet\packs\Microsoft.NETCore.App.Ref\10.0.4\ref\net10.0\System.Resources.Reader.dll" /reference:"C:\Program Files\dotnet\packs\Microsoft.NETCore.App.Ref\10.0.4\ref\net10.0\System.Resources.ResourceManager.dll" /reference:"C:\Program Files\dotnet\packs\Microsoft.NETCore.App.Ref\10.0.4\ref\net10.0\System.Resources.Writer.dll" /reference:"C:\Program Files\dotnet\packs\Microsoft.NETCore.App.Ref\10.0.4\ref\net10.0\System.Runtime.CompilerServices.Unsafe.dll" /reference:"C:\Program Files\dotnet\packs\Microsoft.NETCore.App.Ref\10.0.4\ref\net10.0\System.Runtime.CompilerServices.VisualC.dll" /reference:"C:\Program Files\dotnet\packs\Microsoft.NETCore.App.Ref\10.0.4\ref\net10.0\System.Runtime.dll" /reference:"C:\Program Files\dotnet\packs\Microsoft.NETCore.App.Ref\10.0.4\ref\net10.0\System.Runtime.Extensions.dll" /reference:"C:\Program Files\dotnet\packs\Microsoft.NETCore.App.Ref\10.0.4\ref\net10.0\System.Runtime.Handles.dll" /reference:"C:\Program Files\dotnet\packs\Microsoft.NETCore.App.Ref\10.0.4\ref\net10.0\System.Runtime.InteropServices.dll" /reference:"C:\Program Files\dotnet\packs\Microsoft.NETCore.App.Ref\10.0.4\ref\net10.0\System.Runtime.InteropServices.JavaScript.dll" /reference:"C:\Program Files\dotnet\packs\Microsoft.NETCore.App.Ref\10.0.4\ref\net10.0\System.Runtime.InteropServices.RuntimeInformation.dll" /reference:"C:\Program Files\dotnet\packs\Microsoft.NETCore.App.Ref\10.0.4\ref\net10.0\System.Runtime.Intrinsics.dll" /reference:"C:\Program Files\dotnet\packs\Microsoft.NETCore.App.Ref\10.0.4\ref\net10.0\System.Runtime.Loader.dll" /reference:"C:\Program Files\dotnet\packs\Microsoft.NETCore.App.Ref\10.0.4\ref\net10.0\System.Runtime.Numerics.dll" /reference:"C:\Program Files\dotnet\packs\Microsoft.NETCore.App.Ref\10.0.4\ref\net10.0\System.Runtime.Serialization.dll" /reference:"C:\Program Files\dotnet\packs\Microsoft.NETCore.App.Ref\10.0.4\ref\net10.0\System.Runtime.Serialization.Formatters.dll" /reference:"C:\Program Files\dotnet\packs\Microsoft.NETCore.App.Ref\10.0.4\ref\net10.0\System.Runtime.Serialization.Json.dll" /reference:"C:\Program Files\dotnet\packs\Microsoft.NETCore.App.Ref\10.0.4\ref\net10.0\System.Runtime.Serialization.Primitives.dll" /reference:"C:\Program Files\dotnet\packs\Microsoft.NETCore.App.Ref\10.0.4\ref\net10.0\System.Runtime.Serialization.Xml.dll" /reference:"C:\Program Files\dotnet\packs\Microsoft.NETCore.App.Ref\10.0.4\ref\net10.0\System.Security.AccessControl.dll" /reference:"C:\Program Files\dotnet\packs\Microsoft.NETCore.App.Ref\10.0.4\ref\net10.0\System.Security.Claims.dll" /reference:"C:\Program Files\dotnet\packs\Microsoft.NETCore.App.Ref\10.0.4\ref\net10.0\System.Security.Cryptography.Algorithms.dll" /reference:"C:\Program Files\dotnet\packs\Microsoft.NETCore.App.Ref\10.0.4\ref\net10.0\System.Security.Cryptography.Cng.dll" /reference:"C:\Program Files\dotnet\packs\Microsoft.NETCore.App.Ref\10.0.4\ref\net10.0\System.Security.Cryptography.Csp.dll" /reference:"C:\Program Files\dotnet\packs\Microsoft.NETCore.App.Ref\10.0.4\ref\net10.0\System.Security.Cryptography.dll" /reference:"C:\Program Files\dotnet\packs\Microsoft.NETCore.App.Ref\10.0.4\ref\net10.0\System.Security.Cryptography.Encoding.dll" /reference:"C:\Program Files\dotnet\packs\Microsoft.NETCore.App.Ref\10.0.4\ref\net10.0\System.Security.Cryptography.OpenSsl.dll" /reference:"C:\Program Files\dotnet\packs\Microsoft.NETCore.App.Ref\10.0.4\ref\net10.0\System.Security.Cryptography.Primitives.dll" /reference:"C:\Program Files\dotnet\packs\Microsoft.NETCore.App.Ref\10.0.4\ref\net10.0\System.Security.Cryptography.X509Certificates.dll" /reference:"C:\Program Files\dotnet\packs\Microsoft.NETCore.App.Ref\10.0.4\ref\net10.0\System.Security.dll" /reference:"C:\Program Files\dotnet\packs\Microsoft.NETCore.App.Ref\10.0.4\ref\net10.0\System.Security.Principal.dll" /reference:"C:\Program Files\dotnet\packs\Microsoft.NETCore.App.Ref\10.0.4\ref\net10.0\System.Security.Principal.Windows.dll" /reference:"C:\Program Files\dotnet\packs\Microsoft.NETCore.App.Ref\10.0.4\ref\net10.0\System.Security.SecureString.dll" /reference:"C:\Program Files\dotnet\packs\Microsoft.NETCore.App.Ref\10.0.4\ref\net10.0\System.ServiceModel.Web.dll" /reference:"C:\Program Files\dotnet\packs\Microsoft.NETCore.App.Ref\10.0.4\ref\net10.0\System.ServiceProcess.dll" /reference:"C:\Program Files\dotnet\packs\Microsoft.NETCore.App.Ref\10.0.4\ref\net10.0\System.Text.Encoding.CodePages.dll" /reference:"C:\Program Files\dotnet\packs\Microsoft.NETCore.App.Ref\10.0.4\ref\net10.0\System.Text.Encoding.dll" /reference:"C:\Program Files\dotnet\packs\Microsoft.NETCore.App.Ref\10.0.4\ref\net10.0\System.Text.Encoding.Extensions.dll" /reference:"C:\Program Files\dotnet\packs\Microsoft.NETCore.App.Ref\10.0.4\ref\net10.0\System.Text.Encodings.Web.dll" /reference:"C:\Program Files\dotnet\packs\Microsoft.NETCore.App.Ref\10.0.4\ref\net10.0\System.Text.Json.dll" /reference:"C:\Program Files\dotnet\packs\Microsoft.NETCore.App.Ref\10.0.4\ref\net10.0\System.Text.RegularExpressions.dll" /reference:"C:\Program Files\dotnet\packs\Microsoft.NETCore.App.Ref\10.0.4\ref\net10.0\System.Threading.AccessControl.dll" /reference:"C:\Program Files\dotnet\packs\Microsoft.NETCore.App.Ref\10.0.4\ref\net10.0\System.Threading.Channels.dll" /reference:"C:\Program Files\dotnet\packs\Microsoft.NETCore.App.Ref\10.0.4\ref\net10.0\System.Threading.dll" /reference:"C:\Program Files\dotnet\packs\Microsoft.NETCore.App.Ref\10.0.4\ref\net10.0\System.Threading.Overlapped.dll" /reference:"C:\Program Files\dotnet\packs\Microsoft.NETCore.App.Ref\10.0.4\ref\net10.0\System.Threading.Tasks.Dataflow.dll" /reference:"C:\Program Files\dotnet\packs\Microsoft.NETCore.App.Ref\10.0.4\ref\net10.0\System.Threading.Tasks.dll" /reference:"C:\Program Files\dotnet\packs\Microsoft.NETCore.App.Ref\10.0.4\ref\net10.0\System.Threading.Tasks.Extensions.dll" /reference:"C:\Program Files\dotnet\packs\Microsoft.NETCore.App.Ref\10.0.4\ref\net10.0\System.Threading.Tasks.Parallel.dll" /reference:"C:\Program Files\dotnet\packs\Microsoft.NETCore.App.Ref\10.0.4\ref\net10.0\System.Threading.Thread.dll" /reference:"C:\Program Files\dotnet\packs\Microsoft.NETCore.App.Ref\10.0.4\ref\net10.0\System.Threading.ThreadPool.dll" /reference:"C:\Program Files\dotnet\packs\Microsoft.NETCore.App.Ref\10.0.4\ref\net10.0\System.Threading.Timer.dll" /reference:"C:\Program Files\dotnet\packs\Microsoft.NETCore.App.Ref\10.0.4\ref\net10.0\System.Transactions.dll" /reference:"C:\Program Files\dotnet\packs\Microsoft.NETCore.App.Ref\10.0.4\ref\net10.0\System.Transactions.Local.dll" /reference:"C:\Program Files\dotnet\packs\Microsoft.NETCore.App.Ref\10.0.4\ref\net10.0\System.ValueTuple.dll" /reference:"C:\Program Files\dotnet\packs\Microsoft.NETCore.App.Ref\10.0.4\ref\net10.0\System.Web.dll" /reference:"C:\Program Files\dotnet\packs\Microsoft.NETCore.App.Ref\10.0.4\ref\net10.0\System.Web.HttpUtility.dll" /reference:"C:\Program Files\dotnet\packs\Microsoft.NETCore.App.Ref\10.0.4\ref\net10.0\System.Windows.dll" /reference:"C:\Program Files\dotnet\packs\Microsoft.NETCore.App.Ref\10.0.4\ref\net10.0\System.Xml.dll" /reference:"C:\Program Files\dotnet\packs\Microsoft.NETCore.App.Ref\10.0.4\ref\net10.0\System.Xml.Linq.dll" /reference:"C:\Program Files\dotnet\packs\Microsoft.NETCore.App.Ref\10.0.4\ref\net10.0\System.Xml.ReaderWriter.dll" /reference:"C:\Program Files\dotnet\packs\Microsoft.NETCore.App.Ref\10.0.4\ref\net10.0\System.Xml.Serialization.dll" /reference:"C:\Program Files\dotnet\packs\Microsoft.NETCore.App.Ref\10.0.4\ref\net10.0\System.Xml.XDocument.dll" /reference:"C:\Program Files\dotnet\packs\Microsoft.NETCore.App.Ref\10.0.4\ref\net10.0\System.Xml.XmlDocument.dll" /reference:"C:\Program Files\dotnet\packs\Microsoft.NETCore.App.Ref\10.0.4\ref\net10.0\System.Xml.XmlSerializer.dll" /reference:"C:\Program Files\dotnet\packs\Microsoft.NETCore.App.Ref\10.0.4\ref\net10.0\System.Xml.XPath.dll" /reference:"C:\Program Files\dotnet\packs\Microsoft.NETCore.App.Ref\10.0.4\ref\net10.0\System.Xml.XPath.XDocument.dll" /reference:D:\warhub\wham\artifacts\obj\WarHub.ArmouryModel.Source.CodeGeneration.Attributes\debug\ref\WarHub.ArmouryModel.Source.CodeGeneration.Attributes.dll /reference:"C:\Program Files\dotnet\packs\Microsoft.NETCore.App.Ref\10.0.4\ref\net10.0\WindowsBase.dll" /features:"InterceptorsNamespaces=;Microsoft.Extensions.Validation.Generated" /debug+ /debug:portable /filealign:512 /optimize- /out:D:\warhub\wham\artifacts\obj\WarHub.ArmouryModel.Source\debug\WarHub.ArmouryModel.Source.dll /refout:D:\warhub\wham\artifacts\obj\WarHub.ArmouryModel.Source\debug\refint\WarHub.ArmouryModel.Source.dll /resource:..\dataformat\xml\schema\v2_02\Catalogue.xsd,WarHub.ArmouryModel.Source.DataFormat.xml.schema.v2_02.Catalogue.xsd /resource:..\dataformat\xml\schema\v2_03\Catalogue.xsd,WarHub.ArmouryModel.Source.DataFormat.xml.schema.v2_03.Catalogue.xsd /resource:D:\warhub\wham\artifacts\obj\WarHub.ArmouryModel.Source\debug\Catalogue.xsd,WarHub.ArmouryModel.Source.DataFormat.xml.schema.latest.Catalogue.xsd /resource:D:\warhub\wham\artifacts\obj\WarHub.ArmouryModel.Source\debug\Roster.xsd,WarHub.ArmouryModel.Source.DataFormat.xml.schema.latest.Roster.xsd /resource:D:\warhub\wham\artifacts\obj\WarHub.ArmouryModel.Source\debug\GameSystem.xsd,WarHub.ArmouryModel.Source.DataFormat.xml.schema.latest.GameSystem.xsd /resource:..\dataformat\xml\transform\Catalogue_1_15.xsl,WarHub.ArmouryModel.Source.DataFormat.xml.transform.Catalogue_1_15.xsl /resource:..\dataformat\xml\transform\Catalogue_2_00.xsl,WarHub.ArmouryModel.Source.DataFormat.xml.transform.Catalogue_2_00.xsl /resource:..\dataformat\xml\transform\Catalogue_2_01.xsl,WarHub.ArmouryModel.Source.DataFormat.xml.transform.Catalogue_2_01.xsl /resource:..\dataformat\xml\transform\Catalogue_2_02.xsl,WarHub.ArmouryModel.Source.DataFormat.xml.transform.Catalogue_2_02.xsl /resource:..\dataformat\xml\transform\Catalogue_2_03.xsl,WarHub.ArmouryModel.Source.DataFormat.xml.transform.Catalogue_2_03.xsl /resource:..\dataformat\xml\transform\DataIndex_2_02.xsl,WarHub.ArmouryModel.Source.DataFormat.xml.transform.DataIndex_2_02.xsl /resource:..\dataformat\xml\transform\GameSystem_1_15.xsl,WarHub.ArmouryModel.Source.DataFormat.xml.transform.GameSystem_1_15.xsl /resource:..\dataformat\xml\transform\GameSystem_2_00.xsl,WarHub.ArmouryModel.Source.DataFormat.xml.transform.GameSystem_2_00.xsl /resource:..\dataformat\xml\transform\GameSystem_2_01.xsl,WarHub.ArmouryModel.Source.DataFormat.xml.transform.GameSystem_2_01.xsl /resource:..\dataformat\xml\transform\GameSystem_2_02.xsl,WarHub.ArmouryModel.Source.DataFormat.xml.transform.GameSystem_2_02.xsl /resource:..\dataformat\xml\transform\GameSystem_2_03.xsl,WarHub.ArmouryModel.Source.DataFormat.xml.transform.GameSystem_2_03.xsl /resource:..\dataformat\xml\transform\Roster_1_15.xsl,WarHub.ArmouryModel.Source.DataFormat.xml.transform.Roster_1_15.xsl /resource:..\dataformat\xml\transform\Roster_2_00.xsl,WarHub.ArmouryModel.Source.DataFormat.xml.transform.Roster_2_00.xsl /resource:..\dataformat\xml\transform\Roster_2_01.xsl,WarHub.ArmouryModel.Source.DataFormat.xml.transform.Roster_2_01.xsl /resource:..\dataformat\xml\transform\Roster_2_02.xsl,WarHub.ArmouryModel.Source.DataFormat.xml.transform.Roster_2_02.xsl /resource:..\dataformat\xml\transform\Roster_2_03.xsl,WarHub.ArmouryModel.Source.DataFormat.xml.transform.Roster_2_03.xsl /target:library /warnaserror- /utf8output /deterministic+ /sourcelink:D:\warhub\wham\artifacts\obj\WarHub.ArmouryModel.Source\debug\WarHub.ArmouryModel.Source.sourcelink.json /langversion:preview /embed:D:\warhub\wham\artifacts\obj\WarHub.ArmouryModel.Source\debug\WarHub.ArmouryModel.Source.Version.cs /embed:"D:\warhub\wham\artifacts\obj\WarHub.ArmouryModel.Source\debug\.NETCoreApp,Version=v10.0.AssemblyAttributes.cs" /embed:D:\warhub\wham\artifacts\obj\WarHub.ArmouryModel.Source\debug\WarHub.ArmouryModel.Source.AssemblyInfo.cs /analyzerconfig:D:\warhub\wham\.editorconfig /analyzerconfig:D:\warhub\wham\artifacts\obj\WarHub.ArmouryModel.Source\debug\WarHub.ArmouryModel.Source.GeneratedMSBuildEditorConfig.editorconfig /analyzerconfig:"C:\Program Files\dotnet\sdk\10.0.104\Sdks\Microsoft.NET.Sdk\analyzers\build\config\analysislevel_10_all.globalconfig" /analyzer:"C:\Program Files\dotnet\sdk\10.0.104\Sdks\Microsoft.NET.Sdk\targets\..\analyzers\Microsoft.CodeAnalysis.CSharp.NetAnalyzers.dll" /analyzer:"C:\Program Files\dotnet\sdk\10.0.104\Sdks\Microsoft.NET.Sdk\targets\..\analyzers\Microsoft.CodeAnalysis.NetAnalyzers.dll" /analyzer:D:\warhub\wham\artifacts\bin\WarHub.ArmouryModel.Source.CodeGeneration\debug\WarHub.ArmouryModel.Source.CodeGeneration.dll /analyzer:"C:\Program Files\dotnet\packs\Microsoft.NETCore.App.Ref\10.0.4\analyzers/dotnet/cs/Microsoft.Interop.ComInterfaceGenerator.dll" /analyzer:"C:\Program Files\dotnet\packs\Microsoft.NETCore.App.Ref\10.0.4\analyzers/dotnet/cs/Microsoft.Interop.JavaScript.JSImportGenerator.dll" /analyzer:"C:\Program Files\dotnet\packs\Microsoft.NETCore.App.Ref\10.0.4\analyzers/dotnet/cs/Microsoft.Interop.LibraryImportGenerator.dll" /analyzer:"C:\Program Files\dotnet\packs\Microsoft.NETCore.App.Ref\10.0.4\analyzers/dotnet/cs/Microsoft.Interop.SourceGeneration.dll" /analyzer:"C:\Program Files\dotnet\packs\Microsoft.NETCore.App.Ref\10.0.4\analyzers/dotnet/cs/System.Text.Json.SourceGeneration.dll" /analyzer:"C:\Program Files\dotnet\packs\Microsoft.NETCore.App.Ref\10.0.4\analyzers/dotnet/cs/System.Text.RegularExpressions.Generator.dll" D:\warhub\wham\artifacts\obj\WarHub.ArmouryModel.Source\debug\WarHub.ArmouryModel.Source.Version.cs CatalogueBaseCore.cs CatalogueCore.cs CatalogueLinkCore.cs CatalogueLinkKind.cs CategoryCore.cs CategoryEntryCore.cs CategoryLinkCore.cs CharacteristicCore.cs CharacteristicTypeCore.cs CommentableCore.cs ConditionCore.cs ConditionGroupCore.cs ConditionGroupKind.cs ConditionKind.cs ConstraintCore.cs ConstraintKind.cs ContainerEntryBaseCore.cs CostBaseCore.cs CostCore.cs CostLimitCore.cs CostTypeCore.cs DatablobCore.cs DataIndexCore.cs DataIndexEntryCore.cs DataIndexEntryKind.cs DataIndexRepositoryUrlCore.cs EntryBaseCore.cs EntryLinkCore.cs EntryLinkKind.cs ForceCore.cs ForceEntryCore.cs Foundation\ArrayElement.cs Foundation\ChildInfo.cs Foundation\IBuildable.cs Foundation\IBuilder.cs Foundation\IContainer.cs Foundation\IContainerProvider.cs Foundation\ICore.cs Foundation\IListNode.cs Foundation\ImmutableExtensions.cs Foundation\INodeListWithCoreArray.cs Foundation\INodeWithCore.cs Foundation\LazyNodeList.cs Foundation\LazyNodeListExtensions.cs Foundation\ListNode.cs Foundation\NodeCollectionContainerProxy.cs Foundation\NodeCore.cs Foundation\NodeFactory.cs Foundation\NodeList.cs "Foundation\NodeList`1.cs" "Foundation\NodeList`1.Enumerator.cs" Foundation\SourceExtensions.cs Foundation\SourceKind.cs Foundation\SourceNode.Accept.cs Foundation\SourceNode.cs Foundation\SourceReference.cs Foundation\SourceRewriter.cs Foundation\SourceTree.cs Foundation\SourceVisitor.cs Foundation\SourceWalker.cs GamesystemCore.cs InfoGroupCore.cs InfoLinkCore.cs InfoLinkKind.cs Interfaces\IIdentifiableNode.cs Interfaces\INameableNode.cs Interfaces\IPublicationReferencingNode.cs Interfaces\IRootNode.cs MetadataCore.cs ModifierBaseCore.cs ModifierCore.cs ModifierGroupCore.cs ModifierKind.cs ProfileCore.cs ProfileTypeCore.cs PublicationCore.cs QueryBaseCore.cs QueryFilteredBaseCore.cs RepeatCore.cs RosterCore.cs RosterElementBaseCore.cs RosterTagCore.cs RuleCore.cs SelectionCore.cs SelectionEntryBaseCore.cs SelectionEntryCore.cs SelectionEntryGroupCore.cs SelectionEntryKind.cs SelectionParentBaseCore.cs XmlFormat\BattleScribeVersion.cs XmlFormat\Namespaces.cs XmlFormat\RootElement.cs XmlFormat\RootElementExtensions.cs XmlFormat\RootElementInfo.cs XmlFormat\RootElementNames.cs XmlFormat\VersionedElementInfo.cs XmlFormat\XmlResources.cs "D:\warhub\wham\artifacts\obj\WarHub.ArmouryModel.Source\debug\.NETCoreApp,Version=v10.0.AssemblyAttributes.cs" D:\warhub\wham\artifacts\obj\WarHub.ArmouryModel.Source\debug\WarHub.ArmouryModel.Source.AssemblyInfo.cs /warnaserror+:NU1605,SYSLIB0011'
         Attempt to open named pipe 'yQiqoU4G1HkDoitZ6p1liDWTIZlE_laOFRNKsOjNUzk'
         Attempt to connect named pipe 'yQiqoU4G1HkDoitZ6p1liDWTIZlE_laOFRNKsOjNUzk'
         Named pipe 'yQiqoU4G1HkDoitZ6p1liDWTIZlE_laOFRNKsOjNUzk' connected
         Begin writing request for WarHub.ArmouryModel.Source (net10.0)
         End writing request for WarHub.ArmouryModel.Source (net10.0)
         Begin reading response for WarHub.ArmouryModel.Source (net10.0)
         End reading response for WarHub.ArmouryModel.Source (net10.0)
         CompilerServer: server - server processed compilation - WarHub.ArmouryModel.Source (net10.0)
       GenerateBuildDependencyFile:
       Skipping target "GenerateBuildDependencyFile" because all output files are up-to-date with respect to the input files.
       CopyFilesToOutputDirectory:
         Copying file from "D:\warhub\wham\artifacts\obj\WarHub.ArmouryModel.Source\debug\WarHub.ArmouryModel.Source.dll" to "D:\warhub\wham\artifacts\bin\WarHub.ArmouryModel.Source\debug\WarHub.ArmouryModel.Source.dll".
         Copying reference assembly from "D:\warhub\wham\artifacts\obj\WarHub.ArmouryModel.Source\debug\refint\WarHub.ArmouryModel.Source.dll" to "D:\warhub\wham\artifacts\obj\WarHub.ArmouryModel.Source\debug\ref\WarHub.ArmouryModel.Source.dll".
         WarHub.ArmouryModel.Source -> D:\warhub\wham\artifacts\bin\WarHub.ArmouryModel.Source\debug\WarHub.ArmouryModel.Source.dll
         Copying file from "D:\warhub\wham\artifacts\obj\WarHub.ArmouryModel.Source\debug\WarHub.ArmouryModel.Source.pdb" to "D:\warhub\wham\artifacts\bin\WarHub.ArmouryModel.Source\debug\WarHub.ArmouryModel.Source.pdb".
         Copying file from "D:\warhub\wham\artifacts\obj\WarHub.ArmouryModel.Source\debug\WarHub.ArmouryModel.Source.xml" to "D:\warhub\wham\artifacts\bin\WarHub.ArmouryModel.Source\debug\WarHub.ArmouryModel.Source.xml".
     6>Done Building Project "D:\warhub\wham\src\WarHub.ArmouryModel.Source\WarHub.ArmouryModel.Source.csproj" (default targets).
   1:2>Project "D:\warhub\wham\tests\WarHub.ArmouryModel.RosterEngine.Tests\WarHub.ArmouryModel.RosterEngine.Tests.csproj" (1:2) is building "D:\warhub\wham\src\WarHub.ArmouryModel.Extensions\WarHub.ArmouryModel.Extensions.csproj" (7:2) on node 7 (default targets).
   7:2>Project "D:\warhub\wham\src\WarHub.ArmouryModel.Extensions\WarHub.ArmouryModel.Extensions.csproj" (7:2) is building "D:\packages\nuget\nerdbank.gitversioning\3.9.50\build\PrivateP2PCaching.proj" (11:4) on node 7 (GetBuildVersion_Properties;GetBuildVersion_CloudBuildVersionVars target(s)).
    11>GetBuildVersionCore:
         Building version 0.15.0 from commit bd593f73dd76ecf5114b63020b643f6218be88b0
    11>Done Building Project "D:\packages\nuget\nerdbank.gitversioning\3.9.50\build\PrivateP2PCaching.proj" (GetBuildVersion_Properties;GetBuildVersion_CloudBuildVersionVars target(s)).
   1:2>Project "D:\warhub\wham\tests\WarHub.ArmouryModel.RosterEngine.Tests\WarHub.ArmouryModel.RosterEngine.Tests.csproj" (1:2) is building "D:\warhub\wham\src\WarHub.ArmouryModel.Source.BattleScribe\WarHub.ArmouryModel.Source.BattleScribe.csproj" (5:2) on node 6 (default targets).
   5:2>Project "D:\warhub\wham\src\WarHub.ArmouryModel.Source.BattleScribe\WarHub.ArmouryModel.Source.BattleScribe.csproj" (5:2) is building "D:\packages\nuget\nerdbank.gitversioning\3.9.50\build\PrivateP2PCaching.proj" (11:5) on node 6 (GetBuildVersion_Properties;GetBuildVersion_CloudBuildVersionVars target(s)).
    11>GetBuildVersionCore:
         Building version 0.15.0 from commit bd593f73dd76ecf5114b63020b643f6218be88b0
    11>Done Building Project "D:\packages\nuget\nerdbank.gitversioning\3.9.50\build\PrivateP2PCaching.proj" (GetBuildVersion_Properties;GetBuildVersion_CloudBuildVersionVars target(s)).
     7>GenerateAssemblyNBGVVersionInfo:
         Copying file from "D:\warhub\wham\artifacts\obj\WarHub.ArmouryModel.Extensions\debug\WarHub.ArmouryModel.Extensions.Version.cs.new" to "D:\warhub\wham\artifacts\obj\WarHub.ArmouryModel.Extensions\debug\WarHub.ArmouryModel.Extensions.Version.cs".
     5>GenerateAssemblyNBGVVersionInfo:
         Copying file from "D:\warhub\wham\artifacts\obj\WarHub.ArmouryModel.Source.BattleScribe\debug\WarHub.ArmouryModel.Source.BattleScribe.Version.cs.new" to "D:\warhub\wham\artifacts\obj\WarHub.ArmouryModel.Source.BattleScribe\debug\WarHub.ArmouryModel.Source.BattleScribe.Version.cs".
     7>GenerateTargetFrameworkMonikerAttribute:
       Skipping target "GenerateTargetFrameworkMonikerAttribute" because all output files are up-to-date with respect to the input files.
     5>GenerateTargetFrameworkMonikerAttribute:
       Skipping target "GenerateTargetFrameworkMonikerAttribute" because all output files are up-to-date with respect to the input files.
     7>CoreGenerateAssemblyInfo:
       Skipping target "CoreGenerateAssemblyInfo" because all output files are up-to-date with respect to the input files.
     5>CoreGenerateAssemblyInfo:
       Skipping target "CoreGenerateAssemblyInfo" because all output files are up-to-date with respect to the input files.
     7>_GenerateSourceLinkFile:
         Updating Source Link file 'D:\warhub\wham\artifacts\obj\WarHub.ArmouryModel.Extensions\debug\WarHub.ArmouryModel.Extensions.sourcelink.json'.
       CoreCompile:
         Setting DOTNET_ROOT to 'C:\Program Files\dotnet'
     5>_GenerateSourceLinkFile:
         Updating Source Link file 'D:\warhub\wham\artifacts\obj\WarHub.ArmouryModel.Source.BattleScribe\debug\WarHub.ArmouryModel.Source.BattleScribe.sourcelink.json'.
     7>CoreCompile:
         C:\Program Files\dotnet\sdk\10.0.104\Roslyn\bincore\csc.exe /noconfig /unsafe- /checked- /nowarn:CS1591,NU5105,CA1515,1701,1702 /fullpaths /nostdlib+ /errorreport:prompt /warn:10 /doc:D:\warhub\wham\artifacts\obj\WarHub.ArmouryModel.Extensions\debug\WarHub.ArmouryModel.Extensions.xml /define:TRACE;DEBUG;NET;NET10_0;NETCOREAPP;NET5_0_OR_GREATER;NET6_0_OR_GREATER;NET7_0_OR_GREATER;NET8_0_OR_GREATER;NET9_0_OR_GREATER;NET10_0_OR_GREATER;NETCOREAPP1_0_OR_GREATER;NETCOREAPP1_1_OR_GREATER;NETCOREAPP2_0_OR_GREATER;NETCOREAPP2_1_OR_GREATER;NETCOREAPP2_2_OR_GREATER;NETCOREAPP3_0_OR_GREATER;NETCOREAPP3_1_OR_GREATER /highentropyva+ /nullable:enable /reference:"C:\Program Files\dotnet\packs\Microsoft.NETCore.App.Ref\10.0.4\ref\net10.0\Microsoft.CSharp.dll" /reference:"C:\Program Files\dotnet\packs\Microsoft.NETCore.App.Ref\10.0.4\ref\net10.0\Microsoft.VisualBasic.Core.dll" /reference:"C:\Program Files\dotnet\packs\Microsoft.NETCore.App.Ref\10.0.4\ref\net10.0\Microsoft.VisualBasic.dll" /reference:"C:\Program Files\dotnet\packs\Microsoft.NETCore.App.Ref\10.0.4\ref\net10.0\Microsoft.Win32.Primitives.dll" /reference:"C:\Program Files\dotnet\packs\Microsoft.NETCore.App.Ref\10.0.4\ref\net10.0\Microsoft.Win32.Registry.dll" /reference:"C:\Program Files\dotnet\packs\Microsoft.NETCore.App.Ref\10.0.4\ref\net10.0\mscorlib.dll" /reference:"C:\Program Files\dotnet\packs\Microsoft.NETCore.App.Ref\10.0.4\ref\net10.0\netstandard.dll" /reference:"C:\Program Files\dotnet\packs\Microsoft.NETCore.App.Ref\10.0.4\ref\net10.0\System.AppContext.dll" /reference:"C:\Program Files\dotnet\packs\Microsoft.NETCore.App.Ref\10.0.4\ref\net10.0\System.Buffers.dll" /reference:"C:\Program Files\dotnet\packs\Microsoft.NETCore.App.Ref\10.0.4\ref\net10.0\System.Collections.Concurrent.dll" /reference:"C:\Program Files\dotnet\packs\Microsoft.NETCore.App.Ref\10.0.4\ref\net10.0\System.Collections.dll" /reference:"C:\Program Files\dotnet\packs\Microsoft.NETCore.App.Ref\10.0.4\ref\net10.0\System.Collections.Immutable.dll" /reference:"C:\Program Files\dotnet\packs\Microsoft.NETCore.App.Ref\10.0.4\ref\net10.0\System.Collections.NonGeneric.dll" /reference:"C:\Program Files\dotnet\packs\Microsoft.NETCore.App.Ref\10.0.4\ref\net10.0\System.Collections.Specialized.dll" /reference:"C:\Program Files\dotnet\packs\Microsoft.NETCore.App.Ref\10.0.4\ref\net10.0\System.ComponentModel.Annotations.dll" /reference:"C:\Program Files\dotnet\packs\Microsoft.NETCore.App.Ref\10.0.4\ref\net10.0\System.ComponentModel.DataAnnotations.dll" /reference:"C:\Program Files\dotnet\packs\Microsoft.NETCore.App.Ref\10.0.4\ref\net10.0\System.ComponentModel.dll" /reference:"C:\Program Files\dotnet\packs\Microsoft.NETCore.App.Ref\10.0.4\ref\net10.0\System.ComponentModel.EventBasedAsync.dll" /reference:"C:\Program Files\dotnet\packs\Microsoft.NETCore.App.Ref\10.0.4\ref\net10.0\System.ComponentModel.Primitives.dll" /reference:"C:\Program Files\dotnet\packs\Microsoft.NETCore.App.Ref\10.0.4\ref\net10.0\System.ComponentModel.TypeConverter.dll" /reference:"C:\Program Files\dotnet\packs\Microsoft.NETCore.App.Ref\10.0.4\ref\net10.0\System.Configuration.dll" /reference:"C:\Program Files\dotnet\packs\Microsoft.NETCore.App.Ref\10.0.4\ref\net10.0\System.Console.dll" /reference:"C:\Program Files\dotnet\packs\Microsoft.NETCore.App.Ref\10.0.4\ref\net10.0\System.Core.dll" /reference:"C:\Program Files\dotnet\packs\Microsoft.NETCore.App.Ref\10.0.4\ref\net10.0\System.Data.Common.dll" /reference:"C:\Program Files\dotnet\packs\Microsoft.NETCore.App.Ref\10.0.4\ref\net10.0\System.Data.DataSetExtensions.dll" /reference:"C:\Program Files\dotnet\packs\Microsoft.NETCore.App.Ref\10.0.4\ref\net10.0\System.Data.dll" /reference:"C:\Program Files\dotnet\packs\Microsoft.NETCore.App.Ref\10.0.4\ref\net10.0\System.Diagnostics.Contracts.dll" /reference:"C:\Program Files\dotnet\packs\Microsoft.NETCore.App.Ref\10.0.4\ref\net10.0\System.Diagnostics.Debug.dll" /reference:"C:\Program Files\dotnet\packs\Microsoft.NETCore.App.Ref\10.0.4\ref\net10.0\System.Diagnostics.DiagnosticSource.dll" /reference:"C:\Program Files\dotnet\packs\Microsoft.NETCore.App.Ref\10.0.4\ref\net10.0\System.Diagnostics.FileVersionInfo.dll" /reference:"C:\Program Files\dotnet\packs\Microsoft.NETCore.App.Ref\10.0.4\ref\net10.0\System.Diagnostics.Process.dll" /reference:"C:\Program Files\dotnet\packs\Microsoft.NETCore.App.Ref\10.0.4\ref\net10.0\System.Diagnostics.StackTrace.dll" /reference:"C:\Program Files\dotnet\packs\Microsoft.NETCore.App.Ref\10.0.4\ref\net10.0\System.Diagnostics.TextWriterTraceListener.dll" /reference:"C:\Program Files\dotnet\packs\Microsoft.NETCore.App.Ref\10.0.4\ref\net10.0\System.Diagnostics.Tools.dll" /reference:"C:\Program Files\dotnet\packs\Microsoft.NETCore.App.Ref\10.0.4\ref\net10.0\System.Diagnostics.TraceSource.dll" /reference:"C:\Program Files\dotnet\packs\Microsoft.NETCore.App.Ref\10.0.4\ref\net10.0\System.Diagnostics.Tracing.dll" /reference:"C:\Program Files\dotnet\packs\Microsoft.NETCore.App.Ref\10.0.4\ref\net10.0\System.dll" /reference:"C:\Program Files\dotnet\packs\Microsoft.NETCore.App.Ref\10.0.4\ref\net10.0\System.Drawing.dll" /reference:"C:\Program Files\dotnet\packs\Microsoft.NETCore.App.Ref\10.0.4\ref\net10.0\System.Drawing.Primitives.dll" /reference:"C:\Program Files\dotnet\packs\Microsoft.NETCore.App.Ref\10.0.4\ref\net10.0\System.Dynamic.Runtime.dll" /reference:"C:\Program Files\dotnet\packs\Microsoft.NETCore.App.Ref\10.0.4\ref\net10.0\System.Formats.Asn1.dll" /reference:"C:\Program Files\dotnet\packs\Microsoft.NETCore.App.Ref\10.0.4\ref\net10.0\System.Formats.Tar.dll" /reference:"C:\Program Files\dotnet\packs\Microsoft.NETCore.App.Ref\10.0.4\ref\net10.0\System.Globalization.Calendars.dll" /reference:"C:\Program Files\dotnet\packs\Microsoft.NETCore.App.Ref\10.0.4\ref\net10.0\System.Globalization.dll" /reference:"C:\Program Files\dotnet\packs\Microsoft.NETCore.App.Ref\10.0.4\ref\net10.0\System.Globalization.Extensions.dll" /reference:"C:\Program Files\dotnet\packs\Microsoft.NETCore.App.Ref\10.0.4\ref\net10.0\System.IO.Compression.Brotli.dll" /reference:"C:\Program Files\dotnet\packs\Microsoft.NETCore.App.Ref\10.0.4\ref\net10.0\System.IO.Compression.dll" /reference:"C:\Program Files\dotnet\packs\Microsoft.NETCore.App.Ref\10.0.4\ref\net10.0\System.IO.Compression.FileSystem.dll" /reference:"C:\Program Files\dotnet\packs\Microsoft.NETCore.App.Ref\10.0.4\ref\net10.0\System.IO.Compression.ZipFile.dll" /reference:"C:\Program Files\dotnet\packs\Microsoft.NETCore.App.Ref\10.0.4\ref\net10.0\System.IO.dll" /reference:"C:\Program Files\dotnet\packs\Microsoft.NETCore.App.Ref\10.0.4\ref\net10.0\System.IO.FileSystem.AccessControl.dll" /reference:"C:\Program Files\dotnet\packs\Microsoft.NETCore.App.Ref\10.0.4\ref\net10.0\System.IO.FileSystem.dll" /reference:"C:\Program Files\dotnet\packs\Microsoft.NETCore.App.Ref\10.0.4\ref\net10.0\System.IO.FileSystem.DriveInfo.dll" /reference:"C:\Program Files\dotnet\packs\Microsoft.NETCore.App.Ref\10.0.4\ref\net10.0\System.IO.FileSystem.Primitives.dll" /reference:"C:\Program Files\dotnet\packs\Microsoft.NETCore.App.Ref\10.0.4\ref\net10.0\System.IO.FileSystem.Watcher.dll" /reference:"C:\Program Files\dotnet\packs\Microsoft.NETCore.App.Ref\10.0.4\ref\net10.0\System.IO.IsolatedStorage.dll" /reference:"C:\Program Files\dotnet\packs\Microsoft.NETCore.App.Ref\10.0.4\ref\net10.0\System.IO.MemoryMappedFiles.dll" /reference:"C:\Program Files\dotnet\packs\Microsoft.NETCore.App.Ref\10.0.4\ref\net10.0\System.IO.Pipelines.dll" /reference:"C:\Program Files\dotnet\packs\Microsoft.NETCore.App.Ref\10.0.4\ref\net10.0\System.IO.Pipes.AccessControl.dll" /reference:"C:\Program Files\dotnet\packs\Microsoft.NETCore.App.Ref\10.0.4\ref\net10.0\System.IO.Pipes.dll" /reference:"C:\Program Files\dotnet\packs\Microsoft.NETCore.App.Ref\10.0.4\ref\net10.0\System.IO.UnmanagedMemoryStream.dll" /reference:"C:\Program Files\dotnet\packs\Microsoft.NETCore.App.Ref\10.0.4\ref\net10.0\System.Linq.AsyncEnumerable.dll" /reference:"C:\Program Files\dotnet\packs\Microsoft.NETCore.App.Ref\10.0.4\ref\net10.0\System.Linq.dll" /reference:"C:\Program Files\dotnet\packs\Microsoft.NETCore.App.Ref\10.0.4\ref\net10.0\System.Linq.Expressions.dll" /reference:"C:\Program Files\dotnet\packs\Microsoft.NETCore.App.Ref\10.0.4\ref\net10.0\System.Linq.Parallel.dll" /reference:"C:\Program Files\dotnet\packs\Microsoft.NETCore.App.Ref\10.0.4\ref\net10.0\System.Linq.Queryable.dll" /reference:"C:\Program Files\dotnet\packs\Microsoft.NETCore.App.Ref\10.0.4\ref\net10.0\System.Memory.dll" /reference:"C:\Program Files\dotnet\packs\Microsoft.NETCore.App.Ref\10.0.4\ref\net10.0\System.Net.dll" /reference:"C:\Program Files\dotnet\packs\Microsoft.NETCore.App.Ref\10.0.4\ref\net10.0\System.Net.Http.dll" /reference:"C:\Program Files\dotnet\packs\Microsoft.NETCore.App.Ref\10.0.4\ref\net10.0\System.Net.Http.Json.dll" /reference:"C:\Program Files\dotnet\packs\Microsoft.NETCore.App.Ref\10.0.4\ref\net10.0\System.Net.HttpListener.dll" /reference:"C:\Program Files\dotnet\packs\Microsoft.NETCore.App.Ref\10.0.4\ref\net10.0\System.Net.Mail.dll" /reference:"C:\Program Files\dotnet\packs\Microsoft.NETCore.App.Ref\10.0.4\ref\net10.0\System.Net.NameResolution.dll" /reference:"C:\Program Files\dotnet\packs\Microsoft.NETCore.App.Ref\10.0.4\ref\net10.0\System.Net.NetworkInformation.dll" /reference:"C:\Program Files\dotnet\packs\Microsoft.NETCore.App.Ref\10.0.4\ref\net10.0\System.Net.Ping.dll" /reference:"C:\Program Files\dotnet\packs\Microsoft.NETCore.App.Ref\10.0.4\ref\net10.0\System.Net.Primitives.dll" /reference:"C:\Program Files\dotnet\packs\Microsoft.NETCore.App.Ref\10.0.4\ref\net10.0\System.Net.Quic.dll" /reference:"C:\Program Files\dotnet\packs\Microsoft.NETCore.App.Ref\10.0.4\ref\net10.0\System.Net.Requests.dll" /reference:"C:\Program Files\dotnet\packs\Microsoft.NETCore.App.Ref\10.0.4\ref\net10.0\System.Net.Security.dll" /reference:"C:\Program Files\dotnet\packs\Microsoft.NETCore.App.Ref\10.0.4\ref\net10.0\System.Net.ServerSentEvents.dll" /reference:"C:\Program Files\dotnet\packs\Microsoft.NETCore.App.Ref\10.0.4\ref\net10.0\System.Net.ServicePoint.dll" /reference:"C:\Program Files\dotnet\packs\Microsoft.NETCore.App.Ref\10.0.4\ref\net10.0\System.Net.Sockets.dll" /reference:"C:\Program Files\dotnet\packs\Microsoft.NETCore.App.Ref\10.0.4\ref\net10.0\System.Net.WebClient.dll" /reference:"C:\Program Files\dotnet\packs\Microsoft.NETCore.App.Ref\10.0.4\ref\net10.0\System.Net.WebHeaderCollection.dll" /reference:"C:\Program Files\dotnet\packs\Microsoft.NETCore.App.Ref\10.0.4\ref\net10.0\System.Net.WebProxy.dll" /reference:"C:\Program Files\dotnet\packs\Microsoft.NETCore.App.Ref\10.0.4\ref\net10.0\System.Net.WebSockets.Client.dll" /reference:"C:\Program Files\dotnet\packs\Microsoft.NETCore.App.Ref\10.0.4\ref\net10.0\System.Net.WebSockets.dll" /reference:"C:\Program Files\dotnet\packs\Microsoft.NETCore.App.Ref\10.0.4\ref\net10.0\System.Numerics.dll" /reference:"C:\Program Files\dotnet\packs\Microsoft.NETCore.App.Ref\10.0.4\ref\net10.0\System.Numerics.Vectors.dll" /reference:"C:\Program Files\dotnet\packs\Microsoft.NETCore.App.Ref\10.0.4\ref\net10.0\System.ObjectModel.dll" /reference:"C:\Program Files\dotnet\packs\Microsoft.NETCore.App.Ref\10.0.4\ref\net10.0\System.Reflection.DispatchProxy.dll" /reference:"C:\Program Files\dotnet\packs\Microsoft.NETCore.App.Ref\10.0.4\ref\net10.0\System.Reflection.dll" /reference:"C:\Program Files\dotnet\packs\Microsoft.NETCore.App.Ref\10.0.4\ref\net10.0\System.Reflection.Emit.dll" /reference:"C:\Program Files\dotnet\packs\Microsoft.NETCore.App.Ref\10.0.4\ref\net10.0\System.Reflection.Emit.ILGeneration.dll" /reference:"C:\Program Files\dotnet\packs\Microsoft.NETCore.App.Ref\10.0.4\ref\net10.0\System.Reflection.Emit.Lightweight.dll" /reference:"C:\Program Files\dotnet\packs\Microsoft.NETCore.App.Ref\10.0.4\ref\net10.0\System.Reflection.Extensions.dll" /reference:"C:\Program Files\dotnet\packs\Microsoft.NETCore.App.Ref\10.0.4\ref\net10.0\System.Reflection.Metadata.dll" /reference:"C:\Program Files\dotnet\packs\Microsoft.NETCore.App.Ref\10.0.4\ref\net10.0\System.Reflection.Primitives.dll" /reference:"C:\Program Files\dotnet\packs\Microsoft.NETCore.App.Ref\10.0.4\ref\net10.0\System.Reflection.TypeExtensions.dll" /reference:"C:\Program Files\dotnet\packs\Microsoft.NETCore.App.Ref\10.0.4\ref\net10.0\System.Resources.Reader.dll" /reference:"C:\Program Files\dotnet\packs\Microsoft.NETCore.App.Ref\10.0.4\ref\net10.0\System.Resources.ResourceManager.dll" /reference:"C:\Program Files\dotnet\packs\Microsoft.NETCore.App.Ref\10.0.4\ref\net10.0\System.Resources.Writer.dll" /reference:"C:\Program Files\dotnet\packs\Microsoft.NETCore.App.Ref\10.0.4\ref\net10.0\System.Runtime.CompilerServices.Unsafe.dll" /reference:"C:\Program Files\dotnet\packs\Microsoft.NETCore.App.Ref\10.0.4\ref\net10.0\System.Runtime.CompilerServices.VisualC.dll" /reference:"C:\Program Files\dotnet\packs\Microsoft.NETCore.App.Ref\10.0.4\ref\net10.0\System.Runtime.dll" /reference:"C:\Program Files\dotnet\packs\Microsoft.NETCore.App.Ref\10.0.4\ref\net10.0\System.Runtime.Extensions.dll" /reference:"C:\Program Files\dotnet\packs\Microsoft.NETCore.App.Ref\10.0.4\ref\net10.0\System.Runtime.Handles.dll" /reference:"C:\Program Files\dotnet\packs\Microsoft.NETCore.App.Ref\10.0.4\ref\net10.0\System.Runtime.InteropServices.dll" /reference:"C:\Program Files\dotnet\packs\Microsoft.NETCore.App.Ref\10.0.4\ref\net10.0\System.Runtime.InteropServices.JavaScript.dll" /reference:"C:\Program Files\dotnet\packs\Microsoft.NETCore.App.Ref\10.0.4\ref\net10.0\System.Runtime.InteropServices.RuntimeInformation.dll" /reference:"C:\Program Files\dotnet\packs\Microsoft.NETCore.App.Ref\10.0.4\ref\net10.0\System.Runtime.Intrinsics.dll" /reference:"C:\Program Files\dotnet\packs\Microsoft.NETCore.App.Ref\10.0.4\ref\net10.0\System.Runtime.Loader.dll" /reference:"C:\Program Files\dotnet\packs\Microsoft.NETCore.App.Ref\10.0.4\ref\net10.0\System.Runtime.Numerics.dll" /reference:"C:\Program Files\dotnet\packs\Microsoft.NETCore.App.Ref\10.0.4\ref\net10.0\System.Runtime.Serialization.dll" /reference:"C:\Program Files\dotnet\packs\Microsoft.NETCore.App.Ref\10.0.4\ref\net10.0\System.Runtime.Serialization.Formatters.dll" /reference:"C:\Program Files\dotnet\packs\Microsoft.NETCore.App.Ref\10.0.4\ref\net10.0\System.Runtime.Serialization.Json.dll" /reference:"C:\Program Files\dotnet\packs\Microsoft.NETCore.App.Ref\10.0.4\ref\net10.0\System.Runtime.Serialization.Primitives.dll" /reference:"C:\Program Files\dotnet\packs\Microsoft.NETCore.App.Ref\10.0.4\ref\net10.0\System.Runtime.Serialization.Xml.dll" /reference:"C:\Program Files\dotnet\packs\Microsoft.NETCore.App.Ref\10.0.4\ref\net10.0\System.Security.AccessControl.dll" /reference:"C:\Program Files\dotnet\packs\Microsoft.NETCore.App.Ref\10.0.4\ref\net10.0\System.Security.Claims.dll" /reference:"C:\Program Files\dotnet\packs\Microsoft.NETCore.App.Ref\10.0.4\ref\net10.0\System.Security.Cryptography.Algorithms.dll" /reference:"C:\Program Files\dotnet\packs\Microsoft.NETCore.App.Ref\10.0.4\ref\net10.0\System.Security.Cryptography.Cng.dll" /reference:"C:\Program Files\dotnet\packs\Microsoft.NETCore.App.Ref\10.0.4\ref\net10.0\System.Security.Cryptography.Csp.dll" /reference:"C:\Program Files\dotnet\packs\Microsoft.NETCore.App.Ref\10.0.4\ref\net10.0\System.Security.Cryptography.dll" /reference:"C:\Program Files\dotnet\packs\Microsoft.NETCore.App.Ref\10.0.4\ref\net10.0\System.Security.Cryptography.Encoding.dll" /reference:"C:\Program Files\dotnet\packs\Microsoft.NETCore.App.Ref\10.0.4\ref\net10.0\System.Security.Cryptography.OpenSsl.dll" /reference:"C:\Program Files\dotnet\packs\Microsoft.NETCore.App.Ref\10.0.4\ref\net10.0\System.Security.Cryptography.Primitives.dll" /reference:"C:\Program Files\dotnet\packs\Microsoft.NETCore.App.Ref\10.0.4\ref\net10.0\System.Security.Cryptography.X509Certificates.dll" /reference:"C:\Program Files\dotnet\packs\Microsoft.NETCore.App.Ref\10.0.4\ref\net10.0\System.Security.dll" /reference:"C:\Program Files\dotnet\packs\Microsoft.NETCore.App.Ref\10.0.4\ref\net10.0\System.Security.Principal.dll" /reference:"C:\Program Files\dotnet\packs\Microsoft.NETCore.App.Ref\10.0.4\ref\net10.0\System.Security.Principal.Windows.dll" /reference:"C:\Program Files\dotnet\packs\Microsoft.NETCore.App.Ref\10.0.4\ref\net10.0\System.Security.SecureString.dll" /reference:"C:\Program Files\dotnet\packs\Microsoft.NETCore.App.Ref\10.0.4\ref\net10.0\System.ServiceModel.Web.dll" /reference:"C:\Program Files\dotnet\packs\Microsoft.NETCore.App.Ref\10.0.4\ref\net10.0\System.ServiceProcess.dll" /reference:"C:\Program Files\dotnet\packs\Microsoft.NETCore.App.Ref\10.0.4\ref\net10.0\System.Text.Encoding.CodePages.dll" /reference:"C:\Program Files\dotnet\packs\Microsoft.NETCore.App.Ref\10.0.4\ref\net10.0\System.Text.Encoding.dll" /reference:"C:\Program Files\dotnet\packs\Microsoft.NETCore.App.Ref\10.0.4\ref\net10.0\System.Text.Encoding.Extensions.dll" /reference:"C:\Program Files\dotnet\packs\Microsoft.NETCore.App.Ref\10.0.4\ref\net10.0\System.Text.Encodings.Web.dll" /reference:"C:\Program Files\dotnet\packs\Microsoft.NETCore.App.Ref\10.0.4\ref\net10.0\System.Text.Json.dll" /reference:"C:\Program Files\dotnet\packs\Microsoft.NETCore.App.Ref\10.0.4\ref\net10.0\System.Text.RegularExpressions.dll" /reference:"C:\Program Files\dotnet\packs\Microsoft.NETCore.App.Ref\10.0.4\ref\net10.0\System.Threading.AccessControl.dll" /reference:"C:\Program Files\dotnet\packs\Microsoft.NETCore.App.Ref\10.0.4\ref\net10.0\System.Threading.Channels.dll" /reference:"C:\Program Files\dotnet\packs\Microsoft.NETCore.App.Ref\10.0.4\ref\net10.0\System.Threading.dll" /reference:"C:\Program Files\dotnet\packs\Microsoft.NETCore.App.Ref\10.0.4\ref\net10.0\System.Threading.Overlapped.dll" /reference:"C:\Program Files\dotnet\packs\Microsoft.NETCore.App.Ref\10.0.4\ref\net10.0\System.Threading.Tasks.Dataflow.dll" /reference:"C:\Program Files\dotnet\packs\Microsoft.NETCore.App.Ref\10.0.4\ref\net10.0\System.Threading.Tasks.dll" /reference:"C:\Program Files\dotnet\packs\Microsoft.NETCore.App.Ref\10.0.4\ref\net10.0\System.Threading.Tasks.Extensions.dll" /reference:"C:\Program Files\dotnet\packs\Microsoft.NETCore.App.Ref\10.0.4\ref\net10.0\System.Threading.Tasks.Parallel.dll" /reference:"C:\Program Files\dotnet\packs\Microsoft.NETCore.App.Ref\10.0.4\ref\net10.0\System.Threading.Thread.dll" /reference:"C:\Program Files\dotnet\packs\Microsoft.NETCore.App.Ref\10.0.4\ref\net10.0\System.Threading.ThreadPool.dll" /reference:"C:\Program Files\dotnet\packs\Microsoft.NETCore.App.Ref\10.0.4\ref\net10.0\System.Threading.Timer.dll" /reference:"C:\Program Files\dotnet\packs\Microsoft.NETCore.App.Ref\10.0.4\ref\net10.0\System.Transactions.dll" /reference:"C:\Program Files\dotnet\packs\Microsoft.NETCore.App.Ref\10.0.4\ref\net10.0\System.Transactions.Local.dll" /reference:"C:\Program Files\dotnet\packs\Microsoft.NETCore.App.Ref\10.0.4\ref\net10.0\System.ValueTuple.dll" /reference:"C:\Program Files\dotnet\packs\Microsoft.NETCore.App.Ref\10.0.4\ref\net10.0\System.Web.dll" /reference:"C:\Program Files\dotnet\packs\Microsoft.NETCore.App.Ref\10.0.4\ref\net10.0\System.Web.HttpUtility.dll" /reference:"C:\Program Files\dotnet\packs\Microsoft.NETCore.App.Ref\10.0.4\ref\net10.0\System.Windows.dll" /reference:"C:\Program Files\dotnet\packs\Microsoft.NETCore.App.Ref\10.0.4\ref\net10.0\System.Xml.dll" /reference:"C:\Program Files\dotnet\packs\Microsoft.NETCore.App.Ref\10.0.4\ref\net10.0\System.Xml.Linq.dll" /reference:"C:\Program Files\dotnet\packs\Microsoft.NETCore.App.Ref\10.0.4\ref\net10.0\System.Xml.ReaderWriter.dll" /reference:"C:\Program Files\dotnet\packs\Microsoft.NETCore.App.Ref\10.0.4\ref\net10.0\System.Xml.Serialization.dll" /reference:"C:\Program Files\dotnet\packs\Microsoft.NETCore.App.Ref\10.0.4\ref\net10.0\System.Xml.XDocument.dll" /reference:"C:\Program Files\dotnet\packs\Microsoft.NETCore.App.Ref\10.0.4\ref\net10.0\System.Xml.XmlDocument.dll" /reference:"C:\Program Files\dotnet\packs\Microsoft.NETCore.App.Ref\10.0.4\ref\net10.0\System.Xml.XmlSerializer.dll" /reference:"C:\Program Files\dotnet\packs\Microsoft.NETCore.App.Ref\10.0.4\ref\net10.0\System.Xml.XPath.dll" /reference:"C:\Program Files\dotnet\packs\Microsoft.NETCore.App.Ref\10.0.4\ref\net10.0\System.Xml.XPath.XDocument.dll" /reference:D:\warhub\wham\artifacts\obj\WarHub.ArmouryModel.Source\debug\ref\WarHub.ArmouryModel.Source.dll /reference:"C:\Program Files\dotnet\packs\Microsoft.NETCore.App.Ref\10.0.4\ref\net10.0\WindowsBase.dll" /features:"InterceptorsNamespaces=;Microsoft.Extensions.Validation.Generated" /debug+ /debug:portable /filealign:512 /optimize- /out:D:\warhub\wham\artifacts\obj\WarHub.ArmouryModel.Extensions\debug\WarHub.ArmouryModel.Extensions.dll /refout:D:\warhub\wham\artifacts\obj\WarHub.ArmouryModel.Extensions\debug\refint\WarHub.ArmouryModel.Extensions.dll /target:library /warnaserror- /utf8output /deterministic+ /sourcelink:D:\warhub\wham\artifacts\obj\WarHub.ArmouryModel.Extensions\debug\WarHub.ArmouryModel.Extensions.sourcelink.json /langversion:latest /embed:D:\warhub\wham\artifacts\obj\WarHub.ArmouryModel.Extensions\debug\WarHub.ArmouryModel.Extensions.Version.cs /embed:D:\warhub\wham\artifacts\obj\WarHub.ArmouryModel.Extensions\debug\WarHub.ArmouryModel.Extensions.GlobalUsings.g.cs /embed:"D:\warhub\wham\artifacts\obj\WarHub.ArmouryModel.Extensions\debug\.NETCoreApp,Version=v10.0.AssemblyAttributes.cs" /embed:D:\warhub\wham\artifacts\obj\WarHub.ArmouryModel.Extensions\debug\WarHub.ArmouryModel.Extensions.AssemblyInfo.cs /analyzerconfig:D:\warhub\wham\.editorconfig /analyzerconfig:D:\warhub\wham\artifacts\obj\WarHub.ArmouryModel.Extensions\debug\WarHub.ArmouryModel.Extensions.GeneratedMSBuildEditorConfig.editorconfig /analyzerconfig:"C:\Program Files\dotnet\sdk\10.0.104\Sdks\Microsoft.NET.Sdk\analyzers\build\config\analysislevel_10_all.globalconfig" /analyzer:"C:\Program Files\dotnet\sdk\10.0.104\Sdks\Microsoft.NET.Sdk\targets\..\analyzers\Microsoft.CodeAnalysis.CSharp.NetAnalyzers.dll" /analyzer:"C:\Program Files\dotnet\sdk\10.0.104\Sdks\Microsoft.NET.Sdk\targets\..\analyzers\Microsoft.CodeAnalysis.NetAnalyzers.dll" /analyzer:"C:\Program Files\dotnet\packs\Microsoft.NETCore.App.Ref\10.0.4\analyzers/dotnet/cs/Microsoft.Interop.ComInterfaceGenerator.dll" /analyzer:"C:\Program Files\dotnet\packs\Microsoft.NETCore.App.Ref\10.0.4\analyzers/dotnet/cs/Microsoft.Interop.JavaScript.JSImportGenerator.dll" /analyzer:"C:\Program Files\dotnet\packs\Microsoft.NETCore.App.Ref\10.0.4\analyzers/dotnet/cs/Microsoft.Interop.LibraryImportGenerator.dll" /analyzer:"C:\Program Files\dotnet\packs\Microsoft.NETCore.App.Ref\10.0.4\analyzers/dotnet/cs/Microsoft.Interop.SourceGeneration.dll" /analyzer:"C:\Program Files\dotnet\packs\Microsoft.NETCore.App.Ref\10.0.4\analyzers/dotnet/cs/System.Text.Json.SourceGeneration.dll" /analyzer:"C:\Program Files\dotnet\packs\Microsoft.NETCore.App.Ref\10.0.4\analyzers/dotnet/cs/System.Text.RegularExpressions.Generator.dll" D:\warhub\wham\artifacts\obj\WarHub.ArmouryModel.Extensions\debug\WarHub.ArmouryModel.Extensions.Version.cs Binding\BindingDiagnosticBag.cs Binding\CandidateReason.cs Binding\LookupOptions.cs Binding\LookupResult.cs Binding\LookupResultKind.cs Binding\LookupResultKindExtensions.cs Binding\SingleLookupResult.cs Compilation\Compilation.cs Compilation\CompilationOptions.cs Diagnostics\CommonMessageProvider.cs Diagnostics\Diagnostic.cs Diagnostics\Diagnostic.SimpleDiagnostic.cs Diagnostics\DiagnosticBag.cs Diagnostics\DiagnosticDescriptor.cs Diagnostics\DiagnosticFormatter.cs Diagnostics\DiagnosticInfo.cs Diagnostics\DiagnosticSeverity.cs Diagnostics\DiagnosticWithInfo.cs Diagnostics\ReportDiagnostic.cs Diagnostics\UseSiteInfo.cs Diagnostics\WellKnownDiagnosticTags.cs SemanticModel.cs SourceTree.cs Symbols\ContainerKind.cs Symbols\EffectOperation.cs Symbols\EffectTargetKind.cs Symbols\ICatalogueReferenceSymbol.cs Symbols\ICatalogueSymbol.cs Symbols\ICategoryEntrySymbol.cs Symbols\ICategorySymbol.cs Symbols\ICharacteristicSymbol.cs Symbols\IConditionSymbol.cs Symbols\IConstraintSymbol.cs Symbols\IContainerEntryInstanceSymbol.cs Symbols\IContainerEntrySymbol.cs Symbols\ICostSymbol.cs Symbols\IEffectSymbol.cs Symbols\IEntryInstanceSymbol.cs Symbols\IEntryReferencePathSymbol.cs Symbols\IEntrySymbol.cs Symbols\IErrorSymbol.cs Symbols\IForceContainerSymbol.cs Symbols\IForceEntrySymbol.cs Symbols\IForceSymbol.cs Symbols\IGamesystemNamespaceSymbol.cs Symbols\ILogicSymbol.cs Symbols\IModuleSymbol.cs Symbols\IProfileSymbol.cs Symbols\IPublicationReferenceSymbol.cs Symbols\IPublicationSymbol.cs Symbols\IQuerySymbol.cs Symbols\IResourceDefinitionSymbol.cs Symbols\IResourceEntrySymbol.cs Symbols\IResourceSymbol.cs Symbols\IRosterCostSymbol.cs Symbols\IRosterProfileSymbol.cs Symbols\IRosterRuleSymbol.cs Symbols\IRosterSymbol.cs Symbols\IRuleSymbol.cs Symbols\ISelectionContainerSymbol.cs Symbols\ISelectionEntryContainerSymbol.cs Symbols\ISelectionEntryGroupSymbol.cs Symbols\ISelectionEntrySymbol.cs Symbols\ISelectionSymbol.cs Symbols\ISymbol.cs Symbols\ISymbolExtensions.cs Symbols\LogicalOperator.cs Symbols\QueryComparisonType.cs Symbols\QueryFilterKind.cs Symbols\QueryOptions.cs Symbols\QueryScopeKind.cs Symbols\QueryValueKind.cs Symbols\ResourceKind.cs Symbols\SymbolKind.cs Symbols\SymbolVisitor.cs SyntaxReference.cs Text\FileLinePositionSpan.cs Text\LinePosition.cs Text\LinePositionSpan.cs Text\LocalizableString.cs Text\LocalizableString.FixedLocalizableString.cs Text\Location.cs Text\LocationKind.cs Text\NoLocation.cs Text\SourceLocation.cs Text\TextSpan.cs Utilities\CollectionsExtensions.cs Utilities\EnumerableExtensions.cs Utilities\HashSetExtensions.cs Utilities\ImmutableArrayExtensions.cs Utilities\InterlockedOperations.cs Utilities\ISetExtensions.cs Utilities\PooledHashSet.cs Utilities\SourceNodeExtensions.cs Utilities\ThreadSafeFlagOperations.cs D:\warhub\wham\artifacts\obj\WarHub.ArmouryModel.Extensions\debug\WarHub.ArmouryModel.Extensions.GlobalUsings.g.cs "D:\warhub\wham\artifacts\obj\WarHub.ArmouryModel.Extensions\debug\.NETCoreApp,Version=v10.0.AssemblyAttributes.cs" D:\warhub\wham\artifacts\obj\WarHub.ArmouryModel.Extensions\debug\WarHub.ArmouryModel.Extensions.AssemblyInfo.cs /warnaserror+:NU1605,SYSLIB0011
         Compilation request WarHub.ArmouryModel.Extensions (net10.0), PathToTool=C:\Program Files\dotnet\sdk\10.0.104\Roslyn\bincore\csc.exe
     5>CoreCompile:
         Setting DOTNET_ROOT to 'C:\Program Files\dotnet'
     7>CoreCompile:
         CommandLine = ' /noconfig'
         BuildResponseFile = '/unsafe- /checked- /nowarn:CS1591,NU5105,CA1515,1701,1702 /fullpaths /nostdlib+ /errorreport:prompt /warn:10 /doc:D:\warhub\wham\artifacts\obj\WarHub.ArmouryModel.Extensions\debug\WarHub.ArmouryModel.Extensions.xml /define:TRACE;DEBUG;NET;NET10_0;NETCOREAPP;NET5_0_OR_GREATER;NET6_0_OR_GREATER;NET7_0_OR_GREATER;NET8_0_OR_GREATER;NET9_0_OR_GREATER;NET10_0_OR_GREATER;NETCOREAPP1_0_OR_GREATER;NETCOREAPP1_1_OR_GREATER;NETCOREAPP2_0_OR_GREATER;NETCOREAPP2_1_OR_GREATER;NETCOREAPP2_2_OR_GREATER;NETCOREAPP3_0_OR_GREATER;NETCOREAPP3_1_OR_GREATER /highentropyva+ /nullable:enable /reference:"C:\Program Files\dotnet\packs\Microsoft.NETCore.App.Ref\10.0.4\ref\net10.0\Microsoft.CSharp.dll" /reference:"C:\Program Files\dotnet\packs\Microsoft.NETCore.App.Ref\10.0.4\ref\net10.0\Microsoft.VisualBasic.Core.dll" /reference:"C:\Program Files\dotnet\packs\Microsoft.NETCore.App.Ref\10.0.4\ref\net10.0\Microsoft.VisualBasic.dll" /reference:"C:\Program Files\dotnet\packs\Microsoft.NETCore.App.Ref\10.0.4\ref\net10.0\Microsoft.Win32.Primitives.dll" /reference:"C:\Program Files\dotnet\packs\Microsoft.NETCore.App.Ref\10.0.4\ref\net10.0\Microsoft.Win32.Registry.dll" /reference:"C:\Program Files\dotnet\packs\Microsoft.NETCore.App.Ref\10.0.4\ref\net10.0\mscorlib.dll" /reference:"C:\Program Files\dotnet\packs\Microsoft.NETCore.App.Ref\10.0.4\ref\net10.0\netstandard.dll" /reference:"C:\Program Files\dotnet\packs\Microsoft.NETCore.App.Ref\10.0.4\ref\net10.0\System.AppContext.dll" /reference:"C:\Program Files\dotnet\packs\Microsoft.NETCore.App.Ref\10.0.4\ref\net10.0\System.Buffers.dll" /reference:"C:\Program Files\dotnet\packs\Microsoft.NETCore.App.Ref\10.0.4\ref\net10.0\System.Collections.Concurrent.dll" /reference:"C:\Program Files\dotnet\packs\Microsoft.NETCore.App.Ref\10.0.4\ref\net10.0\System.Collections.dll" /reference:"C:\Program Files\dotnet\packs\Microsoft.NETCore.App.Ref\10.0.4\ref\net10.0\System.Collections.Immutable.dll" /reference:"C:\Program Files\dotnet\packs\Microsoft.NETCore.App.Ref\10.0.4\ref\net10.0\System.Collections.NonGeneric.dll" /reference:"C:\Program Files\dotnet\packs\Microsoft.NETCore.App.Ref\10.0.4\ref\net10.0\System.Collections.Specialized.dll" /reference:"C:\Program Files\dotnet\packs\Microsoft.NETCore.App.Ref\10.0.4\ref\net10.0\System.ComponentModel.Annotations.dll" /reference:"C:\Program Files\dotnet\packs\Microsoft.NETCore.App.Ref\10.0.4\ref\net10.0\System.ComponentModel.DataAnnotations.dll" /reference:"C:\Program Files\dotnet\packs\Microsoft.NETCore.App.Ref\10.0.4\ref\net10.0\System.ComponentModel.dll" /reference:"C:\Program Files\dotnet\packs\Microsoft.NETCore.App.Ref\10.0.4\ref\net10.0\System.ComponentModel.EventBasedAsync.dll" /reference:"C:\Program Files\dotnet\packs\Microsoft.NETCore.App.Ref\10.0.4\ref\net10.0\System.ComponentModel.Primitives.dll" /reference:"C:\Program Files\dotnet\packs\Microsoft.NETCore.App.Ref\10.0.4\ref\net10.0\System.ComponentModel.TypeConverter.dll" /reference:"C:\Program Files\dotnet\packs\Microsoft.NETCore.App.Ref\10.0.4\ref\net10.0\System.Configuration.dll" /reference:"C:\Program Files\dotnet\packs\Microsoft.NETCore.App.Ref\10.0.4\ref\net10.0\System.Console.dll" /reference:"C:\Program Files\dotnet\packs\Microsoft.NETCore.App.Ref\10.0.4\ref\net10.0\System.Core.dll" /reference:"C:\Program Files\dotnet\packs\Microsoft.NETCore.App.Ref\10.0.4\ref\net10.0\System.Data.Common.dll" /reference:"C:\Program Files\dotnet\packs\Microsoft.NETCore.App.Ref\10.0.4\ref\net10.0\System.Data.DataSetExtensions.dll" /reference:"C:\Program Files\dotnet\packs\Microsoft.NETCore.App.Ref\10.0.4\ref\net10.0\System.Data.dll" /reference:"C:\Program Files\dotnet\packs\Microsoft.NETCore.App.Ref\10.0.4\ref\net10.0\System.Diagnostics.Contracts.dll" /reference:"C:\Program Files\dotnet\packs\Microsoft.NETCore.App.Ref\10.0.4\ref\net10.0\System.Diagnostics.Debug.dll" /reference:"C:\Program Files\dotnet\packs\Microsoft.NETCore.App.Ref\10.0.4\ref\net10.0\System.Diagnostics.DiagnosticSource.dll" /reference:"C:\Program Files\dotnet\packs\Microsoft.NETCore.App.Ref\10.0.4\ref\net10.0\System.Diagnostics.FileVersionInfo.dll" /reference:"C:\Program Files\dotnet\packs\Microsoft.NETCore.App.Ref\10.0.4\ref\net10.0\System.Diagnostics.Process.dll" /reference:"C:\Program Files\dotnet\packs\Microsoft.NETCore.App.Ref\10.0.4\ref\net10.0\System.Diagnostics.StackTrace.dll" /reference:"C:\Program Files\dotnet\packs\Microsoft.NETCore.App.Ref\10.0.4\ref\net10.0\System.Diagnostics.TextWriterTraceListener.dll" /reference:"C:\Program Files\dotnet\packs\Microsoft.NETCore.App.Ref\10.0.4\ref\net10.0\System.Diagnostics.Tools.dll" /reference:"C:\Program Files\dotnet\packs\Microsoft.NETCore.App.Ref\10.0.4\ref\net10.0\System.Diagnostics.TraceSource.dll" /reference:"C:\Program Files\dotnet\packs\Microsoft.NETCore.App.Ref\10.0.4\ref\net10.0\System.Diagnostics.Tracing.dll" /reference:"C:\Program Files\dotnet\packs\Microsoft.NETCore.App.Ref\10.0.4\ref\net10.0\System.dll" /reference:"C:\Program Files\dotnet\packs\Microsoft.NETCore.App.Ref\10.0.4\ref\net10.0\System.Drawing.dll" /reference:"C:\Program Files\dotnet\packs\Microsoft.NETCore.App.Ref\10.0.4\ref\net10.0\System.Drawing.Primitives.dll" /reference:"C:\Program Files\dotnet\packs\Microsoft.NETCore.App.Ref\10.0.4\ref\net10.0\System.Dynamic.Runtime.dll" /reference:"C:\Program Files\dotnet\packs\Microsoft.NETCore.App.Ref\10.0.4\ref\net10.0\System.Formats.Asn1.dll" /reference:"C:\Program Files\dotnet\packs\Microsoft.NETCore.App.Ref\10.0.4\ref\net10.0\System.Formats.Tar.dll" /reference:"C:\Program Files\dotnet\packs\Microsoft.NETCore.App.Ref\10.0.4\ref\net10.0\System.Globalization.Calendars.dll" /reference:"C:\Program Files\dotnet\packs\Microsoft.NETCore.App.Ref\10.0.4\ref\net10.0\System.Globalization.dll" /reference:"C:\Program Files\dotnet\packs\Microsoft.NETCore.App.Ref\10.0.4\ref\net10.0\System.Globalization.Extensions.dll" /reference:"C:\Program Files\dotnet\packs\Microsoft.NETCore.App.Ref\10.0.4\ref\net10.0\System.IO.Compression.Brotli.dll" /reference:"C:\Program Files\dotnet\packs\Microsoft.NETCore.App.Ref\10.0.4\ref\net10.0\System.IO.Compression.dll" /reference:"C:\Program Files\dotnet\packs\Microsoft.NETCore.App.Ref\10.0.4\ref\net10.0\System.IO.Compression.FileSystem.dll" /reference:"C:\Program Files\dotnet\packs\Microsoft.NETCore.App.Ref\10.0.4\ref\net10.0\System.IO.Compression.ZipFile.dll" /reference:"C:\Program Files\dotnet\packs\Microsoft.NETCore.App.Ref\10.0.4\ref\net10.0\System.IO.dll" /reference:"C:\Program Files\dotnet\packs\Microsoft.NETCore.App.Ref\10.0.4\ref\net10.0\System.IO.FileSystem.AccessControl.dll" /reference:"C:\Program Files\dotnet\packs\Microsoft.NETCore.App.Ref\10.0.4\ref\net10.0\System.IO.FileSystem.dll" /reference:"C:\Program Files\dotnet\packs\Microsoft.NETCore.App.Ref\10.0.4\ref\net10.0\System.IO.FileSystem.DriveInfo.dll" /reference:"C:\Program Files\dotnet\packs\Microsoft.NETCore.App.Ref\10.0.4\ref\net10.0\System.IO.FileSystem.Primitives.dll" /reference:"C:\Program Files\dotnet\packs\Microsoft.NETCore.App.Ref\10.0.4\ref\net10.0\System.IO.FileSystem.Watcher.dll" /reference:"C:\Program Files\dotnet\packs\Microsoft.NETCore.App.Ref\10.0.4\ref\net10.0\System.IO.IsolatedStorage.dll" /reference:"C:\Program Files\dotnet\packs\Microsoft.NETCore.App.Ref\10.0.4\ref\net10.0\System.IO.MemoryMappedFiles.dll" /reference:"C:\Program Files\dotnet\packs\Microsoft.NETCore.App.Ref\10.0.4\ref\net10.0\System.IO.Pipelines.dll" /reference:"C:\Program Files\dotnet\packs\Microsoft.NETCore.App.Ref\10.0.4\ref\net10.0\System.IO.Pipes.AccessControl.dll" /reference:"C:\Program Files\dotnet\packs\Microsoft.NETCore.App.Ref\10.0.4\ref\net10.0\System.IO.Pipes.dll" /reference:"C:\Program Files\dotnet\packs\Microsoft.NETCore.App.Ref\10.0.4\ref\net10.0\System.IO.UnmanagedMemoryStream.dll" /reference:"C:\Program Files\dotnet\packs\Microsoft.NETCore.App.Ref\10.0.4\ref\net10.0\System.Linq.AsyncEnumerable.dll" /reference:"C:\Program Files\dotnet\packs\Microsoft.NETCore.App.Ref\10.0.4\ref\net10.0\System.Linq.dll" /reference:"C:\Program Files\dotnet\packs\Microsoft.NETCore.App.Ref\10.0.4\ref\net10.0\System.Linq.Expressions.dll" /reference:"C:\Program Files\dotnet\packs\Microsoft.NETCore.App.Ref\10.0.4\ref\net10.0\System.Linq.Parallel.dll" /reference:"C:\Program Files\dotnet\packs\Microsoft.NETCore.App.Ref\10.0.4\ref\net10.0\System.Linq.Queryable.dll" /reference:"C:\Program Files\dotnet\packs\Microsoft.NETCore.App.Ref\10.0.4\ref\net10.0\System.Memory.dll" /reference:"C:\Program Files\dotnet\packs\Microsoft.NETCore.App.Ref\10.0.4\ref\net10.0\System.Net.dll" /reference:"C:\Program Files\dotnet\packs\Microsoft.NETCore.App.Ref\10.0.4\ref\net10.0\System.Net.Http.dll" /reference:"C:\Program Files\dotnet\packs\Microsoft.NETCore.App.Ref\10.0.4\ref\net10.0\System.Net.Http.Json.dll" /reference:"C:\Program Files\dotnet\packs\Microsoft.NETCore.App.Ref\10.0.4\ref\net10.0\System.Net.HttpListener.dll" /reference:"C:\Program Files\dotnet\packs\Microsoft.NETCore.App.Ref\10.0.4\ref\net10.0\System.Net.Mail.dll" /reference:"C:\Program Files\dotnet\packs\Microsoft.NETCore.App.Ref\10.0.4\ref\net10.0\System.Net.NameResolution.dll" /reference:"C:\Program Files\dotnet\packs\Microsoft.NETCore.App.Ref\10.0.4\ref\net10.0\System.Net.NetworkInformation.dll" /reference:"C:\Program Files\dotnet\packs\Microsoft.NETCore.App.Ref\10.0.4\ref\net10.0\System.Net.Ping.dll" /reference:"C:\Program Files\dotnet\packs\Microsoft.NETCore.App.Ref\10.0.4\ref\net10.0\System.Net.Primitives.dll" /reference:"C:\Program Files\dotnet\packs\Microsoft.NETCore.App.Ref\10.0.4\ref\net10.0\System.Net.Quic.dll" /reference:"C:\Program Files\dotnet\packs\Microsoft.NETCore.App.Ref\10.0.4\ref\net10.0\System.Net.Requests.dll" /reference:"C:\Program Files\dotnet\packs\Microsoft.NETCore.App.Ref\10.0.4\ref\net10.0\System.Net.Security.dll" /reference:"C:\Program Files\dotnet\packs\Microsoft.NETCore.App.Ref\10.0.4\ref\net10.0\System.Net.ServerSentEvents.dll" /reference:"C:\Program Files\dotnet\packs\Microsoft.NETCore.App.Ref\10.0.4\ref\net10.0\System.Net.ServicePoint.dll" /reference:"C:\Program Files\dotnet\packs\Microsoft.NETCore.App.Ref\10.0.4\ref\net10.0\System.Net.Sockets.dll" /reference:"C:\Program Files\dotnet\packs\Microsoft.NETCore.App.Ref\10.0.4\ref\net10.0\System.Net.WebClient.dll" /reference:"C:\Program Files\dotnet\packs\Microsoft.NETCore.App.Ref\10.0.4\ref\net10.0\System.Net.WebHeaderCollection.dll" /reference:"C:\Program Files\dotnet\packs\Microsoft.NETCore.App.Ref\10.0.4\ref\net10.0\System.Net.WebProxy.dll" /reference:"C:\Program Files\dotnet\packs\Microsoft.NETCore.App.Ref\10.0.4\ref\net10.0\System.Net.WebSockets.Client.dll" /reference:"C:\Program Files\dotnet\packs\Microsoft.NETCore.App.Ref\10.0.4\ref\net10.0\System.Net.WebSockets.dll" /reference:"C:\Program Files\dotnet\packs\Microsoft.NETCore.App.Ref\10.0.4\ref\net10.0\System.Numerics.dll" /reference:"C:\Program Files\dotnet\packs\Microsoft.NETCore.App.Ref\10.0.4\ref\net10.0\System.Numerics.Vectors.dll" /reference:"C:\Program Files\dotnet\packs\Microsoft.NETCore.App.Ref\10.0.4\ref\net10.0\System.ObjectModel.dll" /reference:"C:\Program Files\dotnet\packs\Microsoft.NETCore.App.Ref\10.0.4\ref\net10.0\System.Reflection.DispatchProxy.dll" /reference:"C:\Program Files\dotnet\packs\Microsoft.NETCore.App.Ref\10.0.4\ref\net10.0\System.Reflection.dll" /reference:"C:\Program Files\dotnet\packs\Microsoft.NETCore.App.Ref\10.0.4\ref\net10.0\System.Reflection.Emit.dll" /reference:"C:\Program Files\dotnet\packs\Microsoft.NETCore.App.Ref\10.0.4\ref\net10.0\System.Reflection.Emit.ILGeneration.dll" /reference:"C:\Program Files\dotnet\packs\Microsoft.NETCore.App.Ref\10.0.4\ref\net10.0\System.Reflection.Emit.Lightweight.dll" /reference:"C:\Program Files\dotnet\packs\Microsoft.NETCore.App.Ref\10.0.4\ref\net10.0\System.Reflection.Extensions.dll" /reference:"C:\Program Files\dotnet\packs\Microsoft.NETCore.App.Ref\10.0.4\ref\net10.0\System.Reflection.Metadata.dll" /reference:"C:\Program Files\dotnet\packs\Microsoft.NETCore.App.Ref\10.0.4\ref\net10.0\System.Reflection.Primitives.dll" /reference:"C:\Program Files\dotnet\packs\Microsoft.NETCore.App.Ref\10.0.4\ref\net10.0\System.Reflection.TypeExtensions.dll" /reference:"C:\Program Files\dotnet\packs\Microsoft.NETCore.App.Ref\10.0.4\ref\net10.0\System.Resources.Reader.dll" /reference:"C:\Program Files\dotnet\packs\Microsoft.NETCore.App.Ref\10.0.4\ref\net10.0\System.Resources.ResourceManager.dll" /reference:"C:\Program Files\dotnet\packs\Microsoft.NETCore.App.Ref\10.0.4\ref\net10.0\System.Resources.Writer.dll" /reference:"C:\Program Files\dotnet\packs\Microsoft.NETCore.App.Ref\10.0.4\ref\net10.0\System.Runtime.CompilerServices.Unsafe.dll" /reference:"C:\Program Files\dotnet\packs\Microsoft.NETCore.App.Ref\10.0.4\ref\net10.0\System.Runtime.CompilerServices.VisualC.dll" /reference:"C:\Program Files\dotnet\packs\Microsoft.NETCore.App.Ref\10.0.4\ref\net10.0\System.Runtime.dll" /reference:"C:\Program Files\dotnet\packs\Microsoft.NETCore.App.Ref\10.0.4\ref\net10.0\System.Runtime.Extensions.dll" /reference:"C:\Program Files\dotnet\packs\Microsoft.NETCore.App.Ref\10.0.4\ref\net10.0\System.Runtime.Handles.dll" /reference:"C:\Program Files\dotnet\packs\Microsoft.NETCore.App.Ref\10.0.4\ref\net10.0\System.Runtime.InteropServices.dll" /reference:"C:\Program Files\dotnet\packs\Microsoft.NETCore.App.Ref\10.0.4\ref\net10.0\System.Runtime.InteropServices.JavaScript.dll" /reference:"C:\Program Files\dotnet\packs\Microsoft.NETCore.App.Ref\10.0.4\ref\net10.0\System.Runtime.InteropServices.RuntimeInformation.dll" /reference:"C:\Program Files\dotnet\packs\Microsoft.NETCore.App.Ref\10.0.4\ref\net10.0\System.Runtime.Intrinsics.dll" /reference:"C:\Program Files\dotnet\packs\Microsoft.NETCore.App.Ref\10.0.4\ref\net10.0\System.Runtime.Loader.dll" /reference:"C:\Program Files\dotnet\packs\Microsoft.NETCore.App.Ref\10.0.4\ref\net10.0\System.Runtime.Numerics.dll" /reference:"C:\Program Files\dotnet\packs\Microsoft.NETCore.App.Ref\10.0.4\ref\net10.0\System.Runtime.Serialization.dll" /reference:"C:\Program Files\dotnet\packs\Microsoft.NETCore.App.Ref\10.0.4\ref\net10.0\System.Runtime.Serialization.Formatters.dll" /reference:"C:\Program Files\dotnet\packs\Microsoft.NETCore.App.Ref\10.0.4\ref\net10.0\System.Runtime.Serialization.Json.dll" /reference:"C:\Program Files\dotnet\packs\Microsoft.NETCore.App.Ref\10.0.4\ref\net10.0\System.Runtime.Serialization.Primitives.dll" /reference:"C:\Program Files\dotnet\packs\Microsoft.NETCore.App.Ref\10.0.4\ref\net10.0\System.Runtime.Serialization.Xml.dll" /reference:"C:\Program Files\dotnet\packs\Microsoft.NETCore.App.Ref\10.0.4\ref\net10.0\System.Security.AccessControl.dll" /reference:"C:\Program Files\dotnet\packs\Microsoft.NETCore.App.Ref\10.0.4\ref\net10.0\System.Security.Claims.dll" /reference:"C:\Program Files\dotnet\packs\Microsoft.NETCore.App.Ref\10.0.4\ref\net10.0\System.Security.Cryptography.Algorithms.dll" /reference:"C:\Program Files\dotnet\packs\Microsoft.NETCore.App.Ref\10.0.4\ref\net10.0\System.Security.Cryptography.Cng.dll" /reference:"C:\Program Files\dotnet\packs\Microsoft.NETCore.App.Ref\10.0.4\ref\net10.0\System.Security.Cryptography.Csp.dll" /reference:"C:\Program Files\dotnet\packs\Microsoft.NETCore.App.Ref\10.0.4\ref\net10.0\System.Security.Cryptography.dll" /reference:"C:\Program Files\dotnet\packs\Microsoft.NETCore.App.Ref\10.0.4\ref\net10.0\System.Security.Cryptography.Encoding.dll" /reference:"C:\Program Files\dotnet\packs\Microsoft.NETCore.App.Ref\10.0.4\ref\net10.0\System.Security.Cryptography.OpenSsl.dll" /reference:"C:\Program Files\dotnet\packs\Microsoft.NETCore.App.Ref\10.0.4\ref\net10.0\System.Security.Cryptography.Primitives.dll" /reference:"C:\Program Files\dotnet\packs\Microsoft.NETCore.App.Ref\10.0.4\ref\net10.0\System.Security.Cryptography.X509Certificates.dll" /reference:"C:\Program Files\dotnet\packs\Microsoft.NETCore.App.Ref\10.0.4\ref\net10.0\System.Security.dll" /reference:"C:\Program Files\dotnet\packs\Microsoft.NETCore.App.Ref\10.0.4\ref\net10.0\System.Security.Principal.dll" /reference:"C:\Program Files\dotnet\packs\Microsoft.NETCore.App.Ref\10.0.4\ref\net10.0\System.Security.Principal.Windows.dll" /reference:"C:\Program Files\dotnet\packs\Microsoft.NETCore.App.Ref\10.0.4\ref\net10.0\System.Security.SecureString.dll" /reference:"C:\Program Files\dotnet\packs\Microsoft.NETCore.App.Ref\10.0.4\ref\net10.0\System.ServiceModel.Web.dll" /reference:"C:\Program Files\dotnet\packs\Microsoft.NETCore.App.Ref\10.0.4\ref\net10.0\System.ServiceProcess.dll" /reference:"C:\Program Files\dotnet\packs\Microsoft.NETCore.App.Ref\10.0.4\ref\net10.0\System.Text.Encoding.CodePages.dll" /reference:"C:\Program Files\dotnet\packs\Microsoft.NETCore.App.Ref\10.0.4\ref\net10.0\System.Text.Encoding.dll" /reference:"C:\Program Files\dotnet\packs\Microsoft.NETCore.App.Ref\10.0.4\ref\net10.0\System.Text.Encoding.Extensions.dll" /reference:"C:\Program Files\dotnet\packs\Microsoft.NETCore.App.Ref\10.0.4\ref\net10.0\System.Text.Encodings.Web.dll" /reference:"C:\Program Files\dotnet\packs\Microsoft.NETCore.App.Ref\10.0.4\ref\net10.0\System.Text.Json.dll" /reference:"C:\Program Files\dotnet\packs\Microsoft.NETCore.App.Ref\10.0.4\ref\net10.0\System.Text.RegularExpressions.dll" /reference:"C:\Program Files\dotnet\packs\Microsoft.NETCore.App.Ref\10.0.4\ref\net10.0\System.Threading.AccessControl.dll" /reference:"C:\Program Files\dotnet\packs\Microsoft.NETCore.App.Ref\10.0.4\ref\net10.0\System.Threading.Channels.dll" /reference:"C:\Program Files\dotnet\packs\Microsoft.NETCore.App.Ref\10.0.4\ref\net10.0\System.Threading.dll" /reference:"C:\Program Files\dotnet\packs\Microsoft.NETCore.App.Ref\10.0.4\ref\net10.0\System.Threading.Overlapped.dll" /reference:"C:\Program Files\dotnet\packs\Microsoft.NETCore.App.Ref\10.0.4\ref\net10.0\System.Threading.Tasks.Dataflow.dll" /reference:"C:\Program Files\dotnet\packs\Microsoft.NETCore.App.Ref\10.0.4\ref\net10.0\System.Threading.Tasks.dll" /reference:"C:\Program Files\dotnet\packs\Microsoft.NETCore.App.Ref\10.0.4\ref\net10.0\System.Threading.Tasks.Extensions.dll" /reference:"C:\Program Files\dotnet\packs\Microsoft.NETCore.App.Ref\10.0.4\ref\net10.0\System.Threading.Tasks.Parallel.dll" /reference:"C:\Program Files\dotnet\packs\Microsoft.NETCore.App.Ref\10.0.4\ref\net10.0\System.Threading.Thread.dll" /reference:"C:\Program Files\dotnet\packs\Microsoft.NETCore.App.Ref\10.0.4\ref\net10.0\System.Threading.ThreadPool.dll" /reference:"C:\Program Files\dotnet\packs\Microsoft.NETCore.App.Ref\10.0.4\ref\net10.0\System.Threading.Timer.dll" /reference:"C:\Program Files\dotnet\packs\Microsoft.NETCore.App.Ref\10.0.4\ref\net10.0\System.Transactions.dll" /reference:"C:\Program Files\dotnet\packs\Microsoft.NETCore.App.Ref\10.0.4\ref\net10.0\System.Transactions.Local.dll" /reference:"C:\Program Files\dotnet\packs\Microsoft.NETCore.App.Ref\10.0.4\ref\net10.0\System.ValueTuple.dll" /reference:"C:\Program Files\dotnet\packs\Microsoft.NETCore.App.Ref\10.0.4\ref\net10.0\System.Web.dll" /reference:"C:\Program Files\dotnet\packs\Microsoft.NETCore.App.Ref\10.0.4\ref\net10.0\System.Web.HttpUtility.dll" /reference:"C:\Program Files\dotnet\packs\Microsoft.NETCore.App.Ref\10.0.4\ref\net10.0\System.Windows.dll" /reference:"C:\Program Files\dotnet\packs\Microsoft.NETCore.App.Ref\10.0.4\ref\net10.0\System.Xml.dll" /reference:"C:\Program Files\dotnet\packs\Microsoft.NETCore.App.Ref\10.0.4\ref\net10.0\System.Xml.Linq.dll" /reference:"C:\Program Files\dotnet\packs\Microsoft.NETCore.App.Ref\10.0.4\ref\net10.0\System.Xml.ReaderWriter.dll" /reference:"C:\Program Files\dotnet\packs\Microsoft.NETCore.App.Ref\10.0.4\ref\net10.0\System.Xml.Serialization.dll" /reference:"C:\Program Files\dotnet\packs\Microsoft.NETCore.App.Ref\10.0.4\ref\net10.0\System.Xml.XDocument.dll" /reference:"C:\Program Files\dotnet\packs\Microsoft.NETCore.App.Ref\10.0.4\ref\net10.0\System.Xml.XmlDocument.dll" /reference:"C:\Program Files\dotnet\packs\Microsoft.NETCore.App.Ref\10.0.4\ref\net10.0\System.Xml.XmlSerializer.dll" /reference:"C:\Program Files\dotnet\packs\Microsoft.NETCore.App.Ref\10.0.4\ref\net10.0\System.Xml.XPath.dll" /reference:"C:\Program Files\dotnet\packs\Microsoft.NETCore.App.Ref\10.0.4\ref\net10.0\System.Xml.XPath.XDocument.dll" /reference:D:\warhub\wham\artifacts\obj\WarHub.ArmouryModel.Source\debug\ref\WarHub.ArmouryModel.Source.dll /reference:"C:\Program Files\dotnet\packs\Microsoft.NETCore.App.Ref\10.0.4\ref\net10.0\WindowsBase.dll" /features:"InterceptorsNamespaces=;Microsoft.Extensions.Validation.Generated" /debug+ /debug:portable /filealign:512 /optimize- /out:D:\warhub\wham\artifacts\obj\WarHub.ArmouryModel.Extensions\debug\WarHub.ArmouryModel.Extensions.dll /refout:D:\warhub\wham\artifacts\obj\WarHub.ArmouryModel.Extensions\debug\refint\WarHub.ArmouryModel.Extensions.dll /target:library /warnaserror- /utf8output /deterministic+ /sourcelink:D:\warhub\wham\artifacts\obj\WarHub.ArmouryModel.Extensions\debug\WarHub.ArmouryModel.Extensions.sourcelink.json /langversion:latest /embed:D:\warhub\wham\artifacts\obj\WarHub.ArmouryModel.Extensions\debug\WarHub.ArmouryModel.Extensions.Version.cs /embed:D:\warhub\wham\artifacts\obj\WarHub.ArmouryModel.Extensions\debug\WarHub.ArmouryModel.Extensions.GlobalUsings.g.cs /embed:"D:\warhub\wham\artifacts\obj\WarHub.ArmouryModel.Extensions\debug\.NETCoreApp,Version=v10.0.AssemblyAttributes.cs" /embed:D:\warhub\wham\artifacts\obj\WarHub.ArmouryModel.Extensions\debug\WarHub.ArmouryModel.Extensions.AssemblyInfo.cs /analyzerconfig:D:\warhub\wham\.editorconfig /analyzerconfig:D:\warhub\wham\artifacts\obj\WarHub.ArmouryModel.Extensions\debug\WarHub.ArmouryModel.Extensions.GeneratedMSBuildEditorConfig.editorconfig /analyzerconfig:"C:\Program Files\dotnet\sdk\10.0.104\Sdks\Microsoft.NET.Sdk\analyzers\build\config\analysislevel_10_all.globalconfig" /analyzer:"C:\Program Files\dotnet\sdk\10.0.104\Sdks\Microsoft.NET.Sdk\targets\..\analyzers\Microsoft.CodeAnalysis.CSharp.NetAnalyzers.dll" /analyzer:"C:\Program Files\dotnet\sdk\10.0.104\Sdks\Microsoft.NET.Sdk\targets\..\analyzers\Microsoft.CodeAnalysis.NetAnalyzers.dll" /analyzer:"C:\Program Files\dotnet\packs\Microsoft.NETCore.App.Ref\10.0.4\analyzers/dotnet/cs/Microsoft.Interop.ComInterfaceGenerator.dll" /analyzer:"C:\Program Files\dotnet\packs\Microsoft.NETCore.App.Ref\10.0.4\analyzers/dotnet/cs/Microsoft.Interop.JavaScript.JSImportGenerator.dll" /analyzer:"C:\Program Files\dotnet\packs\Microsoft.NETCore.App.Ref\10.0.4\analyzers/dotnet/cs/Microsoft.Interop.LibraryImportGenerator.dll" /analyzer:"C:\Program Files\dotnet\packs\Microsoft.NETCore.App.Ref\10.0.4\analyzers/dotnet/cs/Microsoft.Interop.SourceGeneration.dll" /analyzer:"C:\Program Files\dotnet\packs\Microsoft.NETCore.App.Ref\10.0.4\analyzers/dotnet/cs/System.Text.Json.SourceGeneration.dll" /analyzer:"C:\Program Files\dotnet\packs\Microsoft.NETCore.App.Ref\10.0.4\analyzers/dotnet/cs/System.Text.RegularExpressions.Generator.dll" D:\warhub\wham\artifacts\obj\WarHub.ArmouryModel.Extensions\debug\WarHub.ArmouryModel.Extensions.Version.cs Binding\BindingDiagnosticBag.cs Binding\CandidateReason.cs Binding\LookupOptions.cs Binding\LookupResult.cs Binding\LookupResultKind.cs Binding\LookupResultKindExtensions.cs Binding\SingleLookupResult.cs Compilation\Compilation.cs Compilation\CompilationOptions.cs Diagnostics\CommonMessageProvider.cs Diagnostics\Diagnostic.cs Diagnostics\Diagnostic.SimpleDiagnostic.cs Diagnostics\DiagnosticBag.cs Diagnostics\DiagnosticDescriptor.cs Diagnostics\DiagnosticFormatter.cs Diagnostics\DiagnosticInfo.cs Diagnostics\DiagnosticSeverity.cs Diagnostics\DiagnosticWithInfo.cs Diagnostics\ReportDiagnostic.cs Diagnostics\UseSiteInfo.cs Diagnostics\WellKnownDiagnosticTags.cs SemanticModel.cs SourceTree.cs Symbols\ContainerKind.cs Symbols\EffectOperation.cs Symbols\EffectTargetKind.cs Symbols\ICatalogueReferenceSymbol.cs Symbols\ICatalogueSymbol.cs Symbols\ICategoryEntrySymbol.cs Symbols\ICategorySymbol.cs Symbols\ICharacteristicSymbol.cs Symbols\IConditionSymbol.cs Symbols\IConstraintSymbol.cs Symbols\IContainerEntryInstanceSymbol.cs Symbols\IContainerEntrySymbol.cs Symbols\ICostSymbol.cs Symbols\IEffectSymbol.cs Symbols\IEntryInstanceSymbol.cs Symbols\IEntryReferencePathSymbol.cs Symbols\IEntrySymbol.cs Symbols\IErrorSymbol.cs Symbols\IForceContainerSymbol.cs Symbols\IForceEntrySymbol.cs Symbols\IForceSymbol.cs Symbols\IGamesystemNamespaceSymbol.cs Symbols\ILogicSymbol.cs Symbols\IModuleSymbol.cs Symbols\IProfileSymbol.cs Symbols\IPublicationReferenceSymbol.cs Symbols\IPublicationSymbol.cs Symbols\IQuerySymbol.cs Symbols\IResourceDefinitionSymbol.cs Symbols\IResourceEntrySymbol.cs Symbols\IResourceSymbol.cs Symbols\IRosterCostSymbol.cs Symbols\IRosterProfileSymbol.cs Symbols\IRosterRuleSymbol.cs Symbols\IRosterSymbol.cs Symbols\IRuleSymbol.cs Symbols\ISelectionContainerSymbol.cs Symbols\ISelectionEntryContainerSymbol.cs Symbols\ISelectionEntryGroupSymbol.cs Symbols\ISelectionEntrySymbol.cs Symbols\ISelectionSymbol.cs Symbols\ISymbol.cs Symbols\ISymbolExtensions.cs Symbols\LogicalOperator.cs Symbols\QueryComparisonType.cs Symbols\QueryFilterKind.cs Symbols\QueryOptions.cs Symbols\QueryScopeKind.cs Symbols\QueryValueKind.cs Symbols\ResourceKind.cs Symbols\SymbolKind.cs Symbols\SymbolVisitor.cs SyntaxReference.cs Text\FileLinePositionSpan.cs Text\LinePosition.cs Text\LinePositionSpan.cs Text\LocalizableString.cs Text\LocalizableString.FixedLocalizableString.cs Text\Location.cs Text\LocationKind.cs Text\NoLocation.cs Text\SourceLocation.cs Text\TextSpan.cs Utilities\CollectionsExtensions.cs Utilities\EnumerableExtensions.cs Utilities\HashSetExtensions.cs Utilities\ImmutableArrayExtensions.cs Utilities\InterlockedOperations.cs Utilities\ISetExtensions.cs Utilities\PooledHashSet.cs Utilities\SourceNodeExtensions.cs Utilities\ThreadSafeFlagOperations.cs D:\warhub\wham\artifacts\obj\WarHub.ArmouryModel.Extensions\debug\WarHub.ArmouryModel.Extensions.GlobalUsings.g.cs "D:\warhub\wham\artifacts\obj\WarHub.ArmouryModel.Extensions\debug\.NETCoreApp,Version=v10.0.AssemblyAttributes.cs" D:\warhub\wham\artifacts\obj\WarHub.ArmouryModel.Extensions\debug\WarHub.ArmouryModel.Extensions.AssemblyInfo.cs /warnaserror+:NU1605,SYSLIB0011'
     5>CoreCompile:
         C:\Program Files\dotnet\sdk\10.0.104\Roslyn\bincore\csc.exe /noconfig /unsafe- /checked- /nowarn:CS1591,NU5105,CA1515,1701,1702 /fullpaths /nostdlib+ /errorreport:prompt /warn:10 /doc:D:\warhub\wham\artifacts\obj\WarHub.ArmouryModel.Source.BattleScribe\debug\WarHub.ArmouryModel.Source.BattleScribe.xml /define:TRACE;DEBUG;NET;NET10_0;NETCOREAPP;NET5_0_OR_GREATER;NET6_0_OR_GREATER;NET7_0_OR_GREATER;NET8_0_OR_GREATER;NET9_0_OR_GREATER;NET10_0_OR_GREATER;NETCOREAPP1_0_OR_GREATER;NETCOREAPP1_1_OR_GREATER;NETCOREAPP2_0_OR_GREATER;NETCOREAPP2_1_OR_GREATER;NETCOREAPP2_2_OR_GREATER;NETCOREAPP3_0_OR_GREATER;NETCOREAPP3_1_OR_GREATER /highentropyva+ /nullable:enable /reference:"C:\Program Files\dotnet\packs\Microsoft.NETCore.App.Ref\10.0.4\ref\net10.0\Microsoft.CSharp.dll" /reference:"C:\Program Files\dotnet\packs\Microsoft.NETCore.App.Ref\10.0.4\ref\net10.0\Microsoft.VisualBasic.Core.dll" /reference:"C:\Program Files\dotnet\packs\Microsoft.NETCore.App.Ref\10.0.4\ref\net10.0\Microsoft.VisualBasic.dll" /reference:"C:\Program Files\dotnet\packs\Microsoft.NETCore.App.Ref\10.0.4\ref\net10.0\Microsoft.Win32.Primitives.dll" /reference:"C:\Program Files\dotnet\packs\Microsoft.NETCore.App.Ref\10.0.4\ref\net10.0\Microsoft.Win32.Registry.dll" /reference:"C:\Program Files\dotnet\packs\Microsoft.NETCore.App.Ref\10.0.4\ref\net10.0\mscorlib.dll" /reference:"C:\Program Files\dotnet\packs\Microsoft.NETCore.App.Ref\10.0.4\ref\net10.0\netstandard.dll" /reference:"C:\Program Files\dotnet\packs\Microsoft.NETCore.App.Ref\10.0.4\ref\net10.0\System.AppContext.dll" /reference:"C:\Program Files\dotnet\packs\Microsoft.NETCore.App.Ref\10.0.4\ref\net10.0\System.Buffers.dll" /reference:"C:\Program Files\dotnet\packs\Microsoft.NETCore.App.Ref\10.0.4\ref\net10.0\System.Collections.Concurrent.dll" /reference:"C:\Program Files\dotnet\packs\Microsoft.NETCore.App.Ref\10.0.4\ref\net10.0\System.Collections.dll" /reference:"C:\Program Files\dotnet\packs\Microsoft.NETCore.App.Ref\10.0.4\ref\net10.0\System.Collections.Immutable.dll" /reference:"C:\Program Files\dotnet\packs\Microsoft.NETCore.App.Ref\10.0.4\ref\net10.0\System.Collections.NonGeneric.dll" /reference:"C:\Program Files\dotnet\packs\Microsoft.NETCore.App.Ref\10.0.4\ref\net10.0\System.Collections.Specialized.dll" /reference:"C:\Program Files\dotnet\packs\Microsoft.NETCore.App.Ref\10.0.4\ref\net10.0\System.ComponentModel.Annotations.dll" /reference:"C:\Program Files\dotnet\packs\Microsoft.NETCore.App.Ref\10.0.4\ref\net10.0\System.ComponentModel.DataAnnotations.dll" /reference:"C:\Program Files\dotnet\packs\Microsoft.NETCore.App.Ref\10.0.4\ref\net10.0\System.ComponentModel.dll" /reference:"C:\Program Files\dotnet\packs\Microsoft.NETCore.App.Ref\10.0.4\ref\net10.0\System.ComponentModel.EventBasedAsync.dll" /reference:"C:\Program Files\dotnet\packs\Microsoft.NETCore.App.Ref\10.0.4\ref\net10.0\System.ComponentModel.Primitives.dll" /reference:"C:\Program Files\dotnet\packs\Microsoft.NETCore.App.Ref\10.0.4\ref\net10.0\System.ComponentModel.TypeConverter.dll" /reference:"C:\Program Files\dotnet\packs\Microsoft.NETCore.App.Ref\10.0.4\ref\net10.0\System.Configuration.dll" /reference:"C:\Program Files\dotnet\packs\Microsoft.NETCore.App.Ref\10.0.4\ref\net10.0\System.Console.dll" /reference:"C:\Program Files\dotnet\packs\Microsoft.NETCore.App.Ref\10.0.4\ref\net10.0\System.Core.dll" /reference:"C:\Program Files\dotnet\packs\Microsoft.NETCore.App.Ref\10.0.4\ref\net10.0\System.Data.Common.dll" /reference:"C:\Program Files\dotnet\packs\Microsoft.NETCore.App.Ref\10.0.4\ref\net10.0\System.Data.DataSetExtensions.dll" /reference:"C:\Program Files\dotnet\packs\Microsoft.NETCore.App.Ref\10.0.4\ref\net10.0\System.Data.dll" /reference:"C:\Program Files\dotnet\packs\Microsoft.NETCore.App.Ref\10.0.4\ref\net10.0\System.Diagnostics.Contracts.dll" /reference:"C:\Program Files\dotnet\packs\Microsoft.NETCore.App.Ref\10.0.4\ref\net10.0\System.Diagnostics.Debug.dll" /reference:"C:\Program Files\dotnet\packs\Microsoft.NETCore.App.Ref\10.0.4\ref\net10.0\System.Diagnostics.DiagnosticSource.dll" /reference:"C:\Program Files\dotnet\packs\Microsoft.NETCore.App.Ref\10.0.4\ref\net10.0\System.Diagnostics.FileVersionInfo.dll" /reference:"C:\Program Files\dotnet\packs\Microsoft.NETCore.App.Ref\10.0.4\ref\net10.0\System.Diagnostics.Process.dll" /reference:"C:\Program Files\dotnet\packs\Microsoft.NETCore.App.Ref\10.0.4\ref\net10.0\System.Diagnostics.StackTrace.dll" /reference:"C:\Program Files\dotnet\packs\Microsoft.NETCore.App.Ref\10.0.4\ref\net10.0\System.Diagnostics.TextWriterTraceListener.dll" /reference:"C:\Program Files\dotnet\packs\Microsoft.NETCore.App.Ref\10.0.4\ref\net10.0\System.Diagnostics.Tools.dll" /reference:"C:\Program Files\dotnet\packs\Microsoft.NETCore.App.Ref\10.0.4\ref\net10.0\System.Diagnostics.TraceSource.dll" /reference:"C:\Program Files\dotnet\packs\Microsoft.NETCore.App.Ref\10.0.4\ref\net10.0\System.Diagnostics.Tracing.dll" /reference:"C:\Program Files\dotnet\packs\Microsoft.NETCore.App.Ref\10.0.4\ref\net10.0\System.dll" /reference:"C:\Program Files\dotnet\packs\Microsoft.NETCore.App.Ref\10.0.4\ref\net10.0\System.Drawing.dll" /reference:"C:\Program Files\dotnet\packs\Microsoft.NETCore.App.Ref\10.0.4\ref\net10.0\System.Drawing.Primitives.dll" /reference:"C:\Program Files\dotnet\packs\Microsoft.NETCore.App.Ref\10.0.4\ref\net10.0\System.Dynamic.Runtime.dll" /reference:"C:\Program Files\dotnet\packs\Microsoft.NETCore.App.Ref\10.0.4\ref\net10.0\System.Formats.Asn1.dll" /reference:"C:\Program Files\dotnet\packs\Microsoft.NETCore.App.Ref\10.0.4\ref\net10.0\System.Formats.Tar.dll" /reference:"C:\Program Files\dotnet\packs\Microsoft.NETCore.App.Ref\10.0.4\ref\net10.0\System.Globalization.Calendars.dll" /reference:"C:\Program Files\dotnet\packs\Microsoft.NETCore.App.Ref\10.0.4\ref\net10.0\System.Globalization.dll" /reference:"C:\Program Files\dotnet\packs\Microsoft.NETCore.App.Ref\10.0.4\ref\net10.0\System.Globalization.Extensions.dll" /reference:"C:\Program Files\dotnet\packs\Microsoft.NETCore.App.Ref\10.0.4\ref\net10.0\System.IO.Compression.Brotli.dll" /reference:"C:\Program Files\dotnet\packs\Microsoft.NETCore.App.Ref\10.0.4\ref\net10.0\System.IO.Compression.dll" /reference:"C:\Program Files\dotnet\packs\Microsoft.NETCore.App.Ref\10.0.4\ref\net10.0\System.IO.Compression.FileSystem.dll" /reference:"C:\Program Files\dotnet\packs\Microsoft.NETCore.App.Ref\10.0.4\ref\net10.0\System.IO.Compression.ZipFile.dll" /reference:"C:\Program Files\dotnet\packs\Microsoft.NETCore.App.Ref\10.0.4\ref\net10.0\System.IO.dll" /reference:"C:\Program Files\dotnet\packs\Microsoft.NETCore.App.Ref\10.0.4\ref\net10.0\System.IO.FileSystem.AccessControl.dll" /reference:"C:\Program Files\dotnet\packs\Microsoft.NETCore.App.Ref\10.0.4\ref\net10.0\System.IO.FileSystem.dll" /reference:"C:\Program Files\dotnet\packs\Microsoft.NETCore.App.Ref\10.0.4\ref\net10.0\System.IO.FileSystem.DriveInfo.dll" /reference:"C:\Program Files\dotnet\packs\Microsoft.NETCore.App.Ref\10.0.4\ref\net10.0\System.IO.FileSystem.Primitives.dll" /reference:"C:\Program Files\dotnet\packs\Microsoft.NETCore.App.Ref\10.0.4\ref\net10.0\System.IO.FileSystem.Watcher.dll" /reference:"C:\Program Files\dotnet\packs\Microsoft.NETCore.App.Ref\10.0.4\ref\net10.0\System.IO.IsolatedStorage.dll" /reference:"C:\Program Files\dotnet\packs\Microsoft.NETCore.App.Ref\10.0.4\ref\net10.0\System.IO.MemoryMappedFiles.dll" /reference:"C:\Program Files\dotnet\packs\Microsoft.NETCore.App.Ref\10.0.4\ref\net10.0\System.IO.Pipelines.dll" /reference:"C:\Program Files\dotnet\packs\Microsoft.NETCore.App.Ref\10.0.4\ref\net10.0\System.IO.Pipes.AccessControl.dll" /reference:"C:\Program Files\dotnet\packs\Microsoft.NETCore.App.Ref\10.0.4\ref\net10.0\System.IO.Pipes.dll" /reference:"C:\Program Files\dotnet\packs\Microsoft.NETCore.App.Ref\10.0.4\ref\net10.0\System.IO.UnmanagedMemoryStream.dll" /reference:"C:\Program Files\dotnet\packs\Microsoft.NETCore.App.Ref\10.0.4\ref\net10.0\System.Linq.AsyncEnumerable.dll" /reference:"C:\Program Files\dotnet\packs\Microsoft.NETCore.App.Ref\10.0.4\ref\net10.0\System.Linq.dll" /reference:"C:\Program Files\dotnet\packs\Microsoft.NETCore.App.Ref\10.0.4\ref\net10.0\System.Linq.Expressions.dll" /reference:"C:\Program Files\dotnet\packs\Microsoft.NETCore.App.Ref\10.0.4\ref\net10.0\System.Linq.Parallel.dll" /reference:"C:\Program Files\dotnet\packs\Microsoft.NETCore.App.Ref\10.0.4\ref\net10.0\System.Linq.Queryable.dll" /reference:"C:\Program Files\dotnet\packs\Microsoft.NETCore.App.Ref\10.0.4\ref\net10.0\System.Memory.dll" /reference:"C:\Program Files\dotnet\packs\Microsoft.NETCore.App.Ref\10.0.4\ref\net10.0\System.Net.dll" /reference:"C:\Program Files\dotnet\packs\Microsoft.NETCore.App.Ref\10.0.4\ref\net10.0\System.Net.Http.dll" /reference:"C:\Program Files\dotnet\packs\Microsoft.NETCore.App.Ref\10.0.4\ref\net10.0\System.Net.Http.Json.dll" /reference:"C:\Program Files\dotnet\packs\Microsoft.NETCore.App.Ref\10.0.4\ref\net10.0\System.Net.HttpListener.dll" /reference:"C:\Program Files\dotnet\packs\Microsoft.NETCore.App.Ref\10.0.4\ref\net10.0\System.Net.Mail.dll" /reference:"C:\Program Files\dotnet\packs\Microsoft.NETCore.App.Ref\10.0.4\ref\net10.0\System.Net.NameResolution.dll" /reference:"C:\Program Files\dotnet\packs\Microsoft.NETCore.App.Ref\10.0.4\ref\net10.0\System.Net.NetworkInformation.dll" /reference:"C:\Program Files\dotnet\packs\Microsoft.NETCore.App.Ref\10.0.4\ref\net10.0\System.Net.Ping.dll" /reference:"C:\Program Files\dotnet\packs\Microsoft.NETCore.App.Ref\10.0.4\ref\net10.0\System.Net.Primitives.dll" /reference:"C:\Program Files\dotnet\packs\Microsoft.NETCore.App.Ref\10.0.4\ref\net10.0\System.Net.Quic.dll" /reference:"C:\Program Files\dotnet\packs\Microsoft.NETCore.App.Ref\10.0.4\ref\net10.0\System.Net.Requests.dll" /reference:"C:\Program Files\dotnet\packs\Microsoft.NETCore.App.Ref\10.0.4\ref\net10.0\System.Net.Security.dll" /reference:"C:\Program Files\dotnet\packs\Microsoft.NETCore.App.Ref\10.0.4\ref\net10.0\System.Net.ServerSentEvents.dll" /reference:"C:\Program Files\dotnet\packs\Microsoft.NETCore.App.Ref\10.0.4\ref\net10.0\System.Net.ServicePoint.dll" /reference:"C:\Program Files\dotnet\packs\Microsoft.NETCore.App.Ref\10.0.4\ref\net10.0\System.Net.Sockets.dll" /reference:"C:\Program Files\dotnet\packs\Microsoft.NETCore.App.Ref\10.0.4\ref\net10.0\System.Net.WebClient.dll" /reference:"C:\Program Files\dotnet\packs\Microsoft.NETCore.App.Ref\10.0.4\ref\net10.0\System.Net.WebHeaderCollection.dll" /reference:"C:\Program Files\dotnet\packs\Microsoft.NETCore.App.Ref\10.0.4\ref\net10.0\System.Net.WebProxy.dll" /reference:"C:\Program Files\dotnet\packs\Microsoft.NETCore.App.Ref\10.0.4\ref\net10.0\System.Net.WebSockets.Client.dll" /reference:"C:\Program Files\dotnet\packs\Microsoft.NETCore.App.Ref\10.0.4\ref\net10.0\System.Net.WebSockets.dll" /reference:"C:\Program Files\dotnet\packs\Microsoft.NETCore.App.Ref\10.0.4\ref\net10.0\System.Numerics.dll" /reference:"C:\Program Files\dotnet\packs\Microsoft.NETCore.App.Ref\10.0.4\ref\net10.0\System.Numerics.Vectors.dll" /reference:"C:\Program Files\dotnet\packs\Microsoft.NETCore.App.Ref\10.0.4\ref\net10.0\System.ObjectModel.dll" /reference:"C:\Program Files\dotnet\packs\Microsoft.NETCore.App.Ref\10.0.4\ref\net10.0\System.Reflection.DispatchProxy.dll" /reference:"C:\Program Files\dotnet\packs\Microsoft.NETCore.App.Ref\10.0.4\ref\net10.0\System.Reflection.dll" /reference:"C:\Program Files\dotnet\packs\Microsoft.NETCore.App.Ref\10.0.4\ref\net10.0\System.Reflection.Emit.dll" /reference:"C:\Program Files\dotnet\packs\Microsoft.NETCore.App.Ref\10.0.4\ref\net10.0\System.Reflection.Emit.ILGeneration.dll" /reference:"C:\Program Files\dotnet\packs\Microsoft.NETCore.App.Ref\10.0.4\ref\net10.0\System.Reflection.Emit.Lightweight.dll" /reference:"C:\Program Files\dotnet\packs\Microsoft.NETCore.App.Ref\10.0.4\ref\net10.0\System.Reflection.Extensions.dll" /reference:"C:\Program Files\dotnet\packs\Microsoft.NETCore.App.Ref\10.0.4\ref\net10.0\System.Reflection.Metadata.dll" /reference:"C:\Program Files\dotnet\packs\Microsoft.NETCore.App.Ref\10.0.4\ref\net10.0\System.Reflection.Primitives.dll" /reference:"C:\Program Files\dotnet\packs\Microsoft.NETCore.App.Ref\10.0.4\ref\net10.0\System.Reflection.TypeExtensions.dll" /reference:"C:\Program Files\dotnet\packs\Microsoft.NETCore.App.Ref\10.0.4\ref\net10.0\System.Resources.Reader.dll" /reference:"C:\Program Files\dotnet\packs\Microsoft.NETCore.App.Ref\10.0.4\ref\net10.0\System.Resources.ResourceManager.dll" /reference:"C:\Program Files\dotnet\packs\Microsoft.NETCore.App.Ref\10.0.4\ref\net10.0\System.Resources.Writer.dll" /reference:"C:\Program Files\dotnet\packs\Microsoft.NETCore.App.Ref\10.0.4\ref\net10.0\System.Runtime.CompilerServices.Unsafe.dll" /reference:"C:\Program Files\dotnet\packs\Microsoft.NETCore.App.Ref\10.0.4\ref\net10.0\System.Runtime.CompilerServices.VisualC.dll" /reference:"C:\Program Files\dotnet\packs\Microsoft.NETCore.App.Ref\10.0.4\ref\net10.0\System.Runtime.dll" /reference:"C:\Program Files\dotnet\packs\Microsoft.NETCore.App.Ref\10.0.4\ref\net10.0\System.Runtime.Extensions.dll" /reference:"C:\Program Files\dotnet\packs\Microsoft.NETCore.App.Ref\10.0.4\ref\net10.0\System.Runtime.Handles.dll" /reference:"C:\Program Files\dotnet\packs\Microsoft.NETCore.App.Ref\10.0.4\ref\net10.0\System.Runtime.InteropServices.dll" /reference:"C:\Program Files\dotnet\packs\Microsoft.NETCore.App.Ref\10.0.4\ref\net10.0\System.Runtime.InteropServices.JavaScript.dll" /reference:"C:\Program Files\dotnet\packs\Microsoft.NETCore.App.Ref\10.0.4\ref\net10.0\System.Runtime.InteropServices.RuntimeInformation.dll" /reference:"C:\Program Files\dotnet\packs\Microsoft.NETCore.App.Ref\10.0.4\ref\net10.0\System.Runtime.Intrinsics.dll" /reference:"C:\Program Files\dotnet\packs\Microsoft.NETCore.App.Ref\10.0.4\ref\net10.0\System.Runtime.Loader.dll" /reference:"C:\Program Files\dotnet\packs\Microsoft.NETCore.App.Ref\10.0.4\ref\net10.0\System.Runtime.Numerics.dll" /reference:"C:\Program Files\dotnet\packs\Microsoft.NETCore.App.Ref\10.0.4\ref\net10.0\System.Runtime.Serialization.dll" /reference:"C:\Program Files\dotnet\packs\Microsoft.NETCore.App.Ref\10.0.4\ref\net10.0\System.Runtime.Serialization.Formatters.dll" /reference:"C:\Program Files\dotnet\packs\Microsoft.NETCore.App.Ref\10.0.4\ref\net10.0\System.Runtime.Serialization.Json.dll" /reference:"C:\Program Files\dotnet\packs\Microsoft.NETCore.App.Ref\10.0.4\ref\net10.0\System.Runtime.Serialization.Primitives.dll" /reference:"C:\Program Files\dotnet\packs\Microsoft.NETCore.App.Ref\10.0.4\ref\net10.0\System.Runtime.Serialization.Xml.dll" /reference:"C:\Program Files\dotnet\packs\Microsoft.NETCore.App.Ref\10.0.4\ref\net10.0\System.Security.AccessControl.dll" /reference:"C:\Program Files\dotnet\packs\Microsoft.NETCore.App.Ref\10.0.4\ref\net10.0\System.Security.Claims.dll" /reference:"C:\Program Files\dotnet\packs\Microsoft.NETCore.App.Ref\10.0.4\ref\net10.0\System.Security.Cryptography.Algorithms.dll" /reference:"C:\Program Files\dotnet\packs\Microsoft.NETCore.App.Ref\10.0.4\ref\net10.0\System.Security.Cryptography.Cng.dll" /reference:"C:\Program Files\dotnet\packs\Microsoft.NETCore.App.Ref\10.0.4\ref\net10.0\System.Security.Cryptography.Csp.dll" /reference:"C:\Program Files\dotnet\packs\Microsoft.NETCore.App.Ref\10.0.4\ref\net10.0\System.Security.Cryptography.dll" /reference:"C:\Program Files\dotnet\packs\Microsoft.NETCore.App.Ref\10.0.4\ref\net10.0\System.Security.Cryptography.Encoding.dll" /reference:"C:\Program Files\dotnet\packs\Microsoft.NETCore.App.Ref\10.0.4\ref\net10.0\System.Security.Cryptography.OpenSsl.dll" /reference:"C:\Program Files\dotnet\packs\Microsoft.NETCore.App.Ref\10.0.4\ref\net10.0\System.Security.Cryptography.Primitives.dll" /reference:"C:\Program Files\dotnet\packs\Microsoft.NETCore.App.Ref\10.0.4\ref\net10.0\System.Security.Cryptography.X509Certificates.dll" /reference:"C:\Program Files\dotnet\packs\Microsoft.NETCore.App.Ref\10.0.4\ref\net10.0\System.Security.dll" /reference:"C:\Program Files\dotnet\packs\Microsoft.NETCore.App.Ref\10.0.4\ref\net10.0\System.Security.Principal.dll" /reference:"C:\Program Files\dotnet\packs\Microsoft.NETCore.App.Ref\10.0.4\ref\net10.0\System.Security.Principal.Windows.dll" /reference:"C:\Program Files\dotnet\packs\Microsoft.NETCore.App.Ref\10.0.4\ref\net10.0\System.Security.SecureString.dll" /reference:"C:\Program Files\dotnet\packs\Microsoft.NETCore.App.Ref\10.0.4\ref\net10.0\System.ServiceModel.Web.dll" /reference:"C:\Program Files\dotnet\packs\Microsoft.NETCore.App.Ref\10.0.4\ref\net10.0\System.ServiceProcess.dll" /reference:"C:\Program Files\dotnet\packs\Microsoft.NETCore.App.Ref\10.0.4\ref\net10.0\System.Text.Encoding.CodePages.dll" /reference:"C:\Program Files\dotnet\packs\Microsoft.NETCore.App.Ref\10.0.4\ref\net10.0\System.Text.Encoding.dll" /reference:"C:\Program Files\dotnet\packs\Microsoft.NETCore.App.Ref\10.0.4\ref\net10.0\System.Text.Encoding.Extensions.dll" /reference:"C:\Program Files\dotnet\packs\Microsoft.NETCore.App.Ref\10.0.4\ref\net10.0\System.Text.Encodings.Web.dll" /reference:"C:\Program Files\dotnet\packs\Microsoft.NETCore.App.Ref\10.0.4\ref\net10.0\System.Text.Json.dll" /reference:"C:\Program Files\dotnet\packs\Microsoft.NETCore.App.Ref\10.0.4\ref\net10.0\System.Text.RegularExpressions.dll" /reference:"C:\Program Files\dotnet\packs\Microsoft.NETCore.App.Ref\10.0.4\ref\net10.0\System.Threading.AccessControl.dll" /reference:"C:\Program Files\dotnet\packs\Microsoft.NETCore.App.Ref\10.0.4\ref\net10.0\System.Threading.Channels.dll" /reference:"C:\Program Files\dotnet\packs\Microsoft.NETCore.App.Ref\10.0.4\ref\net10.0\System.Threading.dll" /reference:"C:\Program Files\dotnet\packs\Microsoft.NETCore.App.Ref\10.0.4\ref\net10.0\System.Threading.Overlapped.dll" /reference:"C:\Program Files\dotnet\packs\Microsoft.NETCore.App.Ref\10.0.4\ref\net10.0\System.Threading.Tasks.Dataflow.dll" /reference:"C:\Program Files\dotnet\packs\Microsoft.NETCore.App.Ref\10.0.4\ref\net10.0\System.Threading.Tasks.dll" /reference:"C:\Program Files\dotnet\packs\Microsoft.NETCore.App.Ref\10.0.4\ref\net10.0\System.Threading.Tasks.Extensions.dll" /reference:"C:\Program Files\dotnet\packs\Microsoft.NETCore.App.Ref\10.0.4\ref\net10.0\System.Threading.Tasks.Parallel.dll" /reference:"C:\Program Files\dotnet\packs\Microsoft.NETCore.App.Ref\10.0.4\ref\net10.0\System.Threading.Thread.dll" /reference:"C:\Program Files\dotnet\packs\Microsoft.NETCore.App.Ref\10.0.4\ref\net10.0\System.Threading.ThreadPool.dll" /reference:"C:\Program Files\dotnet\packs\Microsoft.NETCore.App.Ref\10.0.4\ref\net10.0\System.Threading.Timer.dll" /reference:"C:\Program Files\dotnet\packs\Microsoft.NETCore.App.Ref\10.0.4\ref\net10.0\System.Transactions.dll" /reference:"C:\Program Files\dotnet\packs\Microsoft.NETCore.App.Ref\10.0.4\ref\net10.0\System.Transactions.Local.dll" /reference:"C:\Program Files\dotnet\packs\Microsoft.NETCore.App.Ref\10.0.4\ref\net10.0\System.ValueTuple.dll" /reference:"C:\Program Files\dotnet\packs\Microsoft.NETCore.App.Ref\10.0.4\ref\net10.0\System.Web.dll" /reference:"C:\Program Files\dotnet\packs\Microsoft.NETCore.App.Ref\10.0.4\ref\net10.0\System.Web.HttpUtility.dll" /reference:"C:\Program Files\dotnet\packs\Microsoft.NETCore.App.Ref\10.0.4\ref\net10.0\System.Windows.dll" /reference:"C:\Program Files\dotnet\packs\Microsoft.NETCore.App.Ref\10.0.4\ref\net10.0\System.Xml.dll" /reference:"C:\Program Files\dotnet\packs\Microsoft.NETCore.App.Ref\10.0.4\ref\net10.0\System.Xml.Linq.dll" /reference:"C:\Program Files\dotnet\packs\Microsoft.NETCore.App.Ref\10.0.4\ref\net10.0\System.Xml.ReaderWriter.dll" /reference:"C:\Program Files\dotnet\packs\Microsoft.NETCore.App.Ref\10.0.4\ref\net10.0\System.Xml.Serialization.dll" /reference:"C:\Program Files\dotnet\packs\Microsoft.NETCore.App.Ref\10.0.4\ref\net10.0\System.Xml.XDocument.dll" /reference:"C:\Program Files\dotnet\packs\Microsoft.NETCore.App.Ref\10.0.4\ref\net10.0\System.Xml.XmlDocument.dll" /reference:"C:\Program Files\dotnet\packs\Microsoft.NETCore.App.Ref\10.0.4\ref\net10.0\System.Xml.XmlSerializer.dll" /reference:"C:\Program Files\dotnet\packs\Microsoft.NETCore.App.Ref\10.0.4\ref\net10.0\System.Xml.XPath.dll" /reference:"C:\Program Files\dotnet\packs\Microsoft.NETCore.App.Ref\10.0.4\ref\net10.0\System.Xml.XPath.XDocument.dll" /reference:D:\warhub\wham\artifacts\obj\WarHub.ArmouryModel.Source\debug\ref\WarHub.ArmouryModel.Source.dll /reference:"C:\Program Files\dotnet\packs\Microsoft.NETCore.App.Ref\10.0.4\ref\net10.0\WindowsBase.dll" /features:"InterceptorsNamespaces=;Microsoft.Extensions.Validation.Generated" /debug+ /debug:portable /filealign:512 /optimize- /out:D:\warhub\wham\artifacts\obj\WarHub.ArmouryModel.Source.BattleScribe\debug\WarHub.ArmouryModel.Source.BattleScribe.dll /refout:D:\warhub\wham\artifacts\obj\WarHub.ArmouryModel.Source.BattleScribe\debug\refint\WarHub.ArmouryModel.Source.BattleScribe.dll /target:library /warnaserror- /utf8output /deterministic+ /sourcelink:D:\warhub\wham\artifacts\obj\WarHub.ArmouryModel.Source.BattleScribe\debug\WarHub.ArmouryModel.Source.BattleScribe.sourcelink.json /langversion:latest /embed:D:\warhub\wham\artifacts\obj\WarHub.ArmouryModel.Source.BattleScribe\debug\WarHub.ArmouryModel.Source.BattleScribe.Version.cs /embed:"D:\warhub\wham\artifacts\obj\WarHub.ArmouryModel.Source.BattleScribe\debug\.NETCoreApp,Version=v10.0.AssemblyAttributes.cs" /embed:D:\warhub\wham\artifacts\obj\WarHub.ArmouryModel.Source.BattleScribe\debug\WarHub.ArmouryModel.Source.BattleScribe.AssemblyInfo.cs /analyzerconfig:D:\warhub\wham\.editorconfig /analyzerconfig:D:\warhub\wham\artifacts\obj\WarHub.ArmouryModel.Source.BattleScribe\debug\WarHub.ArmouryModel.Source.BattleScribe.GeneratedMSBuildEditorConfig.editorconfig /analyzerconfig:"C:\Program Files\dotnet\sdk\10.0.104\Sdks\Microsoft.NET.Sdk\analyzers\build\config\analysislevel_10_all.globalconfig" /analyzer:"C:\Program Files\dotnet\sdk\10.0.104\Sdks\Microsoft.NET.Sdk\targets\..\analyzers\Microsoft.CodeAnalysis.CSharp.NetAnalyzers.dll" /analyzer:"C:\Program Files\dotnet\sdk\10.0.104\Sdks\Microsoft.NET.Sdk\targets\..\analyzers\Microsoft.CodeAnalysis.NetAnalyzers.dll" /analyzer:"C:\Program Files\dotnet\packs\Microsoft.NETCore.App.Ref\10.0.4\analyzers/dotnet/cs/Microsoft.Interop.ComInterfaceGenerator.dll" /analyzer:"C:\Program Files\dotnet\packs\Microsoft.NETCore.App.Ref\10.0.4\analyzers/dotnet/cs/Microsoft.Interop.JavaScript.JSImportGenerator.dll" /analyzer:"C:\Program Files\dotnet\packs\Microsoft.NETCore.App.Ref\10.0.4\analyzers/dotnet/cs/Microsoft.Interop.LibraryImportGenerator.dll" /analyzer:"C:\Program Files\dotnet\packs\Microsoft.NETCore.App.Ref\10.0.4\analyzers/dotnet/cs/Microsoft.Interop.SourceGeneration.dll" /analyzer:"C:\Program Files\dotnet\packs\Microsoft.NETCore.App.Ref\10.0.4\analyzers/dotnet/cs/System.Text.Json.SourceGeneration.dll" /analyzer:"C:\Program Files\dotnet\packs\Microsoft.NETCore.App.Ref\10.0.4\analyzers/dotnet/cs/System.Text.RegularExpressions.Generator.dll" D:\warhub\wham\artifacts\obj\WarHub.ArmouryModel.Source.BattleScribe\debug\WarHub.ArmouryModel.Source.BattleScribe.Version.cs BattleScribeSerializationExtensions.cs BattleScribeXml.cs BattleScribeXmlSerializer.cs DataVersionManagement.cs MigrationMode.cs Utilities\BattleScribeConformantTextWriter.cs Utilities\BattleScribeConformantXmlWriter.cs Utilities\BattleScribeXmlEncoder.cs "D:\warhub\wham\artifacts\obj\WarHub.ArmouryModel.Source.BattleScribe\debug\.NETCoreApp,Version=v10.0.AssemblyAttributes.cs" D:\warhub\wham\artifacts\obj\WarHub.ArmouryModel.Source.BattleScribe\debug\WarHub.ArmouryModel.Source.BattleScribe.AssemblyInfo.cs /warnaserror+:NU1605,SYSLIB0011
         Compilation request WarHub.ArmouryModel.Source.BattleScribe (net10.0), PathToTool=C:\Program Files\dotnet\sdk\10.0.104\Roslyn\bincore\csc.exe
         CommandLine = ' /noconfig'
         BuildResponseFile = '/unsafe- /checked- /nowarn:CS1591,NU5105,CA1515,1701,1702 /fullpaths /nostdlib+ /errorreport:prompt /warn:10 /doc:D:\warhub\wham\artifacts\obj\WarHub.ArmouryModel.Source.BattleScribe\debug\WarHub.ArmouryModel.Source.BattleScribe.xml /define:TRACE;DEBUG;NET;NET10_0;NETCOREAPP;NET5_0_OR_GREATER;NET6_0_OR_GREATER;NET7_0_OR_GREATER;NET8_0_OR_GREATER;NET9_0_OR_GREATER;NET10_0_OR_GREATER;NETCOREAPP1_0_OR_GREATER;NETCOREAPP1_1_OR_GREATER;NETCOREAPP2_0_OR_GREATER;NETCOREAPP2_1_OR_GREATER;NETCOREAPP2_2_OR_GREATER;NETCOREAPP3_0_OR_GREATER;NETCOREAPP3_1_OR_GREATER /highentropyva+ /nullable:enable /reference:"C:\Program Files\dotnet\packs\Microsoft.NETCore.App.Ref\10.0.4\ref\net10.0\Microsoft.CSharp.dll" /reference:"C:\Program Files\dotnet\packs\Microsoft.NETCore.App.Ref\10.0.4\ref\net10.0\Microsoft.VisualBasic.Core.dll" /reference:"C:\Program Files\dotnet\packs\Microsoft.NETCore.App.Ref\10.0.4\ref\net10.0\Microsoft.VisualBasic.dll" /reference:"C:\Program Files\dotnet\packs\Microsoft.NETCore.App.Ref\10.0.4\ref\net10.0\Microsoft.Win32.Primitives.dll" /reference:"C:\Program Files\dotnet\packs\Microsoft.NETCore.App.Ref\10.0.4\ref\net10.0\Microsoft.Win32.Registry.dll" /reference:"C:\Program Files\dotnet\packs\Microsoft.NETCore.App.Ref\10.0.4\ref\net10.0\mscorlib.dll" /reference:"C:\Program Files\dotnet\packs\Microsoft.NETCore.App.Ref\10.0.4\ref\net10.0\netstandard.dll" /reference:"C:\Program Files\dotnet\packs\Microsoft.NETCore.App.Ref\10.0.4\ref\net10.0\System.AppContext.dll" /reference:"C:\Program Files\dotnet\packs\Microsoft.NETCore.App.Ref\10.0.4\ref\net10.0\System.Buffers.dll" /reference:"C:\Program Files\dotnet\packs\Microsoft.NETCore.App.Ref\10.0.4\ref\net10.0\System.Collections.Concurrent.dll" /reference:"C:\Program Files\dotnet\packs\Microsoft.NETCore.App.Ref\10.0.4\ref\net10.0\System.Collections.dll" /reference:"C:\Program Files\dotnet\packs\Microsoft.NETCore.App.Ref\10.0.4\ref\net10.0\System.Collections.Immutable.dll" /reference:"C:\Program Files\dotnet\packs\Microsoft.NETCore.App.Ref\10.0.4\ref\net10.0\System.Collections.NonGeneric.dll" /reference:"C:\Program Files\dotnet\packs\Microsoft.NETCore.App.Ref\10.0.4\ref\net10.0\System.Collections.Specialized.dll" /reference:"C:\Program Files\dotnet\packs\Microsoft.NETCore.App.Ref\10.0.4\ref\net10.0\System.ComponentModel.Annotations.dll" /reference:"C:\Program Files\dotnet\packs\Microsoft.NETCore.App.Ref\10.0.4\ref\net10.0\System.ComponentModel.DataAnnotations.dll" /reference:"C:\Program Files\dotnet\packs\Microsoft.NETCore.App.Ref\10.0.4\ref\net10.0\System.ComponentModel.dll" /reference:"C:\Program Files\dotnet\packs\Microsoft.NETCore.App.Ref\10.0.4\ref\net10.0\System.ComponentModel.EventBasedAsync.dll" /reference:"C:\Program Files\dotnet\packs\Microsoft.NETCore.App.Ref\10.0.4\ref\net10.0\System.ComponentModel.Primitives.dll" /reference:"C:\Program Files\dotnet\packs\Microsoft.NETCore.App.Ref\10.0.4\ref\net10.0\System.ComponentModel.TypeConverter.dll" /reference:"C:\Program Files\dotnet\packs\Microsoft.NETCore.App.Ref\10.0.4\ref\net10.0\System.Configuration.dll" /reference:"C:\Program Files\dotnet\packs\Microsoft.NETCore.App.Ref\10.0.4\ref\net10.0\System.Console.dll" /reference:"C:\Program Files\dotnet\packs\Microsoft.NETCore.App.Ref\10.0.4\ref\net10.0\System.Core.dll" /reference:"C:\Program Files\dotnet\packs\Microsoft.NETCore.App.Ref\10.0.4\ref\net10.0\System.Data.Common.dll" /reference:"C:\Program Files\dotnet\packs\Microsoft.NETCore.App.Ref\10.0.4\ref\net10.0\System.Data.DataSetExtensions.dll" /reference:"C:\Program Files\dotnet\packs\Microsoft.NETCore.App.Ref\10.0.4\ref\net10.0\System.Data.dll" /reference:"C:\Program Files\dotnet\packs\Microsoft.NETCore.App.Ref\10.0.4\ref\net10.0\System.Diagnostics.Contracts.dll" /reference:"C:\Program Files\dotnet\packs\Microsoft.NETCore.App.Ref\10.0.4\ref\net10.0\System.Diagnostics.Debug.dll" /reference:"C:\Program Files\dotnet\packs\Microsoft.NETCore.App.Ref\10.0.4\ref\net10.0\System.Diagnostics.DiagnosticSource.dll" /reference:"C:\Program Files\dotnet\packs\Microsoft.NETCore.App.Ref\10.0.4\ref\net10.0\System.Diagnostics.FileVersionInfo.dll" /reference:"C:\Program Files\dotnet\packs\Microsoft.NETCore.App.Ref\10.0.4\ref\net10.0\System.Diagnostics.Process.dll" /reference:"C:\Program Files\dotnet\packs\Microsoft.NETCore.App.Ref\10.0.4\ref\net10.0\System.Diagnostics.StackTrace.dll" /reference:"C:\Program Files\dotnet\packs\Microsoft.NETCore.App.Ref\10.0.4\ref\net10.0\System.Diagnostics.TextWriterTraceListener.dll" /reference:"C:\Program Files\dotnet\packs\Microsoft.NETCore.App.Ref\10.0.4\ref\net10.0\System.Diagnostics.Tools.dll" /reference:"C:\Program Files\dotnet\packs\Microsoft.NETCore.App.Ref\10.0.4\ref\net10.0\System.Diagnostics.TraceSource.dll" /reference:"C:\Program Files\dotnet\packs\Microsoft.NETCore.App.Ref\10.0.4\ref\net10.0\System.Diagnostics.Tracing.dll" /reference:"C:\Program Files\dotnet\packs\Microsoft.NETCore.App.Ref\10.0.4\ref\net10.0\System.dll" /reference:"C:\Program Files\dotnet\packs\Microsoft.NETCore.App.Ref\10.0.4\ref\net10.0\System.Drawing.dll" /reference:"C:\Program Files\dotnet\packs\Microsoft.NETCore.App.Ref\10.0.4\ref\net10.0\System.Drawing.Primitives.dll" /reference:"C:\Program Files\dotnet\packs\Microsoft.NETCore.App.Ref\10.0.4\ref\net10.0\System.Dynamic.Runtime.dll" /reference:"C:\Program Files\dotnet\packs\Microsoft.NETCore.App.Ref\10.0.4\ref\net10.0\System.Formats.Asn1.dll" /reference:"C:\Program Files\dotnet\packs\Microsoft.NETCore.App.Ref\10.0.4\ref\net10.0\System.Formats.Tar.dll" /reference:"C:\Program Files\dotnet\packs\Microsoft.NETCore.App.Ref\10.0.4\ref\net10.0\System.Globalization.Calendars.dll" /reference:"C:\Program Files\dotnet\packs\Microsoft.NETCore.App.Ref\10.0.4\ref\net10.0\System.Globalization.dll" /reference:"C:\Program Files\dotnet\packs\Microsoft.NETCore.App.Ref\10.0.4\ref\net10.0\System.Globalization.Extensions.dll" /reference:"C:\Program Files\dotnet\packs\Microsoft.NETCore.App.Ref\10.0.4\ref\net10.0\System.IO.Compression.Brotli.dll" /reference:"C:\Program Files\dotnet\packs\Microsoft.NETCore.App.Ref\10.0.4\ref\net10.0\System.IO.Compression.dll" /reference:"C:\Program Files\dotnet\packs\Microsoft.NETCore.App.Ref\10.0.4\ref\net10.0\System.IO.Compression.FileSystem.dll" /reference:"C:\Program Files\dotnet\packs\Microsoft.NETCore.App.Ref\10.0.4\ref\net10.0\System.IO.Compression.ZipFile.dll" /reference:"C:\Program Files\dotnet\packs\Microsoft.NETCore.App.Ref\10.0.4\ref\net10.0\System.IO.dll" /reference:"C:\Program Files\dotnet\packs\Microsoft.NETCore.App.Ref\10.0.4\ref\net10.0\System.IO.FileSystem.AccessControl.dll" /reference:"C:\Program Files\dotnet\packs\Microsoft.NETCore.App.Ref\10.0.4\ref\net10.0\System.IO.FileSystem.dll" /reference:"C:\Program Files\dotnet\packs\Microsoft.NETCore.App.Ref\10.0.4\ref\net10.0\System.IO.FileSystem.DriveInfo.dll" /reference:"C:\Program Files\dotnet\packs\Microsoft.NETCore.App.Ref\10.0.4\ref\net10.0\System.IO.FileSystem.Primitives.dll" /reference:"C:\Program Files\dotnet\packs\Microsoft.NETCore.App.Ref\10.0.4\ref\net10.0\System.IO.FileSystem.Watcher.dll" /reference:"C:\Program Files\dotnet\packs\Microsoft.NETCore.App.Ref\10.0.4\ref\net10.0\System.IO.IsolatedStorage.dll" /reference:"C:\Program Files\dotnet\packs\Microsoft.NETCore.App.Ref\10.0.4\ref\net10.0\System.IO.MemoryMappedFiles.dll" /reference:"C:\Program Files\dotnet\packs\Microsoft.NETCore.App.Ref\10.0.4\ref\net10.0\System.IO.Pipelines.dll" /reference:"C:\Program Files\dotnet\packs\Microsoft.NETCore.App.Ref\10.0.4\ref\net10.0\System.IO.Pipes.AccessControl.dll" /reference:"C:\Program Files\dotnet\packs\Microsoft.NETCore.App.Ref\10.0.4\ref\net10.0\System.IO.Pipes.dll" /reference:"C:\Program Files\dotnet\packs\Microsoft.NETCore.App.Ref\10.0.4\ref\net10.0\System.IO.UnmanagedMemoryStream.dll" /reference:"C:\Program Files\dotnet\packs\Microsoft.NETCore.App.Ref\10.0.4\ref\net10.0\System.Linq.AsyncEnumerable.dll" /reference:"C:\Program Files\dotnet\packs\Microsoft.NETCore.App.Ref\10.0.4\ref\net10.0\System.Linq.dll" /reference:"C:\Program Files\dotnet\packs\Microsoft.NETCore.App.Ref\10.0.4\ref\net10.0\System.Linq.Expressions.dll" /reference:"C:\Program Files\dotnet\packs\Microsoft.NETCore.App.Ref\10.0.4\ref\net10.0\System.Linq.Parallel.dll" /reference:"C:\Program Files\dotnet\packs\Microsoft.NETCore.App.Ref\10.0.4\ref\net10.0\System.Linq.Queryable.dll" /reference:"C:\Program Files\dotnet\packs\Microsoft.NETCore.App.Ref\10.0.4\ref\net10.0\System.Memory.dll" /reference:"C:\Program Files\dotnet\packs\Microsoft.NETCore.App.Ref\10.0.4\ref\net10.0\System.Net.dll" /reference:"C:\Program Files\dotnet\packs\Microsoft.NETCore.App.Ref\10.0.4\ref\net10.0\System.Net.Http.dll" /reference:"C:\Program Files\dotnet\packs\Microsoft.NETCore.App.Ref\10.0.4\ref\net10.0\System.Net.Http.Json.dll" /reference:"C:\Program Files\dotnet\packs\Microsoft.NETCore.App.Ref\10.0.4\ref\net10.0\System.Net.HttpListener.dll" /reference:"C:\Program Files\dotnet\packs\Microsoft.NETCore.App.Ref\10.0.4\ref\net10.0\System.Net.Mail.dll" /reference:"C:\Program Files\dotnet\packs\Microsoft.NETCore.App.Ref\10.0.4\ref\net10.0\System.Net.NameResolution.dll" /reference:"C:\Program Files\dotnet\packs\Microsoft.NETCore.App.Ref\10.0.4\ref\net10.0\System.Net.NetworkInformation.dll" /reference:"C:\Program Files\dotnet\packs\Microsoft.NETCore.App.Ref\10.0.4\ref\net10.0\System.Net.Ping.dll" /reference:"C:\Program Files\dotnet\packs\Microsoft.NETCore.App.Ref\10.0.4\ref\net10.0\System.Net.Primitives.dll" /reference:"C:\Program Files\dotnet\packs\Microsoft.NETCore.App.Ref\10.0.4\ref\net10.0\System.Net.Quic.dll" /reference:"C:\Program Files\dotnet\packs\Microsoft.NETCore.App.Ref\10.0.4\ref\net10.0\System.Net.Requests.dll" /reference:"C:\Program Files\dotnet\packs\Microsoft.NETCore.App.Ref\10.0.4\ref\net10.0\System.Net.Security.dll" /reference:"C:\Program Files\dotnet\packs\Microsoft.NETCore.App.Ref\10.0.4\ref\net10.0\System.Net.ServerSentEvents.dll" /reference:"C:\Program Files\dotnet\packs\Microsoft.NETCore.App.Ref\10.0.4\ref\net10.0\System.Net.ServicePoint.dll" /reference:"C:\Program Files\dotnet\packs\Microsoft.NETCore.App.Ref\10.0.4\ref\net10.0\System.Net.Sockets.dll" /reference:"C:\Program Files\dotnet\packs\Microsoft.NETCore.App.Ref\10.0.4\ref\net10.0\System.Net.WebClient.dll" /reference:"C:\Program Files\dotnet\packs\Microsoft.NETCore.App.Ref\10.0.4\ref\net10.0\System.Net.WebHeaderCollection.dll" /reference:"C:\Program Files\dotnet\packs\Microsoft.NETCore.App.Ref\10.0.4\ref\net10.0\System.Net.WebProxy.dll" /reference:"C:\Program Files\dotnet\packs\Microsoft.NETCore.App.Ref\10.0.4\ref\net10.0\System.Net.WebSockets.Client.dll" /reference:"C:\Program Files\dotnet\packs\Microsoft.NETCore.App.Ref\10.0.4\ref\net10.0\System.Net.WebSockets.dll" /reference:"C:\Program Files\dotnet\packs\Microsoft.NETCore.App.Ref\10.0.4\ref\net10.0\System.Numerics.dll" /reference:"C:\Program Files\dotnet\packs\Microsoft.NETCore.App.Ref\10.0.4\ref\net10.0\System.Numerics.Vectors.dll" /reference:"C:\Program Files\dotnet\packs\Microsoft.NETCore.App.Ref\10.0.4\ref\net10.0\System.ObjectModel.dll" /reference:"C:\Program Files\dotnet\packs\Microsoft.NETCore.App.Ref\10.0.4\ref\net10.0\System.Reflection.DispatchProxy.dll" /reference:"C:\Program Files\dotnet\packs\Microsoft.NETCore.App.Ref\10.0.4\ref\net10.0\System.Reflection.dll" /reference:"C:\Program Files\dotnet\packs\Microsoft.NETCore.App.Ref\10.0.4\ref\net10.0\System.Reflection.Emit.dll" /reference:"C:\Program Files\dotnet\packs\Microsoft.NETCore.App.Ref\10.0.4\ref\net10.0\System.Reflection.Emit.ILGeneration.dll" /reference:"C:\Program Files\dotnet\packs\Microsoft.NETCore.App.Ref\10.0.4\ref\net10.0\System.Reflection.Emit.Lightweight.dll" /reference:"C:\Program Files\dotnet\packs\Microsoft.NETCore.App.Ref\10.0.4\ref\net10.0\System.Reflection.Extensions.dll" /reference:"C:\Program Files\dotnet\packs\Microsoft.NETCore.App.Ref\10.0.4\ref\net10.0\System.Reflection.Metadata.dll" /reference:"C:\Program Files\dotnet\packs\Microsoft.NETCore.App.Ref\10.0.4\ref\net10.0\System.Reflection.Primitives.dll" /reference:"C:\Program Files\dotnet\packs\Microsoft.NETCore.App.Ref\10.0.4\ref\net10.0\System.Reflection.TypeExtensions.dll" /reference:"C:\Program Files\dotnet\packs\Microsoft.NETCore.App.Ref\10.0.4\ref\net10.0\System.Resources.Reader.dll" /reference:"C:\Program Files\dotnet\packs\Microsoft.NETCore.App.Ref\10.0.4\ref\net10.0\System.Resources.ResourceManager.dll" /reference:"C:\Program Files\dotnet\packs\Microsoft.NETCore.App.Ref\10.0.4\ref\net10.0\System.Resources.Writer.dll" /reference:"C:\Program Files\dotnet\packs\Microsoft.NETCore.App.Ref\10.0.4\ref\net10.0\System.Runtime.CompilerServices.Unsafe.dll" /reference:"C:\Program Files\dotnet\packs\Microsoft.NETCore.App.Ref\10.0.4\ref\net10.0\System.Runtime.CompilerServices.VisualC.dll" /reference:"C:\Program Files\dotnet\packs\Microsoft.NETCore.App.Ref\10.0.4\ref\net10.0\System.Runtime.dll" /reference:"C:\Program Files\dotnet\packs\Microsoft.NETCore.App.Ref\10.0.4\ref\net10.0\System.Runtime.Extensions.dll" /reference:"C:\Program Files\dotnet\packs\Microsoft.NETCore.App.Ref\10.0.4\ref\net10.0\System.Runtime.Handles.dll" /reference:"C:\Program Files\dotnet\packs\Microsoft.NETCore.App.Ref\10.0.4\ref\net10.0\System.Runtime.InteropServices.dll" /reference:"C:\Program Files\dotnet\packs\Microsoft.NETCore.App.Ref\10.0.4\ref\net10.0\System.Runtime.InteropServices.JavaScript.dll" /reference:"C:\Program Files\dotnet\packs\Microsoft.NETCore.App.Ref\10.0.4\ref\net10.0\System.Runtime.InteropServices.RuntimeInformation.dll" /reference:"C:\Program Files\dotnet\packs\Microsoft.NETCore.App.Ref\10.0.4\ref\net10.0\System.Runtime.Intrinsics.dll" /reference:"C:\Program Files\dotnet\packs\Microsoft.NETCore.App.Ref\10.0.4\ref\net10.0\System.Runtime.Loader.dll" /reference:"C:\Program Files\dotnet\packs\Microsoft.NETCore.App.Ref\10.0.4\ref\net10.0\System.Runtime.Numerics.dll" /reference:"C:\Program Files\dotnet\packs\Microsoft.NETCore.App.Ref\10.0.4\ref\net10.0\System.Runtime.Serialization.dll" /reference:"C:\Program Files\dotnet\packs\Microsoft.NETCore.App.Ref\10.0.4\ref\net10.0\System.Runtime.Serialization.Formatters.dll" /reference:"C:\Program Files\dotnet\packs\Microsoft.NETCore.App.Ref\10.0.4\ref\net10.0\System.Runtime.Serialization.Json.dll" /reference:"C:\Program Files\dotnet\packs\Microsoft.NETCore.App.Ref\10.0.4\ref\net10.0\System.Runtime.Serialization.Primitives.dll" /reference:"C:\Program Files\dotnet\packs\Microsoft.NETCore.App.Ref\10.0.4\ref\net10.0\System.Runtime.Serialization.Xml.dll" /reference:"C:\Program Files\dotnet\packs\Microsoft.NETCore.App.Ref\10.0.4\ref\net10.0\System.Security.AccessControl.dll" /reference:"C:\Program Files\dotnet\packs\Microsoft.NETCore.App.Ref\10.0.4\ref\net10.0\System.Security.Claims.dll" /reference:"C:\Program Files\dotnet\packs\Microsoft.NETCore.App.Ref\10.0.4\ref\net10.0\System.Security.Cryptography.Algorithms.dll" /reference:"C:\Program Files\dotnet\packs\Microsoft.NETCore.App.Ref\10.0.4\ref\net10.0\System.Security.Cryptography.Cng.dll" /reference:"C:\Program Files\dotnet\packs\Microsoft.NETCore.App.Ref\10.0.4\ref\net10.0\System.Security.Cryptography.Csp.dll" /reference:"C:\Program Files\dotnet\packs\Microsoft.NETCore.App.Ref\10.0.4\ref\net10.0\System.Security.Cryptography.dll" /reference:"C:\Program Files\dotnet\packs\Microsoft.NETCore.App.Ref\10.0.4\ref\net10.0\System.Security.Cryptography.Encoding.dll" /reference:"C:\Program Files\dotnet\packs\Microsoft.NETCore.App.Ref\10.0.4\ref\net10.0\System.Security.Cryptography.OpenSsl.dll" /reference:"C:\Program Files\dotnet\packs\Microsoft.NETCore.App.Ref\10.0.4\ref\net10.0\System.Security.Cryptography.Primitives.dll" /reference:"C:\Program Files\dotnet\packs\Microsoft.NETCore.App.Ref\10.0.4\ref\net10.0\System.Security.Cryptography.X509Certificates.dll" /reference:"C:\Program Files\dotnet\packs\Microsoft.NETCore.App.Ref\10.0.4\ref\net10.0\System.Security.dll" /reference:"C:\Program Files\dotnet\packs\Microsoft.NETCore.App.Ref\10.0.4\ref\net10.0\System.Security.Principal.dll" /reference:"C:\Program Files\dotnet\packs\Microsoft.NETCore.App.Ref\10.0.4\ref\net10.0\System.Security.Principal.Windows.dll" /reference:"C:\Program Files\dotnet\packs\Microsoft.NETCore.App.Ref\10.0.4\ref\net10.0\System.Security.SecureString.dll" /reference:"C:\Program Files\dotnet\packs\Microsoft.NETCore.App.Ref\10.0.4\ref\net10.0\System.ServiceModel.Web.dll" /reference:"C:\Program Files\dotnet\packs\Microsoft.NETCore.App.Ref\10.0.4\ref\net10.0\System.ServiceProcess.dll" /reference:"C:\Program Files\dotnet\packs\Microsoft.NETCore.App.Ref\10.0.4\ref\net10.0\System.Text.Encoding.CodePages.dll" /reference:"C:\Program Files\dotnet\packs\Microsoft.NETCore.App.Ref\10.0.4\ref\net10.0\System.Text.Encoding.dll" /reference:"C:\Program Files\dotnet\packs\Microsoft.NETCore.App.Ref\10.0.4\ref\net10.0\System.Text.Encoding.Extensions.dll" /reference:"C:\Program Files\dotnet\packs\Microsoft.NETCore.App.Ref\10.0.4\ref\net10.0\System.Text.Encodings.Web.dll" /reference:"C:\Program Files\dotnet\packs\Microsoft.NETCore.App.Ref\10.0.4\ref\net10.0\System.Text.Json.dll" /reference:"C:\Program Files\dotnet\packs\Microsoft.NETCore.App.Ref\10.0.4\ref\net10.0\System.Text.RegularExpressions.dll" /reference:"C:\Program Files\dotnet\packs\Microsoft.NETCore.App.Ref\10.0.4\ref\net10.0\System.Threading.AccessControl.dll" /reference:"C:\Program Files\dotnet\packs\Microsoft.NETCore.App.Ref\10.0.4\ref\net10.0\System.Threading.Channels.dll" /reference:"C:\Program Files\dotnet\packs\Microsoft.NETCore.App.Ref\10.0.4\ref\net10.0\System.Threading.dll" /reference:"C:\Program Files\dotnet\packs\Microsoft.NETCore.App.Ref\10.0.4\ref\net10.0\System.Threading.Overlapped.dll" /reference:"C:\Program Files\dotnet\packs\Microsoft.NETCore.App.Ref\10.0.4\ref\net10.0\System.Threading.Tasks.Dataflow.dll" /reference:"C:\Program Files\dotnet\packs\Microsoft.NETCore.App.Ref\10.0.4\ref\net10.0\System.Threading.Tasks.dll" /reference:"C:\Program Files\dotnet\packs\Microsoft.NETCore.App.Ref\10.0.4\ref\net10.0\System.Threading.Tasks.Extensions.dll" /reference:"C:\Program Files\dotnet\packs\Microsoft.NETCore.App.Ref\10.0.4\ref\net10.0\System.Threading.Tasks.Parallel.dll" /reference:"C:\Program Files\dotnet\packs\Microsoft.NETCore.App.Ref\10.0.4\ref\net10.0\System.Threading.Thread.dll" /reference:"C:\Program Files\dotnet\packs\Microsoft.NETCore.App.Ref\10.0.4\ref\net10.0\System.Threading.ThreadPool.dll" /reference:"C:\Program Files\dotnet\packs\Microsoft.NETCore.App.Ref\10.0.4\ref\net10.0\System.Threading.Timer.dll" /reference:"C:\Program Files\dotnet\packs\Microsoft.NETCore.App.Ref\10.0.4\ref\net10.0\System.Transactions.dll" /reference:"C:\Program Files\dotnet\packs\Microsoft.NETCore.App.Ref\10.0.4\ref\net10.0\System.Transactions.Local.dll" /reference:"C:\Program Files\dotnet\packs\Microsoft.NETCore.App.Ref\10.0.4\ref\net10.0\System.ValueTuple.dll" /reference:"C:\Program Files\dotnet\packs\Microsoft.NETCore.App.Ref\10.0.4\ref\net10.0\System.Web.dll" /reference:"C:\Program Files\dotnet\packs\Microsoft.NETCore.App.Ref\10.0.4\ref\net10.0\System.Web.HttpUtility.dll" /reference:"C:\Program Files\dotnet\packs\Microsoft.NETCore.App.Ref\10.0.4\ref\net10.0\System.Windows.dll" /reference:"C:\Program Files\dotnet\packs\Microsoft.NETCore.App.Ref\10.0.4\ref\net10.0\System.Xml.dll" /reference:"C:\Program Files\dotnet\packs\Microsoft.NETCore.App.Ref\10.0.4\ref\net10.0\System.Xml.Linq.dll" /reference:"C:\Program Files\dotnet\packs\Microsoft.NETCore.App.Ref\10.0.4\ref\net10.0\System.Xml.ReaderWriter.dll" /reference:"C:\Program Files\dotnet\packs\Microsoft.NETCore.App.Ref\10.0.4\ref\net10.0\System.Xml.Serialization.dll" /reference:"C:\Program Files\dotnet\packs\Microsoft.NETCore.App.Ref\10.0.4\ref\net10.0\System.Xml.XDocument.dll" /reference:"C:\Program Files\dotnet\packs\Microsoft.NETCore.App.Ref\10.0.4\ref\net10.0\System.Xml.XmlDocument.dll" /reference:"C:\Program Files\dotnet\packs\Microsoft.NETCore.App.Ref\10.0.4\ref\net10.0\System.Xml.XmlSerializer.dll" /reference:"C:\Program Files\dotnet\packs\Microsoft.NETCore.App.Ref\10.0.4\ref\net10.0\System.Xml.XPath.dll" /reference:"C:\Program Files\dotnet\packs\Microsoft.NETCore.App.Ref\10.0.4\ref\net10.0\System.Xml.XPath.XDocument.dll" /reference:D:\warhub\wham\artifacts\obj\WarHub.ArmouryModel.Source\debug\ref\WarHub.ArmouryModel.Source.dll /reference:"C:\Program Files\dotnet\packs\Microsoft.NETCore.App.Ref\10.0.4\ref\net10.0\WindowsBase.dll" /features:"InterceptorsNamespaces=;Microsoft.Extensions.Validation.Generated" /debug+ /debug:portable /filealign:512 /optimize- /out:D:\warhub\wham\artifacts\obj\WarHub.ArmouryModel.Source.BattleScribe\debug\WarHub.ArmouryModel.Source.BattleScribe.dll /refout:D:\warhub\wham\artifacts\obj\WarHub.ArmouryModel.Source.BattleScribe\debug\refint\WarHub.ArmouryModel.Source.BattleScribe.dll /target:library /warnaserror- /utf8output /deterministic+ /sourcelink:D:\warhub\wham\artifacts\obj\WarHub.ArmouryModel.Source.BattleScribe\debug\WarHub.ArmouryModel.Source.BattleScribe.sourcelink.json /langversion:latest /embed:D:\warhub\wham\artifacts\obj\WarHub.ArmouryModel.Source.BattleScribe\debug\WarHub.ArmouryModel.Source.BattleScribe.Version.cs /embed:"D:\warhub\wham\artifacts\obj\WarHub.ArmouryModel.Source.BattleScribe\debug\.NETCoreApp,Version=v10.0.AssemblyAttributes.cs" /embed:D:\warhub\wham\artifacts\obj\WarHub.ArmouryModel.Source.BattleScribe\debug\WarHub.ArmouryModel.Source.BattleScribe.AssemblyInfo.cs /analyzerconfig:D:\warhub\wham\.editorconfig /analyzerconfig:D:\warhub\wham\artifacts\obj\WarHub.ArmouryModel.Source.BattleScribe\debug\WarHub.ArmouryModel.Source.BattleScribe.GeneratedMSBuildEditorConfig.editorconfig /analyzerconfig:"C:\Program Files\dotnet\sdk\10.0.104\Sdks\Microsoft.NET.Sdk\analyzers\build\config\analysislevel_10_all.globalconfig" /analyzer:"C:\Program Files\dotnet\sdk\10.0.104\Sdks\Microsoft.NET.Sdk\targets\..\analyzers\Microsoft.CodeAnalysis.CSharp.NetAnalyzers.dll" /analyzer:"C:\Program Files\dotnet\sdk\10.0.104\Sdks\Microsoft.NET.Sdk\targets\..\analyzers\Microsoft.CodeAnalysis.NetAnalyzers.dll" /analyzer:"C:\Program Files\dotnet\packs\Microsoft.NETCore.App.Ref\10.0.4\analyzers/dotnet/cs/Microsoft.Interop.ComInterfaceGenerator.dll" /analyzer:"C:\Program Files\dotnet\packs\Microsoft.NETCore.App.Ref\10.0.4\analyzers/dotnet/cs/Microsoft.Interop.JavaScript.JSImportGenerator.dll" /analyzer:"C:\Program Files\dotnet\packs\Microsoft.NETCore.App.Ref\10.0.4\analyzers/dotnet/cs/Microsoft.Interop.LibraryImportGenerator.dll" /analyzer:"C:\Program Files\dotnet\packs\Microsoft.NETCore.App.Ref\10.0.4\analyzers/dotnet/cs/Microsoft.Interop.SourceGeneration.dll" /analyzer:"C:\Program Files\dotnet\packs\Microsoft.NETCore.App.Ref\10.0.4\analyzers/dotnet/cs/System.Text.Json.SourceGeneration.dll" /analyzer:"C:\Program Files\dotnet\packs\Microsoft.NETCore.App.Ref\10.0.4\analyzers/dotnet/cs/System.Text.RegularExpressions.Generator.dll" D:\warhub\wham\artifacts\obj\WarHub.ArmouryModel.Source.BattleScribe\debug\WarHub.ArmouryModel.Source.BattleScribe.Version.cs BattleScribeSerializationExtensions.cs BattleScribeXml.cs BattleScribeXmlSerializer.cs DataVersionManagement.cs MigrationMode.cs Utilities\BattleScribeConformantTextWriter.cs Utilities\BattleScribeConformantXmlWriter.cs Utilities\BattleScribeXmlEncoder.cs "D:\warhub\wham\artifacts\obj\WarHub.ArmouryModel.Source.BattleScribe\debug\.NETCoreApp,Version=v10.0.AssemblyAttributes.cs" D:\warhub\wham\artifacts\obj\WarHub.ArmouryModel.Source.BattleScribe\debug\WarHub.ArmouryModel.Source.BattleScribe.AssemblyInfo.cs /warnaserror+:NU1605,SYSLIB0011'
     7>CoreCompile:
         Attempt to open named pipe 'yQiqoU4G1HkDoitZ6p1liDWTIZlE_laOFRNKsOjNUzk'
         Attempt to connect named pipe 'yQiqoU4G1HkDoitZ6p1liDWTIZlE_laOFRNKsOjNUzk'
         Named pipe 'yQiqoU4G1HkDoitZ6p1liDWTIZlE_laOFRNKsOjNUzk' connected
     5>CoreCompile:
         Attempt to open named pipe 'yQiqoU4G1HkDoitZ6p1liDWTIZlE_laOFRNKsOjNUzk'
         Attempt to connect named pipe 'yQiqoU4G1HkDoitZ6p1liDWTIZlE_laOFRNKsOjNUzk'
     7>CoreCompile:
         Begin writing request for WarHub.ArmouryModel.Extensions (net10.0)
     5>CoreCompile:
         Named pipe 'yQiqoU4G1HkDoitZ6p1liDWTIZlE_laOFRNKsOjNUzk' connected
         Begin writing request for WarHub.ArmouryModel.Source.BattleScribe (net10.0)
     7>CoreCompile:
         End writing request for WarHub.ArmouryModel.Extensions (net10.0)
         Begin reading response for WarHub.ArmouryModel.Extensions (net10.0)
     5>CoreCompile:
         End writing request for WarHub.ArmouryModel.Source.BattleScribe (net10.0)
         Begin reading response for WarHub.ArmouryModel.Source.BattleScribe (net10.0)
     7>CoreCompile:
         End reading response for WarHub.ArmouryModel.Extensions (net10.0)
     7>D:\warhub\wham\src\WarHub.ArmouryModel.Extensions\Binding\LookupResult.cs(68,57): warning CS1734: XML comment on 'LookupResult.SetFrom(LookupResult)' has a paramref tag for 'error', but there is no parameter by that name [D:\warhub\wham\src\WarHub.ArmouryModel.Extensions\WarHub.ArmouryModel.Extensions.csproj]
     7>D:\warhub\wham\src\WarHub.ArmouryModel.Extensions\Binding\LookupResult.cs(70,22): warning CS1572: XML comment has a param tag for 'error', but there is no parameter by that name [D:\warhub\wham\src\WarHub.ArmouryModel.Extensions\WarHub.ArmouryModel.Extensions.csproj]
     7>D:\warhub\wham\src\WarHub.ArmouryModel.Extensions\Binding\LookupResult.cs(71,40): warning CS1573: Parameter 'other' has no matching param tag in the XML comment for 'LookupResult.SetFrom(LookupResult)' (but other parameters do) [D:\warhub\wham\src\WarHub.ArmouryModel.Extensions\WarHub.ArmouryModel.Extensions.csproj]
     7>D:\warhub\wham\src\WarHub.ArmouryModel.Extensions\Text\Location.cs(105,84): warning CS1574: XML comment has cref attribute 'SyntaxTree' that could not be resolved [D:\warhub\wham\src\WarHub.ArmouryModel.Extensions\WarHub.ArmouryModel.Extensions.csproj]
     7>D:\warhub\wham\src\WarHub.ArmouryModel.Extensions\Symbols\IContainerEntrySymbol.cs(18,42): warning CS1574: XML comment has cref attribute 'Resources' that could not be resolved [D:\warhub\wham\src\WarHub.ArmouryModel.Extensions\WarHub.ArmouryModel.Extensions.csproj]
     7>D:\warhub\wham\src\WarHub.ArmouryModel.Extensions\Symbols\IResourceSymbol.cs(6,35): warning CS1574: XML comment has cref attribute 'SourceEntryPath' that could not be resolved [D:\warhub\wham\src\WarHub.ArmouryModel.Extensions\WarHub.ArmouryModel.Extensions.csproj]
     7>D:\warhub\wham\src\WarHub.ArmouryModel.Extensions\Text\LocationKind.cs(18,5): warning CS1587: XML comment is not placed on a valid language element [D:\warhub\wham\src\WarHub.ArmouryModel.Extensions\WarHub.ArmouryModel.Extensions.csproj]
     7>D:\warhub\wham\src\WarHub.ArmouryModel.Extensions\Text\LocationKind.cs(23,5): warning CS1587: XML comment is not placed on a valid language element [D:\warhub\wham\src\WarHub.ArmouryModel.Extensions\WarHub.ArmouryModel.Extensions.csproj]
     7>D:\warhub\wham\src\WarHub.ArmouryModel.Extensions\Text\LocationKind.cs(28,5): warning CS1587: XML comment is not placed on a valid language element [D:\warhub\wham\src\WarHub.ArmouryModel.Extensions\WarHub.ArmouryModel.Extensions.csproj]
     7>D:\warhub\wham\src\WarHub.ArmouryModel.Extensions\Text\LocationKind.cs(6,13): warning CA1028: If possible, make the underlying type of LocationKind System.Int32 instead of byte (https://learn.microsoft.com/dotnet/fundamentals/code-analysis/quality-rules/ca1028) [D:\warhub\wham\src\WarHub.ArmouryModel.Extensions\WarHub.ArmouryModel.Extensions.csproj]
     7>D:\warhub\wham\src\WarHub.ArmouryModel.Extensions\Text\LocalizableString.cs(13,43): warning CA1003: Change the event 'OnException' to replace the type 'System.EventHandler<System.Exception>?' with a generic EventHandler, for example EventHandler<T>, where T is a valid EventArgs (https://learn.microsoft.com/dotnet/fundamentals/code-analysis/quality-rules/ca1003) [D:\warhub\wham\src\WarHub.ArmouryModel.Extensions\WarHub.ArmouryModel.Extensions.csproj]
     7>D:\warhub\wham\src\WarHub.ArmouryModel.Extensions\Text\LocalizableString.cs(36,37): warning CA2225: Provide a method named 'ToLocalizableString' or 'FromString' as an alternate for operator op_Implicit (https://learn.microsoft.com/dotnet/fundamentals/code-analysis/quality-rules/ca2225) [D:\warhub\wham\src\WarHub.ArmouryModel.Extensions\WarHub.ArmouryModel.Extensions.csproj]
     7>D:\warhub\wham\src\WarHub.ArmouryModel.Extensions\Binding\BindingDiagnosticBag.cs(293,26): warning CA1066: Type WarHub.ArmouryModel.ImmutableBindingDiagnostic<TModuleSymbol> should implement IEquatable<T> because it overrides Equals (https://learn.microsoft.com/dotnet/fundamentals/code-analysis/quality-rules/ca1066) [D:\warhub\wham\src\WarHub.ArmouryModel.Extensions\WarHub.ArmouryModel.Extensions.csproj]
     7>D:\warhub\wham\src\WarHub.ArmouryModel.Extensions\Text\LocalizableString.cs(24,9): warning CA1031: Modify 'ToString' to catch a more specific allowed exception type, or rethrow the exception (https://learn.microsoft.com/dotnet/fundamentals/code-analysis/quality-rules/ca1031) [D:\warhub\wham\src\WarHub.ArmouryModel.Extensions\WarHub.ArmouryModel.Extensions.csproj]
     7>D:\warhub\wham\src\WarHub.ArmouryModel.Extensions\Binding\BindingDiagnosticBag.cs(35,16): warning CA1508: 'DiagnosticBag' is never 'null'. Remove or refactor the condition(s) to avoid dead code. (https://learn.microsoft.com/dotnet/fundamentals/code-analysis/quality-rules/ca1508) [D:\warhub\wham\src\WarHub.ArmouryModel.Extensions\WarHub.ArmouryModel.Extensions.csproj]
     7>D:\warhub\wham\src\WarHub.ArmouryModel.Extensions\Text\LocalizableString.cs(57,9): warning CA1031: Modify 'GetHashCode' to catch a more specific allowed exception type, or rethrow the exception (https://learn.microsoft.com/dotnet/fundamentals/code-analysis/quality-rules/ca1031) [D:\warhub\wham\src\WarHub.ArmouryModel.Extensions\WarHub.ArmouryModel.Extensions.csproj]
     7>D:\warhub\wham\src\WarHub.ArmouryModel.Extensions\Text\LocalizableString.cs(70,9): warning CA1031: Modify 'Equals' to catch a more specific allowed exception type, or rethrow the exception (https://learn.microsoft.com/dotnet/fundamentals/code-analysis/quality-rules/ca1031) [D:\warhub\wham\src\WarHub.ArmouryModel.Extensions\WarHub.ArmouryModel.Extensions.csproj]
     7>D:\warhub\wham\src\WarHub.ArmouryModel.Extensions\Binding\BindingDiagnosticBag.cs(41,16): warning CA1508: 'DiagnosticBag' is never 'null'. Remove or refactor the condition(s) to avoid dead code. (https://learn.microsoft.com/dotnet/fundamentals/code-analysis/quality-rules/ca1508) [D:\warhub\wham\src\WarHub.ArmouryModel.Extensions\WarHub.ArmouryModel.Extensions.csproj]
     7>D:\warhub\wham\src\WarHub.ArmouryModel.Extensions\Text\LocalizableString.cs(114,9): warning CA1031: Modify 'RaiseOnException' to catch a more specific allowed exception type, or rethrow the exception (https://learn.microsoft.com/dotnet/fundamentals/code-analysis/quality-rules/ca1031) [D:\warhub\wham\src\WarHub.ArmouryModel.Extensions\WarHub.ArmouryModel.Extensions.csproj]
     7>D:\warhub\wham\src\WarHub.ArmouryModel.Extensions\Diagnostics\Diagnostic.SimpleDiagnostic.cs(87,13): warning CA1031: Modify 'GetMessage' to catch a more specific allowed exception type, or rethrow the exception (https://learn.microsoft.com/dotnet/fundamentals/code-analysis/quality-rules/ca1031) [D:\warhub\wham\src\WarHub.ArmouryModel.Extensions\WarHub.ArmouryModel.Extensions.csproj]
     7>D:\warhub\wham\src\WarHub.ArmouryModel.Extensions\Compilation\Compilation.cs(5,23): warning CA1724: The type name Compilation conflicts in whole or in part with the namespace name 'System.Web.Compilation' defined in the .NET Framework. Rename the type to eliminate the conflict. (https://learn.microsoft.com/dotnet/fundamentals/code-analysis/quality-rules/ca1724) [D:\warhub\wham\src\WarHub.ArmouryModel.Extensions\WarHub.ArmouryModel.Extensions.csproj]
         CompilerServer: server - server processed compilation - WarHub.ArmouryModel.Extensions (net10.0)
       _CopyFilesMarkedCopyLocal:
         Copying file from "D:\warhub\wham\artifacts\bin\WarHub.ArmouryModel.Source\debug\WarHub.ArmouryModel.Source.dll" to "D:\warhub\wham\artifacts\bin\WarHub.ArmouryModel.Extensions\debug\WarHub.ArmouryModel.Source.dll".
         Copying file from "D:\warhub\wham\artifacts\bin\WarHub.ArmouryModel.Source\debug\WarHub.ArmouryModel.Source.pdb" to "D:\warhub\wham\artifacts\bin\WarHub.ArmouryModel.Extensions\debug\WarHub.ArmouryModel.Source.pdb".
         Copying file from "D:\warhub\wham\artifacts\bin\WarHub.ArmouryModel.Source\debug\WarHub.ArmouryModel.Source.xml" to "D:\warhub\wham\artifacts\bin\WarHub.ArmouryModel.Extensions\debug\WarHub.ArmouryModel.Source.xml".
         Touching "D:\warhub\wham\artifacts\obj\WarHub.ArmouryModel.Extensions\debug\WarHub.A.69D1958A.Up2Date".
       GenerateBuildDependencyFile:
       Skipping target "GenerateBuildDependencyFile" because all output files are up-to-date with respect to the input files.
       CopyFilesToOutputDirectory:
         Copying file from "D:\warhub\wham\artifacts\obj\WarHub.ArmouryModel.Extensions\debug\WarHub.ArmouryModel.Extensions.dll" to "D:\warhub\wham\artifacts\bin\WarHub.ArmouryModel.Extensions\debug\WarHub.ArmouryModel.Extensions.dll".
         Copying reference assembly from "D:\warhub\wham\artifacts\obj\WarHub.ArmouryModel.Extensions\debug\refint\WarHub.ArmouryModel.Extensions.dll" to "D:\warhub\wham\artifacts\obj\WarHub.ArmouryModel.Extensions\debug\ref\WarHub.ArmouryModel.Extensions.dll".
         WarHub.ArmouryModel.Extensions -> D:\warhub\wham\artifacts\bin\WarHub.ArmouryModel.Extensions\debug\WarHub.ArmouryModel.Extensions.dll
         Copying file from "D:\warhub\wham\artifacts\obj\WarHub.ArmouryModel.Extensions\debug\WarHub.ArmouryModel.Extensions.pdb" to "D:\warhub\wham\artifacts\bin\WarHub.ArmouryModel.Extensions\debug\WarHub.ArmouryModel.Extensions.pdb".
         Copying file from "D:\warhub\wham\artifacts\obj\WarHub.ArmouryModel.Extensions\debug\WarHub.ArmouryModel.Extensions.xml" to "D:\warhub\wham\artifacts\bin\WarHub.ArmouryModel.Extensions\debug\WarHub.ArmouryModel.Extensions.xml".
     7>Done Building Project "D:\warhub\wham\src\WarHub.ArmouryModel.Extensions\WarHub.ArmouryModel.Extensions.csproj" (default targets).
     5>CoreCompile:
         End reading response for WarHub.ArmouryModel.Source.BattleScribe (net10.0)
         CompilerServer: server - server processed compilation - WarHub.ArmouryModel.Source.BattleScribe (net10.0)
       _CopyFilesMarkedCopyLocal:
         Copying file from "D:\warhub\wham\artifacts\bin\WarHub.ArmouryModel.Source\debug\WarHub.ArmouryModel.Source.dll" to "D:\warhub\wham\artifacts\bin\WarHub.ArmouryModel.Source.BattleScribe\debug\WarHub.ArmouryModel.Source.dll".
         Copying file from "D:\warhub\wham\artifacts\bin\WarHub.ArmouryModel.Source\debug\WarHub.ArmouryModel.Source.pdb" to "D:\warhub\wham\artifacts\bin\WarHub.ArmouryModel.Source.BattleScribe\debug\WarHub.ArmouryModel.Source.pdb".
         Copying file from "D:\warhub\wham\artifacts\bin\WarHub.ArmouryModel.Source\debug\WarHub.ArmouryModel.Source.xml" to "D:\warhub\wham\artifacts\bin\WarHub.ArmouryModel.Source.BattleScribe\debug\WarHub.ArmouryModel.Source.xml".
         Touching "D:\warhub\wham\artifacts\obj\WarHub.ArmouryModel.Source.BattleScribe\debug\WarHub.A.E3566B41.Up2Date".
       GenerateBuildDependencyFile:
       Skipping target "GenerateBuildDependencyFile" because all output files are up-to-date with respect to the input files.
       CopyFilesToOutputDirectory:
         Copying file from "D:\warhub\wham\artifacts\obj\WarHub.ArmouryModel.Source.BattleScribe\debug\WarHub.ArmouryModel.Source.BattleScribe.dll" to "D:\warhub\wham\artifacts\bin\WarHub.ArmouryModel.Source.BattleScribe\debug\WarHub.ArmouryModel.Source.BattleScribe.dll".
         Copying reference assembly from "D:\warhub\wham\artifacts\obj\WarHub.ArmouryModel.Source.BattleScribe\debug\refint\WarHub.ArmouryModel.Source.BattleScribe.dll" to "D:\warhub\wham\artifacts\obj\WarHub.ArmouryModel.Source.BattleScribe\debug\ref\WarHub.ArmouryModel.Source.BattleScribe.dll".
         WarHub.ArmouryModel.Source.BattleScribe -> D:\warhub\wham\artifacts\bin\WarHub.ArmouryModel.Source.BattleScribe\debug\WarHub.ArmouryModel.Source.BattleScribe.dll
         Copying file from "D:\warhub\wham\artifacts\obj\WarHub.ArmouryModel.Source.BattleScribe\debug\WarHub.ArmouryModel.Source.BattleScribe.pdb" to "D:\warhub\wham\artifacts\bin\WarHub.ArmouryModel.Source.BattleScribe\debug\WarHub.ArmouryModel.Source.BattleScribe.pdb".
         Copying file from "D:\warhub\wham\artifacts\obj\WarHub.ArmouryModel.Source.BattleScribe\debug\WarHub.ArmouryModel.Source.BattleScribe.xml" to "D:\warhub\wham\artifacts\bin\WarHub.ArmouryModel.Source.BattleScribe\debug\WarHub.ArmouryModel.Source.BattleScribe.xml".
     5>Done Building Project "D:\warhub\wham\src\WarHub.ArmouryModel.Source.BattleScribe\WarHub.ArmouryModel.Source.BattleScribe.csproj" (default targets).
   1:2>Project "D:\warhub\wham\tests\WarHub.ArmouryModel.RosterEngine.Tests\WarHub.ArmouryModel.RosterEngine.Tests.csproj" (1:2) is building "D:\warhub\wham\src\WarHub.ArmouryModel.Concrete.Extensions\WarHub.ArmouryModel.Concrete.Extensions.csproj" (4:2) on node 2 (default targets).
   4:2>Project "D:\warhub\wham\src\WarHub.ArmouryModel.Concrete.Extensions\WarHub.ArmouryModel.Concrete.Extensions.csproj" (4:2) is building "D:\packages\nuget\nerdbank.gitversioning\3.9.50\build\PrivateP2PCaching.proj" (11:6) on node 3 (GetBuildVersion_Properties;GetBuildVersion_CloudBuildVersionVars target(s)).
    11>GetBuildVersionCore:
         Building version 0.15.0 from commit bd593f73dd76ecf5114b63020b643f6218be88b0
    11>Done Building Project "D:\packages\nuget\nerdbank.gitversioning\3.9.50\build\PrivateP2PCaching.proj" (GetBuildVersion_Properties;GetBuildVersion_CloudBuildVersionVars target(s)).
     4>GenerateAssemblyNBGVVersionInfo:
         Copying file from "D:\warhub\wham\artifacts\obj\WarHub.ArmouryModel.Concrete.Extensions\debug\WarHub.ArmouryModel.Concrete.Extensions.Version.cs.new" to "D:\warhub\wham\artifacts\obj\WarHub.ArmouryModel.Concrete.Extensions\debug\WarHub.ArmouryModel.Concrete.Extensions.Version.cs".
       GenerateTargetFrameworkMonikerAttribute:
       Skipping target "GenerateTargetFrameworkMonikerAttribute" because all output files are up-to-date with respect to the input files.
       CoreGenerateAssemblyInfo:
       Skipping target "CoreGenerateAssemblyInfo" because all output files are up-to-date with respect to the input files.
       _GenerateSourceLinkFile:
         Source Link file 'D:\warhub\wham\artifacts\obj\WarHub.ArmouryModel.Concrete.Extensions\debug\WarHub.ArmouryModel.Concrete.Extensions.sourcelink.json' is up-to-date.
       CoreCompile:
         Setting DOTNET_ROOT to 'C:\Program Files\dotnet'
         C:\Program Files\dotnet\sdk\10.0.104\Roslyn\bincore\csc.exe /noconfig /unsafe- /checked- /nowarn:CS1591,NU5105,CA1515,1701,1702 /fullpaths /nostdlib+ /errorreport:prompt /warn:10 /doc:D:\warhub\wham\artifacts\obj\WarHub.ArmouryModel.Concrete.Extensions\debug\WarHub.ArmouryModel.Concrete.Extensions.xml /define:TRACE;DEBUG;NET;NET10_0;NETCOREAPP;NET5_0_OR_GREATER;NET6_0_OR_GREATER;NET7_0_OR_GREATER;NET8_0_OR_GREATER;NET9_0_OR_GREATER;NET10_0_OR_GREATER;NETCOREAPP1_0_OR_GREATER;NETCOREAPP1_1_OR_GREATER;NETCOREAPP2_0_OR_GREATER;NETCOREAPP2_1_OR_GREATER;NETCOREAPP2_2_OR_GREATER;NETCOREAPP3_0_OR_GREATER;NETCOREAPP3_1_OR_GREATER /highentropyva+ /nullable:enable /reference:"C:\Program Files\dotnet\packs\Microsoft.NETCore.App.Ref\10.0.4\ref\net10.0\Microsoft.CSharp.dll" /reference:"C:\Program Files\dotnet\packs\Microsoft.NETCore.App.Ref\10.0.4\ref\net10.0\Microsoft.VisualBasic.Core.dll" /reference:"C:\Program Files\dotnet\packs\Microsoft.NETCore.App.Ref\10.0.4\ref\net10.0\Microsoft.VisualBasic.dll" /reference:"C:\Program Files\dotnet\packs\Microsoft.NETCore.App.Ref\10.0.4\ref\net10.0\Microsoft.Win32.Primitives.dll" /reference:"C:\Program Files\dotnet\packs\Microsoft.NETCore.App.Ref\10.0.4\ref\net10.0\Microsoft.Win32.Registry.dll" /reference:"C:\Program Files\dotnet\packs\Microsoft.NETCore.App.Ref\10.0.4\ref\net10.0\mscorlib.dll" /reference:"C:\Program Files\dotnet\packs\Microsoft.NETCore.App.Ref\10.0.4\ref\net10.0\netstandard.dll" /reference:"C:\Program Files\dotnet\packs\Microsoft.NETCore.App.Ref\10.0.4\ref\net10.0\System.AppContext.dll" /reference:"C:\Program Files\dotnet\packs\Microsoft.NETCore.App.Ref\10.0.4\ref\net10.0\System.Buffers.dll" /reference:"C:\Program Files\dotnet\packs\Microsoft.NETCore.App.Ref\10.0.4\ref\net10.0\System.Collections.Concurrent.dll" /reference:"C:\Program Files\dotnet\packs\Microsoft.NETCore.App.Ref\10.0.4\ref\net10.0\System.Collections.dll" /reference:"C:\Program Files\dotnet\packs\Microsoft.NETCore.App.Ref\10.0.4\ref\net10.0\System.Collections.Immutable.dll" /reference:"C:\Program Files\dotnet\packs\Microsoft.NETCore.App.Ref\10.0.4\ref\net10.0\System.Collections.NonGeneric.dll" /reference:"C:\Program Files\dotnet\packs\Microsoft.NETCore.App.Ref\10.0.4\ref\net10.0\System.Collections.Specialized.dll" /reference:"C:\Program Files\dotnet\packs\Microsoft.NETCore.App.Ref\10.0.4\ref\net10.0\System.ComponentModel.Annotations.dll" /reference:"C:\Program Files\dotnet\packs\Microsoft.NETCore.App.Ref\10.0.4\ref\net10.0\System.ComponentModel.DataAnnotations.dll" /reference:"C:\Program Files\dotnet\packs\Microsoft.NETCore.App.Ref\10.0.4\ref\net10.0\System.ComponentModel.dll" /reference:"C:\Program Files\dotnet\packs\Microsoft.NETCore.App.Ref\10.0.4\ref\net10.0\System.ComponentModel.EventBasedAsync.dll" /reference:"C:\Program Files\dotnet\packs\Microsoft.NETCore.App.Ref\10.0.4\ref\net10.0\System.ComponentModel.Primitives.dll" /reference:"C:\Program Files\dotnet\packs\Microsoft.NETCore.App.Ref\10.0.4\ref\net10.0\System.ComponentModel.TypeConverter.dll" /reference:"C:\Program Files\dotnet\packs\Microsoft.NETCore.App.Ref\10.0.4\ref\net10.0\System.Configuration.dll" /reference:"C:\Program Files\dotnet\packs\Microsoft.NETCore.App.Ref\10.0.4\ref\net10.0\System.Console.dll" /reference:"C:\Program Files\dotnet\packs\Microsoft.NETCore.App.Ref\10.0.4\ref\net10.0\System.Core.dll" /reference:"C:\Program Files\dotnet\packs\Microsoft.NETCore.App.Ref\10.0.4\ref\net10.0\System.Data.Common.dll" /reference:"C:\Program Files\dotnet\packs\Microsoft.NETCore.App.Ref\10.0.4\ref\net10.0\System.Data.DataSetExtensions.dll" /reference:"C:\Program Files\dotnet\packs\Microsoft.NETCore.App.Ref\10.0.4\ref\net10.0\System.Data.dll" /reference:"C:\Program Files\dotnet\packs\Microsoft.NETCore.App.Ref\10.0.4\ref\net10.0\System.Diagnostics.Contracts.dll" /reference:"C:\Program Files\dotnet\packs\Microsoft.NETCore.App.Ref\10.0.4\ref\net10.0\System.Diagnostics.Debug.dll" /reference:"C:\Program Files\dotnet\packs\Microsoft.NETCore.App.Ref\10.0.4\ref\net10.0\System.Diagnostics.DiagnosticSource.dll" /reference:"C:\Program Files\dotnet\packs\Microsoft.NETCore.App.Ref\10.0.4\ref\net10.0\System.Diagnostics.FileVersionInfo.dll" /reference:"C:\Program Files\dotnet\packs\Microsoft.NETCore.App.Ref\10.0.4\ref\net10.0\System.Diagnostics.Process.dll" /reference:"C:\Program Files\dotnet\packs\Microsoft.NETCore.App.Ref\10.0.4\ref\net10.0\System.Diagnostics.StackTrace.dll" /reference:"C:\Program Files\dotnet\packs\Microsoft.NETCore.App.Ref\10.0.4\ref\net10.0\System.Diagnostics.TextWriterTraceListener.dll" /reference:"C:\Program Files\dotnet\packs\Microsoft.NETCore.App.Ref\10.0.4\ref\net10.0\System.Diagnostics.Tools.dll" /reference:"C:\Program Files\dotnet\packs\Microsoft.NETCore.App.Ref\10.0.4\ref\net10.0\System.Diagnostics.TraceSource.dll" /reference:"C:\Program Files\dotnet\packs\Microsoft.NETCore.App.Ref\10.0.4\ref\net10.0\System.Diagnostics.Tracing.dll" /reference:"C:\Program Files\dotnet\packs\Microsoft.NETCore.App.Ref\10.0.4\ref\net10.0\System.dll" /reference:"C:\Program Files\dotnet\packs\Microsoft.NETCore.App.Ref\10.0.4\ref\net10.0\System.Drawing.dll" /reference:"C:\Program Files\dotnet\packs\Microsoft.NETCore.App.Ref\10.0.4\ref\net10.0\System.Drawing.Primitives.dll" /reference:"C:\Program Files\dotnet\packs\Microsoft.NETCore.App.Ref\10.0.4\ref\net10.0\System.Dynamic.Runtime.dll" /reference:"C:\Program Files\dotnet\packs\Microsoft.NETCore.App.Ref\10.0.4\ref\net10.0\System.Formats.Asn1.dll" /reference:"C:\Program Files\dotnet\packs\Microsoft.NETCore.App.Ref\10.0.4\ref\net10.0\System.Formats.Tar.dll" /reference:"C:\Program Files\dotnet\packs\Microsoft.NETCore.App.Ref\10.0.4\ref\net10.0\System.Globalization.Calendars.dll" /reference:"C:\Program Files\dotnet\packs\Microsoft.NETCore.App.Ref\10.0.4\ref\net10.0\System.Globalization.dll" /reference:"C:\Program Files\dotnet\packs\Microsoft.NETCore.App.Ref\10.0.4\ref\net10.0\System.Globalization.Extensions.dll" /reference:"C:\Program Files\dotnet\packs\Microsoft.NETCore.App.Ref\10.0.4\ref\net10.0\System.IO.Compression.Brotli.dll" /reference:"C:\Program Files\dotnet\packs\Microsoft.NETCore.App.Ref\10.0.4\ref\net10.0\System.IO.Compression.dll" /reference:"C:\Program Files\dotnet\packs\Microsoft.NETCore.App.Ref\10.0.4\ref\net10.0\System.IO.Compression.FileSystem.dll" /reference:"C:\Program Files\dotnet\packs\Microsoft.NETCore.App.Ref\10.0.4\ref\net10.0\System.IO.Compression.ZipFile.dll" /reference:"C:\Program Files\dotnet\packs\Microsoft.NETCore.App.Ref\10.0.4\ref\net10.0\System.IO.dll" /reference:"C:\Program Files\dotnet\packs\Microsoft.NETCore.App.Ref\10.0.4\ref\net10.0\System.IO.FileSystem.AccessControl.dll" /reference:"C:\Program Files\dotnet\packs\Microsoft.NETCore.App.Ref\10.0.4\ref\net10.0\System.IO.FileSystem.dll" /reference:"C:\Program Files\dotnet\packs\Microsoft.NETCore.App.Ref\10.0.4\ref\net10.0\System.IO.FileSystem.DriveInfo.dll" /reference:"C:\Program Files\dotnet\packs\Microsoft.NETCore.App.Ref\10.0.4\ref\net10.0\System.IO.FileSystem.Primitives.dll" /reference:"C:\Program Files\dotnet\packs\Microsoft.NETCore.App.Ref\10.0.4\ref\net10.0\System.IO.FileSystem.Watcher.dll" /reference:"C:\Program Files\dotnet\packs\Microsoft.NETCore.App.Ref\10.0.4\ref\net10.0\System.IO.IsolatedStorage.dll" /reference:"C:\Program Files\dotnet\packs\Microsoft.NETCore.App.Ref\10.0.4\ref\net10.0\System.IO.MemoryMappedFiles.dll" /reference:"C:\Program Files\dotnet\packs\Microsoft.NETCore.App.Ref\10.0.4\ref\net10.0\System.IO.Pipelines.dll" /reference:"C:\Program Files\dotnet\packs\Microsoft.NETCore.App.Ref\10.0.4\ref\net10.0\System.IO.Pipes.AccessControl.dll" /reference:"C:\Program Files\dotnet\packs\Microsoft.NETCore.App.Ref\10.0.4\ref\net10.0\System.IO.Pipes.dll" /reference:"C:\Program Files\dotnet\packs\Microsoft.NETCore.App.Ref\10.0.4\ref\net10.0\System.IO.UnmanagedMemoryStream.dll" /reference:"C:\Program Files\dotnet\packs\Microsoft.NETCore.App.Ref\10.0.4\ref\net10.0\System.Linq.AsyncEnumerable.dll" /reference:"C:\Program Files\dotnet\packs\Microsoft.NETCore.App.Ref\10.0.4\ref\net10.0\System.Linq.dll" /reference:"C:\Program Files\dotnet\packs\Microsoft.NETCore.App.Ref\10.0.4\ref\net10.0\System.Linq.Expressions.dll" /reference:"C:\Program Files\dotnet\packs\Microsoft.NETCore.App.Ref\10.0.4\ref\net10.0\System.Linq.Parallel.dll" /reference:"C:\Program Files\dotnet\packs\Microsoft.NETCore.App.Ref\10.0.4\ref\net10.0\System.Linq.Queryable.dll" /reference:"C:\Program Files\dotnet\packs\Microsoft.NETCore.App.Ref\10.0.4\ref\net10.0\System.Memory.dll" /reference:"C:\Program Files\dotnet\packs\Microsoft.NETCore.App.Ref\10.0.4\ref\net10.0\System.Net.dll" /reference:"C:\Program Files\dotnet\packs\Microsoft.NETCore.App.Ref\10.0.4\ref\net10.0\System.Net.Http.dll" /reference:"C:\Program Files\dotnet\packs\Microsoft.NETCore.App.Ref\10.0.4\ref\net10.0\System.Net.Http.Json.dll" /reference:"C:\Program Files\dotnet\packs\Microsoft.NETCore.App.Ref\10.0.4\ref\net10.0\System.Net.HttpListener.dll" /reference:"C:\Program Files\dotnet\packs\Microsoft.NETCore.App.Ref\10.0.4\ref\net10.0\System.Net.Mail.dll" /reference:"C:\Program Files\dotnet\packs\Microsoft.NETCore.App.Ref\10.0.4\ref\net10.0\System.Net.NameResolution.dll" /reference:"C:\Program Files\dotnet\packs\Microsoft.NETCore.App.Ref\10.0.4\ref\net10.0\System.Net.NetworkInformation.dll" /reference:"C:\Program Files\dotnet\packs\Microsoft.NETCore.App.Ref\10.0.4\ref\net10.0\System.Net.Ping.dll" /reference:"C:\Program Files\dotnet\packs\Microsoft.NETCore.App.Ref\10.0.4\ref\net10.0\System.Net.Primitives.dll" /reference:"C:\Program Files\dotnet\packs\Microsoft.NETCore.App.Ref\10.0.4\ref\net10.0\System.Net.Quic.dll" /reference:"C:\Program Files\dotnet\packs\Microsoft.NETCore.App.Ref\10.0.4\ref\net10.0\System.Net.Requests.dll" /reference:"C:\Program Files\dotnet\packs\Microsoft.NETCore.App.Ref\10.0.4\ref\net10.0\System.Net.Security.dll" /reference:"C:\Program Files\dotnet\packs\Microsoft.NETCore.App.Ref\10.0.4\ref\net10.0\System.Net.ServerSentEvents.dll" /reference:"C:\Program Files\dotnet\packs\Microsoft.NETCore.App.Ref\10.0.4\ref\net10.0\System.Net.ServicePoint.dll" /reference:"C:\Program Files\dotnet\packs\Microsoft.NETCore.App.Ref\10.0.4\ref\net10.0\System.Net.Sockets.dll" /reference:"C:\Program Files\dotnet\packs\Microsoft.NETCore.App.Ref\10.0.4\ref\net10.0\System.Net.WebClient.dll" /reference:"C:\Program Files\dotnet\packs\Microsoft.NETCore.App.Ref\10.0.4\ref\net10.0\System.Net.WebHeaderCollection.dll" /reference:"C:\Program Files\dotnet\packs\Microsoft.NETCore.App.Ref\10.0.4\ref\net10.0\System.Net.WebProxy.dll" /reference:"C:\Program Files\dotnet\packs\Microsoft.NETCore.App.Ref\10.0.4\ref\net10.0\System.Net.WebSockets.Client.dll" /reference:"C:\Program Files\dotnet\packs\Microsoft.NETCore.App.Ref\10.0.4\ref\net10.0\System.Net.WebSockets.dll" /reference:"C:\Program Files\dotnet\packs\Microsoft.NETCore.App.Ref\10.0.4\ref\net10.0\System.Numerics.dll" /reference:"C:\Program Files\dotnet\packs\Microsoft.NETCore.App.Ref\10.0.4\ref\net10.0\System.Numerics.Vectors.dll" /reference:"C:\Program Files\dotnet\packs\Microsoft.NETCore.App.Ref\10.0.4\ref\net10.0\System.ObjectModel.dll" /reference:"C:\Program Files\dotnet\packs\Microsoft.NETCore.App.Ref\10.0.4\ref\net10.0\System.Reflection.DispatchProxy.dll" /reference:"C:\Program Files\dotnet\packs\Microsoft.NETCore.App.Ref\10.0.4\ref\net10.0\System.Reflection.dll" /reference:"C:\Program Files\dotnet\packs\Microsoft.NETCore.App.Ref\10.0.4\ref\net10.0\System.Reflection.Emit.dll" /reference:"C:\Program Files\dotnet\packs\Microsoft.NETCore.App.Ref\10.0.4\ref\net10.0\System.Reflection.Emit.ILGeneration.dll" /reference:"C:\Program Files\dotnet\packs\Microsoft.NETCore.App.Ref\10.0.4\ref\net10.0\System.Reflection.Emit.Lightweight.dll" /reference:"C:\Program Files\dotnet\packs\Microsoft.NETCore.App.Ref\10.0.4\ref\net10.0\System.Reflection.Extensions.dll" /reference:"C:\Program Files\dotnet\packs\Microsoft.NETCore.App.Ref\10.0.4\ref\net10.0\System.Reflection.Metadata.dll" /reference:"C:\Program Files\dotnet\packs\Microsoft.NETCore.App.Ref\10.0.4\ref\net10.0\System.Reflection.Primitives.dll" /reference:"C:\Program Files\dotnet\packs\Microsoft.NETCore.App.Ref\10.0.4\ref\net10.0\System.Reflection.TypeExtensions.dll" /reference:"C:\Program Files\dotnet\packs\Microsoft.NETCore.App.Ref\10.0.4\ref\net10.0\System.Resources.Reader.dll" /reference:"C:\Program Files\dotnet\packs\Microsoft.NETCore.App.Ref\10.0.4\ref\net10.0\System.Resources.ResourceManager.dll" /reference:"C:\Program Files\dotnet\packs\Microsoft.NETCore.App.Ref\10.0.4\ref\net10.0\System.Resources.Writer.dll" /reference:"C:\Program Files\dotnet\packs\Microsoft.NETCore.App.Ref\10.0.4\ref\net10.0\System.Runtime.CompilerServices.Unsafe.dll" /reference:"C:\Program Files\dotnet\packs\Microsoft.NETCore.App.Ref\10.0.4\ref\net10.0\System.Runtime.CompilerServices.VisualC.dll" /reference:"C:\Program Files\dotnet\packs\Microsoft.NETCore.App.Ref\10.0.4\ref\net10.0\System.Runtime.dll" /reference:"C:\Program Files\dotnet\packs\Microsoft.NETCore.App.Ref\10.0.4\ref\net10.0\System.Runtime.Extensions.dll" /reference:"C:\Program Files\dotnet\packs\Microsoft.NETCore.App.Ref\10.0.4\ref\net10.0\System.Runtime.Handles.dll" /reference:"C:\Program Files\dotnet\packs\Microsoft.NETCore.App.Ref\10.0.4\ref\net10.0\System.Runtime.InteropServices.dll" /reference:"C:\Program Files\dotnet\packs\Microsoft.NETCore.App.Ref\10.0.4\ref\net10.0\System.Runtime.InteropServices.JavaScript.dll" /reference:"C:\Program Files\dotnet\packs\Microsoft.NETCore.App.Ref\10.0.4\ref\net10.0\System.Runtime.InteropServices.RuntimeInformation.dll" /reference:"C:\Program Files\dotnet\packs\Microsoft.NETCore.App.Ref\10.0.4\ref\net10.0\System.Runtime.Intrinsics.dll" /reference:"C:\Program Files\dotnet\packs\Microsoft.NETCore.App.Ref\10.0.4\ref\net10.0\System.Runtime.Loader.dll" /reference:"C:\Program Files\dotnet\packs\Microsoft.NETCore.App.Ref\10.0.4\ref\net10.0\System.Runtime.Numerics.dll" /reference:"C:\Program Files\dotnet\packs\Microsoft.NETCore.App.Ref\10.0.4\ref\net10.0\System.Runtime.Serialization.dll" /reference:"C:\Program Files\dotnet\packs\Microsoft.NETCore.App.Ref\10.0.4\ref\net10.0\System.Runtime.Serialization.Formatters.dll" /reference:"C:\Program Files\dotnet\packs\Microsoft.NETCore.App.Ref\10.0.4\ref\net10.0\System.Runtime.Serialization.Json.dll" /reference:"C:\Program Files\dotnet\packs\Microsoft.NETCore.App.Ref\10.0.4\ref\net10.0\System.Runtime.Serialization.Primitives.dll" /reference:"C:\Program Files\dotnet\packs\Microsoft.NETCore.App.Ref\10.0.4\ref\net10.0\System.Runtime.Serialization.Xml.dll" /reference:"C:\Program Files\dotnet\packs\Microsoft.NETCore.App.Ref\10.0.4\ref\net10.0\System.Security.AccessControl.dll" /reference:"C:\Program Files\dotnet\packs\Microsoft.NETCore.App.Ref\10.0.4\ref\net10.0\System.Security.Claims.dll" /reference:"C:\Program Files\dotnet\packs\Microsoft.NETCore.App.Ref\10.0.4\ref\net10.0\System.Security.Cryptography.Algorithms.dll" /reference:"C:\Program Files\dotnet\packs\Microsoft.NETCore.App.Ref\10.0.4\ref\net10.0\System.Security.Cryptography.Cng.dll" /reference:"C:\Program Files\dotnet\packs\Microsoft.NETCore.App.Ref\10.0.4\ref\net10.0\System.Security.Cryptography.Csp.dll" /reference:"C:\Program Files\dotnet\packs\Microsoft.NETCore.App.Ref\10.0.4\ref\net10.0\System.Security.Cryptography.dll" /reference:"C:\Program Files\dotnet\packs\Microsoft.NETCore.App.Ref\10.0.4\ref\net10.0\System.Security.Cryptography.Encoding.dll" /reference:"C:\Program Files\dotnet\packs\Microsoft.NETCore.App.Ref\10.0.4\ref\net10.0\System.Security.Cryptography.OpenSsl.dll" /reference:"C:\Program Files\dotnet\packs\Microsoft.NETCore.App.Ref\10.0.4\ref\net10.0\System.Security.Cryptography.Primitives.dll" /reference:"C:\Program Files\dotnet\packs\Microsoft.NETCore.App.Ref\10.0.4\ref\net10.0\System.Security.Cryptography.X509Certificates.dll" /reference:"C:\Program Files\dotnet\packs\Microsoft.NETCore.App.Ref\10.0.4\ref\net10.0\System.Security.dll" /reference:"C:\Program Files\dotnet\packs\Microsoft.NETCore.App.Ref\10.0.4\ref\net10.0\System.Security.Principal.dll" /reference:"C:\Program Files\dotnet\packs\Microsoft.NETCore.App.Ref\10.0.4\ref\net10.0\System.Security.Principal.Windows.dll" /reference:"C:\Program Files\dotnet\packs\Microsoft.NETCore.App.Ref\10.0.4\ref\net10.0\System.Security.SecureString.dll" /reference:"C:\Program Files\dotnet\packs\Microsoft.NETCore.App.Ref\10.0.4\ref\net10.0\System.ServiceModel.Web.dll" /reference:"C:\Program Files\dotnet\packs\Microsoft.NETCore.App.Ref\10.0.4\ref\net10.0\System.ServiceProcess.dll" /reference:"C:\Program Files\dotnet\packs\Microsoft.NETCore.App.Ref\10.0.4\ref\net10.0\System.Text.Encoding.CodePages.dll" /reference:"C:\Program Files\dotnet\packs\Microsoft.NETCore.App.Ref\10.0.4\ref\net10.0\System.Text.Encoding.dll" /reference:"C:\Program Files\dotnet\packs\Microsoft.NETCore.App.Ref\10.0.4\ref\net10.0\System.Text.Encoding.Extensions.dll" /reference:"C:\Program Files\dotnet\packs\Microsoft.NETCore.App.Ref\10.0.4\ref\net10.0\System.Text.Encodings.Web.dll" /reference:"C:\Program Files\dotnet\packs\Microsoft.NETCore.App.Ref\10.0.4\ref\net10.0\System.Text.Json.dll" /reference:"C:\Program Files\dotnet\packs\Microsoft.NETCore.App.Ref\10.0.4\ref\net10.0\System.Text.RegularExpressions.dll" /reference:"C:\Program Files\dotnet\packs\Microsoft.NETCore.App.Ref\10.0.4\ref\net10.0\System.Threading.AccessControl.dll" /reference:"C:\Program Files\dotnet\packs\Microsoft.NETCore.App.Ref\10.0.4\ref\net10.0\System.Threading.Channels.dll" /reference:"C:\Program Files\dotnet\packs\Microsoft.NETCore.App.Ref\10.0.4\ref\net10.0\System.Threading.dll" /reference:"C:\Program Files\dotnet\packs\Microsoft.NETCore.App.Ref\10.0.4\ref\net10.0\System.Threading.Overlapped.dll" /reference:"C:\Program Files\dotnet\packs\Microsoft.NETCore.App.Ref\10.0.4\ref\net10.0\System.Threading.Tasks.Dataflow.dll" /reference:"C:\Program Files\dotnet\packs\Microsoft.NETCore.App.Ref\10.0.4\ref\net10.0\System.Threading.Tasks.dll" /reference:"C:\Program Files\dotnet\packs\Microsoft.NETCore.App.Ref\10.0.4\ref\net10.0\System.Threading.Tasks.Extensions.dll" /reference:"C:\Program Files\dotnet\packs\Microsoft.NETCore.App.Ref\10.0.4\ref\net10.0\System.Threading.Tasks.Parallel.dll" /reference:"C:\Program Files\dotnet\packs\Microsoft.NETCore.App.Ref\10.0.4\ref\net10.0\System.Threading.Thread.dll" /reference:"C:\Program Files\dotnet\packs\Microsoft.NETCore.App.Ref\10.0.4\ref\net10.0\System.Threading.ThreadPool.dll" /reference:"C:\Program Files\dotnet\packs\Microsoft.NETCore.App.Ref\10.0.4\ref\net10.0\System.Threading.Timer.dll" /reference:"C:\Program Files\dotnet\packs\Microsoft.NETCore.App.Ref\10.0.4\ref\net10.0\System.Transactions.dll" /reference:"C:\Program Files\dotnet\packs\Microsoft.NETCore.App.Ref\10.0.4\ref\net10.0\System.Transactions.Local.dll" /reference:"C:\Program Files\dotnet\packs\Microsoft.NETCore.App.Ref\10.0.4\ref\net10.0\System.ValueTuple.dll" /reference:"C:\Program Files\dotnet\packs\Microsoft.NETCore.App.Ref\10.0.4\ref\net10.0\System.Web.dll" /reference:"C:\Program Files\dotnet\packs\Microsoft.NETCore.App.Ref\10.0.4\ref\net10.0\System.Web.HttpUtility.dll" /reference:"C:\Program Files\dotnet\packs\Microsoft.NETCore.App.Ref\10.0.4\ref\net10.0\System.Windows.dll" /reference:"C:\Program Files\dotnet\packs\Microsoft.NETCore.App.Ref\10.0.4\ref\net10.0\System.Xml.dll" /reference:"C:\Program Files\dotnet\packs\Microsoft.NETCore.App.Ref\10.0.4\ref\net10.0\System.Xml.Linq.dll" /reference:"C:\Program Files\dotnet\packs\Microsoft.NETCore.App.Ref\10.0.4\ref\net10.0\System.Xml.ReaderWriter.dll" /reference:"C:\Program Files\dotnet\packs\Microsoft.NETCore.App.Ref\10.0.4\ref\net10.0\System.Xml.Serialization.dll" /reference:"C:\Program Files\dotnet\packs\Microsoft.NETCore.App.Ref\10.0.4\ref\net10.0\System.Xml.XDocument.dll" /reference:"C:\Program Files\dotnet\packs\Microsoft.NETCore.App.Ref\10.0.4\ref\net10.0\System.Xml.XmlDocument.dll" /reference:"C:\Program Files\dotnet\packs\Microsoft.NETCore.App.Ref\10.0.4\ref\net10.0\System.Xml.XmlSerializer.dll" /reference:"C:\Program Files\dotnet\packs\Microsoft.NETCore.App.Ref\10.0.4\ref\net10.0\System.Xml.XPath.dll" /reference:"C:\Program Files\dotnet\packs\Microsoft.NETCore.App.Ref\10.0.4\ref\net10.0\System.Xml.XPath.XDocument.dll" /reference:D:\warhub\wham\artifacts\obj\WarHub.ArmouryModel.Extensions\debug\ref\WarHub.ArmouryModel.Extensions.dll /reference:D:\warhub\wham\artifacts\obj\WarHub.ArmouryModel.Source\debug\ref\WarHub.ArmouryModel.Source.dll /reference:"C:\Program Files\dotnet\packs\Microsoft.NETCore.App.Ref\10.0.4\ref\net10.0\WindowsBase.dll" /features:"InterceptorsNamespaces=;Microsoft.Extensions.Validation.Generated" /debug+ /debug:portable /filealign:512 /optimize- /out:D:\warhub\wham\artifacts\obj\WarHub.ArmouryModel.Concrete.Extensions\debug\WarHub.ArmouryModel.Concrete.Extensions.dll /refout:D:\warhub\wham\artifacts\obj\WarHub.ArmouryModel.Concrete.Extensions\debug\refint\WarHub.ArmouryModel.Concrete.Extensions.dll /target:library /warnaserror- /utf8output /deterministic+ /sourcelink:D:\warhub\wham\artifacts\obj\WarHub.ArmouryModel.Concrete.Extensions\debug\WarHub.ArmouryModel.Concrete.Extensions.sourcelink.json /langversion:latest /embed:D:\warhub\wham\artifacts\obj\WarHub.ArmouryModel.Concrete.Extensions\debug\WarHub.ArmouryModel.Concrete.Extensions.Version.cs /embed:D:\warhub\wham\artifacts\obj\WarHub.ArmouryModel.Concrete.Extensions\debug\WarHub.ArmouryModel.Concrete.Extensions.GlobalUsings.g.cs /embed:"D:\warhub\wham\artifacts\obj\WarHub.ArmouryModel.Concrete.Extensions\debug\.NETCoreApp,Version=v10.0.AssemblyAttributes.cs" /embed:D:\warhub\wham\artifacts\obj\WarHub.ArmouryModel.Concrete.Extensions\debug\WarHub.ArmouryModel.Concrete.Extensions.AssemblyInfo.cs /analyzerconfig:D:\warhub\wham\.editorconfig /analyzerconfig:D:\warhub\wham\artifacts\obj\WarHub.ArmouryModel.Concrete.Extensions\debug\WarHub.ArmouryModel.Concrete.Extensions.GeneratedMSBuildEditorConfig.editorconfig /analyzerconfig:"C:\Program Files\dotnet\sdk\10.0.104\Sdks\Microsoft.NET.Sdk\analyzers\build\config\analysislevel_10_all.globalconfig" /analyzer:"C:\Program Files\dotnet\sdk\10.0.104\Sdks\Microsoft.NET.Sdk\targets\..\analyzers\Microsoft.CodeAnalysis.CSharp.NetAnalyzers.dll" /analyzer:"C:\Program Files\dotnet\sdk\10.0.104\Sdks\Microsoft.NET.Sdk\targets\..\analyzers\Microsoft.CodeAnalysis.NetAnalyzers.dll" /analyzer:"C:\Program Files\dotnet\packs\Microsoft.NETCore.App.Ref\10.0.4\analyzers/dotnet/cs/Microsoft.Interop.ComInterfaceGenerator.dll" /analyzer:"C:\Program Files\dotnet\packs\Microsoft.NETCore.App.Ref\10.0.4\analyzers/dotnet/cs/Microsoft.Interop.JavaScript.JSImportGenerator.dll" /analyzer:"C:\Program Files\dotnet\packs\Microsoft.NETCore.App.Ref\10.0.4\analyzers/dotnet/cs/Microsoft.Interop.LibraryImportGenerator.dll" /analyzer:"C:\Program Files\dotnet\packs\Microsoft.NETCore.App.Ref\10.0.4\analyzers/dotnet/cs/Microsoft.Interop.SourceGeneration.dll" /analyzer:"C:\Program Files\dotnet\packs\Microsoft.NETCore.App.Ref\10.0.4\analyzers/dotnet/cs/System.Text.Json.SourceGeneration.dll" /analyzer:"C:\Program Files\dotnet\packs\Microsoft.NETCore.App.Ref\10.0.4\analyzers/dotnet/cs/System.Text.RegularExpressions.Generator.dll" D:\warhub\wham\artifacts\obj\WarHub.ArmouryModel.Concrete.Extensions\debug\WarHub.ArmouryModel.Concrete.Extensions.Version.cs Binders\Binder.cs Binders\BinderFactory.cs Binders\BuckStopsHereBinder.cs Binders\CatalogueBaseBinder.cs Binders\CharacteristicBinder.cs Binders\EntryBinder.cs Binders\ForceBinder.cs Binders\GamesystemNamespaceBinder.cs Binders\RosterBinder.cs Binders\SelectionBinder.cs Diagnostics\BindingDiagnosticBag.cs Diagnostics\DiagnosticBagExtensions.cs Diagnostics\ErrorCode.cs Diagnostics\ErrorFacts.cs Diagnostics\ErrorSymbols.cs Diagnostics\WhamDiagnostic.cs Diagnostics\WhamDiagnosticInfo.cs Diagnostics\WhamMessageProvider.cs Symbols\CatalogueBaseSymbol.cs Symbols\CatalogueReferenceSymbol.cs Symbols\CatalogueSymbol.cs Symbols\CategoryEntrySymbol.cs Symbols\CategoryLinkSymbol.cs Symbols\CategorySymbol.cs Symbols\CharacteristicSymbol.cs Symbols\CharacteristicTypeSymbol.cs Symbols\ConditionBaseSymbol.cs Symbols\ConditionGroupingBaseSymbol.cs Symbols\ConditionSymbol.cs Symbols\ConstraintSymbol.cs Symbols\ContainerEntryBaseSymbol.cs Symbols\ContainerSymbol.cs Symbols\CostSymbol.cs Symbols\CostTypeSymbol.cs Symbols\EntryInstanceSymbol.cs Symbols\EntryReferencePathSymbol.cs Symbols\EntrySymbol.cs Symbols\ForceCatalogueReferenceSymbol.cs Symbols\ForceEntrySymbol.cs Symbols\ForceSymbol.cs Symbols\GamesystemSymbol.cs Symbols\GeneratedCostSymbol.cs Symbols\LogicBaseSymbol.cs Symbols\ModifierEffectBaseSymbol.cs Symbols\ModifierEffectSymbol.cs Symbols\ModifierGroupEffectSymbol.cs Symbols\ProfileSymbol.cs Symbols\ProfileTypeSymbol.cs Symbols\PublicationReferenceSymbol.cs Symbols\PublicationSymbol.cs Symbols\QueryBaseSymbol.cs Symbols\RepeatEffectSymbol.cs Symbols\ResourceDefinitionBaseSymbol.cs Symbols\ResourceEntryBaseSymbol.cs Symbols\ResourceGroupSymbol.cs Symbols\ResourceLinkSymbol.cs Symbols\RosterCostSymbol.cs Symbols\RosterProfileSymbol.cs Symbols\RosterResourceBaseSymbol.cs Symbols\RosterRuleSymbol.cs Symbols\RosterSymbol.cs Symbols\RuleSymbol.cs Symbols\SelectionEntryBaseSymbol.cs Symbols\SelectionEntryGroupSymbol.cs Symbols\SelectionEntryLinkSymbol.cs Symbols\SelectionEntrySymbol.cs Symbols\SelectionSymbol.cs Symbols\SourceDeclaredSymbol.cs Symbols\SourceGlobalNamespaceSymbol.cs Symbols\Symbol.cs Utilities\CompletionPart.cs Utilities\INodeDeclaredSymbol.cs Utilities\SymbolCompletionState.cs Utilities\WhamSymbolDeclarationExtensions.cs WhamCompilation.cs WhamCompilationOptions.cs D:\warhub\wham\artifacts\obj\WarHub.ArmouryModel.Concrete.Extensions\debug\WarHub.ArmouryModel.Concrete.Extensions.GlobalUsings.g.cs "D:\warhub\wham\artifacts\obj\WarHub.ArmouryModel.Concrete.Extensions\debug\.NETCoreApp,Version=v10.0.AssemblyAttributes.cs" D:\warhub\wham\artifacts\obj\WarHub.ArmouryModel.Concrete.Extensions\debug\WarHub.ArmouryModel.Concrete.Extensions.AssemblyInfo.cs /warnaserror+:NU1605,SYSLIB0011
         Compilation request WarHub.ArmouryModel.Concrete.Extensions (net10.0), PathToTool=C:\Program Files\dotnet\sdk\10.0.104\Roslyn\bincore\csc.exe
         CommandLine = ' /noconfig'
         BuildResponseFile = '/unsafe- /checked- /nowarn:CS1591,NU5105,CA1515,1701,1702 /fullpaths /nostdlib+ /errorreport:prompt /warn:10 /doc:D:\warhub\wham\artifacts\obj\WarHub.ArmouryModel.Concrete.Extensions\debug\WarHub.ArmouryModel.Concrete.Extensions.xml /define:TRACE;DEBUG;NET;NET10_0;NETCOREAPP;NET5_0_OR_GREATER;NET6_0_OR_GREATER;NET7_0_OR_GREATER;NET8_0_OR_GREATER;NET9_0_OR_GREATER;NET10_0_OR_GREATER;NETCOREAPP1_0_OR_GREATER;NETCOREAPP1_1_OR_GREATER;NETCOREAPP2_0_OR_GREATER;NETCOREAPP2_1_OR_GREATER;NETCOREAPP2_2_OR_GREATER;NETCOREAPP3_0_OR_GREATER;NETCOREAPP3_1_OR_GREATER /highentropyva+ /nullable:enable /reference:"C:\Program Files\dotnet\packs\Microsoft.NETCore.App.Ref\10.0.4\ref\net10.0\Microsoft.CSharp.dll" /reference:"C:\Program Files\dotnet\packs\Microsoft.NETCore.App.Ref\10.0.4\ref\net10.0\Microsoft.VisualBasic.Core.dll" /reference:"C:\Program Files\dotnet\packs\Microsoft.NETCore.App.Ref\10.0.4\ref\net10.0\Microsoft.VisualBasic.dll" /reference:"C:\Program Files\dotnet\packs\Microsoft.NETCore.App.Ref\10.0.4\ref\net10.0\Microsoft.Win32.Primitives.dll" /reference:"C:\Program Files\dotnet\packs\Microsoft.NETCore.App.Ref\10.0.4\ref\net10.0\Microsoft.Win32.Registry.dll" /reference:"C:\Program Files\dotnet\packs\Microsoft.NETCore.App.Ref\10.0.4\ref\net10.0\mscorlib.dll" /reference:"C:\Program Files\dotnet\packs\Microsoft.NETCore.App.Ref\10.0.4\ref\net10.0\netstandard.dll" /reference:"C:\Program Files\dotnet\packs\Microsoft.NETCore.App.Ref\10.0.4\ref\net10.0\System.AppContext.dll" /reference:"C:\Program Files\dotnet\packs\Microsoft.NETCore.App.Ref\10.0.4\ref\net10.0\System.Buffers.dll" /reference:"C:\Program Files\dotnet\packs\Microsoft.NETCore.App.Ref\10.0.4\ref\net10.0\System.Collections.Concurrent.dll" /reference:"C:\Program Files\dotnet\packs\Microsoft.NETCore.App.Ref\10.0.4\ref\net10.0\System.Collections.dll" /reference:"C:\Program Files\dotnet\packs\Microsoft.NETCore.App.Ref\10.0.4\ref\net10.0\System.Collections.Immutable.dll" /reference:"C:\Program Files\dotnet\packs\Microsoft.NETCore.App.Ref\10.0.4\ref\net10.0\System.Collections.NonGeneric.dll" /reference:"C:\Program Files\dotnet\packs\Microsoft.NETCore.App.Ref\10.0.4\ref\net10.0\System.Collections.Specialized.dll" /reference:"C:\Program Files\dotnet\packs\Microsoft.NETCore.App.Ref\10.0.4\ref\net10.0\System.ComponentModel.Annotations.dll" /reference:"C:\Program Files\dotnet\packs\Microsoft.NETCore.App.Ref\10.0.4\ref\net10.0\System.ComponentModel.DataAnnotations.dll" /reference:"C:\Program Files\dotnet\packs\Microsoft.NETCore.App.Ref\10.0.4\ref\net10.0\System.ComponentModel.dll" /reference:"C:\Program Files\dotnet\packs\Microsoft.NETCore.App.Ref\10.0.4\ref\net10.0\System.ComponentModel.EventBasedAsync.dll" /reference:"C:\Program Files\dotnet\packs\Microsoft.NETCore.App.Ref\10.0.4\ref\net10.0\System.ComponentModel.Primitives.dll" /reference:"C:\Program Files\dotnet\packs\Microsoft.NETCore.App.Ref\10.0.4\ref\net10.0\System.ComponentModel.TypeConverter.dll" /reference:"C:\Program Files\dotnet\packs\Microsoft.NETCore.App.Ref\10.0.4\ref\net10.0\System.Configuration.dll" /reference:"C:\Program Files\dotnet\packs\Microsoft.NETCore.App.Ref\10.0.4\ref\net10.0\System.Console.dll" /reference:"C:\Program Files\dotnet\packs\Microsoft.NETCore.App.Ref\10.0.4\ref\net10.0\System.Core.dll" /reference:"C:\Program Files\dotnet\packs\Microsoft.NETCore.App.Ref\10.0.4\ref\net10.0\System.Data.Common.dll" /reference:"C:\Program Files\dotnet\packs\Microsoft.NETCore.App.Ref\10.0.4\ref\net10.0\System.Data.DataSetExtensions.dll" /reference:"C:\Program Files\dotnet\packs\Microsoft.NETCore.App.Ref\10.0.4\ref\net10.0\System.Data.dll" /reference:"C:\Program Files\dotnet\packs\Microsoft.NETCore.App.Ref\10.0.4\ref\net10.0\System.Diagnostics.Contracts.dll" /reference:"C:\Program Files\dotnet\packs\Microsoft.NETCore.App.Ref\10.0.4\ref\net10.0\System.Diagnostics.Debug.dll" /reference:"C:\Program Files\dotnet\packs\Microsoft.NETCore.App.Ref\10.0.4\ref\net10.0\System.Diagnostics.DiagnosticSource.dll" /reference:"C:\Program Files\dotnet\packs\Microsoft.NETCore.App.Ref\10.0.4\ref\net10.0\System.Diagnostics.FileVersionInfo.dll" /reference:"C:\Program Files\dotnet\packs\Microsoft.NETCore.App.Ref\10.0.4\ref\net10.0\System.Diagnostics.Process.dll" /reference:"C:\Program Files\dotnet\packs\Microsoft.NETCore.App.Ref\10.0.4\ref\net10.0\System.Diagnostics.StackTrace.dll" /reference:"C:\Program Files\dotnet\packs\Microsoft.NETCore.App.Ref\10.0.4\ref\net10.0\System.Diagnostics.TextWriterTraceListener.dll" /reference:"C:\Program Files\dotnet\packs\Microsoft.NETCore.App.Ref\10.0.4\ref\net10.0\System.Diagnostics.Tools.dll" /reference:"C:\Program Files\dotnet\packs\Microsoft.NETCore.App.Ref\10.0.4\ref\net10.0\System.Diagnostics.TraceSource.dll" /reference:"C:\Program Files\dotnet\packs\Microsoft.NETCore.App.Ref\10.0.4\ref\net10.0\System.Diagnostics.Tracing.dll" /reference:"C:\Program Files\dotnet\packs\Microsoft.NETCore.App.Ref\10.0.4\ref\net10.0\System.dll" /reference:"C:\Program Files\dotnet\packs\Microsoft.NETCore.App.Ref\10.0.4\ref\net10.0\System.Drawing.dll" /reference:"C:\Program Files\dotnet\packs\Microsoft.NETCore.App.Ref\10.0.4\ref\net10.0\System.Drawing.Primitives.dll" /reference:"C:\Program Files\dotnet\packs\Microsoft.NETCore.App.Ref\10.0.4\ref\net10.0\System.Dynamic.Runtime.dll" /reference:"C:\Program Files\dotnet\packs\Microsoft.NETCore.App.Ref\10.0.4\ref\net10.0\System.Formats.Asn1.dll" /reference:"C:\Program Files\dotnet\packs\Microsoft.NETCore.App.Ref\10.0.4\ref\net10.0\System.Formats.Tar.dll" /reference:"C:\Program Files\dotnet\packs\Microsoft.NETCore.App.Ref\10.0.4\ref\net10.0\System.Globalization.Calendars.dll" /reference:"C:\Program Files\dotnet\packs\Microsoft.NETCore.App.Ref\10.0.4\ref\net10.0\System.Globalization.dll" /reference:"C:\Program Files\dotnet\packs\Microsoft.NETCore.App.Ref\10.0.4\ref\net10.0\System.Globalization.Extensions.dll" /reference:"C:\Program Files\dotnet\packs\Microsoft.NETCore.App.Ref\10.0.4\ref\net10.0\System.IO.Compression.Brotli.dll" /reference:"C:\Program Files\dotnet\packs\Microsoft.NETCore.App.Ref\10.0.4\ref\net10.0\System.IO.Compression.dll" /reference:"C:\Program Files\dotnet\packs\Microsoft.NETCore.App.Ref\10.0.4\ref\net10.0\System.IO.Compression.FileSystem.dll" /reference:"C:\Program Files\dotnet\packs\Microsoft.NETCore.App.Ref\10.0.4\ref\net10.0\System.IO.Compression.ZipFile.dll" /reference:"C:\Program Files\dotnet\packs\Microsoft.NETCore.App.Ref\10.0.4\ref\net10.0\System.IO.dll" /reference:"C:\Program Files\dotnet\packs\Microsoft.NETCore.App.Ref\10.0.4\ref\net10.0\System.IO.FileSystem.AccessControl.dll" /reference:"C:\Program Files\dotnet\packs\Microsoft.NETCore.App.Ref\10.0.4\ref\net10.0\System.IO.FileSystem.dll" /reference:"C:\Program Files\dotnet\packs\Microsoft.NETCore.App.Ref\10.0.4\ref\net10.0\System.IO.FileSystem.DriveInfo.dll" /reference:"C:\Program Files\dotnet\packs\Microsoft.NETCore.App.Ref\10.0.4\ref\net10.0\System.IO.FileSystem.Primitives.dll" /reference:"C:\Program Files\dotnet\packs\Microsoft.NETCore.App.Ref\10.0.4\ref\net10.0\System.IO.FileSystem.Watcher.dll" /reference:"C:\Program Files\dotnet\packs\Microsoft.NETCore.App.Ref\10.0.4\ref\net10.0\System.IO.IsolatedStorage.dll" /reference:"C:\Program Files\dotnet\packs\Microsoft.NETCore.App.Ref\10.0.4\ref\net10.0\System.IO.MemoryMappedFiles.dll" /reference:"C:\Program Files\dotnet\packs\Microsoft.NETCore.App.Ref\10.0.4\ref\net10.0\System.IO.Pipelines.dll" /reference:"C:\Program Files\dotnet\packs\Microsoft.NETCore.App.Ref\10.0.4\ref\net10.0\System.IO.Pipes.AccessControl.dll" /reference:"C:\Program Files\dotnet\packs\Microsoft.NETCore.App.Ref\10.0.4\ref\net10.0\System.IO.Pipes.dll" /reference:"C:\Program Files\dotnet\packs\Microsoft.NETCore.App.Ref\10.0.4\ref\net10.0\System.IO.UnmanagedMemoryStream.dll" /reference:"C:\Program Files\dotnet\packs\Microsoft.NETCore.App.Ref\10.0.4\ref\net10.0\System.Linq.AsyncEnumerable.dll" /reference:"C:\Program Files\dotnet\packs\Microsoft.NETCore.App.Ref\10.0.4\ref\net10.0\System.Linq.dll" /reference:"C:\Program Files\dotnet\packs\Microsoft.NETCore.App.Ref\10.0.4\ref\net10.0\System.Linq.Expressions.dll" /reference:"C:\Program Files\dotnet\packs\Microsoft.NETCore.App.Ref\10.0.4\ref\net10.0\System.Linq.Parallel.dll" /reference:"C:\Program Files\dotnet\packs\Microsoft.NETCore.App.Ref\10.0.4\ref\net10.0\System.Linq.Queryable.dll" /reference:"C:\Program Files\dotnet\packs\Microsoft.NETCore.App.Ref\10.0.4\ref\net10.0\System.Memory.dll" /reference:"C:\Program Files\dotnet\packs\Microsoft.NETCore.App.Ref\10.0.4\ref\net10.0\System.Net.dll" /reference:"C:\Program Files\dotnet\packs\Microsoft.NETCore.App.Ref\10.0.4\ref\net10.0\System.Net.Http.dll" /reference:"C:\Program Files\dotnet\packs\Microsoft.NETCore.App.Ref\10.0.4\ref\net10.0\System.Net.Http.Json.dll" /reference:"C:\Program Files\dotnet\packs\Microsoft.NETCore.App.Ref\10.0.4\ref\net10.0\System.Net.HttpListener.dll" /reference:"C:\Program Files\dotnet\packs\Microsoft.NETCore.App.Ref\10.0.4\ref\net10.0\System.Net.Mail.dll" /reference:"C:\Program Files\dotnet\packs\Microsoft.NETCore.App.Ref\10.0.4\ref\net10.0\System.Net.NameResolution.dll" /reference:"C:\Program Files\dotnet\packs\Microsoft.NETCore.App.Ref\10.0.4\ref\net10.0\System.Net.NetworkInformation.dll" /reference:"C:\Program Files\dotnet\packs\Microsoft.NETCore.App.Ref\10.0.4\ref\net10.0\System.Net.Ping.dll" /reference:"C:\Program Files\dotnet\packs\Microsoft.NETCore.App.Ref\10.0.4\ref\net10.0\System.Net.Primitives.dll" /reference:"C:\Program Files\dotnet\packs\Microsoft.NETCore.App.Ref\10.0.4\ref\net10.0\System.Net.Quic.dll" /reference:"C:\Program Files\dotnet\packs\Microsoft.NETCore.App.Ref\10.0.4\ref\net10.0\System.Net.Requests.dll" /reference:"C:\Program Files\dotnet\packs\Microsoft.NETCore.App.Ref\10.0.4\ref\net10.0\System.Net.Security.dll" /reference:"C:\Program Files\dotnet\packs\Microsoft.NETCore.App.Ref\10.0.4\ref\net10.0\System.Net.ServerSentEvents.dll" /reference:"C:\Program Files\dotnet\packs\Microsoft.NETCore.App.Ref\10.0.4\ref\net10.0\System.Net.ServicePoint.dll" /reference:"C:\Program Files\dotnet\packs\Microsoft.NETCore.App.Ref\10.0.4\ref\net10.0\System.Net.Sockets.dll" /reference:"C:\Program Files\dotnet\packs\Microsoft.NETCore.App.Ref\10.0.4\ref\net10.0\System.Net.WebClient.dll" /reference:"C:\Program Files\dotnet\packs\Microsoft.NETCore.App.Ref\10.0.4\ref\net10.0\System.Net.WebHeaderCollection.dll" /reference:"C:\Program Files\dotnet\packs\Microsoft.NETCore.App.Ref\10.0.4\ref\net10.0\System.Net.WebProxy.dll" /reference:"C:\Program Files\dotnet\packs\Microsoft.NETCore.App.Ref\10.0.4\ref\net10.0\System.Net.WebSockets.Client.dll" /reference:"C:\Program Files\dotnet\packs\Microsoft.NETCore.App.Ref\10.0.4\ref\net10.0\System.Net.WebSockets.dll" /reference:"C:\Program Files\dotnet\packs\Microsoft.NETCore.App.Ref\10.0.4\ref\net10.0\System.Numerics.dll" /reference:"C:\Program Files\dotnet\packs\Microsoft.NETCore.App.Ref\10.0.4\ref\net10.0\System.Numerics.Vectors.dll" /reference:"C:\Program Files\dotnet\packs\Microsoft.NETCore.App.Ref\10.0.4\ref\net10.0\System.ObjectModel.dll" /reference:"C:\Program Files\dotnet\packs\Microsoft.NETCore.App.Ref\10.0.4\ref\net10.0\System.Reflection.DispatchProxy.dll" /reference:"C:\Program Files\dotnet\packs\Microsoft.NETCore.App.Ref\10.0.4\ref\net10.0\System.Reflection.dll" /reference:"C:\Program Files\dotnet\packs\Microsoft.NETCore.App.Ref\10.0.4\ref\net10.0\System.Reflection.Emit.dll" /reference:"C:\Program Files\dotnet\packs\Microsoft.NETCore.App.Ref\10.0.4\ref\net10.0\System.Reflection.Emit.ILGeneration.dll" /reference:"C:\Program Files\dotnet\packs\Microsoft.NETCore.App.Ref\10.0.4\ref\net10.0\System.Reflection.Emit.Lightweight.dll" /reference:"C:\Program Files\dotnet\packs\Microsoft.NETCore.App.Ref\10.0.4\ref\net10.0\System.Reflection.Extensions.dll" /reference:"C:\Program Files\dotnet\packs\Microsoft.NETCore.App.Ref\10.0.4\ref\net10.0\System.Reflection.Metadata.dll" /reference:"C:\Program Files\dotnet\packs\Microsoft.NETCore.App.Ref\10.0.4\ref\net10.0\System.Reflection.Primitives.dll" /reference:"C:\Program Files\dotnet\packs\Microsoft.NETCore.App.Ref\10.0.4\ref\net10.0\System.Reflection.TypeExtensions.dll" /reference:"C:\Program Files\dotnet\packs\Microsoft.NETCore.App.Ref\10.0.4\ref\net10.0\System.Resources.Reader.dll" /reference:"C:\Program Files\dotnet\packs\Microsoft.NETCore.App.Ref\10.0.4\ref\net10.0\System.Resources.ResourceManager.dll" /reference:"C:\Program Files\dotnet\packs\Microsoft.NETCore.App.Ref\10.0.4\ref\net10.0\System.Resources.Writer.dll" /reference:"C:\Program Files\dotnet\packs\Microsoft.NETCore.App.Ref\10.0.4\ref\net10.0\System.Runtime.CompilerServices.Unsafe.dll" /reference:"C:\Program Files\dotnet\packs\Microsoft.NETCore.App.Ref\10.0.4\ref\net10.0\System.Runtime.CompilerServices.VisualC.dll" /reference:"C:\Program Files\dotnet\packs\Microsoft.NETCore.App.Ref\10.0.4\ref\net10.0\System.Runtime.dll" /reference:"C:\Program Files\dotnet\packs\Microsoft.NETCore.App.Ref\10.0.4\ref\net10.0\System.Runtime.Extensions.dll" /reference:"C:\Program Files\dotnet\packs\Microsoft.NETCore.App.Ref\10.0.4\ref\net10.0\System.Runtime.Handles.dll" /reference:"C:\Program Files\dotnet\packs\Microsoft.NETCore.App.Ref\10.0.4\ref\net10.0\System.Runtime.InteropServices.dll" /reference:"C:\Program Files\dotnet\packs\Microsoft.NETCore.App.Ref\10.0.4\ref\net10.0\System.Runtime.InteropServices.JavaScript.dll" /reference:"C:\Program Files\dotnet\packs\Microsoft.NETCore.App.Ref\10.0.4\ref\net10.0\System.Runtime.InteropServices.RuntimeInformation.dll" /reference:"C:\Program Files\dotnet\packs\Microsoft.NETCore.App.Ref\10.0.4\ref\net10.0\System.Runtime.Intrinsics.dll" /reference:"C:\Program Files\dotnet\packs\Microsoft.NETCore.App.Ref\10.0.4\ref\net10.0\System.Runtime.Loader.dll" /reference:"C:\Program Files\dotnet\packs\Microsoft.NETCore.App.Ref\10.0.4\ref\net10.0\System.Runtime.Numerics.dll" /reference:"C:\Program Files\dotnet\packs\Microsoft.NETCore.App.Ref\10.0.4\ref\net10.0\System.Runtime.Serialization.dll" /reference:"C:\Program Files\dotnet\packs\Microsoft.NETCore.App.Ref\10.0.4\ref\net10.0\System.Runtime.Serialization.Formatters.dll" /reference:"C:\Program Files\dotnet\packs\Microsoft.NETCore.App.Ref\10.0.4\ref\net10.0\System.Runtime.Serialization.Json.dll" /reference:"C:\Program Files\dotnet\packs\Microsoft.NETCore.App.Ref\10.0.4\ref\net10.0\System.Runtime.Serialization.Primitives.dll" /reference:"C:\Program Files\dotnet\packs\Microsoft.NETCore.App.Ref\10.0.4\ref\net10.0\System.Runtime.Serialization.Xml.dll" /reference:"C:\Program Files\dotnet\packs\Microsoft.NETCore.App.Ref\10.0.4\ref\net10.0\System.Security.AccessControl.dll" /reference:"C:\Program Files\dotnet\packs\Microsoft.NETCore.App.Ref\10.0.4\ref\net10.0\System.Security.Claims.dll" /reference:"C:\Program Files\dotnet\packs\Microsoft.NETCore.App.Ref\10.0.4\ref\net10.0\System.Security.Cryptography.Algorithms.dll" /reference:"C:\Program Files\dotnet\packs\Microsoft.NETCore.App.Ref\10.0.4\ref\net10.0\System.Security.Cryptography.Cng.dll" /reference:"C:\Program Files\dotnet\packs\Microsoft.NETCore.App.Ref\10.0.4\ref\net10.0\System.Security.Cryptography.Csp.dll" /reference:"C:\Program Files\dotnet\packs\Microsoft.NETCore.App.Ref\10.0.4\ref\net10.0\System.Security.Cryptography.dll" /reference:"C:\Program Files\dotnet\packs\Microsoft.NETCore.App.Ref\10.0.4\ref\net10.0\System.Security.Cryptography.Encoding.dll" /reference:"C:\Program Files\dotnet\packs\Microsoft.NETCore.App.Ref\10.0.4\ref\net10.0\System.Security.Cryptography.OpenSsl.dll" /reference:"C:\Program Files\dotnet\packs\Microsoft.NETCore.App.Ref\10.0.4\ref\net10.0\System.Security.Cryptography.Primitives.dll" /reference:"C:\Program Files\dotnet\packs\Microsoft.NETCore.App.Ref\10.0.4\ref\net10.0\System.Security.Cryptography.X509Certificates.dll" /reference:"C:\Program Files\dotnet\packs\Microsoft.NETCore.App.Ref\10.0.4\ref\net10.0\System.Security.dll" /reference:"C:\Program Files\dotnet\packs\Microsoft.NETCore.App.Ref\10.0.4\ref\net10.0\System.Security.Principal.dll" /reference:"C:\Program Files\dotnet\packs\Microsoft.NETCore.App.Ref\10.0.4\ref\net10.0\System.Security.Principal.Windows.dll" /reference:"C:\Program Files\dotnet\packs\Microsoft.NETCore.App.Ref\10.0.4\ref\net10.0\System.Security.SecureString.dll" /reference:"C:\Program Files\dotnet\packs\Microsoft.NETCore.App.Ref\10.0.4\ref\net10.0\System.ServiceModel.Web.dll" /reference:"C:\Program Files\dotnet\packs\Microsoft.NETCore.App.Ref\10.0.4\ref\net10.0\System.ServiceProcess.dll" /reference:"C:\Program Files\dotnet\packs\Microsoft.NETCore.App.Ref\10.0.4\ref\net10.0\System.Text.Encoding.CodePages.dll" /reference:"C:\Program Files\dotnet\packs\Microsoft.NETCore.App.Ref\10.0.4\ref\net10.0\System.Text.Encoding.dll" /reference:"C:\Program Files\dotnet\packs\Microsoft.NETCore.App.Ref\10.0.4\ref\net10.0\System.Text.Encoding.Extensions.dll" /reference:"C:\Program Files\dotnet\packs\Microsoft.NETCore.App.Ref\10.0.4\ref\net10.0\System.Text.Encodings.Web.dll" /reference:"C:\Program Files\dotnet\packs\Microsoft.NETCore.App.Ref\10.0.4\ref\net10.0\System.Text.Json.dll" /reference:"C:\Program Files\dotnet\packs\Microsoft.NETCore.App.Ref\10.0.4\ref\net10.0\System.Text.RegularExpressions.dll" /reference:"C:\Program Files\dotnet\packs\Microsoft.NETCore.App.Ref\10.0.4\ref\net10.0\System.Threading.AccessControl.dll" /reference:"C:\Program Files\dotnet\packs\Microsoft.NETCore.App.Ref\10.0.4\ref\net10.0\System.Threading.Channels.dll" /reference:"C:\Program Files\dotnet\packs\Microsoft.NETCore.App.Ref\10.0.4\ref\net10.0\System.Threading.dll" /reference:"C:\Program Files\dotnet\packs\Microsoft.NETCore.App.Ref\10.0.4\ref\net10.0\System.Threading.Overlapped.dll" /reference:"C:\Program Files\dotnet\packs\Microsoft.NETCore.App.Ref\10.0.4\ref\net10.0\System.Threading.Tasks.Dataflow.dll" /reference:"C:\Program Files\dotnet\packs\Microsoft.NETCore.App.Ref\10.0.4\ref\net10.0\System.Threading.Tasks.dll" /reference:"C:\Program Files\dotnet\packs\Microsoft.NETCore.App.Ref\10.0.4\ref\net10.0\System.Threading.Tasks.Extensions.dll" /reference:"C:\Program Files\dotnet\packs\Microsoft.NETCore.App.Ref\10.0.4\ref\net10.0\System.Threading.Tasks.Parallel.dll" /reference:"C:\Program Files\dotnet\packs\Microsoft.NETCore.App.Ref\10.0.4\ref\net10.0\System.Threading.Thread.dll" /reference:"C:\Program Files\dotnet\packs\Microsoft.NETCore.App.Ref\10.0.4\ref\net10.0\System.Threading.ThreadPool.dll" /reference:"C:\Program Files\dotnet\packs\Microsoft.NETCore.App.Ref\10.0.4\ref\net10.0\System.Threading.Timer.dll" /reference:"C:\Program Files\dotnet\packs\Microsoft.NETCore.App.Ref\10.0.4\ref\net10.0\System.Transactions.dll" /reference:"C:\Program Files\dotnet\packs\Microsoft.NETCore.App.Ref\10.0.4\ref\net10.0\System.Transactions.Local.dll" /reference:"C:\Program Files\dotnet\packs\Microsoft.NETCore.App.Ref\10.0.4\ref\net10.0\System.ValueTuple.dll" /reference:"C:\Program Files\dotnet\packs\Microsoft.NETCore.App.Ref\10.0.4\ref\net10.0\System.Web.dll" /reference:"C:\Program Files\dotnet\packs\Microsoft.NETCore.App.Ref\10.0.4\ref\net10.0\System.Web.HttpUtility.dll" /reference:"C:\Program Files\dotnet\packs\Microsoft.NETCore.App.Ref\10.0.4\ref\net10.0\System.Windows.dll" /reference:"C:\Program Files\dotnet\packs\Microsoft.NETCore.App.Ref\10.0.4\ref\net10.0\System.Xml.dll" /reference:"C:\Program Files\dotnet\packs\Microsoft.NETCore.App.Ref\10.0.4\ref\net10.0\System.Xml.Linq.dll" /reference:"C:\Program Files\dotnet\packs\Microsoft.NETCore.App.Ref\10.0.4\ref\net10.0\System.Xml.ReaderWriter.dll" /reference:"C:\Program Files\dotnet\packs\Microsoft.NETCore.App.Ref\10.0.4\ref\net10.0\System.Xml.Serialization.dll" /reference:"C:\Program Files\dotnet\packs\Microsoft.NETCore.App.Ref\10.0.4\ref\net10.0\System.Xml.XDocument.dll" /reference:"C:\Program Files\dotnet\packs\Microsoft.NETCore.App.Ref\10.0.4\ref\net10.0\System.Xml.XmlDocument.dll" /reference:"C:\Program Files\dotnet\packs\Microsoft.NETCore.App.Ref\10.0.4\ref\net10.0\System.Xml.XmlSerializer.dll" /reference:"C:\Program Files\dotnet\packs\Microsoft.NETCore.App.Ref\10.0.4\ref\net10.0\System.Xml.XPath.dll" /reference:"C:\Program Files\dotnet\packs\Microsoft.NETCore.App.Ref\10.0.4\ref\net10.0\System.Xml.XPath.XDocument.dll" /reference:D:\warhub\wham\artifacts\obj\WarHub.ArmouryModel.Extensions\debug\ref\WarHub.ArmouryModel.Extensions.dll /reference:D:\warhub\wham\artifacts\obj\WarHub.ArmouryModel.Source\debug\ref\WarHub.ArmouryModel.Source.dll /reference:"C:\Program Files\dotnet\packs\Microsoft.NETCore.App.Ref\10.0.4\ref\net10.0\WindowsBase.dll" /features:"InterceptorsNamespaces=;Microsoft.Extensions.Validation.Generated" /debug+ /debug:portable /filealign:512 /optimize- /out:D:\warhub\wham\artifacts\obj\WarHub.ArmouryModel.Concrete.Extensions\debug\WarHub.ArmouryModel.Concrete.Extensions.dll /refout:D:\warhub\wham\artifacts\obj\WarHub.ArmouryModel.Concrete.Extensions\debug\refint\WarHub.ArmouryModel.Concrete.Extensions.dll /target:library /warnaserror- /utf8output /deterministic+ /sourcelink:D:\warhub\wham\artifacts\obj\WarHub.ArmouryModel.Concrete.Extensions\debug\WarHub.ArmouryModel.Concrete.Extensions.sourcelink.json /langversion:latest /embed:D:\warhub\wham\artifacts\obj\WarHub.ArmouryModel.Concrete.Extensions\debug\WarHub.ArmouryModel.Concrete.Extensions.Version.cs /embed:D:\warhub\wham\artifacts\obj\WarHub.ArmouryModel.Concrete.Extensions\debug\WarHub.ArmouryModel.Concrete.Extensions.GlobalUsings.g.cs /embed:"D:\warhub\wham\artifacts\obj\WarHub.ArmouryModel.Concrete.Extensions\debug\.NETCoreApp,Version=v10.0.AssemblyAttributes.cs" /embed:D:\warhub\wham\artifacts\obj\WarHub.ArmouryModel.Concrete.Extensions\debug\WarHub.ArmouryModel.Concrete.Extensions.AssemblyInfo.cs /analyzerconfig:D:\warhub\wham\.editorconfig /analyzerconfig:D:\warhub\wham\artifacts\obj\WarHub.ArmouryModel.Concrete.Extensions\debug\WarHub.ArmouryModel.Concrete.Extensions.GeneratedMSBuildEditorConfig.editorconfig /analyzerconfig:"C:\Program Files\dotnet\sdk\10.0.104\Sdks\Microsoft.NET.Sdk\analyzers\build\config\analysislevel_10_all.globalconfig" /analyzer:"C:\Program Files\dotnet\sdk\10.0.104\Sdks\Microsoft.NET.Sdk\targets\..\analyzers\Microsoft.CodeAnalysis.CSharp.NetAnalyzers.dll" /analyzer:"C:\Program Files\dotnet\sdk\10.0.104\Sdks\Microsoft.NET.Sdk\targets\..\analyzers\Microsoft.CodeAnalysis.NetAnalyzers.dll" /analyzer:"C:\Program Files\dotnet\packs\Microsoft.NETCore.App.Ref\10.0.4\analyzers/dotnet/cs/Microsoft.Interop.ComInterfaceGenerator.dll" /analyzer:"C:\Program Files\dotnet\packs\Microsoft.NETCore.App.Ref\10.0.4\analyzers/dotnet/cs/Microsoft.Interop.JavaScript.JSImportGenerator.dll" /analyzer:"C:\Program Files\dotnet\packs\Microsoft.NETCore.App.Ref\10.0.4\analyzers/dotnet/cs/Microsoft.Interop.LibraryImportGenerator.dll" /analyzer:"C:\Program Files\dotnet\packs\Microsoft.NETCore.App.Ref\10.0.4\analyzers/dotnet/cs/Microsoft.Interop.SourceGeneration.dll" /analyzer:"C:\Program Files\dotnet\packs\Microsoft.NETCore.App.Ref\10.0.4\analyzers/dotnet/cs/System.Text.Json.SourceGeneration.dll" /analyzer:"C:\Program Files\dotnet\packs\Microsoft.NETCore.App.Ref\10.0.4\analyzers/dotnet/cs/System.Text.RegularExpressions.Generator.dll" D:\warhub\wham\artifacts\obj\WarHub.ArmouryModel.Concrete.Extensions\debug\WarHub.ArmouryModel.Concrete.Extensions.Version.cs Binders\Binder.cs Binders\BinderFactory.cs Binders\BuckStopsHereBinder.cs Binders\CatalogueBaseBinder.cs Binders\CharacteristicBinder.cs Binders\EntryBinder.cs Binders\ForceBinder.cs Binders\GamesystemNamespaceBinder.cs Binders\RosterBinder.cs Binders\SelectionBinder.cs Diagnostics\BindingDiagnosticBag.cs Diagnostics\DiagnosticBagExtensions.cs Diagnostics\ErrorCode.cs Diagnostics\ErrorFacts.cs Diagnostics\ErrorSymbols.cs Diagnostics\WhamDiagnostic.cs Diagnostics\WhamDiagnosticInfo.cs Diagnostics\WhamMessageProvider.cs Symbols\CatalogueBaseSymbol.cs Symbols\CatalogueReferenceSymbol.cs Symbols\CatalogueSymbol.cs Symbols\CategoryEntrySymbol.cs Symbols\CategoryLinkSymbol.cs Symbols\CategorySymbol.cs Symbols\CharacteristicSymbol.cs Symbols\CharacteristicTypeSymbol.cs Symbols\ConditionBaseSymbol.cs Symbols\ConditionGroupingBaseSymbol.cs Symbols\ConditionSymbol.cs Symbols\ConstraintSymbol.cs Symbols\ContainerEntryBaseSymbol.cs Symbols\ContainerSymbol.cs Symbols\CostSymbol.cs Symbols\CostTypeSymbol.cs Symbols\EntryInstanceSymbol.cs Symbols\EntryReferencePathSymbol.cs Symbols\EntrySymbol.cs Symbols\ForceCatalogueReferenceSymbol.cs Symbols\ForceEntrySymbol.cs Symbols\ForceSymbol.cs Symbols\GamesystemSymbol.cs Symbols\GeneratedCostSymbol.cs Symbols\LogicBaseSymbol.cs Symbols\ModifierEffectBaseSymbol.cs Symbols\ModifierEffectSymbol.cs Symbols\ModifierGroupEffectSymbol.cs Symbols\ProfileSymbol.cs Symbols\ProfileTypeSymbol.cs Symbols\PublicationReferenceSymbol.cs Symbols\PublicationSymbol.cs Symbols\QueryBaseSymbol.cs Symbols\RepeatEffectSymbol.cs Symbols\ResourceDefinitionBaseSymbol.cs Symbols\ResourceEntryBaseSymbol.cs Symbols\ResourceGroupSymbol.cs Symbols\ResourceLinkSymbol.cs Symbols\RosterCostSymbol.cs Symbols\RosterProfileSymbol.cs Symbols\RosterResourceBaseSymbol.cs Symbols\RosterRuleSymbol.cs Symbols\RosterSymbol.cs Symbols\RuleSymbol.cs Symbols\SelectionEntryBaseSymbol.cs Symbols\SelectionEntryGroupSymbol.cs Symbols\SelectionEntryLinkSymbol.cs Symbols\SelectionEntrySymbol.cs Symbols\SelectionSymbol.cs Symbols\SourceDeclaredSymbol.cs Symbols\SourceGlobalNamespaceSymbol.cs Symbols\Symbol.cs Utilities\CompletionPart.cs Utilities\INodeDeclaredSymbol.cs Utilities\SymbolCompletionState.cs Utilities\WhamSymbolDeclarationExtensions.cs WhamCompilation.cs WhamCompilationOptions.cs D:\warhub\wham\artifacts\obj\WarHub.ArmouryModel.Concrete.Extensions\debug\WarHub.ArmouryModel.Concrete.Extensions.GlobalUsings.g.cs "D:\warhub\wham\artifacts\obj\WarHub.ArmouryModel.Concrete.Extensions\debug\.NETCoreApp,Version=v10.0.AssemblyAttributes.cs" D:\warhub\wham\artifacts\obj\WarHub.ArmouryModel.Concrete.Extensions\debug\WarHub.ArmouryModel.Concrete.Extensions.AssemblyInfo.cs /warnaserror+:NU1605,SYSLIB0011'
         Attempt to open named pipe 'yQiqoU4G1HkDoitZ6p1liDWTIZlE_laOFRNKsOjNUzk'
         Attempt to connect named pipe 'yQiqoU4G1HkDoitZ6p1liDWTIZlE_laOFRNKsOjNUzk'
         Named pipe 'yQiqoU4G1HkDoitZ6p1liDWTIZlE_laOFRNKsOjNUzk' connected
         Begin writing request for WarHub.ArmouryModel.Concrete.Extensions (net10.0)
         End writing request for WarHub.ArmouryModel.Concrete.Extensions (net10.0)
         Begin reading response for WarHub.ArmouryModel.Concrete.Extensions (net10.0)
         End reading response for WarHub.ArmouryModel.Concrete.Extensions (net10.0)
     4>D:\warhub\wham\src\WarHub.ArmouryModel.Concrete.Extensions\Symbols\Symbol.cs(21,14): warning CA1508: 'ContainingSymbol' is never 'null'. Remove or refactor the condition(s) to avoid dead code. (https://learn.microsoft.com/dotnet/fundamentals/code-analysis/quality-rules/ca1508) [D:\warhub\wham\src\WarHub.ArmouryModel.Concrete.Extensions\WarHub.ArmouryModel.Concrete.Extensions.csproj]
     4>D:\warhub\wham\src\WarHub.ArmouryModel.Concrete.Extensions\Symbols\Symbol.cs(28,14): warning CA1508: 'ContainingSymbol' is never 'null'. Remove or refactor the condition(s) to avoid dead code. (https://learn.microsoft.com/dotnet/fundamentals/code-analysis/quality-rules/ca1508) [D:\warhub\wham\src\WarHub.ArmouryModel.Concrete.Extensions\WarHub.ArmouryModel.Concrete.Extensions.csproj]
         CompilerServer: server - server processed compilation - WarHub.ArmouryModel.Concrete.Extensions (net10.0)
       _CopyFilesMarkedCopyLocal:
         Copying file from "D:\warhub\wham\artifacts\bin\WarHub.ArmouryModel.Extensions\debug\WarHub.ArmouryModel.Extensions.dll" to "D:\warhub\wham\artifacts\bin\WarHub.ArmouryModel.Concrete.Extensions\debug\WarHub.ArmouryModel.Extensions.dll".
         Copying file from "D:\warhub\wham\artifacts\bin\WarHub.ArmouryModel.Source\debug\WarHub.ArmouryModel.Source.dll" to "D:\warhub\wham\artifacts\bin\WarHub.ArmouryModel.Concrete.Extensions\debug\WarHub.ArmouryModel.Source.dll".
         Copying file from "D:\warhub\wham\artifacts\bin\WarHub.ArmouryModel.Extensions\debug\WarHub.ArmouryModel.Extensions.pdb" to "D:\warhub\wham\artifacts\bin\WarHub.ArmouryModel.Concrete.Extensions\debug\WarHub.ArmouryModel.Extensions.pdb".
         Copying file from "D:\warhub\wham\artifacts\bin\WarHub.ArmouryModel.Extensions\debug\WarHub.ArmouryModel.Extensions.xml" to "D:\warhub\wham\artifacts\bin\WarHub.ArmouryModel.Concrete.Extensions\debug\WarHub.ArmouryModel.Extensions.xml".
         Copying file from "D:\warhub\wham\artifacts\bin\WarHub.ArmouryModel.Source\debug\WarHub.ArmouryModel.Source.pdb" to "D:\warhub\wham\artifacts\bin\WarHub.ArmouryModel.Concrete.Extensions\debug\WarHub.ArmouryModel.Source.pdb".
         Copying file from "D:\warhub\wham\artifacts\bin\WarHub.ArmouryModel.Source\debug\WarHub.ArmouryModel.Source.xml" to "D:\warhub\wham\artifacts\bin\WarHub.ArmouryModel.Concrete.Extensions\debug\WarHub.ArmouryModel.Source.xml".
         Touching "D:\warhub\wham\artifacts\obj\WarHub.ArmouryModel.Concrete.Extensions\debug\WarHub.A.2D00210E.Up2Date".
       GenerateBuildDependencyFile:
       Skipping target "GenerateBuildDependencyFile" because all output files are up-to-date with respect to the input files.
       CopyFilesToOutputDirectory:
         Copying file from "D:\warhub\wham\artifacts\obj\WarHub.ArmouryModel.Concrete.Extensions\debug\WarHub.ArmouryModel.Concrete.Extensions.dll" to "D:\warhub\wham\artifacts\bin\WarHub.ArmouryModel.Concrete.Extensions\debug\WarHub.ArmouryModel.Concrete.Extensions.dll".
         Copying reference assembly from "D:\warhub\wham\artifacts\obj\WarHub.ArmouryModel.Concrete.Extensions\debug\refint\WarHub.ArmouryModel.Concrete.Extensions.dll" to "D:\warhub\wham\artifacts\obj\WarHub.ArmouryModel.Concrete.Extensions\debug\ref\WarHub.ArmouryModel.Concrete.Extensions.dll".
         WarHub.ArmouryModel.Concrete.Extensions -> D:\warhub\wham\artifacts\bin\WarHub.ArmouryModel.Concrete.Extensions\debug\WarHub.ArmouryModel.Concrete.Extensions.dll
         Copying file from "D:\warhub\wham\artifacts\obj\WarHub.ArmouryModel.Concrete.Extensions\debug\WarHub.ArmouryModel.Concrete.Extensions.pdb" to "D:\warhub\wham\artifacts\bin\WarHub.ArmouryModel.Concrete.Extensions\debug\WarHub.ArmouryModel.Concrete.Extensions.pdb".
         Copying file from "D:\warhub\wham\artifacts\obj\WarHub.ArmouryModel.Concrete.Extensions\debug\WarHub.ArmouryModel.Concrete.Extensions.xml" to "D:\warhub\wham\artifacts\bin\WarHub.ArmouryModel.Concrete.Extensions\debug\WarHub.ArmouryModel.Concrete.Extensions.xml".
     4>Done Building Project "D:\warhub\wham\src\WarHub.ArmouryModel.Concrete.Extensions\WarHub.ArmouryModel.Concrete.Extensions.csproj" (default targets).
   1:2>Project "D:\warhub\wham\tests\WarHub.ArmouryModel.RosterEngine.Tests\WarHub.ArmouryModel.RosterEngine.Tests.csproj" (1:2) is building "D:\warhub\wham\src\WarHub.ArmouryModel.EditorServices\WarHub.ArmouryModel.EditorServices.csproj" (3:2) on node 4 (default targets).
   3:2>Project "D:\warhub\wham\src\WarHub.ArmouryModel.EditorServices\WarHub.ArmouryModel.EditorServices.csproj" (3:2) is building "D:\packages\nuget\nerdbank.gitversioning\3.9.50\build\PrivateP2PCaching.proj" (11:7) on node 2 (GetBuildVersion_Properties;GetBuildVersion_CloudBuildVersionVars target(s)).
    11>GetBuildVersionCore:
         Building version 0.15.0 from commit bd593f73dd76ecf5114b63020b643f6218be88b0
    11>Done Building Project "D:\packages\nuget\nerdbank.gitversioning\3.9.50\build\PrivateP2PCaching.proj" (GetBuildVersion_Properties;GetBuildVersion_CloudBuildVersionVars target(s)).
     3>GenerateTargetFrameworkMonikerAttribute:
       Skipping target "GenerateTargetFrameworkMonikerAttribute" because all output files are up-to-date with respect to the input files.
       CoreGenerateAssemblyInfo:
       Skipping target "CoreGenerateAssemblyInfo" because all output files are up-to-date with respect to the input files.
       _GenerateSourceLinkFile:
         Source Link file 'D:\warhub\wham\artifacts\obj\WarHub.ArmouryModel.EditorServices\debug\WarHub.ArmouryModel.EditorServices.sourcelink.json' is up-to-date.
       CoreCompile:
         Setting DOTNET_ROOT to 'C:\Program Files\dotnet'
         C:\Program Files\dotnet\sdk\10.0.104\Roslyn\bincore\csc.exe /noconfig /unsafe- /checked- /nowarn:CS1591,NU5105,CA1515,1701,1702 /fullpaths /nostdlib+ /errorreport:prompt /warn:10 /doc:D:\warhub\wham\artifacts\obj\WarHub.ArmouryModel.EditorServices\debug\WarHub.ArmouryModel.EditorServices.xml /define:TRACE;DEBUG;NET;NET10_0;NETCOREAPP;NET5_0_OR_GREATER;NET6_0_OR_GREATER;NET7_0_OR_GREATER;NET8_0_OR_GREATER;NET9_0_OR_GREATER;NET10_0_OR_GREATER;NETCOREAPP1_0_OR_GREATER;NETCOREAPP1_1_OR_GREATER;NETCOREAPP2_0_OR_GREATER;NETCOREAPP2_1_OR_GREATER;NETCOREAPP2_2_OR_GREATER;NETCOREAPP3_0_OR_GREATER;NETCOREAPP3_1_OR_GREATER /highentropyva+ /nullable:enable /reference:D:\packages\nuget\handlebars.net\2.1.6\lib\net6.0\Handlebars.dll /reference:"C:\Program Files\dotnet\packs\Microsoft.NETCore.App.Ref\10.0.4\ref\net10.0\Microsoft.CSharp.dll" /reference:"C:\Program Files\dotnet\packs\Microsoft.NETCore.App.Ref\10.0.4\ref\net10.0\Microsoft.VisualBasic.Core.dll" /reference:"C:\Program Files\dotnet\packs\Microsoft.NETCore.App.Ref\10.0.4\ref\net10.0\Microsoft.VisualBasic.dll" /reference:"C:\Program Files\dotnet\packs\Microsoft.NETCore.App.Ref\10.0.4\ref\net10.0\Microsoft.Win32.Primitives.dll" /reference:"C:\Program Files\dotnet\packs\Microsoft.NETCore.App.Ref\10.0.4\ref\net10.0\Microsoft.Win32.Registry.dll" /reference:"C:\Program Files\dotnet\packs\Microsoft.NETCore.App.Ref\10.0.4\ref\net10.0\mscorlib.dll" /reference:"C:\Program Files\dotnet\packs\Microsoft.NETCore.App.Ref\10.0.4\ref\net10.0\netstandard.dll" /reference:"C:\Program Files\dotnet\packs\Microsoft.NETCore.App.Ref\10.0.4\ref\net10.0\System.AppContext.dll" /reference:"C:\Program Files\dotnet\packs\Microsoft.NETCore.App.Ref\10.0.4\ref\net10.0\System.Buffers.dll" /reference:"C:\Program Files\dotnet\packs\Microsoft.NETCore.App.Ref\10.0.4\ref\net10.0\System.Collections.Concurrent.dll" /reference:"C:\Program Files\dotnet\packs\Microsoft.NETCore.App.Ref\10.0.4\ref\net10.0\System.Collections.dll" /reference:"C:\Program Files\dotnet\packs\Microsoft.NETCore.App.Ref\10.0.4\ref\net10.0\System.Collections.Immutable.dll" /reference:"C:\Program Files\dotnet\packs\Microsoft.NETCore.App.Ref\10.0.4\ref\net10.0\System.Collections.NonGeneric.dll" /reference:"C:\Program Files\dotnet\packs\Microsoft.NETCore.App.Ref\10.0.4\ref\net10.0\System.Collections.Specialized.dll" /reference:"C:\Program Files\dotnet\packs\Microsoft.NETCore.App.Ref\10.0.4\ref\net10.0\System.ComponentModel.Annotations.dll" /reference:"C:\Program Files\dotnet\packs\Microsoft.NETCore.App.Ref\10.0.4\ref\net10.0\System.ComponentModel.DataAnnotations.dll" /reference:"C:\Program Files\dotnet\packs\Microsoft.NETCore.App.Ref\10.0.4\ref\net10.0\System.ComponentModel.dll" /reference:"C:\Program Files\dotnet\packs\Microsoft.NETCore.App.Ref\10.0.4\ref\net10.0\System.ComponentModel.EventBasedAsync.dll" /reference:"C:\Program Files\dotnet\packs\Microsoft.NETCore.App.Ref\10.0.4\ref\net10.0\System.ComponentModel.Primitives.dll" /reference:"C:\Program Files\dotnet\packs\Microsoft.NETCore.App.Ref\10.0.4\ref\net10.0\System.ComponentModel.TypeConverter.dll" /reference:"C:\Program Files\dotnet\packs\Microsoft.NETCore.App.Ref\10.0.4\ref\net10.0\System.Configuration.dll" /reference:"C:\Program Files\dotnet\packs\Microsoft.NETCore.App.Ref\10.0.4\ref\net10.0\System.Console.dll" /reference:"C:\Program Files\dotnet\packs\Microsoft.NETCore.App.Ref\10.0.4\ref\net10.0\System.Core.dll" /reference:"C:\Program Files\dotnet\packs\Microsoft.NETCore.App.Ref\10.0.4\ref\net10.0\System.Data.Common.dll" /reference:"C:\Program Files\dotnet\packs\Microsoft.NETCore.App.Ref\10.0.4\ref\net10.0\System.Data.DataSetExtensions.dll" /reference:"C:\Program Files\dotnet\packs\Microsoft.NETCore.App.Ref\10.0.4\ref\net10.0\System.Data.dll" /reference:"C:\Program Files\dotnet\packs\Microsoft.NETCore.App.Ref\10.0.4\ref\net10.0\System.Diagnostics.Contracts.dll" /reference:"C:\Program Files\dotnet\packs\Microsoft.NETCore.App.Ref\10.0.4\ref\net10.0\System.Diagnostics.Debug.dll" /reference:"C:\Program Files\dotnet\packs\Microsoft.NETCore.App.Ref\10.0.4\ref\net10.0\System.Diagnostics.DiagnosticSource.dll" /reference:"C:\Program Files\dotnet\packs\Microsoft.NETCore.App.Ref\10.0.4\ref\net10.0\System.Diagnostics.FileVersionInfo.dll" /reference:"C:\Program Files\dotnet\packs\Microsoft.NETCore.App.Ref\10.0.4\ref\net10.0\System.Diagnostics.Process.dll" /reference:"C:\Program Files\dotnet\packs\Microsoft.NETCore.App.Ref\10.0.4\ref\net10.0\System.Diagnostics.StackTrace.dll" /reference:"C:\Program Files\dotnet\packs\Microsoft.NETCore.App.Ref\10.0.4\ref\net10.0\System.Diagnostics.TextWriterTraceListener.dll" /reference:"C:\Program Files\dotnet\packs\Microsoft.NETCore.App.Ref\10.0.4\ref\net10.0\System.Diagnostics.Tools.dll" /reference:"C:\Program Files\dotnet\packs\Microsoft.NETCore.App.Ref\10.0.4\ref\net10.0\System.Diagnostics.TraceSource.dll" /reference:"C:\Program Files\dotnet\packs\Microsoft.NETCore.App.Ref\10.0.4\ref\net10.0\System.Diagnostics.Tracing.dll" /reference:"C:\Program Files\dotnet\packs\Microsoft.NETCore.App.Ref\10.0.4\ref\net10.0\System.dll" /reference:"C:\Program Files\dotnet\packs\Microsoft.NETCore.App.Ref\10.0.4\ref\net10.0\System.Drawing.dll" /reference:"C:\Program Files\dotnet\packs\Microsoft.NETCore.App.Ref\10.0.4\ref\net10.0\System.Drawing.Primitives.dll" /reference:"C:\Program Files\dotnet\packs\Microsoft.NETCore.App.Ref\10.0.4\ref\net10.0\System.Dynamic.Runtime.dll" /reference:"C:\Program Files\dotnet\packs\Microsoft.NETCore.App.Ref\10.0.4\ref\net10.0\System.Formats.Asn1.dll" /reference:"C:\Program Files\dotnet\packs\Microsoft.NETCore.App.Ref\10.0.4\ref\net10.0\System.Formats.Tar.dll" /reference:"C:\Program Files\dotnet\packs\Microsoft.NETCore.App.Ref\10.0.4\ref\net10.0\System.Globalization.Calendars.dll" /reference:"C:\Program Files\dotnet\packs\Microsoft.NETCore.App.Ref\10.0.4\ref\net10.0\System.Globalization.dll" /reference:"C:\Program Files\dotnet\packs\Microsoft.NETCore.App.Ref\10.0.4\ref\net10.0\System.Globalization.Extensions.dll" /reference:"C:\Program Files\dotnet\packs\Microsoft.NETCore.App.Ref\10.0.4\ref\net10.0\System.IO.Compression.Brotli.dll" /reference:"C:\Program Files\dotnet\packs\Microsoft.NETCore.App.Ref\10.0.4\ref\net10.0\System.IO.Compression.dll" /reference:"C:\Program Files\dotnet\packs\Microsoft.NETCore.App.Ref\10.0.4\ref\net10.0\System.IO.Compression.FileSystem.dll" /reference:"C:\Program Files\dotnet\packs\Microsoft.NETCore.App.Ref\10.0.4\ref\net10.0\System.IO.Compression.ZipFile.dll" /reference:"C:\Program Files\dotnet\packs\Microsoft.NETCore.App.Ref\10.0.4\ref\net10.0\System.IO.dll" /reference:"C:\Program Files\dotnet\packs\Microsoft.NETCore.App.Ref\10.0.4\ref\net10.0\System.IO.FileSystem.AccessControl.dll" /reference:"C:\Program Files\dotnet\packs\Microsoft.NETCore.App.Ref\10.0.4\ref\net10.0\System.IO.FileSystem.dll" /reference:"C:\Program Files\dotnet\packs\Microsoft.NETCore.App.Ref\10.0.4\ref\net10.0\System.IO.FileSystem.DriveInfo.dll" /reference:"C:\Program Files\dotnet\packs\Microsoft.NETCore.App.Ref\10.0.4\ref\net10.0\System.IO.FileSystem.Primitives.dll" /reference:"C:\Program Files\dotnet\packs\Microsoft.NETCore.App.Ref\10.0.4\ref\net10.0\System.IO.FileSystem.Watcher.dll" /reference:"C:\Program Files\dotnet\packs\Microsoft.NETCore.App.Ref\10.0.4\ref\net10.0\System.IO.IsolatedStorage.dll" /reference:"C:\Program Files\dotnet\packs\Microsoft.NETCore.App.Ref\10.0.4\ref\net10.0\System.IO.MemoryMappedFiles.dll" /reference:"C:\Program Files\dotnet\packs\Microsoft.NETCore.App.Ref\10.0.4\ref\net10.0\System.IO.Pipelines.dll" /reference:"C:\Program Files\dotnet\packs\Microsoft.NETCore.App.Ref\10.0.4\ref\net10.0\System.IO.Pipes.AccessControl.dll" /reference:"C:\Program Files\dotnet\packs\Microsoft.NETCore.App.Ref\10.0.4\ref\net10.0\System.IO.Pipes.dll" /reference:"C:\Program Files\dotnet\packs\Microsoft.NETCore.App.Ref\10.0.4\ref\net10.0\System.IO.UnmanagedMemoryStream.dll" /reference:"C:\Program Files\dotnet\packs\Microsoft.NETCore.App.Ref\10.0.4\ref\net10.0\System.Linq.AsyncEnumerable.dll" /reference:"C:\Program Files\dotnet\packs\Microsoft.NETCore.App.Ref\10.0.4\ref\net10.0\System.Linq.dll" /reference:"C:\Program Files\dotnet\packs\Microsoft.NETCore.App.Ref\10.0.4\ref\net10.0\System.Linq.Expressions.dll" /reference:"C:\Program Files\dotnet\packs\Microsoft.NETCore.App.Ref\10.0.4\ref\net10.0\System.Linq.Parallel.dll" /reference:"C:\Program Files\dotnet\packs\Microsoft.NETCore.App.Ref\10.0.4\ref\net10.0\System.Linq.Queryable.dll" /reference:"C:\Program Files\dotnet\packs\Microsoft.NETCore.App.Ref\10.0.4\ref\net10.0\System.Memory.dll" /reference:"C:\Program Files\dotnet\packs\Microsoft.NETCore.App.Ref\10.0.4\ref\net10.0\System.Net.dll" /reference:"C:\Program Files\dotnet\packs\Microsoft.NETCore.App.Ref\10.0.4\ref\net10.0\System.Net.Http.dll" /reference:"C:\Program Files\dotnet\packs\Microsoft.NETCore.App.Ref\10.0.4\ref\net10.0\System.Net.Http.Json.dll" /reference:"C:\Program Files\dotnet\packs\Microsoft.NETCore.App.Ref\10.0.4\ref\net10.0\System.Net.HttpListener.dll" /reference:"C:\Program Files\dotnet\packs\Microsoft.NETCore.App.Ref\10.0.4\ref\net10.0\System.Net.Mail.dll" /reference:"C:\Program Files\dotnet\packs\Microsoft.NETCore.App.Ref\10.0.4\ref\net10.0\System.Net.NameResolution.dll" /reference:"C:\Program Files\dotnet\packs\Microsoft.NETCore.App.Ref\10.0.4\ref\net10.0\System.Net.NetworkInformation.dll" /reference:"C:\Program Files\dotnet\packs\Microsoft.NETCore.App.Ref\10.0.4\ref\net10.0\System.Net.Ping.dll" /reference:"C:\Program Files\dotnet\packs\Microsoft.NETCore.App.Ref\10.0.4\ref\net10.0\System.Net.Primitives.dll" /reference:"C:\Program Files\dotnet\packs\Microsoft.NETCore.App.Ref\10.0.4\ref\net10.0\System.Net.Quic.dll" /reference:"C:\Program Files\dotnet\packs\Microsoft.NETCore.App.Ref\10.0.4\ref\net10.0\System.Net.Requests.dll" /reference:"C:\Program Files\dotnet\packs\Microsoft.NETCore.App.Ref\10.0.4\ref\net10.0\System.Net.Security.dll" /reference:"C:\Program Files\dotnet\packs\Microsoft.NETCore.App.Ref\10.0.4\ref\net10.0\System.Net.ServerSentEvents.dll" /reference:"C:\Program Files\dotnet\packs\Microsoft.NETCore.App.Ref\10.0.4\ref\net10.0\System.Net.ServicePoint.dll" /reference:"C:\Program Files\dotnet\packs\Microsoft.NETCore.App.Ref\10.0.4\ref\net10.0\System.Net.Sockets.dll" /reference:"C:\Program Files\dotnet\packs\Microsoft.NETCore.App.Ref\10.0.4\ref\net10.0\System.Net.WebClient.dll" /reference:"C:\Program Files\dotnet\packs\Microsoft.NETCore.App.Ref\10.0.4\ref\net10.0\System.Net.WebHeaderCollection.dll" /reference:"C:\Program Files\dotnet\packs\Microsoft.NETCore.App.Ref\10.0.4\ref\net10.0\System.Net.WebProxy.dll" /reference:"C:\Program Files\dotnet\packs\Microsoft.NETCore.App.Ref\10.0.4\ref\net10.0\System.Net.WebSockets.Client.dll" /reference:"C:\Program Files\dotnet\packs\Microsoft.NETCore.App.Ref\10.0.4\ref\net10.0\System.Net.WebSockets.dll" /reference:"C:\Program Files\dotnet\packs\Microsoft.NETCore.App.Ref\10.0.4\ref\net10.0\System.Numerics.dll" /reference:"C:\Program Files\dotnet\packs\Microsoft.NETCore.App.Ref\10.0.4\ref\net10.0\System.Numerics.Vectors.dll" /reference:"C:\Program Files\dotnet\packs\Microsoft.NETCore.App.Ref\10.0.4\ref\net10.0\System.ObjectModel.dll" /reference:"C:\Program Files\dotnet\packs\Microsoft.NETCore.App.Ref\10.0.4\ref\net10.0\System.Reflection.DispatchProxy.dll" /reference:"C:\Program Files\dotnet\packs\Microsoft.NETCore.App.Ref\10.0.4\ref\net10.0\System.Reflection.dll" /reference:"C:\Program Files\dotnet\packs\Microsoft.NETCore.App.Ref\10.0.4\ref\net10.0\System.Reflection.Emit.dll" /reference:"C:\Program Files\dotnet\packs\Microsoft.NETCore.App.Ref\10.0.4\ref\net10.0\System.Reflection.Emit.ILGeneration.dll" /reference:"C:\Program Files\dotnet\packs\Microsoft.NETCore.App.Ref\10.0.4\ref\net10.0\System.Reflection.Emit.Lightweight.dll" /reference:"C:\Program Files\dotnet\packs\Microsoft.NETCore.App.Ref\10.0.4\ref\net10.0\System.Reflection.Extensions.dll" /reference:"C:\Program Files\dotnet\packs\Microsoft.NETCore.App.Ref\10.0.4\ref\net10.0\System.Reflection.Metadata.dll" /reference:"C:\Program Files\dotnet\packs\Microsoft.NETCore.App.Ref\10.0.4\ref\net10.0\System.Reflection.Primitives.dll" /reference:"C:\Program Files\dotnet\packs\Microsoft.NETCore.App.Ref\10.0.4\ref\net10.0\System.Reflection.TypeExtensions.dll" /reference:"C:\Program Files\dotnet\packs\Microsoft.NETCore.App.Ref\10.0.4\ref\net10.0\System.Resources.Reader.dll" /reference:"C:\Program Files\dotnet\packs\Microsoft.NETCore.App.Ref\10.0.4\ref\net10.0\System.Resources.ResourceManager.dll" /reference:"C:\Program Files\dotnet\packs\Microsoft.NETCore.App.Ref\10.0.4\ref\net10.0\System.Resources.Writer.dll" /reference:"C:\Program Files\dotnet\packs\Microsoft.NETCore.App.Ref\10.0.4\ref\net10.0\System.Runtime.CompilerServices.Unsafe.dll" /reference:"C:\Program Files\dotnet\packs\Microsoft.NETCore.App.Ref\10.0.4\ref\net10.0\System.Runtime.CompilerServices.VisualC.dll" /reference:"C:\Program Files\dotnet\packs\Microsoft.NETCore.App.Ref\10.0.4\ref\net10.0\System.Runtime.dll" /reference:"C:\Program Files\dotnet\packs\Microsoft.NETCore.App.Ref\10.0.4\ref\net10.0\System.Runtime.Extensions.dll" /reference:"C:\Program Files\dotnet\packs\Microsoft.NETCore.App.Ref\10.0.4\ref\net10.0\System.Runtime.Handles.dll" /reference:"C:\Program Files\dotnet\packs\Microsoft.NETCore.App.Ref\10.0.4\ref\net10.0\System.Runtime.InteropServices.dll" /reference:"C:\Program Files\dotnet\packs\Microsoft.NETCore.App.Ref\10.0.4\ref\net10.0\System.Runtime.InteropServices.JavaScript.dll" /reference:"C:\Program Files\dotnet\packs\Microsoft.NETCore.App.Ref\10.0.4\ref\net10.0\System.Runtime.InteropServices.RuntimeInformation.dll" /reference:"C:\Program Files\dotnet\packs\Microsoft.NETCore.App.Ref\10.0.4\ref\net10.0\System.Runtime.Intrinsics.dll" /reference:"C:\Program Files\dotnet\packs\Microsoft.NETCore.App.Ref\10.0.4\ref\net10.0\System.Runtime.Loader.dll" /reference:"C:\Program Files\dotnet\packs\Microsoft.NETCore.App.Ref\10.0.4\ref\net10.0\System.Runtime.Numerics.dll" /reference:"C:\Program Files\dotnet\packs\Microsoft.NETCore.App.Ref\10.0.4\ref\net10.0\System.Runtime.Serialization.dll" /reference:"C:\Program Files\dotnet\packs\Microsoft.NETCore.App.Ref\10.0.4\ref\net10.0\System.Runtime.Serialization.Formatters.dll" /reference:"C:\Program Files\dotnet\packs\Microsoft.NETCore.App.Ref\10.0.4\ref\net10.0\System.Runtime.Serialization.Json.dll" /reference:"C:\Program Files\dotnet\packs\Microsoft.NETCore.App.Ref\10.0.4\ref\net10.0\System.Runtime.Serialization.Primitives.dll" /reference:"C:\Program Files\dotnet\packs\Microsoft.NETCore.App.Ref\10.0.4\ref\net10.0\System.Runtime.Serialization.Xml.dll" /reference:"C:\Program Files\dotnet\packs\Microsoft.NETCore.App.Ref\10.0.4\ref\net10.0\System.Security.AccessControl.dll" /reference:"C:\Program Files\dotnet\packs\Microsoft.NETCore.App.Ref\10.0.4\ref\net10.0\System.Security.Claims.dll" /reference:"C:\Program Files\dotnet\packs\Microsoft.NETCore.App.Ref\10.0.4\ref\net10.0\System.Security.Cryptography.Algorithms.dll" /reference:"C:\Program Files\dotnet\packs\Microsoft.NETCore.App.Ref\10.0.4\ref\net10.0\System.Security.Cryptography.Cng.dll" /reference:"C:\Program Files\dotnet\packs\Microsoft.NETCore.App.Ref\10.0.4\ref\net10.0\System.Security.Cryptography.Csp.dll" /reference:"C:\Program Files\dotnet\packs\Microsoft.NETCore.App.Ref\10.0.4\ref\net10.0\System.Security.Cryptography.dll" /reference:"C:\Program Files\dotnet\packs\Microsoft.NETCore.App.Ref\10.0.4\ref\net10.0\System.Security.Cryptography.Encoding.dll" /reference:"C:\Program Files\dotnet\packs\Microsoft.NETCore.App.Ref\10.0.4\ref\net10.0\System.Security.Cryptography.OpenSsl.dll" /reference:"C:\Program Files\dotnet\packs\Microsoft.NETCore.App.Ref\10.0.4\ref\net10.0\System.Security.Cryptography.Primitives.dll" /reference:"C:\Program Files\dotnet\packs\Microsoft.NETCore.App.Ref\10.0.4\ref\net10.0\System.Security.Cryptography.X509Certificates.dll" /reference:"C:\Program Files\dotnet\packs\Microsoft.NETCore.App.Ref\10.0.4\ref\net10.0\System.Security.dll" /reference:"C:\Program Files\dotnet\packs\Microsoft.NETCore.App.Ref\10.0.4\ref\net10.0\System.Security.Principal.dll" /reference:"C:\Program Files\dotnet\packs\Microsoft.NETCore.App.Ref\10.0.4\ref\net10.0\System.Security.Principal.Windows.dll" /reference:"C:\Program Files\dotnet\packs\Microsoft.NETCore.App.Ref\10.0.4\ref\net10.0\System.Security.SecureString.dll" /reference:"C:\Program Files\dotnet\packs\Microsoft.NETCore.App.Ref\10.0.4\ref\net10.0\System.ServiceModel.Web.dll" /reference:"C:\Program Files\dotnet\packs\Microsoft.NETCore.App.Ref\10.0.4\ref\net10.0\System.ServiceProcess.dll" /reference:"C:\Program Files\dotnet\packs\Microsoft.NETCore.App.Ref\10.0.4\ref\net10.0\System.Text.Encoding.CodePages.dll" /reference:"C:\Program Files\dotnet\packs\Microsoft.NETCore.App.Ref\10.0.4\ref\net10.0\System.Text.Encoding.dll" /reference:"C:\Program Files\dotnet\packs\Microsoft.NETCore.App.Ref\10.0.4\ref\net10.0\System.Text.Encoding.Extensions.dll" /reference:"C:\Program Files\dotnet\packs\Microsoft.NETCore.App.Ref\10.0.4\ref\net10.0\System.Text.Encodings.Web.dll" /reference:"C:\Program Files\dotnet\packs\Microsoft.NETCore.App.Ref\10.0.4\ref\net10.0\System.Text.Json.dll" /reference:"C:\Program Files\dotnet\packs\Microsoft.NETCore.App.Ref\10.0.4\ref\net10.0\System.Text.RegularExpressions.dll" /reference:"C:\Program Files\dotnet\packs\Microsoft.NETCore.App.Ref\10.0.4\ref\net10.0\System.Threading.AccessControl.dll" /reference:"C:\Program Files\dotnet\packs\Microsoft.NETCore.App.Ref\10.0.4\ref\net10.0\System.Threading.Channels.dll" /reference:"C:\Program Files\dotnet\packs\Microsoft.NETCore.App.Ref\10.0.4\ref\net10.0\System.Threading.dll" /reference:"C:\Program Files\dotnet\packs\Microsoft.NETCore.App.Ref\10.0.4\ref\net10.0\System.Threading.Overlapped.dll" /reference:"C:\Program Files\dotnet\packs\Microsoft.NETCore.App.Ref\10.0.4\ref\net10.0\System.Threading.Tasks.Dataflow.dll" /reference:"C:\Program Files\dotnet\packs\Microsoft.NETCore.App.Ref\10.0.4\ref\net10.0\System.Threading.Tasks.dll" /reference:"C:\Program Files\dotnet\packs\Microsoft.NETCore.App.Ref\10.0.4\ref\net10.0\System.Threading.Tasks.Extensions.dll" /reference:"C:\Program Files\dotnet\packs\Microsoft.NETCore.App.Ref\10.0.4\ref\net10.0\System.Threading.Tasks.Parallel.dll" /reference:"C:\Program Files\dotnet\packs\Microsoft.NETCore.App.Ref\10.0.4\ref\net10.0\System.Threading.Thread.dll" /reference:"C:\Program Files\dotnet\packs\Microsoft.NETCore.App.Ref\10.0.4\ref\net10.0\System.Threading.ThreadPool.dll" /reference:"C:\Program Files\dotnet\packs\Microsoft.NETCore.App.Ref\10.0.4\ref\net10.0\System.Threading.Timer.dll" /reference:"C:\Program Files\dotnet\packs\Microsoft.NETCore.App.Ref\10.0.4\ref\net10.0\System.Transactions.dll" /reference:"C:\Program Files\dotnet\packs\Microsoft.NETCore.App.Ref\10.0.4\ref\net10.0\System.Transactions.Local.dll" /reference:"C:\Program Files\dotnet\packs\Microsoft.NETCore.App.Ref\10.0.4\ref\net10.0\System.ValueTuple.dll" /reference:"C:\Program Files\dotnet\packs\Microsoft.NETCore.App.Ref\10.0.4\ref\net10.0\System.Web.dll" /reference:"C:\Program Files\dotnet\packs\Microsoft.NETCore.App.Ref\10.0.4\ref\net10.0\System.Web.HttpUtility.dll" /reference:"C:\Program Files\dotnet\packs\Microsoft.NETCore.App.Ref\10.0.4\ref\net10.0\System.Windows.dll" /reference:"C:\Program Files\dotnet\packs\Microsoft.NETCore.App.Ref\10.0.4\ref\net10.0\System.Xml.dll" /reference:"C:\Program Files\dotnet\packs\Microsoft.NETCore.App.Ref\10.0.4\ref\net10.0\System.Xml.Linq.dll" /reference:"C:\Program Files\dotnet\packs\Microsoft.NETCore.App.Ref\10.0.4\ref\net10.0\System.Xml.ReaderWriter.dll" /reference:"C:\Program Files\dotnet\packs\Microsoft.NETCore.App.Ref\10.0.4\ref\net10.0\System.Xml.Serialization.dll" /reference:"C:\Program Files\dotnet\packs\Microsoft.NETCore.App.Ref\10.0.4\ref\net10.0\System.Xml.XDocument.dll" /reference:"C:\Program Files\dotnet\packs\Microsoft.NETCore.App.Ref\10.0.4\ref\net10.0\System.Xml.XmlDocument.dll" /reference:"C:\Program Files\dotnet\packs\Microsoft.NETCore.App.Ref\10.0.4\ref\net10.0\System.Xml.XmlSerializer.dll" /reference:"C:\Program Files\dotnet\packs\Microsoft.NETCore.App.Ref\10.0.4\ref\net10.0\System.Xml.XPath.dll" /reference:"C:\Program Files\dotnet\packs\Microsoft.NETCore.App.Ref\10.0.4\ref\net10.0\System.Xml.XPath.XDocument.dll" /reference:D:\warhub\wham\artifacts\obj\WarHub.ArmouryModel.Concrete.Extensions\debug\ref\WarHub.ArmouryModel.Concrete.Extensions.dll /reference:D:\warhub\wham\artifacts\obj\WarHub.ArmouryModel.Extensions\debug\ref\WarHub.ArmouryModel.Extensions.dll /reference:D:\warhub\wham\artifacts\obj\WarHub.ArmouryModel.Source\debug\ref\WarHub.ArmouryModel.Source.dll /reference:"C:\Program Files\dotnet\packs\Microsoft.NETCore.App.Ref\10.0.4\ref\net10.0\WindowsBase.dll" /features:"InterceptorsNamespaces=;Microsoft.Extensions.Validation.Generated" /debug+ /debug:portable /filealign:512 /optimize- /out:D:\warhub\wham\artifacts\obj\WarHub.ArmouryModel.EditorServices\debug\WarHub.ArmouryModel.EditorServices.dll /refout:D:\warhub\wham\artifacts\obj\WarHub.ArmouryModel.EditorServices\debug\refint\WarHub.ArmouryModel.EditorServices.dll /resource:Formatting\templates\default.format.json,Templates.default.format.json /resource:Formatting\templates\raw-json.format.json,Templates.raw-json.format.json /resource:Formatting\templates\default.handlebars,Templates.default.handlebars /target:library /warnaserror- /utf8output /deterministic+ /sourcelink:D:\warhub\wham\artifacts\obj\WarHub.ArmouryModel.EditorServices\debug\WarHub.ArmouryModel.EditorServices.sourcelink.json /langversion:latest /embed:D:\warhub\wham\artifacts\obj\WarHub.ArmouryModel.EditorServices\debug\WarHub.ArmouryModel.EditorServices.Version.cs /embed:D:\warhub\wham\artifacts\obj\WarHub.ArmouryModel.EditorServices\debug\WarHub.ArmouryModel.EditorServices.GlobalUsings.g.cs /embed:"D:\warhub\wham\artifacts\obj\WarHub.ArmouryModel.EditorServices\debug\.NETCoreApp,Version=v10.0.AssemblyAttributes.cs" /embed:D:\warhub\wham\artifacts\obj\WarHub.ArmouryModel.EditorServices\debug\WarHub.ArmouryModel.EditorServices.AssemblyInfo.cs /analyzerconfig:D:\warhub\wham\.editorconfig /analyzerconfig:D:\warhub\wham\artifacts\obj\WarHub.ArmouryModel.EditorServices\debug\WarHub.ArmouryModel.EditorServices.GeneratedMSBuildEditorConfig.editorconfig /analyzerconfig:"C:\Program Files\dotnet\sdk\10.0.104\Sdks\Microsoft.NET.Sdk\analyzers\build\config\analysislevel_10_all.globalconfig" /analyzer:"C:\Program Files\dotnet\sdk\10.0.104\Sdks\Microsoft.NET.Sdk\targets\..\analyzers\Microsoft.CodeAnalysis.CSharp.NetAnalyzers.dll" /analyzer:"C:\Program Files\dotnet\sdk\10.0.104\Sdks\Microsoft.NET.Sdk\targets\..\analyzers\Microsoft.CodeAnalysis.NetAnalyzers.dll" /analyzer:"C:\Program Files\dotnet\packs\Microsoft.NETCore.App.Ref\10.0.4\analyzers/dotnet/cs/Microsoft.Interop.ComInterfaceGenerator.dll" /analyzer:"C:\Program Files\dotnet\packs\Microsoft.NETCore.App.Ref\10.0.4\analyzers/dotnet/cs/Microsoft.Interop.JavaScript.JSImportGenerator.dll" /analyzer:"C:\Program Files\dotnet\packs\Microsoft.NETCore.App.Ref\10.0.4\analyzers/dotnet/cs/Microsoft.Interop.LibraryImportGenerator.dll" /analyzer:"C:\Program Files\dotnet\packs\Microsoft.NETCore.App.Ref\10.0.4\analyzers/dotnet/cs/Microsoft.Interop.SourceGeneration.dll" /analyzer:"C:\Program Files\dotnet\packs\Microsoft.NETCore.App.Ref\10.0.4\analyzers/dotnet/cs/System.Text.Json.SourceGeneration.dll" /analyzer:"C:\Program Files\dotnet\packs\Microsoft.NETCore.App.Ref\10.0.4\analyzers/dotnet/cs/System.Text.RegularExpressions.Generator.dll" D:\warhub\wham\artifacts\obj\WarHub.ArmouryModel.EditorServices\debug\WarHub.ArmouryModel.EditorServices.Version.cs Formatting\FormatManifestResources.cs Formatting\FormatMethod.cs Formatting\OutputFormat.cs Formatting\RosterFormat.cs Formatting\RosterFormatter.cs IRosterOperation.cs LambdaOperation.cs RosterEditor.cs RosterOperationExtensions.cs RosterOperationKind.cs RosterOperations.cs RosterState.cs SourceNodeExtensions.cs D:\warhub\wham\artifacts\obj\WarHub.ArmouryModel.EditorServices\debug\WarHub.ArmouryModel.EditorServices.GlobalUsings.g.cs "D:\warhub\wham\artifacts\obj\WarHub.ArmouryModel.EditorServices\debug\.NETCoreApp,Version=v10.0.AssemblyAttributes.cs" D:\warhub\wham\artifacts\obj\WarHub.ArmouryModel.EditorServices\debug\WarHub.ArmouryModel.EditorServices.AssemblyInfo.cs /warnaserror+:NU1605,SYSLIB0011
         Compilation request WarHub.ArmouryModel.EditorServices (net10.0), PathToTool=C:\Program Files\dotnet\sdk\10.0.104\Roslyn\bincore\csc.exe
         CommandLine = ' /noconfig'
         BuildResponseFile = '/unsafe- /checked- /nowarn:CS1591,NU5105,CA1515,1701,1702 /fullpaths /nostdlib+ /errorreport:prompt /warn:10 /doc:D:\warhub\wham\artifacts\obj\WarHub.ArmouryModel.EditorServices\debug\WarHub.ArmouryModel.EditorServices.xml /define:TRACE;DEBUG;NET;NET10_0;NETCOREAPP;NET5_0_OR_GREATER;NET6_0_OR_GREATER;NET7_0_OR_GREATER;NET8_0_OR_GREATER;NET9_0_OR_GREATER;NET10_0_OR_GREATER;NETCOREAPP1_0_OR_GREATER;NETCOREAPP1_1_OR_GREATER;NETCOREAPP2_0_OR_GREATER;NETCOREAPP2_1_OR_GREATER;NETCOREAPP2_2_OR_GREATER;NETCOREAPP3_0_OR_GREATER;NETCOREAPP3_1_OR_GREATER /highentropyva+ /nullable:enable /reference:D:\packages\nuget\handlebars.net\2.1.6\lib\net6.0\Handlebars.dll /reference:"C:\Program Files\dotnet\packs\Microsoft.NETCore.App.Ref\10.0.4\ref\net10.0\Microsoft.CSharp.dll" /reference:"C:\Program Files\dotnet\packs\Microsoft.NETCore.App.Ref\10.0.4\ref\net10.0\Microsoft.VisualBasic.Core.dll" /reference:"C:\Program Files\dotnet\packs\Microsoft.NETCore.App.Ref\10.0.4\ref\net10.0\Microsoft.VisualBasic.dll" /reference:"C:\Program Files\dotnet\packs\Microsoft.NETCore.App.Ref\10.0.4\ref\net10.0\Microsoft.Win32.Primitives.dll" /reference:"C:\Program Files\dotnet\packs\Microsoft.NETCore.App.Ref\10.0.4\ref\net10.0\Microsoft.Win32.Registry.dll" /reference:"C:\Program Files\dotnet\packs\Microsoft.NETCore.App.Ref\10.0.4\ref\net10.0\mscorlib.dll" /reference:"C:\Program Files\dotnet\packs\Microsoft.NETCore.App.Ref\10.0.4\ref\net10.0\netstandard.dll" /reference:"C:\Program Files\dotnet\packs\Microsoft.NETCore.App.Ref\10.0.4\ref\net10.0\System.AppContext.dll" /reference:"C:\Program Files\dotnet\packs\Microsoft.NETCore.App.Ref\10.0.4\ref\net10.0\System.Buffers.dll" /reference:"C:\Program Files\dotnet\packs\Microsoft.NETCore.App.Ref\10.0.4\ref\net10.0\System.Collections.Concurrent.dll" /reference:"C:\Program Files\dotnet\packs\Microsoft.NETCore.App.Ref\10.0.4\ref\net10.0\System.Collections.dll" /reference:"C:\Program Files\dotnet\packs\Microsoft.NETCore.App.Ref\10.0.4\ref\net10.0\System.Collections.Immutable.dll" /reference:"C:\Program Files\dotnet\packs\Microsoft.NETCore.App.Ref\10.0.4\ref\net10.0\System.Collections.NonGeneric.dll" /reference:"C:\Program Files\dotnet\packs\Microsoft.NETCore.App.Ref\10.0.4\ref\net10.0\System.Collections.Specialized.dll" /reference:"C:\Program Files\dotnet\packs\Microsoft.NETCore.App.Ref\10.0.4\ref\net10.0\System.ComponentModel.Annotations.dll" /reference:"C:\Program Files\dotnet\packs\Microsoft.NETCore.App.Ref\10.0.4\ref\net10.0\System.ComponentModel.DataAnnotations.dll" /reference:"C:\Program Files\dotnet\packs\Microsoft.NETCore.App.Ref\10.0.4\ref\net10.0\System.ComponentModel.dll" /reference:"C:\Program Files\dotnet\packs\Microsoft.NETCore.App.Ref\10.0.4\ref\net10.0\System.ComponentModel.EventBasedAsync.dll" /reference:"C:\Program Files\dotnet\packs\Microsoft.NETCore.App.Ref\10.0.4\ref\net10.0\System.ComponentModel.Primitives.dll" /reference:"C:\Program Files\dotnet\packs\Microsoft.NETCore.App.Ref\10.0.4\ref\net10.0\System.ComponentModel.TypeConverter.dll" /reference:"C:\Program Files\dotnet\packs\Microsoft.NETCore.App.Ref\10.0.4\ref\net10.0\System.Configuration.dll" /reference:"C:\Program Files\dotnet\packs\Microsoft.NETCore.App.Ref\10.0.4\ref\net10.0\System.Console.dll" /reference:"C:\Program Files\dotnet\packs\Microsoft.NETCore.App.Ref\10.0.4\ref\net10.0\System.Core.dll" /reference:"C:\Program Files\dotnet\packs\Microsoft.NETCore.App.Ref\10.0.4\ref\net10.0\System.Data.Common.dll" /reference:"C:\Program Files\dotnet\packs\Microsoft.NETCore.App.Ref\10.0.4\ref\net10.0\System.Data.DataSetExtensions.dll" /reference:"C:\Program Files\dotnet\packs\Microsoft.NETCore.App.Ref\10.0.4\ref\net10.0\System.Data.dll" /reference:"C:\Program Files\dotnet\packs\Microsoft.NETCore.App.Ref\10.0.4\ref\net10.0\System.Diagnostics.Contracts.dll" /reference:"C:\Program Files\dotnet\packs\Microsoft.NETCore.App.Ref\10.0.4\ref\net10.0\System.Diagnostics.Debug.dll" /reference:"C:\Program Files\dotnet\packs\Microsoft.NETCore.App.Ref\10.0.4\ref\net10.0\System.Diagnostics.DiagnosticSource.dll" /reference:"C:\Program Files\dotnet\packs\Microsoft.NETCore.App.Ref\10.0.4\ref\net10.0\System.Diagnostics.FileVersionInfo.dll" /reference:"C:\Program Files\dotnet\packs\Microsoft.NETCore.App.Ref\10.0.4\ref\net10.0\System.Diagnostics.Process.dll" /reference:"C:\Program Files\dotnet\packs\Microsoft.NETCore.App.Ref\10.0.4\ref\net10.0\System.Diagnostics.StackTrace.dll" /reference:"C:\Program Files\dotnet\packs\Microsoft.NETCore.App.Ref\10.0.4\ref\net10.0\System.Diagnostics.TextWriterTraceListener.dll" /reference:"C:\Program Files\dotnet\packs\Microsoft.NETCore.App.Ref\10.0.4\ref\net10.0\System.Diagnostics.Tools.dll" /reference:"C:\Program Files\dotnet\packs\Microsoft.NETCore.App.Ref\10.0.4\ref\net10.0\System.Diagnostics.TraceSource.dll" /reference:"C:\Program Files\dotnet\packs\Microsoft.NETCore.App.Ref\10.0.4\ref\net10.0\System.Diagnostics.Tracing.dll" /reference:"C:\Program Files\dotnet\packs\Microsoft.NETCore.App.Ref\10.0.4\ref\net10.0\System.dll" /reference:"C:\Program Files\dotnet\packs\Microsoft.NETCore.App.Ref\10.0.4\ref\net10.0\System.Drawing.dll" /reference:"C:\Program Files\dotnet\packs\Microsoft.NETCore.App.Ref\10.0.4\ref\net10.0\System.Drawing.Primitives.dll" /reference:"C:\Program Files\dotnet\packs\Microsoft.NETCore.App.Ref\10.0.4\ref\net10.0\System.Dynamic.Runtime.dll" /reference:"C:\Program Files\dotnet\packs\Microsoft.NETCore.App.Ref\10.0.4\ref\net10.0\System.Formats.Asn1.dll" /reference:"C:\Program Files\dotnet\packs\Microsoft.NETCore.App.Ref\10.0.4\ref\net10.0\System.Formats.Tar.dll" /reference:"C:\Program Files\dotnet\packs\Microsoft.NETCore.App.Ref\10.0.4\ref\net10.0\System.Globalization.Calendars.dll" /reference:"C:\Program Files\dotnet\packs\Microsoft.NETCore.App.Ref\10.0.4\ref\net10.0\System.Globalization.dll" /reference:"C:\Program Files\dotnet\packs\Microsoft.NETCore.App.Ref\10.0.4\ref\net10.0\System.Globalization.Extensions.dll" /reference:"C:\Program Files\dotnet\packs\Microsoft.NETCore.App.Ref\10.0.4\ref\net10.0\System.IO.Compression.Brotli.dll" /reference:"C:\Program Files\dotnet\packs\Microsoft.NETCore.App.Ref\10.0.4\ref\net10.0\System.IO.Compression.dll" /reference:"C:\Program Files\dotnet\packs\Microsoft.NETCore.App.Ref\10.0.4\ref\net10.0\System.IO.Compression.FileSystem.dll" /reference:"C:\Program Files\dotnet\packs\Microsoft.NETCore.App.Ref\10.0.4\ref\net10.0\System.IO.Compression.ZipFile.dll" /reference:"C:\Program Files\dotnet\packs\Microsoft.NETCore.App.Ref\10.0.4\ref\net10.0\System.IO.dll" /reference:"C:\Program Files\dotnet\packs\Microsoft.NETCore.App.Ref\10.0.4\ref\net10.0\System.IO.FileSystem.AccessControl.dll" /reference:"C:\Program Files\dotnet\packs\Microsoft.NETCore.App.Ref\10.0.4\ref\net10.0\System.IO.FileSystem.dll" /reference:"C:\Program Files\dotnet\packs\Microsoft.NETCore.App.Ref\10.0.4\ref\net10.0\System.IO.FileSystem.DriveInfo.dll" /reference:"C:\Program Files\dotnet\packs\Microsoft.NETCore.App.Ref\10.0.4\ref\net10.0\System.IO.FileSystem.Primitives.dll" /reference:"C:\Program Files\dotnet\packs\Microsoft.NETCore.App.Ref\10.0.4\ref\net10.0\System.IO.FileSystem.Watcher.dll" /reference:"C:\Program Files\dotnet\packs\Microsoft.NETCore.App.Ref\10.0.4\ref\net10.0\System.IO.IsolatedStorage.dll" /reference:"C:\Program Files\dotnet\packs\Microsoft.NETCore.App.Ref\10.0.4\ref\net10.0\System.IO.MemoryMappedFiles.dll" /reference:"C:\Program Files\dotnet\packs\Microsoft.NETCore.App.Ref\10.0.4\ref\net10.0\System.IO.Pipelines.dll" /reference:"C:\Program Files\dotnet\packs\Microsoft.NETCore.App.Ref\10.0.4\ref\net10.0\System.IO.Pipes.AccessControl.dll" /reference:"C:\Program Files\dotnet\packs\Microsoft.NETCore.App.Ref\10.0.4\ref\net10.0\System.IO.Pipes.dll" /reference:"C:\Program Files\dotnet\packs\Microsoft.NETCore.App.Ref\10.0.4\ref\net10.0\System.IO.UnmanagedMemoryStream.dll" /reference:"C:\Program Files\dotnet\packs\Microsoft.NETCore.App.Ref\10.0.4\ref\net10.0\System.Linq.AsyncEnumerable.dll" /reference:"C:\Program Files\dotnet\packs\Microsoft.NETCore.App.Ref\10.0.4\ref\net10.0\System.Linq.dll" /reference:"C:\Program Files\dotnet\packs\Microsoft.NETCore.App.Ref\10.0.4\ref\net10.0\System.Linq.Expressions.dll" /reference:"C:\Program Files\dotnet\packs\Microsoft.NETCore.App.Ref\10.0.4\ref\net10.0\System.Linq.Parallel.dll" /reference:"C:\Program Files\dotnet\packs\Microsoft.NETCore.App.Ref\10.0.4\ref\net10.0\System.Linq.Queryable.dll" /reference:"C:\Program Files\dotnet\packs\Microsoft.NETCore.App.Ref\10.0.4\ref\net10.0\System.Memory.dll" /reference:"C:\Program Files\dotnet\packs\Microsoft.NETCore.App.Ref\10.0.4\ref\net10.0\System.Net.dll" /reference:"C:\Program Files\dotnet\packs\Microsoft.NETCore.App.Ref\10.0.4\ref\net10.0\System.Net.Http.dll" /reference:"C:\Program Files\dotnet\packs\Microsoft.NETCore.App.Ref\10.0.4\ref\net10.0\System.Net.Http.Json.dll" /reference:"C:\Program Files\dotnet\packs\Microsoft.NETCore.App.Ref\10.0.4\ref\net10.0\System.Net.HttpListener.dll" /reference:"C:\Program Files\dotnet\packs\Microsoft.NETCore.App.Ref\10.0.4\ref\net10.0\System.Net.Mail.dll" /reference:"C:\Program Files\dotnet\packs\Microsoft.NETCore.App.Ref\10.0.4\ref\net10.0\System.Net.NameResolution.dll" /reference:"C:\Program Files\dotnet\packs\Microsoft.NETCore.App.Ref\10.0.4\ref\net10.0\System.Net.NetworkInformation.dll" /reference:"C:\Program Files\dotnet\packs\Microsoft.NETCore.App.Ref\10.0.4\ref\net10.0\System.Net.Ping.dll" /reference:"C:\Program Files\dotnet\packs\Microsoft.NETCore.App.Ref\10.0.4\ref\net10.0\System.Net.Primitives.dll" /reference:"C:\Program Files\dotnet\packs\Microsoft.NETCore.App.Ref\10.0.4\ref\net10.0\System.Net.Quic.dll" /reference:"C:\Program Files\dotnet\packs\Microsoft.NETCore.App.Ref\10.0.4\ref\net10.0\System.Net.Requests.dll" /reference:"C:\Program Files\dotnet\packs\Microsoft.NETCore.App.Ref\10.0.4\ref\net10.0\System.Net.Security.dll" /reference:"C:\Program Files\dotnet\packs\Microsoft.NETCore.App.Ref\10.0.4\ref\net10.0\System.Net.ServerSentEvents.dll" /reference:"C:\Program Files\dotnet\packs\Microsoft.NETCore.App.Ref\10.0.4\ref\net10.0\System.Net.ServicePoint.dll" /reference:"C:\Program Files\dotnet\packs\Microsoft.NETCore.App.Ref\10.0.4\ref\net10.0\System.Net.Sockets.dll" /reference:"C:\Program Files\dotnet\packs\Microsoft.NETCore.App.Ref\10.0.4\ref\net10.0\System.Net.WebClient.dll" /reference:"C:\Program Files\dotnet\packs\Microsoft.NETCore.App.Ref\10.0.4\ref\net10.0\System.Net.WebHeaderCollection.dll" /reference:"C:\Program Files\dotnet\packs\Microsoft.NETCore.App.Ref\10.0.4\ref\net10.0\System.Net.WebProxy.dll" /reference:"C:\Program Files\dotnet\packs\Microsoft.NETCore.App.Ref\10.0.4\ref\net10.0\System.Net.WebSockets.Client.dll" /reference:"C:\Program Files\dotnet\packs\Microsoft.NETCore.App.Ref\10.0.4\ref\net10.0\System.Net.WebSockets.dll" /reference:"C:\Program Files\dotnet\packs\Microsoft.NETCore.App.Ref\10.0.4\ref\net10.0\System.Numerics.dll" /reference:"C:\Program Files\dotnet\packs\Microsoft.NETCore.App.Ref\10.0.4\ref\net10.0\System.Numerics.Vectors.dll" /reference:"C:\Program Files\dotnet\packs\Microsoft.NETCore.App.Ref\10.0.4\ref\net10.0\System.ObjectModel.dll" /reference:"C:\Program Files\dotnet\packs\Microsoft.NETCore.App.Ref\10.0.4\ref\net10.0\System.Reflection.DispatchProxy.dll" /reference:"C:\Program Files\dotnet\packs\Microsoft.NETCore.App.Ref\10.0.4\ref\net10.0\System.Reflection.dll" /reference:"C:\Program Files\dotnet\packs\Microsoft.NETCore.App.Ref\10.0.4\ref\net10.0\System.Reflection.Emit.dll" /reference:"C:\Program Files\dotnet\packs\Microsoft.NETCore.App.Ref\10.0.4\ref\net10.0\System.Reflection.Emit.ILGeneration.dll" /reference:"C:\Program Files\dotnet\packs\Microsoft.NETCore.App.Ref\10.0.4\ref\net10.0\System.Reflection.Emit.Lightweight.dll" /reference:"C:\Program Files\dotnet\packs\Microsoft.NETCore.App.Ref\10.0.4\ref\net10.0\System.Reflection.Extensions.dll" /reference:"C:\Program Files\dotnet\packs\Microsoft.NETCore.App.Ref\10.0.4\ref\net10.0\System.Reflection.Metadata.dll" /reference:"C:\Program Files\dotnet\packs\Microsoft.NETCore.App.Ref\10.0.4\ref\net10.0\System.Reflection.Primitives.dll" /reference:"C:\Program Files\dotnet\packs\Microsoft.NETCore.App.Ref\10.0.4\ref\net10.0\System.Reflection.TypeExtensions.dll" /reference:"C:\Program Files\dotnet\packs\Microsoft.NETCore.App.Ref\10.0.4\ref\net10.0\System.Resources.Reader.dll" /reference:"C:\Program Files\dotnet\packs\Microsoft.NETCore.App.Ref\10.0.4\ref\net10.0\System.Resources.ResourceManager.dll" /reference:"C:\Program Files\dotnet\packs\Microsoft.NETCore.App.Ref\10.0.4\ref\net10.0\System.Resources.Writer.dll" /reference:"C:\Program Files\dotnet\packs\Microsoft.NETCore.App.Ref\10.0.4\ref\net10.0\System.Runtime.CompilerServices.Unsafe.dll" /reference:"C:\Program Files\dotnet\packs\Microsoft.NETCore.App.Ref\10.0.4\ref\net10.0\System.Runtime.CompilerServices.VisualC.dll" /reference:"C:\Program Files\dotnet\packs\Microsoft.NETCore.App.Ref\10.0.4\ref\net10.0\System.Runtime.dll" /reference:"C:\Program Files\dotnet\packs\Microsoft.NETCore.App.Ref\10.0.4\ref\net10.0\System.Runtime.Extensions.dll" /reference:"C:\Program Files\dotnet\packs\Microsoft.NETCore.App.Ref\10.0.4\ref\net10.0\System.Runtime.Handles.dll" /reference:"C:\Program Files\dotnet\packs\Microsoft.NETCore.App.Ref\10.0.4\ref\net10.0\System.Runtime.InteropServices.dll" /reference:"C:\Program Files\dotnet\packs\Microsoft.NETCore.App.Ref\10.0.4\ref\net10.0\System.Runtime.InteropServices.JavaScript.dll" /reference:"C:\Program Files\dotnet\packs\Microsoft.NETCore.App.Ref\10.0.4\ref\net10.0\System.Runtime.InteropServices.RuntimeInformation.dll" /reference:"C:\Program Files\dotnet\packs\Microsoft.NETCore.App.Ref\10.0.4\ref\net10.0\System.Runtime.Intrinsics.dll" /reference:"C:\Program Files\dotnet\packs\Microsoft.NETCore.App.Ref\10.0.4\ref\net10.0\System.Runtime.Loader.dll" /reference:"C:\Program Files\dotnet\packs\Microsoft.NETCore.App.Ref\10.0.4\ref\net10.0\System.Runtime.Numerics.dll" /reference:"C:\Program Files\dotnet\packs\Microsoft.NETCore.App.Ref\10.0.4\ref\net10.0\System.Runtime.Serialization.dll" /reference:"C:\Program Files\dotnet\packs\Microsoft.NETCore.App.Ref\10.0.4\ref\net10.0\System.Runtime.Serialization.Formatters.dll" /reference:"C:\Program Files\dotnet\packs\Microsoft.NETCore.App.Ref\10.0.4\ref\net10.0\System.Runtime.Serialization.Json.dll" /reference:"C:\Program Files\dotnet\packs\Microsoft.NETCore.App.Ref\10.0.4\ref\net10.0\System.Runtime.Serialization.Primitives.dll" /reference:"C:\Program Files\dotnet\packs\Microsoft.NETCore.App.Ref\10.0.4\ref\net10.0\System.Runtime.Serialization.Xml.dll" /reference:"C:\Program Files\dotnet\packs\Microsoft.NETCore.App.Ref\10.0.4\ref\net10.0\System.Security.AccessControl.dll" /reference:"C:\Program Files\dotnet\packs\Microsoft.NETCore.App.Ref\10.0.4\ref\net10.0\System.Security.Claims.dll" /reference:"C:\Program Files\dotnet\packs\Microsoft.NETCore.App.Ref\10.0.4\ref\net10.0\System.Security.Cryptography.Algorithms.dll" /reference:"C:\Program Files\dotnet\packs\Microsoft.NETCore.App.Ref\10.0.4\ref\net10.0\System.Security.Cryptography.Cng.dll" /reference:"C:\Program Files\dotnet\packs\Microsoft.NETCore.App.Ref\10.0.4\ref\net10.0\System.Security.Cryptography.Csp.dll" /reference:"C:\Program Files\dotnet\packs\Microsoft.NETCore.App.Ref\10.0.4\ref\net10.0\System.Security.Cryptography.dll" /reference:"C:\Program Files\dotnet\packs\Microsoft.NETCore.App.Ref\10.0.4\ref\net10.0\System.Security.Cryptography.Encoding.dll" /reference:"C:\Program Files\dotnet\packs\Microsoft.NETCore.App.Ref\10.0.4\ref\net10.0\System.Security.Cryptography.OpenSsl.dll" /reference:"C:\Program Files\dotnet\packs\Microsoft.NETCore.App.Ref\10.0.4\ref\net10.0\System.Security.Cryptography.Primitives.dll" /reference:"C:\Program Files\dotnet\packs\Microsoft.NETCore.App.Ref\10.0.4\ref\net10.0\System.Security.Cryptography.X509Certificates.dll" /reference:"C:\Program Files\dotnet\packs\Microsoft.NETCore.App.Ref\10.0.4\ref\net10.0\System.Security.dll" /reference:"C:\Program Files\dotnet\packs\Microsoft.NETCore.App.Ref\10.0.4\ref\net10.0\System.Security.Principal.dll" /reference:"C:\Program Files\dotnet\packs\Microsoft.NETCore.App.Ref\10.0.4\ref\net10.0\System.Security.Principal.Windows.dll" /reference:"C:\Program Files\dotnet\packs\Microsoft.NETCore.App.Ref\10.0.4\ref\net10.0\System.Security.SecureString.dll" /reference:"C:\Program Files\dotnet\packs\Microsoft.NETCore.App.Ref\10.0.4\ref\net10.0\System.ServiceModel.Web.dll" /reference:"C:\Program Files\dotnet\packs\Microsoft.NETCore.App.Ref\10.0.4\ref\net10.0\System.ServiceProcess.dll" /reference:"C:\Program Files\dotnet\packs\Microsoft.NETCore.App.Ref\10.0.4\ref\net10.0\System.Text.Encoding.CodePages.dll" /reference:"C:\Program Files\dotnet\packs\Microsoft.NETCore.App.Ref\10.0.4\ref\net10.0\System.Text.Encoding.dll" /reference:"C:\Program Files\dotnet\packs\Microsoft.NETCore.App.Ref\10.0.4\ref\net10.0\System.Text.Encoding.Extensions.dll" /reference:"C:\Program Files\dotnet\packs\Microsoft.NETCore.App.Ref\10.0.4\ref\net10.0\System.Text.Encodings.Web.dll" /reference:"C:\Program Files\dotnet\packs\Microsoft.NETCore.App.Ref\10.0.4\ref\net10.0\System.Text.Json.dll" /reference:"C:\Program Files\dotnet\packs\Microsoft.NETCore.App.Ref\10.0.4\ref\net10.0\System.Text.RegularExpressions.dll" /reference:"C:\Program Files\dotnet\packs\Microsoft.NETCore.App.Ref\10.0.4\ref\net10.0\System.Threading.AccessControl.dll" /reference:"C:\Program Files\dotnet\packs\Microsoft.NETCore.App.Ref\10.0.4\ref\net10.0\System.Threading.Channels.dll" /reference:"C:\Program Files\dotnet\packs\Microsoft.NETCore.App.Ref\10.0.4\ref\net10.0\System.Threading.dll" /reference:"C:\Program Files\dotnet\packs\Microsoft.NETCore.App.Ref\10.0.4\ref\net10.0\System.Threading.Overlapped.dll" /reference:"C:\Program Files\dotnet\packs\Microsoft.NETCore.App.Ref\10.0.4\ref\net10.0\System.Threading.Tasks.Dataflow.dll" /reference:"C:\Program Files\dotnet\packs\Microsoft.NETCore.App.Ref\10.0.4\ref\net10.0\System.Threading.Tasks.dll" /reference:"C:\Program Files\dotnet\packs\Microsoft.NETCore.App.Ref\10.0.4\ref\net10.0\System.Threading.Tasks.Extensions.dll" /reference:"C:\Program Files\dotnet\packs\Microsoft.NETCore.App.Ref\10.0.4\ref\net10.0\System.Threading.Tasks.Parallel.dll" /reference:"C:\Program Files\dotnet\packs\Microsoft.NETCore.App.Ref\10.0.4\ref\net10.0\System.Threading.Thread.dll" /reference:"C:\Program Files\dotnet\packs\Microsoft.NETCore.App.Ref\10.0.4\ref\net10.0\System.Threading.ThreadPool.dll" /reference:"C:\Program Files\dotnet\packs\Microsoft.NETCore.App.Ref\10.0.4\ref\net10.0\System.Threading.Timer.dll" /reference:"C:\Program Files\dotnet\packs\Microsoft.NETCore.App.Ref\10.0.4\ref\net10.0\System.Transactions.dll" /reference:"C:\Program Files\dotnet\packs\Microsoft.NETCore.App.Ref\10.0.4\ref\net10.0\System.Transactions.Local.dll" /reference:"C:\Program Files\dotnet\packs\Microsoft.NETCore.App.Ref\10.0.4\ref\net10.0\System.ValueTuple.dll" /reference:"C:\Program Files\dotnet\packs\Microsoft.NETCore.App.Ref\10.0.4\ref\net10.0\System.Web.dll" /reference:"C:\Program Files\dotnet\packs\Microsoft.NETCore.App.Ref\10.0.4\ref\net10.0\System.Web.HttpUtility.dll" /reference:"C:\Program Files\dotnet\packs\Microsoft.NETCore.App.Ref\10.0.4\ref\net10.0\System.Windows.dll" /reference:"C:\Program Files\dotnet\packs\Microsoft.NETCore.App.Ref\10.0.4\ref\net10.0\System.Xml.dll" /reference:"C:\Program Files\dotnet\packs\Microsoft.NETCore.App.Ref\10.0.4\ref\net10.0\System.Xml.Linq.dll" /reference:"C:\Program Files\dotnet\packs\Microsoft.NETCore.App.Ref\10.0.4\ref\net10.0\System.Xml.ReaderWriter.dll" /reference:"C:\Program Files\dotnet\packs\Microsoft.NETCore.App.Ref\10.0.4\ref\net10.0\System.Xml.Serialization.dll" /reference:"C:\Program Files\dotnet\packs\Microsoft.NETCore.App.Ref\10.0.4\ref\net10.0\System.Xml.XDocument.dll" /reference:"C:\Program Files\dotnet\packs\Microsoft.NETCore.App.Ref\10.0.4\ref\net10.0\System.Xml.XmlDocument.dll" /reference:"C:\Program Files\dotnet\packs\Microsoft.NETCore.App.Ref\10.0.4\ref\net10.0\System.Xml.XmlSerializer.dll" /reference:"C:\Program Files\dotnet\packs\Microsoft.NETCore.App.Ref\10.0.4\ref\net10.0\System.Xml.XPath.dll" /reference:"C:\Program Files\dotnet\packs\Microsoft.NETCore.App.Ref\10.0.4\ref\net10.0\System.Xml.XPath.XDocument.dll" /reference:D:\warhub\wham\artifacts\obj\WarHub.ArmouryModel.Concrete.Extensions\debug\ref\WarHub.ArmouryModel.Concrete.Extensions.dll /reference:D:\warhub\wham\artifacts\obj\WarHub.ArmouryModel.Extensions\debug\ref\WarHub.ArmouryModel.Extensions.dll /reference:D:\warhub\wham\artifacts\obj\WarHub.ArmouryModel.Source\debug\ref\WarHub.ArmouryModel.Source.dll /reference:"C:\Program Files\dotnet\packs\Microsoft.NETCore.App.Ref\10.0.4\ref\net10.0\WindowsBase.dll" /features:"InterceptorsNamespaces=;Microsoft.Extensions.Validation.Generated" /debug+ /debug:portable /filealign:512 /optimize- /out:D:\warhub\wham\artifacts\obj\WarHub.ArmouryModel.EditorServices\debug\WarHub.ArmouryModel.EditorServices.dll /refout:D:\warhub\wham\artifacts\obj\WarHub.ArmouryModel.EditorServices\debug\refint\WarHub.ArmouryModel.EditorServices.dll /resource:Formatting\templates\default.format.json,Templates.default.format.json /resource:Formatting\templates\raw-json.format.json,Templates.raw-json.format.json /resource:Formatting\templates\default.handlebars,Templates.default.handlebars /target:library /warnaserror- /utf8output /deterministic+ /sourcelink:D:\warhub\wham\artifacts\obj\WarHub.ArmouryModel.EditorServices\debug\WarHub.ArmouryModel.EditorServices.sourcelink.json /langversion:latest /embed:D:\warhub\wham\artifacts\obj\WarHub.ArmouryModel.EditorServices\debug\WarHub.ArmouryModel.EditorServices.Version.cs /embed:D:\warhub\wham\artifacts\obj\WarHub.ArmouryModel.EditorServices\debug\WarHub.ArmouryModel.EditorServices.GlobalUsings.g.cs /embed:"D:\warhub\wham\artifacts\obj\WarHub.ArmouryModel.EditorServices\debug\.NETCoreApp,Version=v10.0.AssemblyAttributes.cs" /embed:D:\warhub\wham\artifacts\obj\WarHub.ArmouryModel.EditorServices\debug\WarHub.ArmouryModel.EditorServices.AssemblyInfo.cs /analyzerconfig:D:\warhub\wham\.editorconfig /analyzerconfig:D:\warhub\wham\artifacts\obj\WarHub.ArmouryModel.EditorServices\debug\WarHub.ArmouryModel.EditorServices.GeneratedMSBuildEditorConfig.editorconfig /analyzerconfig:"C:\Program Files\dotnet\sdk\10.0.104\Sdks\Microsoft.NET.Sdk\analyzers\build\config\analysislevel_10_all.globalconfig" /analyzer:"C:\Program Files\dotnet\sdk\10.0.104\Sdks\Microsoft.NET.Sdk\targets\..\analyzers\Microsoft.CodeAnalysis.CSharp.NetAnalyzers.dll" /analyzer:"C:\Program Files\dotnet\sdk\10.0.104\Sdks\Microsoft.NET.Sdk\targets\..\analyzers\Microsoft.CodeAnalysis.NetAnalyzers.dll" /analyzer:"C:\Program Files\dotnet\packs\Microsoft.NETCore.App.Ref\10.0.4\analyzers/dotnet/cs/Microsoft.Interop.ComInterfaceGenerator.dll" /analyzer:"C:\Program Files\dotnet\packs\Microsoft.NETCore.App.Ref\10.0.4\analyzers/dotnet/cs/Microsoft.Interop.JavaScript.JSImportGenerator.dll" /analyzer:"C:\Program Files\dotnet\packs\Microsoft.NETCore.App.Ref\10.0.4\analyzers/dotnet/cs/Microsoft.Interop.LibraryImportGenerator.dll" /analyzer:"C:\Program Files\dotnet\packs\Microsoft.NETCore.App.Ref\10.0.4\analyzers/dotnet/cs/Microsoft.Interop.SourceGeneration.dll" /analyzer:"C:\Program Files\dotnet\packs\Microsoft.NETCore.App.Ref\10.0.4\analyzers/dotnet/cs/System.Text.Json.SourceGeneration.dll" /analyzer:"C:\Program Files\dotnet\packs\Microsoft.NETCore.App.Ref\10.0.4\analyzers/dotnet/cs/System.Text.RegularExpressions.Generator.dll" D:\warhub\wham\artifacts\obj\WarHub.ArmouryModel.EditorServices\debug\WarHub.ArmouryModel.EditorServices.Version.cs Formatting\FormatManifestResources.cs Formatting\FormatMethod.cs Formatting\OutputFormat.cs Formatting\RosterFormat.cs Formatting\RosterFormatter.cs IRosterOperation.cs LambdaOperation.cs RosterEditor.cs RosterOperationExtensions.cs RosterOperationKind.cs RosterOperations.cs RosterState.cs SourceNodeExtensions.cs D:\warhub\wham\artifacts\obj\WarHub.ArmouryModel.EditorServices\debug\WarHub.ArmouryModel.EditorServices.GlobalUsings.g.cs "D:\warhub\wham\artifacts\obj\WarHub.ArmouryModel.EditorServices\debug\.NETCoreApp,Version=v10.0.AssemblyAttributes.cs" D:\warhub\wham\artifacts\obj\WarHub.ArmouryModel.EditorServices\debug\WarHub.ArmouryModel.EditorServices.AssemblyInfo.cs /warnaserror+:NU1605,SYSLIB0011'
         Attempt to open named pipe 'yQiqoU4G1HkDoitZ6p1liDWTIZlE_laOFRNKsOjNUzk'
         Attempt to connect named pipe 'yQiqoU4G1HkDoitZ6p1liDWTIZlE_laOFRNKsOjNUzk'
         Named pipe 'yQiqoU4G1HkDoitZ6p1liDWTIZlE_laOFRNKsOjNUzk' connected
         Begin writing request for WarHub.ArmouryModel.EditorServices (net10.0)
         End writing request for WarHub.ArmouryModel.EditorServices (net10.0)
         Begin reading response for WarHub.ArmouryModel.EditorServices (net10.0)
         End reading response for WarHub.ArmouryModel.EditorServices (net10.0)
     3>D:\warhub\wham\src\WarHub.ArmouryModel.EditorServices\RosterEditor.cs(19,57): warning CA1003: Change the event 'OperationApplied' to replace the type 'System.Action<WarHub.ArmouryModel.EditorServices.IRosterOperation, WarHub.ArmouryModel.EditorServices.RosterState>?' with a generic EventHandler, for example EventHandler<T>, where T is a valid EventArgs (https://learn.microsoft.com/dotnet/fundamentals/code-analysis/quality-rules/ca1003) [D:\warhub\wham\src\WarHub.ArmouryModel.EditorServices\WarHub.ArmouryModel.EditorServices.csproj]
     3>D:\warhub\wham\src\WarHub.ArmouryModel.EditorServices\RosterOperations.cs(60,34): warning CA1033: Make 'RosterOperationBase' sealed (a breaking change if this class has previously shipped), implement the method non-explicitly, or implement a new method that exposes the functionality of 'WarHub.ArmouryModel.EditorServices.IRosterOperation.Apply' and is visible to derived classes (https://learn.microsoft.com/dotnet/fundamentals/code-analysis/quality-rules/ca1033) [D:\warhub\wham\src\WarHub.ArmouryModel.EditorServices\WarHub.ArmouryModel.EditorServices.csproj]
     3>D:\warhub\wham\src\WarHub.ArmouryModel.EditorServices\RosterOperations.cs(70,34): warning CA1033: Make 'CreateRosterOperation' sealed (a breaking change if this class has previously shipped), implement the method non-explicitly, or implement a new method that exposes the functionality of 'WarHub.ArmouryModel.EditorServices.IRosterOperation.Apply' and is visible to derived classes (https://learn.microsoft.com/dotnet/fundamentals/code-analysis/quality-rules/ca1033) [D:\warhub\wham\src\WarHub.ArmouryModel.EditorServices\WarHub.ArmouryModel.EditorServices.csproj]
         CompilerServer: server - server processed compilation - WarHub.ArmouryModel.EditorServices (net10.0)
       _CopyFilesMarkedCopyLocal:
         Copying file from "D:\warhub\wham\artifacts\bin\WarHub.ArmouryModel.Concrete.Extensions\debug\WarHub.ArmouryModel.Concrete.Extensions.dll" to "D:\warhub\wham\artifacts\bin\WarHub.ArmouryModel.EditorServices\debug\WarHub.ArmouryModel.Concrete.Extensions.dll".
         Copying file from "D:\warhub\wham\artifacts\bin\WarHub.ArmouryModel.Extensions\debug\WarHub.ArmouryModel.Extensions.dll" to "D:\warhub\wham\artifacts\bin\WarHub.ArmouryModel.EditorServices\debug\WarHub.ArmouryModel.Extensions.dll".
         Copying file from "D:\warhub\wham\artifacts\bin\WarHub.ArmouryModel.Source\debug\WarHub.ArmouryModel.Source.dll" to "D:\warhub\wham\artifacts\bin\WarHub.ArmouryModel.EditorServices\debug\WarHub.ArmouryModel.Source.dll".
         Copying file from "D:\warhub\wham\artifacts\bin\WarHub.ArmouryModel.Concrete.Extensions\debug\WarHub.ArmouryModel.Concrete.Extensions.pdb" to "D:\warhub\wham\artifacts\bin\WarHub.ArmouryModel.EditorServices\debug\WarHub.ArmouryModel.Concrete.Extensions.pdb".
         Copying file from "D:\warhub\wham\artifacts\bin\WarHub.ArmouryModel.Concrete.Extensions\debug\WarHub.ArmouryModel.Concrete.Extensions.xml" to "D:\warhub\wham\artifacts\bin\WarHub.ArmouryModel.EditorServices\debug\WarHub.ArmouryModel.Concrete.Extensions.xml".
         Copying file from "D:\warhub\wham\artifacts\bin\WarHub.ArmouryModel.Extensions\debug\WarHub.ArmouryModel.Extensions.pdb" to "D:\warhub\wham\artifacts\bin\WarHub.ArmouryModel.EditorServices\debug\WarHub.ArmouryModel.Extensions.pdb".
         Copying file from "D:\warhub\wham\artifacts\bin\WarHub.ArmouryModel.Extensions\debug\WarHub.ArmouryModel.Extensions.xml" to "D:\warhub\wham\artifacts\bin\WarHub.ArmouryModel.EditorServices\debug\WarHub.ArmouryModel.Extensions.xml".
         Copying file from "D:\warhub\wham\artifacts\bin\WarHub.ArmouryModel.Source\debug\WarHub.ArmouryModel.Source.pdb" to "D:\warhub\wham\artifacts\bin\WarHub.ArmouryModel.EditorServices\debug\WarHub.ArmouryModel.Source.pdb".
         Copying file from "D:\warhub\wham\artifacts\bin\WarHub.ArmouryModel.Source\debug\WarHub.ArmouryModel.Source.xml" to "D:\warhub\wham\artifacts\bin\WarHub.ArmouryModel.EditorServices\debug\WarHub.ArmouryModel.Source.xml".
         Touching "D:\warhub\wham\artifacts\obj\WarHub.ArmouryModel.EditorServices\debug\WarHub.A.9DEFCBD3.Up2Date".
       GenerateBuildDependencyFile:
       Skipping target "GenerateBuildDependencyFile" because all output files are up-to-date with respect to the input files.
       CopyFilesToOutputDirectory:
         Copying file from "D:\warhub\wham\artifacts\obj\WarHub.ArmouryModel.EditorServices\debug\WarHub.ArmouryModel.EditorServices.dll" to "D:\warhub\wham\artifacts\bin\WarHub.ArmouryModel.EditorServices\debug\WarHub.ArmouryModel.EditorServices.dll".
         WarHub.ArmouryModel.EditorServices -> D:\warhub\wham\artifacts\bin\WarHub.ArmouryModel.EditorServices\debug\WarHub.ArmouryModel.EditorServices.dll
         Copying file from "D:\warhub\wham\artifacts\obj\WarHub.ArmouryModel.EditorServices\debug\WarHub.ArmouryModel.EditorServices.pdb" to "D:\warhub\wham\artifacts\bin\WarHub.ArmouryModel.EditorServices\debug\WarHub.ArmouryModel.EditorServices.pdb".
         Copying file from "D:\warhub\wham\artifacts\obj\WarHub.ArmouryModel.EditorServices\debug\WarHub.ArmouryModel.EditorServices.xml" to "D:\warhub\wham\artifacts\bin\WarHub.ArmouryModel.EditorServices\debug\WarHub.ArmouryModel.EditorServices.xml".
     3>Done Building Project "D:\warhub\wham\src\WarHub.ArmouryModel.EditorServices\WarHub.ArmouryModel.EditorServices.csproj" (default targets).
   1:2>Project "D:\warhub\wham\tests\WarHub.ArmouryModel.RosterEngine.Tests\WarHub.ArmouryModel.RosterEngine.Tests.csproj" (1:2) is building "D:\warhub\wham\src\WarHub.ArmouryModel.RosterEngine\WarHub.ArmouryModel.RosterEngine.csproj" (2:2) on node 1 (default targets).
   2:2>Project "D:\warhub\wham\src\WarHub.ArmouryModel.RosterEngine\WarHub.ArmouryModel.RosterEngine.csproj" (2:2) is building "D:\packages\nuget\nerdbank.gitversioning\3.9.50\build\PrivateP2PCaching.proj" (11:8) on node 4 (GetBuildVersion_Properties;GetBuildVersion_CloudBuildVersionVars target(s)).
    11>GetBuildVersionCore:
         Building version 0.15.0 from commit bd593f73dd76ecf5114b63020b643f6218be88b0
    11>Done Building Project "D:\packages\nuget\nerdbank.gitversioning\3.9.50\build\PrivateP2PCaching.proj" (GetBuildVersion_Properties;GetBuildVersion_CloudBuildVersionVars target(s)).
     2>GenerateTargetFrameworkMonikerAttribute:
       Skipping target "GenerateTargetFrameworkMonikerAttribute" because all output files are up-to-date with respect to the input files.
       CoreGenerateAssemblyInfo:
       Skipping target "CoreGenerateAssemblyInfo" because all output files are up-to-date with respect to the input files.
       _GenerateSourceLinkFile:
         Updating Source Link file 'D:\warhub\wham\artifacts\obj\WarHub.ArmouryModel.RosterEngine\debug\WarHub.ArmouryModel.RosterEngine.sourcelink.json'.
       CoreCompile:
         Setting DOTNET_ROOT to 'C:\Program Files\dotnet'
         C:\Program Files\dotnet\sdk\10.0.104\Roslyn\bincore\csc.exe /noconfig /unsafe- /checked- /nowarn:CS1591,NU5105,CA1515,1701,1702 /fullpaths /nostdlib+ /errorreport:prompt /warn:10 /doc:D:\warhub\wham\artifacts\obj\WarHub.ArmouryModel.RosterEngine\debug\WarHub.ArmouryModel.RosterEngine.xml /define:TRACE;DEBUG;NET;NET10_0;NETCOREAPP;NET5_0_OR_GREATER;NET6_0_OR_GREATER;NET7_0_OR_GREATER;NET8_0_OR_GREATER;NET9_0_OR_GREATER;NET10_0_OR_GREATER;NETCOREAPP1_0_OR_GREATER;NETCOREAPP1_1_OR_GREATER;NETCOREAPP2_0_OR_GREATER;NETCOREAPP2_1_OR_GREATER;NETCOREAPP2_2_OR_GREATER;NETCOREAPP3_0_OR_GREATER;NETCOREAPP3_1_OR_GREATER /highentropyva+ /nullable:enable /reference:D:\warhub\battlescribe-spec\artifacts\obj\BattleScribeSpec.TestKit\debug\ref\BattleScribeSpec.TestKit.dll /reference:D:\packages\nuget\handlebars.net\2.1.6\lib\net6.0\Handlebars.dll /reference:"C:\Program Files\dotnet\packs\Microsoft.NETCore.App.Ref\10.0.4\ref\net10.0\Microsoft.CSharp.dll" /reference:"C:\Program Files\dotnet\packs\Microsoft.NETCore.App.Ref\10.0.4\ref\net10.0\Microsoft.VisualBasic.Core.dll" /reference:"C:\Program Files\dotnet\packs\Microsoft.NETCore.App.Ref\10.0.4\ref\net10.0\Microsoft.VisualBasic.dll" /reference:"C:\Program Files\dotnet\packs\Microsoft.NETCore.App.Ref\10.0.4\ref\net10.0\Microsoft.Win32.Primitives.dll" /reference:"C:\Program Files\dotnet\packs\Microsoft.NETCore.App.Ref\10.0.4\ref\net10.0\Microsoft.Win32.Registry.dll" /reference:"C:\Program Files\dotnet\packs\Microsoft.NETCore.App.Ref\10.0.4\ref\net10.0\mscorlib.dll" /reference:"C:\Program Files\dotnet\packs\Microsoft.NETCore.App.Ref\10.0.4\ref\net10.0\netstandard.dll" /reference:"C:\Program Files\dotnet\packs\Microsoft.NETCore.App.Ref\10.0.4\ref\net10.0\System.AppContext.dll" /reference:"C:\Program Files\dotnet\packs\Microsoft.NETCore.App.Ref\10.0.4\ref\net10.0\System.Buffers.dll" /reference:"C:\Program Files\dotnet\packs\Microsoft.NETCore.App.Ref\10.0.4\ref\net10.0\System.Collections.Concurrent.dll" /reference:"C:\Program Files\dotnet\packs\Microsoft.NETCore.App.Ref\10.0.4\ref\net10.0\System.Collections.dll" /reference:"C:\Program Files\dotnet\packs\Microsoft.NETCore.App.Ref\10.0.4\ref\net10.0\System.Collections.Immutable.dll" /reference:"C:\Program Files\dotnet\packs\Microsoft.NETCore.App.Ref\10.0.4\ref\net10.0\System.Collections.NonGeneric.dll" /reference:"C:\Program Files\dotnet\packs\Microsoft.NETCore.App.Ref\10.0.4\ref\net10.0\System.Collections.Specialized.dll" /reference:"C:\Program Files\dotnet\packs\Microsoft.NETCore.App.Ref\10.0.4\ref\net10.0\System.ComponentModel.Annotations.dll" /reference:"C:\Program Files\dotnet\packs\Microsoft.NETCore.App.Ref\10.0.4\ref\net10.0\System.ComponentModel.DataAnnotations.dll" /reference:"C:\Program Files\dotnet\packs\Microsoft.NETCore.App.Ref\10.0.4\ref\net10.0\System.ComponentModel.dll" /reference:"C:\Program Files\dotnet\packs\Microsoft.NETCore.App.Ref\10.0.4\ref\net10.0\System.ComponentModel.EventBasedAsync.dll" /reference:"C:\Program Files\dotnet\packs\Microsoft.NETCore.App.Ref\10.0.4\ref\net10.0\System.ComponentModel.Primitives.dll" /reference:"C:\Program Files\dotnet\packs\Microsoft.NETCore.App.Ref\10.0.4\ref\net10.0\System.ComponentModel.TypeConverter.dll" /reference:"C:\Program Files\dotnet\packs\Microsoft.NETCore.App.Ref\10.0.4\ref\net10.0\System.Configuration.dll" /reference:"C:\Program Files\dotnet\packs\Microsoft.NETCore.App.Ref\10.0.4\ref\net10.0\System.Console.dll" /reference:"C:\Program Files\dotnet\packs\Microsoft.NETCore.App.Ref\10.0.4\ref\net10.0\System.Core.dll" /reference:"C:\Program Files\dotnet\packs\Microsoft.NETCore.App.Ref\10.0.4\ref\net10.0\System.Data.Common.dll" /reference:"C:\Program Files\dotnet\packs\Microsoft.NETCore.App.Ref\10.0.4\ref\net10.0\System.Data.DataSetExtensions.dll" /reference:"C:\Program Files\dotnet\packs\Microsoft.NETCore.App.Ref\10.0.4\ref\net10.0\System.Data.dll" /reference:"C:\Program Files\dotnet\packs\Microsoft.NETCore.App.Ref\10.0.4\ref\net10.0\System.Diagnostics.Contracts.dll" /reference:"C:\Program Files\dotnet\packs\Microsoft.NETCore.App.Ref\10.0.4\ref\net10.0\System.Diagnostics.Debug.dll" /reference:"C:\Program Files\dotnet\packs\Microsoft.NETCore.App.Ref\10.0.4\ref\net10.0\System.Diagnostics.DiagnosticSource.dll" /reference:"C:\Program Files\dotnet\packs\Microsoft.NETCore.App.Ref\10.0.4\ref\net10.0\System.Diagnostics.FileVersionInfo.dll" /reference:"C:\Program Files\dotnet\packs\Microsoft.NETCore.App.Ref\10.0.4\ref\net10.0\System.Diagnostics.Process.dll" /reference:"C:\Program Files\dotnet\packs\Microsoft.NETCore.App.Ref\10.0.4\ref\net10.0\System.Diagnostics.StackTrace.dll" /reference:"C:\Program Files\dotnet\packs\Microsoft.NETCore.App.Ref\10.0.4\ref\net10.0\System.Diagnostics.TextWriterTraceListener.dll" /reference:"C:\Program Files\dotnet\packs\Microsoft.NETCore.App.Ref\10.0.4\ref\net10.0\System.Diagnostics.Tools.dll" /reference:"C:\Program Files\dotnet\packs\Microsoft.NETCore.App.Ref\10.0.4\ref\net10.0\System.Diagnostics.TraceSource.dll" /reference:"C:\Program Files\dotnet\packs\Microsoft.NETCore.App.Ref\10.0.4\ref\net10.0\System.Diagnostics.Tracing.dll" /reference:"C:\Program Files\dotnet\packs\Microsoft.NETCore.App.Ref\10.0.4\ref\net10.0\System.dll" /reference:"C:\Program Files\dotnet\packs\Microsoft.NETCore.App.Ref\10.0.4\ref\net10.0\System.Drawing.dll" /reference:"C:\Program Files\dotnet\packs\Microsoft.NETCore.App.Ref\10.0.4\ref\net10.0\System.Drawing.Primitives.dll" /reference:"C:\Program Files\dotnet\packs\Microsoft.NETCore.App.Ref\10.0.4\ref\net10.0\System.Dynamic.Runtime.dll" /reference:"C:\Program Files\dotnet\packs\Microsoft.NETCore.App.Ref\10.0.4\ref\net10.0\System.Formats.Asn1.dll" /reference:"C:\Program Files\dotnet\packs\Microsoft.NETCore.App.Ref\10.0.4\ref\net10.0\System.Formats.Tar.dll" /reference:"C:\Program Files\dotnet\packs\Microsoft.NETCore.App.Ref\10.0.4\ref\net10.0\System.Globalization.Calendars.dll" /reference:"C:\Program Files\dotnet\packs\Microsoft.NETCore.App.Ref\10.0.4\ref\net10.0\System.Globalization.dll" /reference:"C:\Program Files\dotnet\packs\Microsoft.NETCore.App.Ref\10.0.4\ref\net10.0\System.Globalization.Extensions.dll" /reference:"C:\Program Files\dotnet\packs\Microsoft.NETCore.App.Ref\10.0.4\ref\net10.0\System.IO.Compression.Brotli.dll" /reference:"C:\Program Files\dotnet\packs\Microsoft.NETCore.App.Ref\10.0.4\ref\net10.0\System.IO.Compression.dll" /reference:"C:\Program Files\dotnet\packs\Microsoft.NETCore.App.Ref\10.0.4\ref\net10.0\System.IO.Compression.FileSystem.dll" /reference:"C:\Program Files\dotnet\packs\Microsoft.NETCore.App.Ref\10.0.4\ref\net10.0\System.IO.Compression.ZipFile.dll" /reference:"C:\Program Files\dotnet\packs\Microsoft.NETCore.App.Ref\10.0.4\ref\net10.0\System.IO.dll" /reference:"C:\Program Files\dotnet\packs\Microsoft.NETCore.App.Ref\10.0.4\ref\net10.0\System.IO.FileSystem.AccessControl.dll" /reference:"C:\Program Files\dotnet\packs\Microsoft.NETCore.App.Ref\10.0.4\ref\net10.0\System.IO.FileSystem.dll" /reference:"C:\Program Files\dotnet\packs\Microsoft.NETCore.App.Ref\10.0.4\ref\net10.0\System.IO.FileSystem.DriveInfo.dll" /reference:"C:\Program Files\dotnet\packs\Microsoft.NETCore.App.Ref\10.0.4\ref\net10.0\System.IO.FileSystem.Primitives.dll" /reference:"C:\Program Files\dotnet\packs\Microsoft.NETCore.App.Ref\10.0.4\ref\net10.0\System.IO.FileSystem.Watcher.dll" /reference:"C:\Program Files\dotnet\packs\Microsoft.NETCore.App.Ref\10.0.4\ref\net10.0\System.IO.IsolatedStorage.dll" /reference:"C:\Program Files\dotnet\packs\Microsoft.NETCore.App.Ref\10.0.4\ref\net10.0\System.IO.MemoryMappedFiles.dll" /reference:"C:\Program Files\dotnet\packs\Microsoft.NETCore.App.Ref\10.0.4\ref\net10.0\System.IO.Pipelines.dll" /reference:"C:\Program Files\dotnet\packs\Microsoft.NETCore.App.Ref\10.0.4\ref\net10.0\System.IO.Pipes.AccessControl.dll" /reference:"C:\Program Files\dotnet\packs\Microsoft.NETCore.App.Ref\10.0.4\ref\net10.0\System.IO.Pipes.dll" /reference:"C:\Program Files\dotnet\packs\Microsoft.NETCore.App.Ref\10.0.4\ref\net10.0\System.IO.UnmanagedMemoryStream.dll" /reference:"C:\Program Files\dotnet\packs\Microsoft.NETCore.App.Ref\10.0.4\ref\net10.0\System.Linq.AsyncEnumerable.dll" /reference:"C:\Program Files\dotnet\packs\Microsoft.NETCore.App.Ref\10.0.4\ref\net10.0\System.Linq.dll" /reference:"C:\Program Files\dotnet\packs\Microsoft.NETCore.App.Ref\10.0.4\ref\net10.0\System.Linq.Expressions.dll" /reference:"C:\Program Files\dotnet\packs\Microsoft.NETCore.App.Ref\10.0.4\ref\net10.0\System.Linq.Parallel.dll" /reference:"C:\Program Files\dotnet\packs\Microsoft.NETCore.App.Ref\10.0.4\ref\net10.0\System.Linq.Queryable.dll" /reference:"C:\Program Files\dotnet\packs\Microsoft.NETCore.App.Ref\10.0.4\ref\net10.0\System.Memory.dll" /reference:"C:\Program Files\dotnet\packs\Microsoft.NETCore.App.Ref\10.0.4\ref\net10.0\System.Net.dll" /reference:"C:\Program Files\dotnet\packs\Microsoft.NETCore.App.Ref\10.0.4\ref\net10.0\System.Net.Http.dll" /reference:"C:\Program Files\dotnet\packs\Microsoft.NETCore.App.Ref\10.0.4\ref\net10.0\System.Net.Http.Json.dll" /reference:"C:\Program Files\dotnet\packs\Microsoft.NETCore.App.Ref\10.0.4\ref\net10.0\System.Net.HttpListener.dll" /reference:"C:\Program Files\dotnet\packs\Microsoft.NETCore.App.Ref\10.0.4\ref\net10.0\System.Net.Mail.dll" /reference:"C:\Program Files\dotnet\packs\Microsoft.NETCore.App.Ref\10.0.4\ref\net10.0\System.Net.NameResolution.dll" /reference:"C:\Program Files\dotnet\packs\Microsoft.NETCore.App.Ref\10.0.4\ref\net10.0\System.Net.NetworkInformation.dll" /reference:"C:\Program Files\dotnet\packs\Microsoft.NETCore.App.Ref\10.0.4\ref\net10.0\System.Net.Ping.dll" /reference:"C:\Program Files\dotnet\packs\Microsoft.NETCore.App.Ref\10.0.4\ref\net10.0\System.Net.Primitives.dll" /reference:"C:\Program Files\dotnet\packs\Microsoft.NETCore.App.Ref\10.0.4\ref\net10.0\System.Net.Quic.dll" /reference:"C:\Program Files\dotnet\packs\Microsoft.NETCore.App.Ref\10.0.4\ref\net10.0\System.Net.Requests.dll" /reference:"C:\Program Files\dotnet\packs\Microsoft.NETCore.App.Ref\10.0.4\ref\net10.0\System.Net.Security.dll" /reference:"C:\Program Files\dotnet\packs\Microsoft.NETCore.App.Ref\10.0.4\ref\net10.0\System.Net.ServerSentEvents.dll" /reference:"C:\Program Files\dotnet\packs\Microsoft.NETCore.App.Ref\10.0.4\ref\net10.0\System.Net.ServicePoint.dll" /reference:"C:\Program Files\dotnet\packs\Microsoft.NETCore.App.Ref\10.0.4\ref\net10.0\System.Net.Sockets.dll" /reference:"C:\Program Files\dotnet\packs\Microsoft.NETCore.App.Ref\10.0.4\ref\net10.0\System.Net.WebClient.dll" /reference:"C:\Program Files\dotnet\packs\Microsoft.NETCore.App.Ref\10.0.4\ref\net10.0\System.Net.WebHeaderCollection.dll" /reference:"C:\Program Files\dotnet\packs\Microsoft.NETCore.App.Ref\10.0.4\ref\net10.0\System.Net.WebProxy.dll" /reference:"C:\Program Files\dotnet\packs\Microsoft.NETCore.App.Ref\10.0.4\ref\net10.0\System.Net.WebSockets.Client.dll" /reference:"C:\Program Files\dotnet\packs\Microsoft.NETCore.App.Ref\10.0.4\ref\net10.0\System.Net.WebSockets.dll" /reference:"C:\Program Files\dotnet\packs\Microsoft.NETCore.App.Ref\10.0.4\ref\net10.0\System.Numerics.dll" /reference:"C:\Program Files\dotnet\packs\Microsoft.NETCore.App.Ref\10.0.4\ref\net10.0\System.Numerics.Vectors.dll" /reference:"C:\Program Files\dotnet\packs\Microsoft.NETCore.App.Ref\10.0.4\ref\net10.0\System.ObjectModel.dll" /reference:"C:\Program Files\dotnet\packs\Microsoft.NETCore.App.Ref\10.0.4\ref\net10.0\System.Reflection.DispatchProxy.dll" /reference:"C:\Program Files\dotnet\packs\Microsoft.NETCore.App.Ref\10.0.4\ref\net10.0\System.Reflection.dll" /reference:"C:\Program Files\dotnet\packs\Microsoft.NETCore.App.Ref\10.0.4\ref\net10.0\System.Reflection.Emit.dll" /reference:"C:\Program Files\dotnet\packs\Microsoft.NETCore.App.Ref\10.0.4\ref\net10.0\System.Reflection.Emit.ILGeneration.dll" /reference:"C:\Program Files\dotnet\packs\Microsoft.NETCore.App.Ref\10.0.4\ref\net10.0\System.Reflection.Emit.Lightweight.dll" /reference:"C:\Program Files\dotnet\packs\Microsoft.NETCore.App.Ref\10.0.4\ref\net10.0\System.Reflection.Extensions.dll" /reference:"C:\Program Files\dotnet\packs\Microsoft.NETCore.App.Ref\10.0.4\ref\net10.0\System.Reflection.Metadata.dll" /reference:"C:\Program Files\dotnet\packs\Microsoft.NETCore.App.Ref\10.0.4\ref\net10.0\System.Reflection.Primitives.dll" /reference:"C:\Program Files\dotnet\packs\Microsoft.NETCore.App.Ref\10.0.4\ref\net10.0\System.Reflection.TypeExtensions.dll" /reference:"C:\Program Files\dotnet\packs\Microsoft.NETCore.App.Ref\10.0.4\ref\net10.0\System.Resources.Reader.dll" /reference:"C:\Program Files\dotnet\packs\Microsoft.NETCore.App.Ref\10.0.4\ref\net10.0\System.Resources.ResourceManager.dll" /reference:"C:\Program Files\dotnet\packs\Microsoft.NETCore.App.Ref\10.0.4\ref\net10.0\System.Resources.Writer.dll" /reference:"C:\Program Files\dotnet\packs\Microsoft.NETCore.App.Ref\10.0.4\ref\net10.0\System.Runtime.CompilerServices.Unsafe.dll" /reference:"C:\Program Files\dotnet\packs\Microsoft.NETCore.App.Ref\10.0.4\ref\net10.0\System.Runtime.CompilerServices.VisualC.dll" /reference:"C:\Program Files\dotnet\packs\Microsoft.NETCore.App.Ref\10.0.4\ref\net10.0\System.Runtime.dll" /reference:"C:\Program Files\dotnet\packs\Microsoft.NETCore.App.Ref\10.0.4\ref\net10.0\System.Runtime.Extensions.dll" /reference:"C:\Program Files\dotnet\packs\Microsoft.NETCore.App.Ref\10.0.4\ref\net10.0\System.Runtime.Handles.dll" /reference:"C:\Program Files\dotnet\packs\Microsoft.NETCore.App.Ref\10.0.4\ref\net10.0\System.Runtime.InteropServices.dll" /reference:"C:\Program Files\dotnet\packs\Microsoft.NETCore.App.Ref\10.0.4\ref\net10.0\System.Runtime.InteropServices.JavaScript.dll" /reference:"C:\Program Files\dotnet\packs\Microsoft.NETCore.App.Ref\10.0.4\ref\net10.0\System.Runtime.InteropServices.RuntimeInformation.dll" /reference:"C:\Program Files\dotnet\packs\Microsoft.NETCore.App.Ref\10.0.4\ref\net10.0\System.Runtime.Intrinsics.dll" /reference:"C:\Program Files\dotnet\packs\Microsoft.NETCore.App.Ref\10.0.4\ref\net10.0\System.Runtime.Loader.dll" /reference:"C:\Program Files\dotnet\packs\Microsoft.NETCore.App.Ref\10.0.4\ref\net10.0\System.Runtime.Numerics.dll" /reference:"C:\Program Files\dotnet\packs\Microsoft.NETCore.App.Ref\10.0.4\ref\net10.0\System.Runtime.Serialization.dll" /reference:"C:\Program Files\dotnet\packs\Microsoft.NETCore.App.Ref\10.0.4\ref\net10.0\System.Runtime.Serialization.Formatters.dll" /reference:"C:\Program Files\dotnet\packs\Microsoft.NETCore.App.Ref\10.0.4\ref\net10.0\System.Runtime.Serialization.Json.dll" /reference:"C:\Program Files\dotnet\packs\Microsoft.NETCore.App.Ref\10.0.4\ref\net10.0\System.Runtime.Serialization.Primitives.dll" /reference:"C:\Program Files\dotnet\packs\Microsoft.NETCore.App.Ref\10.0.4\ref\net10.0\System.Runtime.Serialization.Xml.dll" /reference:"C:\Program Files\dotnet\packs\Microsoft.NETCore.App.Ref\10.0.4\ref\net10.0\System.Security.AccessControl.dll" /reference:"C:\Program Files\dotnet\packs\Microsoft.NETCore.App.Ref\10.0.4\ref\net10.0\System.Security.Claims.dll" /reference:"C:\Program Files\dotnet\packs\Microsoft.NETCore.App.Ref\10.0.4\ref\net10.0\System.Security.Cryptography.Algorithms.dll" /reference:"C:\Program Files\dotnet\packs\Microsoft.NETCore.App.Ref\10.0.4\ref\net10.0\System.Security.Cryptography.Cng.dll" /reference:"C:\Program Files\dotnet\packs\Microsoft.NETCore.App.Ref\10.0.4\ref\net10.0\System.Security.Cryptography.Csp.dll" /reference:"C:\Program Files\dotnet\packs\Microsoft.NETCore.App.Ref\10.0.4\ref\net10.0\System.Security.Cryptography.dll" /reference:"C:\Program Files\dotnet\packs\Microsoft.NETCore.App.Ref\10.0.4\ref\net10.0\System.Security.Cryptography.Encoding.dll" /reference:"C:\Program Files\dotnet\packs\Microsoft.NETCore.App.Ref\10.0.4\ref\net10.0\System.Security.Cryptography.OpenSsl.dll" /reference:"C:\Program Files\dotnet\packs\Microsoft.NETCore.App.Ref\10.0.4\ref\net10.0\System.Security.Cryptography.Primitives.dll" /reference:"C:\Program Files\dotnet\packs\Microsoft.NETCore.App.Ref\10.0.4\ref\net10.0\System.Security.Cryptography.X509Certificates.dll" /reference:"C:\Program Files\dotnet\packs\Microsoft.NETCore.App.Ref\10.0.4\ref\net10.0\System.Security.dll" /reference:"C:\Program Files\dotnet\packs\Microsoft.NETCore.App.Ref\10.0.4\ref\net10.0\System.Security.Principal.dll" /reference:"C:\Program Files\dotnet\packs\Microsoft.NETCore.App.Ref\10.0.4\ref\net10.0\System.Security.Principal.Windows.dll" /reference:"C:\Program Files\dotnet\packs\Microsoft.NETCore.App.Ref\10.0.4\ref\net10.0\System.Security.SecureString.dll" /reference:"C:\Program Files\dotnet\packs\Microsoft.NETCore.App.Ref\10.0.4\ref\net10.0\System.ServiceModel.Web.dll" /reference:"C:\Program Files\dotnet\packs\Microsoft.NETCore.App.Ref\10.0.4\ref\net10.0\System.ServiceProcess.dll" /reference:"C:\Program Files\dotnet\packs\Microsoft.NETCore.App.Ref\10.0.4\ref\net10.0\System.Text.Encoding.CodePages.dll" /reference:"C:\Program Files\dotnet\packs\Microsoft.NETCore.App.Ref\10.0.4\ref\net10.0\System.Text.Encoding.dll" /reference:"C:\Program Files\dotnet\packs\Microsoft.NETCore.App.Ref\10.0.4\ref\net10.0\System.Text.Encoding.Extensions.dll" /reference:"C:\Program Files\dotnet\packs\Microsoft.NETCore.App.Ref\10.0.4\ref\net10.0\System.Text.Encodings.Web.dll" /reference:"C:\Program Files\dotnet\packs\Microsoft.NETCore.App.Ref\10.0.4\ref\net10.0\System.Text.Json.dll" /reference:"C:\Program Files\dotnet\packs\Microsoft.NETCore.App.Ref\10.0.4\ref\net10.0\System.Text.RegularExpressions.dll" /reference:"C:\Program Files\dotnet\packs\Microsoft.NETCore.App.Ref\10.0.4\ref\net10.0\System.Threading.AccessControl.dll" /reference:"C:\Program Files\dotnet\packs\Microsoft.NETCore.App.Ref\10.0.4\ref\net10.0\System.Threading.Channels.dll" /reference:"C:\Program Files\dotnet\packs\Microsoft.NETCore.App.Ref\10.0.4\ref\net10.0\System.Threading.dll" /reference:"C:\Program Files\dotnet\packs\Microsoft.NETCore.App.Ref\10.0.4\ref\net10.0\System.Threading.Overlapped.dll" /reference:"C:\Program Files\dotnet\packs\Microsoft.NETCore.App.Ref\10.0.4\ref\net10.0\System.Threading.Tasks.Dataflow.dll" /reference:"C:\Program Files\dotnet\packs\Microsoft.NETCore.App.Ref\10.0.4\ref\net10.0\System.Threading.Tasks.dll" /reference:"C:\Program Files\dotnet\packs\Microsoft.NETCore.App.Ref\10.0.4\ref\net10.0\System.Threading.Tasks.Extensions.dll" /reference:"C:\Program Files\dotnet\packs\Microsoft.NETCore.App.Ref\10.0.4\ref\net10.0\System.Threading.Tasks.Parallel.dll" /reference:"C:\Program Files\dotnet\packs\Microsoft.NETCore.App.Ref\10.0.4\ref\net10.0\System.Threading.Thread.dll" /reference:"C:\Program Files\dotnet\packs\Microsoft.NETCore.App.Ref\10.0.4\ref\net10.0\System.Threading.ThreadPool.dll" /reference:"C:\Program Files\dotnet\packs\Microsoft.NETCore.App.Ref\10.0.4\ref\net10.0\System.Threading.Timer.dll" /reference:"C:\Program Files\dotnet\packs\Microsoft.NETCore.App.Ref\10.0.4\ref\net10.0\System.Transactions.dll" /reference:"C:\Program Files\dotnet\packs\Microsoft.NETCore.App.Ref\10.0.4\ref\net10.0\System.Transactions.Local.dll" /reference:"C:\Program Files\dotnet\packs\Microsoft.NETCore.App.Ref\10.0.4\ref\net10.0\System.ValueTuple.dll" /reference:"C:\Program Files\dotnet\packs\Microsoft.NETCore.App.Ref\10.0.4\ref\net10.0\System.Web.dll" /reference:"C:\Program Files\dotnet\packs\Microsoft.NETCore.App.Ref\10.0.4\ref\net10.0\System.Web.HttpUtility.dll" /reference:"C:\Program Files\dotnet\packs\Microsoft.NETCore.App.Ref\10.0.4\ref\net10.0\System.Windows.dll" /reference:"C:\Program Files\dotnet\packs\Microsoft.NETCore.App.Ref\10.0.4\ref\net10.0\System.Xml.dll" /reference:"C:\Program Files\dotnet\packs\Microsoft.NETCore.App.Ref\10.0.4\ref\net10.0\System.Xml.Linq.dll" /reference:"C:\Program Files\dotnet\packs\Microsoft.NETCore.App.Ref\10.0.4\ref\net10.0\System.Xml.ReaderWriter.dll" /reference:"C:\Program Files\dotnet\packs\Microsoft.NETCore.App.Ref\10.0.4\ref\net10.0\System.Xml.Serialization.dll" /reference:"C:\Program Files\dotnet\packs\Microsoft.NETCore.App.Ref\10.0.4\ref\net10.0\System.Xml.XDocument.dll" /reference:"C:\Program Files\dotnet\packs\Microsoft.NETCore.App.Ref\10.0.4\ref\net10.0\System.Xml.XmlDocument.dll" /reference:"C:\Program Files\dotnet\packs\Microsoft.NETCore.App.Ref\10.0.4\ref\net10.0\System.Xml.XmlSerializer.dll" /reference:"C:\Program Files\dotnet\packs\Microsoft.NETCore.App.Ref\10.0.4\ref\net10.0\System.Xml.XPath.dll" /reference:"C:\Program Files\dotnet\packs\Microsoft.NETCore.App.Ref\10.0.4\ref\net10.0\System.Xml.XPath.XDocument.dll" /reference:D:\warhub\wham\artifacts\obj\WarHub.ArmouryModel.Concrete.Extensions\debug\ref\WarHub.ArmouryModel.Concrete.Extensions.dll /reference:D:\warhub\wham\artifacts\obj\WarHub.ArmouryModel.EditorServices\debug\ref\WarHub.ArmouryModel.EditorServices.dll /reference:D:\warhub\wham\artifacts\obj\WarHub.ArmouryModel.Extensions\debug\ref\WarHub.ArmouryModel.Extensions.dll /reference:D:\warhub\wham\artifacts\obj\WarHub.ArmouryModel.Source.BattleScribe\debug\ref\WarHub.ArmouryModel.Source.BattleScribe.dll /reference:D:\warhub\wham\artifacts\obj\WarHub.ArmouryModel.Source\debug\ref\WarHub.ArmouryModel.Source.dll /reference:"C:\Program Files\dotnet\packs\Microsoft.NETCore.App.Ref\10.0.4\ref\net10.0\WindowsBase.dll" /reference:D:\packages\nuget\yamldotnet\16.3.0\lib\net8.0\YamlDotNet.dll /features:"InterceptorsNamespaces=;Microsoft.Extensions.Validation.Generated" /debug+ /debug:portable /filealign:512 /optimize- /out:D:\warhub\wham\artifacts\obj\WarHub.ArmouryModel.RosterEngine\debug\WarHub.ArmouryModel.RosterEngine.dll /refout:D:\warhub\wham\artifacts\obj\WarHub.ArmouryModel.RosterEngine\debug\refint\WarHub.ArmouryModel.RosterEngine.dll /target:library /warnaserror- /utf8output /deterministic+ /sourcelink:D:\warhub\wham\artifacts\obj\WarHub.ArmouryModel.RosterEngine\debug\WarHub.ArmouryModel.RosterEngine.sourcelink.json /langversion:latest /embed:D:\warhub\wham\artifacts\obj\WarHub.ArmouryModel.RosterEngine\debug\WarHub.ArmouryModel.RosterEngine.Version.cs /embed:D:\warhub\wham\artifacts\obj\WarHub.ArmouryModel.RosterEngine\debug\WarHub.ArmouryModel.RosterEngine.GlobalUsings.g.cs /embed:"D:\warhub\wham\artifacts\obj\WarHub.ArmouryModel.RosterEngine\debug\.NETCoreApp,Version=v10.0.AssemblyAttributes.cs" /embed:D:\warhub\wham\artifacts\obj\WarHub.ArmouryModel.RosterEngine\debug\WarHub.ArmouryModel.RosterEngine.AssemblyInfo.cs /analyzerconfig:D:\warhub\wham\.editorconfig /analyzerconfig:D:\warhub\wham\artifacts\obj\WarHub.ArmouryModel.RosterEngine\debug\WarHub.ArmouryModel.RosterEngine.GeneratedMSBuildEditorConfig.editorconfig /analyzerconfig:"C:\Program Files\dotnet\sdk\10.0.104\Sdks\Microsoft.NET.Sdk\analyzers\build\config\analysislevel_10_all.globalconfig" /analyzer:"C:\Program Files\dotnet\sdk\10.0.104\Sdks\Microsoft.NET.Sdk\targets\..\analyzers\Microsoft.CodeAnalysis.CSharp.NetAnalyzers.dll" /analyzer:"C:\Program Files\dotnet\sdk\10.0.104\Sdks\Microsoft.NET.Sdk\targets\..\analyzers\Microsoft.CodeAnalysis.NetAnalyzers.dll" /analyzer:"C:\Program Files\dotnet\packs\Microsoft.NETCore.App.Ref\10.0.4\analyzers/dotnet/cs/Microsoft.Interop.ComInterfaceGenerator.dll" /analyzer:"C:\Program Files\dotnet\packs\Microsoft.NETCore.App.Ref\10.0.4\analyzers/dotnet/cs/Microsoft.Interop.JavaScript.JSImportGenerator.dll" /analyzer:"C:\Program Files\dotnet\packs\Microsoft.NETCore.App.Ref\10.0.4\analyzers/dotnet/cs/Microsoft.Interop.LibraryImportGenerator.dll" /analyzer:"C:\Program Files\dotnet\packs\Microsoft.NETCore.App.Ref\10.0.4\analyzers/dotnet/cs/Microsoft.Interop.SourceGeneration.dll" /analyzer:"C:\Program Files\dotnet\packs\Microsoft.NETCore.App.Ref\10.0.4\analyzers/dotnet/cs/System.Text.Json.SourceGeneration.dll" /analyzer:"C:\Program Files\dotnet\packs\Microsoft.NETCore.App.Ref\10.0.4\analyzers/dotnet/cs/System.Text.RegularExpressions.Generator.dll" D:\warhub\wham\artifacts\obj\WarHub.ArmouryModel.RosterEngine\debug\WarHub.ArmouryModel.RosterEngine.Version.cs ConstraintValidator.cs EntryResolver.cs ModifierEvaluator.cs ResolvedEntry.cs RosterForce.cs RosterSelection.cs WhamRosterEngine.cs D:\warhub\wham\artifacts\obj\WarHub.ArmouryModel.RosterEngine\debug\WarHub.ArmouryModel.RosterEngine.GlobalUsings.g.cs "D:\warhub\wham\artifacts\obj\WarHub.ArmouryModel.RosterEngine\debug\.NETCoreApp,Version=v10.0.AssemblyAttributes.cs" D:\warhub\wham\artifacts\obj\WarHub.ArmouryModel.RosterEngine\debug\WarHub.ArmouryModel.RosterEngine.AssemblyInfo.cs /warnaserror+:NU1605,SYSLIB0011
         Compilation request WarHub.ArmouryModel.RosterEngine (net10.0), PathToTool=C:\Program Files\dotnet\sdk\10.0.104\Roslyn\bincore\csc.exe
         CommandLine = ' /noconfig'
         BuildResponseFile = '/unsafe- /checked- /nowarn:CS1591,NU5105,CA1515,1701,1702 /fullpaths /nostdlib+ /errorreport:prompt /warn:10 /doc:D:\warhub\wham\artifacts\obj\WarHub.ArmouryModel.RosterEngine\debug\WarHub.ArmouryModel.RosterEngine.xml /define:TRACE;DEBUG;NET;NET10_0;NETCOREAPP;NET5_0_OR_GREATER;NET6_0_OR_GREATER;NET7_0_OR_GREATER;NET8_0_OR_GREATER;NET9_0_OR_GREATER;NET10_0_OR_GREATER;NETCOREAPP1_0_OR_GREATER;NETCOREAPP1_1_OR_GREATER;NETCOREAPP2_0_OR_GREATER;NETCOREAPP2_1_OR_GREATER;NETCOREAPP2_2_OR_GREATER;NETCOREAPP3_0_OR_GREATER;NETCOREAPP3_1_OR_GREATER /highentropyva+ /nullable:enable /reference:D:\warhub\battlescribe-spec\artifacts\obj\BattleScribeSpec.TestKit\debug\ref\BattleScribeSpec.TestKit.dll /reference:D:\packages\nuget\handlebars.net\2.1.6\lib\net6.0\Handlebars.dll /reference:"C:\Program Files\dotnet\packs\Microsoft.NETCore.App.Ref\10.0.4\ref\net10.0\Microsoft.CSharp.dll" /reference:"C:\Program Files\dotnet\packs\Microsoft.NETCore.App.Ref\10.0.4\ref\net10.0\Microsoft.VisualBasic.Core.dll" /reference:"C:\Program Files\dotnet\packs\Microsoft.NETCore.App.Ref\10.0.4\ref\net10.0\Microsoft.VisualBasic.dll" /reference:"C:\Program Files\dotnet\packs\Microsoft.NETCore.App.Ref\10.0.4\ref\net10.0\Microsoft.Win32.Primitives.dll" /reference:"C:\Program Files\dotnet\packs\Microsoft.NETCore.App.Ref\10.0.4\ref\net10.0\Microsoft.Win32.Registry.dll" /reference:"C:\Program Files\dotnet\packs\Microsoft.NETCore.App.Ref\10.0.4\ref\net10.0\mscorlib.dll" /reference:"C:\Program Files\dotnet\packs\Microsoft.NETCore.App.Ref\10.0.4\ref\net10.0\netstandard.dll" /reference:"C:\Program Files\dotnet\packs\Microsoft.NETCore.App.Ref\10.0.4\ref\net10.0\System.AppContext.dll" /reference:"C:\Program Files\dotnet\packs\Microsoft.NETCore.App.Ref\10.0.4\ref\net10.0\System.Buffers.dll" /reference:"C:\Program Files\dotnet\packs\Microsoft.NETCore.App.Ref\10.0.4\ref\net10.0\System.Collections.Concurrent.dll" /reference:"C:\Program Files\dotnet\packs\Microsoft.NETCore.App.Ref\10.0.4\ref\net10.0\System.Collections.dll" /reference:"C:\Program Files\dotnet\packs\Microsoft.NETCore.App.Ref\10.0.4\ref\net10.0\System.Collections.Immutable.dll" /reference:"C:\Program Files\dotnet\packs\Microsoft.NETCore.App.Ref\10.0.4\ref\net10.0\System.Collections.NonGeneric.dll" /reference:"C:\Program Files\dotnet\packs\Microsoft.NETCore.App.Ref\10.0.4\ref\net10.0\System.Collections.Specialized.dll" /reference:"C:\Program Files\dotnet\packs\Microsoft.NETCore.App.Ref\10.0.4\ref\net10.0\System.ComponentModel.Annotations.dll" /reference:"C:\Program Files\dotnet\packs\Microsoft.NETCore.App.Ref\10.0.4\ref\net10.0\System.ComponentModel.DataAnnotations.dll" /reference:"C:\Program Files\dotnet\packs\Microsoft.NETCore.App.Ref\10.0.4\ref\net10.0\System.ComponentModel.dll" /reference:"C:\Program Files\dotnet\packs\Microsoft.NETCore.App.Ref\10.0.4\ref\net10.0\System.ComponentModel.EventBasedAsync.dll" /reference:"C:\Program Files\dotnet\packs\Microsoft.NETCore.App.Ref\10.0.4\ref\net10.0\System.ComponentModel.Primitives.dll" /reference:"C:\Program Files\dotnet\packs\Microsoft.NETCore.App.Ref\10.0.4\ref\net10.0\System.ComponentModel.TypeConverter.dll" /reference:"C:\Program Files\dotnet\packs\Microsoft.NETCore.App.Ref\10.0.4\ref\net10.0\System.Configuration.dll" /reference:"C:\Program Files\dotnet\packs\Microsoft.NETCore.App.Ref\10.0.4\ref\net10.0\System.Console.dll" /reference:"C:\Program Files\dotnet\packs\Microsoft.NETCore.App.Ref\10.0.4\ref\net10.0\System.Core.dll" /reference:"C:\Program Files\dotnet\packs\Microsoft.NETCore.App.Ref\10.0.4\ref\net10.0\System.Data.Common.dll" /reference:"C:\Program Files\dotnet\packs\Microsoft.NETCore.App.Ref\10.0.4\ref\net10.0\System.Data.DataSetExtensions.dll" /reference:"C:\Program Files\dotnet\packs\Microsoft.NETCore.App.Ref\10.0.4\ref\net10.0\System.Data.dll" /reference:"C:\Program Files\dotnet\packs\Microsoft.NETCore.App.Ref\10.0.4\ref\net10.0\System.Diagnostics.Contracts.dll" /reference:"C:\Program Files\dotnet\packs\Microsoft.NETCore.App.Ref\10.0.4\ref\net10.0\System.Diagnostics.Debug.dll" /reference:"C:\Program Files\dotnet\packs\Microsoft.NETCore.App.Ref\10.0.4\ref\net10.0\System.Diagnostics.DiagnosticSource.dll" /reference:"C:\Program Files\dotnet\packs\Microsoft.NETCore.App.Ref\10.0.4\ref\net10.0\System.Diagnostics.FileVersionInfo.dll" /reference:"C:\Program Files\dotnet\packs\Microsoft.NETCore.App.Ref\10.0.4\ref\net10.0\System.Diagnostics.Process.dll" /reference:"C:\Program Files\dotnet\packs\Microsoft.NETCore.App.Ref\10.0.4\ref\net10.0\System.Diagnostics.StackTrace.dll" /reference:"C:\Program Files\dotnet\packs\Microsoft.NETCore.App.Ref\10.0.4\ref\net10.0\System.Diagnostics.TextWriterTraceListener.dll" /reference:"C:\Program Files\dotnet\packs\Microsoft.NETCore.App.Ref\10.0.4\ref\net10.0\System.Diagnostics.Tools.dll" /reference:"C:\Program Files\dotnet\packs\Microsoft.NETCore.App.Ref\10.0.4\ref\net10.0\System.Diagnostics.TraceSource.dll" /reference:"C:\Program Files\dotnet\packs\Microsoft.NETCore.App.Ref\10.0.4\ref\net10.0\System.Diagnostics.Tracing.dll" /reference:"C:\Program Files\dotnet\packs\Microsoft.NETCore.App.Ref\10.0.4\ref\net10.0\System.dll" /reference:"C:\Program Files\dotnet\packs\Microsoft.NETCore.App.Ref\10.0.4\ref\net10.0\System.Drawing.dll" /reference:"C:\Program Files\dotnet\packs\Microsoft.NETCore.App.Ref\10.0.4\ref\net10.0\System.Drawing.Primitives.dll" /reference:"C:\Program Files\dotnet\packs\Microsoft.NETCore.App.Ref\10.0.4\ref\net10.0\System.Dynamic.Runtime.dll" /reference:"C:\Program Files\dotnet\packs\Microsoft.NETCore.App.Ref\10.0.4\ref\net10.0\System.Formats.Asn1.dll" /reference:"C:\Program Files\dotnet\packs\Microsoft.NETCore.App.Ref\10.0.4\ref\net10.0\System.Formats.Tar.dll" /reference:"C:\Program Files\dotnet\packs\Microsoft.NETCore.App.Ref\10.0.4\ref\net10.0\System.Globalization.Calendars.dll" /reference:"C:\Program Files\dotnet\packs\Microsoft.NETCore.App.Ref\10.0.4\ref\net10.0\System.Globalization.dll" /reference:"C:\Program Files\dotnet\packs\Microsoft.NETCore.App.Ref\10.0.4\ref\net10.0\System.Globalization.Extensions.dll" /reference:"C:\Program Files\dotnet\packs\Microsoft.NETCore.App.Ref\10.0.4\ref\net10.0\System.IO.Compression.Brotli.dll" /reference:"C:\Program Files\dotnet\packs\Microsoft.NETCore.App.Ref\10.0.4\ref\net10.0\System.IO.Compression.dll" /reference:"C:\Program Files\dotnet\packs\Microsoft.NETCore.App.Ref\10.0.4\ref\net10.0\System.IO.Compression.FileSystem.dll" /reference:"C:\Program Files\dotnet\packs\Microsoft.NETCore.App.Ref\10.0.4\ref\net10.0\System.IO.Compression.ZipFile.dll" /reference:"C:\Program Files\dotnet\packs\Microsoft.NETCore.App.Ref\10.0.4\ref\net10.0\System.IO.dll" /reference:"C:\Program Files\dotnet\packs\Microsoft.NETCore.App.Ref\10.0.4\ref\net10.0\System.IO.FileSystem.AccessControl.dll" /reference:"C:\Program Files\dotnet\packs\Microsoft.NETCore.App.Ref\10.0.4\ref\net10.0\System.IO.FileSystem.dll" /reference:"C:\Program Files\dotnet\packs\Microsoft.NETCore.App.Ref\10.0.4\ref\net10.0\System.IO.FileSystem.DriveInfo.dll" /reference:"C:\Program Files\dotnet\packs\Microsoft.NETCore.App.Ref\10.0.4\ref\net10.0\System.IO.FileSystem.Primitives.dll" /reference:"C:\Program Files\dotnet\packs\Microsoft.NETCore.App.Ref\10.0.4\ref\net10.0\System.IO.FileSystem.Watcher.dll" /reference:"C:\Program Files\dotnet\packs\Microsoft.NETCore.App.Ref\10.0.4\ref\net10.0\System.IO.IsolatedStorage.dll" /reference:"C:\Program Files\dotnet\packs\Microsoft.NETCore.App.Ref\10.0.4\ref\net10.0\System.IO.MemoryMappedFiles.dll" /reference:"C:\Program Files\dotnet\packs\Microsoft.NETCore.App.Ref\10.0.4\ref\net10.0\System.IO.Pipelines.dll" /reference:"C:\Program Files\dotnet\packs\Microsoft.NETCore.App.Ref\10.0.4\ref\net10.0\System.IO.Pipes.AccessControl.dll" /reference:"C:\Program Files\dotnet\packs\Microsoft.NETCore.App.Ref\10.0.4\ref\net10.0\System.IO.Pipes.dll" /reference:"C:\Program Files\dotnet\packs\Microsoft.NETCore.App.Ref\10.0.4\ref\net10.0\System.IO.UnmanagedMemoryStream.dll" /reference:"C:\Program Files\dotnet\packs\Microsoft.NETCore.App.Ref\10.0.4\ref\net10.0\System.Linq.AsyncEnumerable.dll" /reference:"C:\Program Files\dotnet\packs\Microsoft.NETCore.App.Ref\10.0.4\ref\net10.0\System.Linq.dll" /reference:"C:\Program Files\dotnet\packs\Microsoft.NETCore.App.Ref\10.0.4\ref\net10.0\System.Linq.Expressions.dll" /reference:"C:\Program Files\dotnet\packs\Microsoft.NETCore.App.Ref\10.0.4\ref\net10.0\System.Linq.Parallel.dll" /reference:"C:\Program Files\dotnet\packs\Microsoft.NETCore.App.Ref\10.0.4\ref\net10.0\System.Linq.Queryable.dll" /reference:"C:\Program Files\dotnet\packs\Microsoft.NETCore.App.Ref\10.0.4\ref\net10.0\System.Memory.dll" /reference:"C:\Program Files\dotnet\packs\Microsoft.NETCore.App.Ref\10.0.4\ref\net10.0\System.Net.dll" /reference:"C:\Program Files\dotnet\packs\Microsoft.NETCore.App.Ref\10.0.4\ref\net10.0\System.Net.Http.dll" /reference:"C:\Program Files\dotnet\packs\Microsoft.NETCore.App.Ref\10.0.4\ref\net10.0\System.Net.Http.Json.dll" /reference:"C:\Program Files\dotnet\packs\Microsoft.NETCore.App.Ref\10.0.4\ref\net10.0\System.Net.HttpListener.dll" /reference:"C:\Program Files\dotnet\packs\Microsoft.NETCore.App.Ref\10.0.4\ref\net10.0\System.Net.Mail.dll" /reference:"C:\Program Files\dotnet\packs\Microsoft.NETCore.App.Ref\10.0.4\ref\net10.0\System.Net.NameResolution.dll" /reference:"C:\Program Files\dotnet\packs\Microsoft.NETCore.App.Ref\10.0.4\ref\net10.0\System.Net.NetworkInformation.dll" /reference:"C:\Program Files\dotnet\packs\Microsoft.NETCore.App.Ref\10.0.4\ref\net10.0\System.Net.Ping.dll" /reference:"C:\Program Files\dotnet\packs\Microsoft.NETCore.App.Ref\10.0.4\ref\net10.0\System.Net.Primitives.dll" /reference:"C:\Program Files\dotnet\packs\Microsoft.NETCore.App.Ref\10.0.4\ref\net10.0\System.Net.Quic.dll" /reference:"C:\Program Files\dotnet\packs\Microsoft.NETCore.App.Ref\10.0.4\ref\net10.0\System.Net.Requests.dll" /reference:"C:\Program Files\dotnet\packs\Microsoft.NETCore.App.Ref\10.0.4\ref\net10.0\System.Net.Security.dll" /reference:"C:\Program Files\dotnet\packs\Microsoft.NETCore.App.Ref\10.0.4\ref\net10.0\System.Net.ServerSentEvents.dll" /reference:"C:\Program Files\dotnet\packs\Microsoft.NETCore.App.Ref\10.0.4\ref\net10.0\System.Net.ServicePoint.dll" /reference:"C:\Program Files\dotnet\packs\Microsoft.NETCore.App.Ref\10.0.4\ref\net10.0\System.Net.Sockets.dll" /reference:"C:\Program Files\dotnet\packs\Microsoft.NETCore.App.Ref\10.0.4\ref\net10.0\System.Net.WebClient.dll" /reference:"C:\Program Files\dotnet\packs\Microsoft.NETCore.App.Ref\10.0.4\ref\net10.0\System.Net.WebHeaderCollection.dll" /reference:"C:\Program Files\dotnet\packs\Microsoft.NETCore.App.Ref\10.0.4\ref\net10.0\System.Net.WebProxy.dll" /reference:"C:\Program Files\dotnet\packs\Microsoft.NETCore.App.Ref\10.0.4\ref\net10.0\System.Net.WebSockets.Client.dll" /reference:"C:\Program Files\dotnet\packs\Microsoft.NETCore.App.Ref\10.0.4\ref\net10.0\System.Net.WebSockets.dll" /reference:"C:\Program Files\dotnet\packs\Microsoft.NETCore.App.Ref\10.0.4\ref\net10.0\System.Numerics.dll" /reference:"C:\Program Files\dotnet\packs\Microsoft.NETCore.App.Ref\10.0.4\ref\net10.0\System.Numerics.Vectors.dll" /reference:"C:\Program Files\dotnet\packs\Microsoft.NETCore.App.Ref\10.0.4\ref\net10.0\System.ObjectModel.dll" /reference:"C:\Program Files\dotnet\packs\Microsoft.NETCore.App.Ref\10.0.4\ref\net10.0\System.Reflection.DispatchProxy.dll" /reference:"C:\Program Files\dotnet\packs\Microsoft.NETCore.App.Ref\10.0.4\ref\net10.0\System.Reflection.dll" /reference:"C:\Program Files\dotnet\packs\Microsoft.NETCore.App.Ref\10.0.4\ref\net10.0\System.Reflection.Emit.dll" /reference:"C:\Program Files\dotnet\packs\Microsoft.NETCore.App.Ref\10.0.4\ref\net10.0\System.Reflection.Emit.ILGeneration.dll" /reference:"C:\Program Files\dotnet\packs\Microsoft.NETCore.App.Ref\10.0.4\ref\net10.0\System.Reflection.Emit.Lightweight.dll" /reference:"C:\Program Files\dotnet\packs\Microsoft.NETCore.App.Ref\10.0.4\ref\net10.0\System.Reflection.Extensions.dll" /reference:"C:\Program Files\dotnet\packs\Microsoft.NETCore.App.Ref\10.0.4\ref\net10.0\System.Reflection.Metadata.dll" /reference:"C:\Program Files\dotnet\packs\Microsoft.NETCore.App.Ref\10.0.4\ref\net10.0\System.Reflection.Primitives.dll" /reference:"C:\Program Files\dotnet\packs\Microsoft.NETCore.App.Ref\10.0.4\ref\net10.0\System.Reflection.TypeExtensions.dll" /reference:"C:\Program Files\dotnet\packs\Microsoft.NETCore.App.Ref\10.0.4\ref\net10.0\System.Resources.Reader.dll" /reference:"C:\Program Files\dotnet\packs\Microsoft.NETCore.App.Ref\10.0.4\ref\net10.0\System.Resources.ResourceManager.dll" /reference:"C:\Program Files\dotnet\packs\Microsoft.NETCore.App.Ref\10.0.4\ref\net10.0\System.Resources.Writer.dll" /reference:"C:\Program Files\dotnet\packs\Microsoft.NETCore.App.Ref\10.0.4\ref\net10.0\System.Runtime.CompilerServices.Unsafe.dll" /reference:"C:\Program Files\dotnet\packs\Microsoft.NETCore.App.Ref\10.0.4\ref\net10.0\System.Runtime.CompilerServices.VisualC.dll" /reference:"C:\Program Files\dotnet\packs\Microsoft.NETCore.App.Ref\10.0.4\ref\net10.0\System.Runtime.dll" /reference:"C:\Program Files\dotnet\packs\Microsoft.NETCore.App.Ref\10.0.4\ref\net10.0\System.Runtime.Extensions.dll" /reference:"C:\Program Files\dotnet\packs\Microsoft.NETCore.App.Ref\10.0.4\ref\net10.0\System.Runtime.Handles.dll" /reference:"C:\Program Files\dotnet\packs\Microsoft.NETCore.App.Ref\10.0.4\ref\net10.0\System.Runtime.InteropServices.dll" /reference:"C:\Program Files\dotnet\packs\Microsoft.NETCore.App.Ref\10.0.4\ref\net10.0\System.Runtime.InteropServices.JavaScript.dll" /reference:"C:\Program Files\dotnet\packs\Microsoft.NETCore.App.Ref\10.0.4\ref\net10.0\System.Runtime.InteropServices.RuntimeInformation.dll" /reference:"C:\Program Files\dotnet\packs\Microsoft.NETCore.App.Ref\10.0.4\ref\net10.0\System.Runtime.Intrinsics.dll" /reference:"C:\Program Files\dotnet\packs\Microsoft.NETCore.App.Ref\10.0.4\ref\net10.0\System.Runtime.Loader.dll" /reference:"C:\Program Files\dotnet\packs\Microsoft.NETCore.App.Ref\10.0.4\ref\net10.0\System.Runtime.Numerics.dll" /reference:"C:\Program Files\dotnet\packs\Microsoft.NETCore.App.Ref\10.0.4\ref\net10.0\System.Runtime.Serialization.dll" /reference:"C:\Program Files\dotnet\packs\Microsoft.NETCore.App.Ref\10.0.4\ref\net10.0\System.Runtime.Serialization.Formatters.dll" /reference:"C:\Program Files\dotnet\packs\Microsoft.NETCore.App.Ref\10.0.4\ref\net10.0\System.Runtime.Serialization.Json.dll" /reference:"C:\Program Files\dotnet\packs\Microsoft.NETCore.App.Ref\10.0.4\ref\net10.0\System.Runtime.Serialization.Primitives.dll" /reference:"C:\Program Files\dotnet\packs\Microsoft.NETCore.App.Ref\10.0.4\ref\net10.0\System.Runtime.Serialization.Xml.dll" /reference:"C:\Program Files\dotnet\packs\Microsoft.NETCore.App.Ref\10.0.4\ref\net10.0\System.Security.AccessControl.dll" /reference:"C:\Program Files\dotnet\packs\Microsoft.NETCore.App.Ref\10.0.4\ref\net10.0\System.Security.Claims.dll" /reference:"C:\Program Files\dotnet\packs\Microsoft.NETCore.App.Ref\10.0.4\ref\net10.0\System.Security.Cryptography.Algorithms.dll" /reference:"C:\Program Files\dotnet\packs\Microsoft.NETCore.App.Ref\10.0.4\ref\net10.0\System.Security.Cryptography.Cng.dll" /reference:"C:\Program Files\dotnet\packs\Microsoft.NETCore.App.Ref\10.0.4\ref\net10.0\System.Security.Cryptography.Csp.dll" /reference:"C:\Program Files\dotnet\packs\Microsoft.NETCore.App.Ref\10.0.4\ref\net10.0\System.Security.Cryptography.dll" /reference:"C:\Program Files\dotnet\packs\Microsoft.NETCore.App.Ref\10.0.4\ref\net10.0\System.Security.Cryptography.Encoding.dll" /reference:"C:\Program Files\dotnet\packs\Microsoft.NETCore.App.Ref\10.0.4\ref\net10.0\System.Security.Cryptography.OpenSsl.dll" /reference:"C:\Program Files\dotnet\packs\Microsoft.NETCore.App.Ref\10.0.4\ref\net10.0\System.Security.Cryptography.Primitives.dll" /reference:"C:\Program Files\dotnet\packs\Microsoft.NETCore.App.Ref\10.0.4\ref\net10.0\System.Security.Cryptography.X509Certificates.dll" /reference:"C:\Program Files\dotnet\packs\Microsoft.NETCore.App.Ref\10.0.4\ref\net10.0\System.Security.dll" /reference:"C:\Program Files\dotnet\packs\Microsoft.NETCore.App.Ref\10.0.4\ref\net10.0\System.Security.Principal.dll" /reference:"C:\Program Files\dotnet\packs\Microsoft.NETCore.App.Ref\10.0.4\ref\net10.0\System.Security.Principal.Windows.dll" /reference:"C:\Program Files\dotnet\packs\Microsoft.NETCore.App.Ref\10.0.4\ref\net10.0\System.Security.SecureString.dll" /reference:"C:\Program Files\dotnet\packs\Microsoft.NETCore.App.Ref\10.0.4\ref\net10.0\System.ServiceModel.Web.dll" /reference:"C:\Program Files\dotnet\packs\Microsoft.NETCore.App.Ref\10.0.4\ref\net10.0\System.ServiceProcess.dll" /reference:"C:\Program Files\dotnet\packs\Microsoft.NETCore.App.Ref\10.0.4\ref\net10.0\System.Text.Encoding.CodePages.dll" /reference:"C:\Program Files\dotnet\packs\Microsoft.NETCore.App.Ref\10.0.4\ref\net10.0\System.Text.Encoding.dll" /reference:"C:\Program Files\dotnet\packs\Microsoft.NETCore.App.Ref\10.0.4\ref\net10.0\System.Text.Encoding.Extensions.dll" /reference:"C:\Program Files\dotnet\packs\Microsoft.NETCore.App.Ref\10.0.4\ref\net10.0\System.Text.Encodings.Web.dll" /reference:"C:\Program Files\dotnet\packs\Microsoft.NETCore.App.Ref\10.0.4\ref\net10.0\System.Text.Json.dll" /reference:"C:\Program Files\dotnet\packs\Microsoft.NETCore.App.Ref\10.0.4\ref\net10.0\System.Text.RegularExpressions.dll" /reference:"C:\Program Files\dotnet\packs\Microsoft.NETCore.App.Ref\10.0.4\ref\net10.0\System.Threading.AccessControl.dll" /reference:"C:\Program Files\dotnet\packs\Microsoft.NETCore.App.Ref\10.0.4\ref\net10.0\System.Threading.Channels.dll" /reference:"C:\Program Files\dotnet\packs\Microsoft.NETCore.App.Ref\10.0.4\ref\net10.0\System.Threading.dll" /reference:"C:\Program Files\dotnet\packs\Microsoft.NETCore.App.Ref\10.0.4\ref\net10.0\System.Threading.Overlapped.dll" /reference:"C:\Program Files\dotnet\packs\Microsoft.NETCore.App.Ref\10.0.4\ref\net10.0\System.Threading.Tasks.Dataflow.dll" /reference:"C:\Program Files\dotnet\packs\Microsoft.NETCore.App.Ref\10.0.4\ref\net10.0\System.Threading.Tasks.dll" /reference:"C:\Program Files\dotnet\packs\Microsoft.NETCore.App.Ref\10.0.4\ref\net10.0\System.Threading.Tasks.Extensions.dll" /reference:"C:\Program Files\dotnet\packs\Microsoft.NETCore.App.Ref\10.0.4\ref\net10.0\System.Threading.Tasks.Parallel.dll" /reference:"C:\Program Files\dotnet\packs\Microsoft.NETCore.App.Ref\10.0.4\ref\net10.0\System.Threading.Thread.dll" /reference:"C:\Program Files\dotnet\packs\Microsoft.NETCore.App.Ref\10.0.4\ref\net10.0\System.Threading.ThreadPool.dll" /reference:"C:\Program Files\dotnet\packs\Microsoft.NETCore.App.Ref\10.0.4\ref\net10.0\System.Threading.Timer.dll" /reference:"C:\Program Files\dotnet\packs\Microsoft.NETCore.App.Ref\10.0.4\ref\net10.0\System.Transactions.dll" /reference:"C:\Program Files\dotnet\packs\Microsoft.NETCore.App.Ref\10.0.4\ref\net10.0\System.Transactions.Local.dll" /reference:"C:\Program Files\dotnet\packs\Microsoft.NETCore.App.Ref\10.0.4\ref\net10.0\System.ValueTuple.dll" /reference:"C:\Program Files\dotnet\packs\Microsoft.NETCore.App.Ref\10.0.4\ref\net10.0\System.Web.dll" /reference:"C:\Program Files\dotnet\packs\Microsoft.NETCore.App.Ref\10.0.4\ref\net10.0\System.Web.HttpUtility.dll" /reference:"C:\Program Files\dotnet\packs\Microsoft.NETCore.App.Ref\10.0.4\ref\net10.0\System.Windows.dll" /reference:"C:\Program Files\dotnet\packs\Microsoft.NETCore.App.Ref\10.0.4\ref\net10.0\System.Xml.dll" /reference:"C:\Program Files\dotnet\packs\Microsoft.NETCore.App.Ref\10.0.4\ref\net10.0\System.Xml.Linq.dll" /reference:"C:\Program Files\dotnet\packs\Microsoft.NETCore.App.Ref\10.0.4\ref\net10.0\System.Xml.ReaderWriter.dll" /reference:"C:\Program Files\dotnet\packs\Microsoft.NETCore.App.Ref\10.0.4\ref\net10.0\System.Xml.Serialization.dll" /reference:"C:\Program Files\dotnet\packs\Microsoft.NETCore.App.Ref\10.0.4\ref\net10.0\System.Xml.XDocument.dll" /reference:"C:\Program Files\dotnet\packs\Microsoft.NETCore.App.Ref\10.0.4\ref\net10.0\System.Xml.XmlDocument.dll" /reference:"C:\Program Files\dotnet\packs\Microsoft.NETCore.App.Ref\10.0.4\ref\net10.0\System.Xml.XmlSerializer.dll" /reference:"C:\Program Files\dotnet\packs\Microsoft.NETCore.App.Ref\10.0.4\ref\net10.0\System.Xml.XPath.dll" /reference:"C:\Program Files\dotnet\packs\Microsoft.NETCore.App.Ref\10.0.4\ref\net10.0\System.Xml.XPath.XDocument.dll" /reference:D:\warhub\wham\artifacts\obj\WarHub.ArmouryModel.Concrete.Extensions\debug\ref\WarHub.ArmouryModel.Concrete.Extensions.dll /reference:D:\warhub\wham\artifacts\obj\WarHub.ArmouryModel.EditorServices\debug\ref\WarHub.ArmouryModel.EditorServices.dll /reference:D:\warhub\wham\artifacts\obj\WarHub.ArmouryModel.Extensions\debug\ref\WarHub.ArmouryModel.Extensions.dll /reference:D:\warhub\wham\artifacts\obj\WarHub.ArmouryModel.Source.BattleScribe\debug\ref\WarHub.ArmouryModel.Source.BattleScribe.dll /reference:D:\warhub\wham\artifacts\obj\WarHub.ArmouryModel.Source\debug\ref\WarHub.ArmouryModel.Source.dll /reference:"C:\Program Files\dotnet\packs\Microsoft.NETCore.App.Ref\10.0.4\ref\net10.0\WindowsBase.dll" /reference:D:\packages\nuget\yamldotnet\16.3.0\lib\net8.0\YamlDotNet.dll /features:"InterceptorsNamespaces=;Microsoft.Extensions.Validation.Generated" /debug+ /debug:portable /filealign:512 /optimize- /out:D:\warhub\wham\artifacts\obj\WarHub.ArmouryModel.RosterEngine\debug\WarHub.ArmouryModel.RosterEngine.dll /refout:D:\warhub\wham\artifacts\obj\WarHub.ArmouryModel.RosterEngine\debug\refint\WarHub.ArmouryModel.RosterEngine.dll /target:library /warnaserror- /utf8output /deterministic+ /sourcelink:D:\warhub\wham\artifacts\obj\WarHub.ArmouryModel.RosterEngine\debug\WarHub.ArmouryModel.RosterEngine.sourcelink.json /langversion:latest /embed:D:\warhub\wham\artifacts\obj\WarHub.ArmouryModel.RosterEngine\debug\WarHub.ArmouryModel.RosterEngine.Version.cs /embed:D:\warhub\wham\artifacts\obj\WarHub.ArmouryModel.RosterEngine\debug\WarHub.ArmouryModel.RosterEngine.GlobalUsings.g.cs /embed:"D:\warhub\wham\artifacts\obj\WarHub.ArmouryModel.RosterEngine\debug\.NETCoreApp,Version=v10.0.AssemblyAttributes.cs" /embed:D:\warhub\wham\artifacts\obj\WarHub.ArmouryModel.RosterEngine\debug\WarHub.ArmouryModel.RosterEngine.AssemblyInfo.cs /analyzerconfig:D:\warhub\wham\.editorconfig /analyzerconfig:D:\warhub\wham\artifacts\obj\WarHub.ArmouryModel.RosterEngine\debug\WarHub.ArmouryModel.RosterEngine.GeneratedMSBuildEditorConfig.editorconfig /analyzerconfig:"C:\Program Files\dotnet\sdk\10.0.104\Sdks\Microsoft.NET.Sdk\analyzers\build\config\analysislevel_10_all.globalconfig" /analyzer:"C:\Program Files\dotnet\sdk\10.0.104\Sdks\Microsoft.NET.Sdk\targets\..\analyzers\Microsoft.CodeAnalysis.CSharp.NetAnalyzers.dll" /analyzer:"C:\Program Files\dotnet\sdk\10.0.104\Sdks\Microsoft.NET.Sdk\targets\..\analyzers\Microsoft.CodeAnalysis.NetAnalyzers.dll" /analyzer:"C:\Program Files\dotnet\packs\Microsoft.NETCore.App.Ref\10.0.4\analyzers/dotnet/cs/Microsoft.Interop.ComInterfaceGenerator.dll" /analyzer:"C:\Program Files\dotnet\packs\Microsoft.NETCore.App.Ref\10.0.4\analyzers/dotnet/cs/Microsoft.Interop.JavaScript.JSImportGenerator.dll" /analyzer:"C:\Program Files\dotnet\packs\Microsoft.NETCore.App.Ref\10.0.4\analyzers/dotnet/cs/Microsoft.Interop.LibraryImportGenerator.dll" /analyzer:"C:\Program Files\dotnet\packs\Microsoft.NETCore.App.Ref\10.0.4\analyzers/dotnet/cs/Microsoft.Interop.SourceGeneration.dll" /analyzer:"C:\Program Files\dotnet\packs\Microsoft.NETCore.App.Ref\10.0.4\analyzers/dotnet/cs/System.Text.Json.SourceGeneration.dll" /analyzer:"C:\Program Files\dotnet\packs\Microsoft.NETCore.App.Ref\10.0.4\analyzers/dotnet/cs/System.Text.RegularExpressions.Generator.dll" D:\warhub\wham\artifacts\obj\WarHub.ArmouryModel.RosterEngine\debug\WarHub.ArmouryModel.RosterEngine.Version.cs ConstraintValidator.cs EntryResolver.cs ModifierEvaluator.cs ResolvedEntry.cs RosterForce.cs RosterSelection.cs WhamRosterEngine.cs D:\warhub\wham\artifacts\obj\WarHub.ArmouryModel.RosterEngine\debug\WarHub.ArmouryModel.RosterEngine.GlobalUsings.g.cs "D:\warhub\wham\artifacts\obj\WarHub.ArmouryModel.RosterEngine\debug\.NETCoreApp,Version=v10.0.AssemblyAttributes.cs" D:\warhub\wham\artifacts\obj\WarHub.ArmouryModel.RosterEngine\debug\WarHub.ArmouryModel.RosterEngine.AssemblyInfo.cs /warnaserror+:NU1605,SYSLIB0011'
         Attempt to open named pipe 'yQiqoU4G1HkDoitZ6p1liDWTIZlE_laOFRNKsOjNUzk'
         Attempt to connect named pipe 'yQiqoU4G1HkDoitZ6p1liDWTIZlE_laOFRNKsOjNUzk'
         Named pipe 'yQiqoU4G1HkDoitZ6p1liDWTIZlE_laOFRNKsOjNUzk' connected
         Begin writing request for WarHub.ArmouryModel.RosterEngine (net10.0)
         End writing request for WarHub.ArmouryModel.RosterEngine (net10.0)
         Begin reading response for WarHub.ArmouryModel.RosterEngine (net10.0)
         End reading response for WarHub.ArmouryModel.RosterEngine (net10.0)
     2>D:\warhub\wham\src\WarHub.ArmouryModel.RosterEngine\ConstraintValidator.cs(211,18): warning CA1822: Member 'ValidateCategoryConstraints' does not access instance data and can be marked as static (https://learn.microsoft.com/dotnet/fundamentals/code-analysis/quality-rules/ca1822) [D:\warhub\wham\src\WarHub.ArmouryModel.RosterEngine\WarHub.ArmouryModel.RosterEngine.csproj]
     2>D:\warhub\wham\src\WarHub.ArmouryModel.RosterEngine\WhamRosterEngine.cs(556,20): warning CA1305: The behavior of 'long.ToString()' could vary based on the current user's locale settings. Replace this call in 'WhamRosterEngine.FormatNumber(double)' with a call to 'long.ToString(IFormatProvider)'. (https://learn.microsoft.com/dotnet/fundamentals/code-analysis/quality-rules/ca1305) [D:\warhub\wham\src\WarHub.ArmouryModel.RosterEngine\WarHub.ArmouryModel.RosterEngine.csproj]
     2>D:\warhub\wham\src\WarHub.ArmouryModel.RosterEngine\WhamRosterEngine.cs(494,18): warning CA1822: Member 'ApplyCategoryModifiers' does not access instance data and can be marked as static (https://learn.microsoft.com/dotnet/fundamentals/code-analysis/quality-rules/ca1822) [D:\warhub\wham\src\WarHub.ArmouryModel.RosterEngine\WarHub.ArmouryModel.RosterEngine.csproj]
     2>D:\warhub\wham\src\WarHub.ArmouryModel.RosterEngine\ModifierEvaluator.cs(469,23): warning CA1812: 'ModifiedRuleProperties' is an internal class that is apparently never instantiated. If so, remove the code from the assembly. If this class is intended to contain only static members, make it 'static' (Module in Visual Basic). (https://learn.microsoft.com/dotnet/fundamentals/code-analysis/quality-rules/ca1812) [D:\warhub\wham\src\WarHub.ArmouryModel.RosterEngine\WarHub.ArmouryModel.RosterEngine.csproj]
     2>D:\warhub\wham\src\WarHub.ArmouryModel.RosterEngine\ResolvedEntry.cs(9,23): warning CA1812: 'ResolvedEntry' is an internal class that is apparently never instantiated. If so, remove the code from the assembly. If this class is intended to contain only static members, make it 'static' (Module in Visual Basic). (https://learn.microsoft.com/dotnet/fundamentals/code-analysis/quality-rules/ca1812) [D:\warhub\wham\src\WarHub.ArmouryModel.RosterEngine\WarHub.ArmouryModel.RosterEngine.csproj]
     2>D:\warhub\wham\src\WarHub.ArmouryModel.RosterEngine\ModifierEvaluator.cs(462,23): warning CA1812: 'ModifiedProfileProperties' is an internal class that is apparently never instantiated. If so, remove the code from the assembly. If this class is intended to contain only static members, make it 'static' (Module in Visual Basic). (https://learn.microsoft.com/dotnet/fundamentals/code-analysis/quality-rules/ca1812) [D:\warhub\wham\src\WarHub.ArmouryModel.RosterEngine\WarHub.ArmouryModel.RosterEngine.csproj]
         CompilerServer: server - server processed compilation - WarHub.ArmouryModel.RosterEngine (net10.0)
       _CopyFilesMarkedCopyLocal:
         Copying file from "D:\warhub\wham\artifacts\bin\WarHub.ArmouryModel.EditorServices\debug\WarHub.ArmouryModel.EditorServices.dll" to "D:\warhub\wham\artifacts\bin\WarHub.ArmouryModel.RosterEngine\debug\WarHub.ArmouryModel.EditorServices.dll".
         Copying file from "D:\warhub\wham\artifacts\bin\WarHub.ArmouryModel.Concrete.Extensions\debug\WarHub.ArmouryModel.Concrete.Extensions.dll" to "D:\warhub\wham\artifacts\bin\WarHub.ArmouryModel.RosterEngine\debug\WarHub.ArmouryModel.Concrete.Extensions.dll".
         Copying file from "D:\warhub\wham\artifacts\bin\WarHub.ArmouryModel.Extensions\debug\WarHub.ArmouryModel.Extensions.dll" to "D:\warhub\wham\artifacts\bin\WarHub.ArmouryModel.RosterEngine\debug\WarHub.ArmouryModel.Extensions.dll".
         Copying file from "D:\warhub\wham\artifacts\bin\WarHub.ArmouryModel.Source.BattleScribe\debug\WarHub.ArmouryModel.Source.BattleScribe.dll" to "D:\warhub\wham\artifacts\bin\WarHub.ArmouryModel.RosterEngine\debug\WarHub.ArmouryModel.Source.BattleScribe.dll".
         Copying file from "D:\warhub\wham\artifacts\bin\WarHub.ArmouryModel.Source\debug\WarHub.ArmouryModel.Source.dll" to "D:\warhub\wham\artifacts\bin\WarHub.ArmouryModel.RosterEngine\debug\WarHub.ArmouryModel.Source.dll".
         Copying file from "D:\warhub\wham\artifacts\bin\WarHub.ArmouryModel.EditorServices\debug\WarHub.ArmouryModel.EditorServices.pdb" to "D:\warhub\wham\artifacts\bin\WarHub.ArmouryModel.RosterEngine\debug\WarHub.ArmouryModel.EditorServices.pdb".
         Copying file from "D:\warhub\wham\artifacts\bin\WarHub.ArmouryModel.EditorServices\debug\WarHub.ArmouryModel.EditorServices.xml" to "D:\warhub\wham\artifacts\bin\WarHub.ArmouryModel.RosterEngine\debug\WarHub.ArmouryModel.EditorServices.xml".
         Copying file from "D:\warhub\wham\artifacts\bin\WarHub.ArmouryModel.Source\debug\WarHub.ArmouryModel.Source.xml" to "D:\warhub\wham\artifacts\bin\WarHub.ArmouryModel.RosterEngine\debug\WarHub.ArmouryModel.Source.xml".
         Copying file from "D:\warhub\wham\artifacts\bin\WarHub.ArmouryModel.Source\debug\WarHub.ArmouryModel.Source.pdb" to "D:\warhub\wham\artifacts\bin\WarHub.ArmouryModel.RosterEngine\debug\WarHub.ArmouryModel.Source.pdb".
         Copying file from "D:\warhub\wham\artifacts\bin\WarHub.ArmouryModel.Source.BattleScribe\debug\WarHub.ArmouryModel.Source.BattleScribe.pdb" to "D:\warhub\wham\artifacts\bin\WarHub.ArmouryModel.RosterEngine\debug\WarHub.ArmouryModel.Source.BattleScribe.pdb".
         Copying file from "D:\warhub\wham\artifacts\bin\WarHub.ArmouryModel.Source.BattleScribe\debug\WarHub.ArmouryModel.Source.BattleScribe.xml" to "D:\warhub\wham\artifacts\bin\WarHub.ArmouryModel.RosterEngine\debug\WarHub.ArmouryModel.Source.BattleScribe.xml".
         Copying file from "D:\warhub\wham\artifacts\bin\WarHub.ArmouryModel.Concrete.Extensions\debug\WarHub.ArmouryModel.Concrete.Extensions.pdb" to "D:\warhub\wham\artifacts\bin\WarHub.ArmouryModel.RosterEngine\debug\WarHub.ArmouryModel.Concrete.Extensions.pdb".
         Copying file from "D:\warhub\wham\artifacts\bin\WarHub.ArmouryModel.Concrete.Extensions\debug\WarHub.ArmouryModel.Concrete.Extensions.xml" to "D:\warhub\wham\artifacts\bin\WarHub.ArmouryModel.RosterEngine\debug\WarHub.ArmouryModel.Concrete.Extensions.xml".
         Copying file from "D:\warhub\wham\artifacts\bin\WarHub.ArmouryModel.Extensions\debug\WarHub.ArmouryModel.Extensions.pdb" to "D:\warhub\wham\artifacts\bin\WarHub.ArmouryModel.RosterEngine\debug\WarHub.ArmouryModel.Extensions.pdb".
         Copying file from "D:\warhub\wham\artifacts\bin\WarHub.ArmouryModel.Extensions\debug\WarHub.ArmouryModel.Extensions.xml" to "D:\warhub\wham\artifacts\bin\WarHub.ArmouryModel.RosterEngine\debug\WarHub.ArmouryModel.Extensions.xml".
         Touching "D:\warhub\wham\artifacts\obj\WarHub.ArmouryModel.RosterEngine\debug\WarHub.A.0CC38D06.Up2Date".
       GenerateBuildDependencyFile:
       Skipping target "GenerateBuildDependencyFile" because all output files are up-to-date with respect to the input files.
       CopyFilesToOutputDirectory:
         Copying file from "D:\warhub\wham\artifacts\obj\WarHub.ArmouryModel.RosterEngine\debug\WarHub.ArmouryModel.RosterEngine.dll" to "D:\warhub\wham\artifacts\bin\WarHub.ArmouryModel.RosterEngine\debug\WarHub.ArmouryModel.RosterEngine.dll".
         WarHub.ArmouryModel.RosterEngine -> D:\warhub\wham\artifacts\bin\WarHub.ArmouryModel.RosterEngine\debug\WarHub.ArmouryModel.RosterEngine.dll
         Copying file from "D:\warhub\wham\artifacts\obj\WarHub.ArmouryModel.RosterEngine\debug\WarHub.ArmouryModel.RosterEngine.pdb" to "D:\warhub\wham\artifacts\bin\WarHub.ArmouryModel.RosterEngine\debug\WarHub.ArmouryModel.RosterEngine.pdb".
         Copying file from "D:\warhub\wham\artifacts\obj\WarHub.ArmouryModel.RosterEngine\debug\WarHub.ArmouryModel.RosterEngine.xml" to "D:\warhub\wham\artifacts\bin\WarHub.ArmouryModel.RosterEngine\debug\WarHub.ArmouryModel.RosterEngine.xml".
     2>Done Building Project "D:\warhub\wham\src\WarHub.ArmouryModel.RosterEngine\WarHub.ArmouryModel.RosterEngine.csproj" (default targets).
   1:2>Project "D:\warhub\wham\tests\WarHub.ArmouryModel.RosterEngine.Tests\WarHub.ArmouryModel.RosterEngine.Tests.csproj" (1:2) is building "D:\packages\nuget\nerdbank.gitversioning\3.9.50\build\PrivateP2PCaching.proj" (11:9) on node 7 (GetBuildVersion_Properties;GetBuildVersion_CloudBuildVersionVars target(s)).
    11>GetBuildVersionCore:
         Building version 0.15.0 from commit bd593f73dd76ecf5114b63020b643f6218be88b0
    11>Done Building Project "D:\packages\nuget\nerdbank.gitversioning\3.9.50\build\PrivateP2PCaching.proj" (GetBuildVersion_Properties;GetBuildVersion_CloudBuildVersionVars target(s)).
     1>GenerateTargetFrameworkMonikerAttribute:
       Skipping target "GenerateTargetFrameworkMonikerAttribute" because all output files are up-to-date with respect to the input files.
       _GenerateSelfRegisteredExtensions:
       Skipping target "_GenerateSelfRegisteredExtensions" because all output files are up-to-date with respect to the input files.
       _XunitGenerateEntryPoint:
       Skipping target "_XunitGenerateEntryPoint" because all output files are up-to-date with respect to the input files.
       CoreGenerateAssemblyInfo:
       Skipping target "CoreGenerateAssemblyInfo" because all output files are up-to-date with respect to the input files.
       CoreCompile:
         Setting DOTNET_ROOT to 'C:\Program Files\dotnet'
         C:\Program Files\dotnet\sdk\10.0.104\Roslyn\bincore\csc.exe /noconfig /unsafe- /checked- /nowarn:CS1591,NU5105,CA1515,1701,1702 /fullpaths /nostdlib+ /errorreport:prompt /warn:10 /doc:D:\warhub\wham\artifacts\obj\WarHub.ArmouryModel.RosterEngine.Tests\debug\WarHub.ArmouryModel.RosterEngine.Tests.xml /define:TRACE;DEBUG;NET;NET10_0;NETCOREAPP;NET5_0_OR_GREATER;NET6_0_OR_GREATER;NET7_0_OR_GREATER;NET8_0_OR_GREATER;NET9_0_OR_GREATER;NET10_0_OR_GREATER;NETCOREAPP1_0_OR_GREATER;NETCOREAPP1_1_OR_GREATER;NETCOREAPP2_0_OR_GREATER;NETCOREAPP2_1_OR_GREATER;NETCOREAPP2_2_OR_GREATER;NETCOREAPP3_0_OR_GREATER;NETCOREAPP3_1_OR_GREATER /highentropyva+ /nullable:enable /reference:D:\warhub\battlescribe-spec\artifacts\obj\BattleScribeSpec.TestKit\debug\ref\BattleScribeSpec.TestKit.dll /reference:D:\packages\nuget\fluentassertions\7.2.0\lib\net6.0\FluentAssertions.dll /reference:D:\packages\nuget\handlebars.net\2.1.6\lib\net6.0\Handlebars.dll /reference:D:\packages\nuget\microsoft.applicationinsights\2.23.0\lib\netstandard2.0\Microsoft.ApplicationInsights.dll /reference:D:\packages\nuget\microsoft.bcl.asyncinterfaces\6.0.0\lib\netstandard2.1\Microsoft.Bcl.AsyncInterfaces.dll /reference:"C:\Program Files\dotnet\packs\Microsoft.NETCore.App.Ref\10.0.4\ref\net10.0\Microsoft.CSharp.dll" /reference:D:\packages\nuget\microsoft.testing.platform.msbuild\1.9.1\lib\net9.0\Microsoft.Testing.Extensions.MSBuild.dll /reference:D:\packages\nuget\microsoft.testing.extensions.telemetry\1.9.1\lib\net9.0\Microsoft.Testing.Extensions.Telemetry.dll /reference:D:\packages\nuget\microsoft.testing.extensions.trxreport.abstractions\1.9.1\lib\net9.0\Microsoft.Testing.Extensions.TrxReport.Abstractions.dll /reference:D:\packages\nuget\microsoft.testing.platform\1.9.1\lib\net9.0\Microsoft.Testing.Platform.dll /reference:D:\packages\nuget\microsoft.testplatform.testhost\18.3.0\lib\net8.0\Microsoft.TestPlatform.CommunicationUtilities.dll /reference:D:\packages\nuget\microsoft.testplatform.testhost\18.3.0\lib\net8.0\Microsoft.TestPlatform.CoreUtilities.dll /reference:D:\packages\nuget\microsoft.testplatform.testhost\18.3.0\lib\net8.0\Microsoft.TestPlatform.CrossPlatEngine.dll /reference:D:\packages\nuget\microsoft.testplatform.testhost\18.3.0\lib\net8.0\Microsoft.TestPlatform.PlatformAbstractions.dll /reference:D:\packages\nuget\microsoft.testplatform.testhost\18.3.0\lib\net8.0\Microsoft.TestPlatform.Utilities.dll /reference:"C:\Program Files\dotnet\packs\Microsoft.NETCore.App.Ref\10.0.4\ref\net10.0\Microsoft.VisualBasic.Core.dll" /reference:"C:\Program Files\dotnet\packs\Microsoft.NETCore.App.Ref\10.0.4\ref\net10.0\Microsoft.VisualBasic.dll" /reference:D:\packages\nuget\microsoft.codecoverage\18.3.0\lib\net8.0\Microsoft.VisualStudio.CodeCoverage.Shim.dll /reference:D:\packages\nuget\microsoft.testplatform.testhost\18.3.0\lib\net8.0\Microsoft.VisualStudio.TestPlatform.Common.dll /reference:D:\packages\nuget\microsoft.testplatform.testhost\18.3.0\lib\net8.0\Microsoft.VisualStudio.TestPlatform.ObjectModel.dll /reference:"C:\Program Files\dotnet\packs\Microsoft.NETCore.App.Ref\10.0.4\ref\net10.0\Microsoft.Win32.Primitives.dll" /reference:"C:\Program Files\dotnet\packs\Microsoft.NETCore.App.Ref\10.0.4\ref\net10.0\Microsoft.Win32.Registry.dll" /reference:D:\packages\nuget\microsoft.win32.systemevents\6.0.0\lib\net6.0\Microsoft.Win32.SystemEvents.dll /reference:"C:\Program Files\dotnet\packs\Microsoft.NETCore.App.Ref\10.0.4\ref\net10.0\mscorlib.dll" /reference:"C:\Program Files\dotnet\packs\Microsoft.NETCore.App.Ref\10.0.4\ref\net10.0\netstandard.dll" /reference:D:\packages\nuget\newtonsoft.json\13.0.3\lib\net6.0\Newtonsoft.Json.dll /reference:"C:\Program Files\dotnet\packs\Microsoft.NETCore.App.Ref\10.0.4\ref\net10.0\System.AppContext.dll" /reference:"C:\Program Files\dotnet\packs\Microsoft.NETCore.App.Ref\10.0.4\ref\net10.0\System.Buffers.dll" /reference:"C:\Program Files\dotnet\packs\Microsoft.NETCore.App.Ref\10.0.4\ref\net10.0\System.Collections.Concurrent.dll" /reference:"C:\Program Files\dotnet\packs\Microsoft.NETCore.App.Ref\10.0.4\ref\net10.0\System.Collections.dll" /reference:"C:\Program Files\dotnet\packs\Microsoft.NETCore.App.Ref\10.0.4\ref\net10.0\System.Collections.Immutable.dll" /reference:"C:\Program Files\dotnet\packs\Microsoft.NETCore.App.Ref\10.0.4\ref\net10.0\System.Collections.NonGeneric.dll" /reference:"C:\Program Files\dotnet\packs\Microsoft.NETCore.App.Ref\10.0.4\ref\net10.0\System.Collections.Specialized.dll" /reference:"C:\Program Files\dotnet\packs\Microsoft.NETCore.App.Ref\10.0.4\ref\net10.0\System.ComponentModel.Annotations.dll" /reference:"C:\Program Files\dotnet\packs\Microsoft.NETCore.App.Ref\10.0.4\ref\net10.0\System.ComponentModel.DataAnnotations.dll" /reference:"C:\Program Files\dotnet\packs\Microsoft.NETCore.App.Ref\10.0.4\ref\net10.0\System.ComponentModel.dll" /reference:"C:\Program Files\dotnet\packs\Microsoft.NETCore.App.Ref\10.0.4\ref\net10.0\System.ComponentModel.EventBasedAsync.dll" /reference:"C:\Program Files\dotnet\packs\Microsoft.NETCore.App.Ref\10.0.4\ref\net10.0\System.ComponentModel.Primitives.dll" /reference:"C:\Program Files\dotnet\packs\Microsoft.NETCore.App.Ref\10.0.4\ref\net10.0\System.ComponentModel.TypeConverter.dll" /reference:D:\packages\nuget\system.configuration.configurationmanager\6.0.0\lib\net6.0\System.Configuration.ConfigurationManager.dll /reference:"C:\Program Files\dotnet\packs\Microsoft.NETCore.App.Ref\10.0.4\ref\net10.0\System.Configuration.dll" /reference:"C:\Program Files\dotnet\packs\Microsoft.NETCore.App.Ref\10.0.4\ref\net10.0\System.Console.dll" /reference:"C:\Program Files\dotnet\packs\Microsoft.NETCore.App.Ref\10.0.4\ref\net10.0\System.Core.dll" /reference:"C:\Program Files\dotnet\packs\Microsoft.NETCore.App.Ref\10.0.4\ref\net10.0\System.Data.Common.dll" /reference:"C:\Program Files\dotnet\packs\Microsoft.NETCore.App.Ref\10.0.4\ref\net10.0\System.Data.DataSetExtensions.dll" /reference:"C:\Program Files\dotnet\packs\Microsoft.NETCore.App.Ref\10.0.4\ref\net10.0\System.Data.dll" /reference:"C:\Program Files\dotnet\packs\Microsoft.NETCore.App.Ref\10.0.4\ref\net10.0\System.Diagnostics.Contracts.dll" /reference:"C:\Program Files\dotnet\packs\Microsoft.NETCore.App.Ref\10.0.4\ref\net10.0\System.Diagnostics.Debug.dll" /reference:"C:\Program Files\dotnet\packs\Microsoft.NETCore.App.Ref\10.0.4\ref\net10.0\System.Diagnostics.DiagnosticSource.dll" /reference:"C:\Program Files\dotnet\packs\Microsoft.NETCore.App.Ref\10.0.4\ref\net10.0\System.Diagnostics.FileVersionInfo.dll" /reference:"C:\Program Files\dotnet\packs\Microsoft.NETCore.App.Ref\10.0.4\ref\net10.0\System.Diagnostics.Process.dll" /reference:"C:\Program Files\dotnet\packs\Microsoft.NETCore.App.Ref\10.0.4\ref\net10.0\System.Diagnostics.StackTrace.dll" /reference:"C:\Program Files\dotnet\packs\Microsoft.NETCore.App.Ref\10.0.4\ref\net10.0\System.Diagnostics.TextWriterTraceListener.dll" /reference:"C:\Program Files\dotnet\packs\Microsoft.NETCore.App.Ref\10.0.4\ref\net10.0\System.Diagnostics.Tools.dll" /reference:"C:\Program Files\dotnet\packs\Microsoft.NETCore.App.Ref\10.0.4\ref\net10.0\System.Diagnostics.TraceSource.dll" /reference:"C:\Program Files\dotnet\packs\Microsoft.NETCore.App.Ref\10.0.4\ref\net10.0\System.Diagnostics.Tracing.dll" /reference:"C:\Program Files\dotnet\packs\Microsoft.NETCore.App.Ref\10.0.4\ref\net10.0\System.dll" /reference:D:\packages\nuget\system.drawing.common\6.0.0\lib\net6.0\System.Drawing.Common.dll /reference:"C:\Program Files\dotnet\packs\Microsoft.NETCore.App.Ref\10.0.4\ref\net10.0\System.Drawing.dll" /reference:"C:\Program Files\dotnet\packs\Microsoft.NETCore.App.Ref\10.0.4\ref\net10.0\System.Drawing.Primitives.dll" /reference:"C:\Program Files\dotnet\packs\Microsoft.NETCore.App.Ref\10.0.4\ref\net10.0\System.Dynamic.Runtime.dll" /reference:"C:\Program Files\dotnet\packs\Microsoft.NETCore.App.Ref\10.0.4\ref\net10.0\System.Formats.Asn1.dll" /reference:"C:\Program Files\dotnet\packs\Microsoft.NETCore.App.Ref\10.0.4\ref\net10.0\System.Formats.Tar.dll" /reference:"C:\Program Files\dotnet\packs\Microsoft.NETCore.App.Ref\10.0.4\ref\net10.0\System.Globalization.Calendars.dll" /reference:"C:\Program Files\dotnet\packs\Microsoft.NETCore.App.Ref\10.0.4\ref\net10.0\System.Globalization.dll" /reference:"C:\Program Files\dotnet\packs\Microsoft.NETCore.App.Ref\10.0.4\ref\net10.0\System.Globalization.Extensions.dll" /reference:"C:\Program Files\dotnet\packs\Microsoft.NETCore.App.Ref\10.0.4\ref\net10.0\System.IO.Compression.Brotli.dll" /reference:"C:\Program Files\dotnet\packs\Microsoft.NETCore.App.Ref\10.0.4\ref\net10.0\System.IO.Compression.dll" /reference:"C:\Program Files\dotnet\packs\Microsoft.NETCore.App.Ref\10.0.4\ref\net10.0\System.IO.Compression.FileSystem.dll" /reference:"C:\Program Files\dotnet\packs\Microsoft.NETCore.App.Ref\10.0.4\ref\net10.0\System.IO.Compression.ZipFile.dll" /reference:"C:\Program Files\dotnet\packs\Microsoft.NETCore.App.Ref\10.0.4\ref\net10.0\System.IO.dll" /reference:"C:\Program Files\dotnet\packs\Microsoft.NETCore.App.Ref\10.0.4\ref\net10.0\System.IO.FileSystem.AccessControl.dll" /reference:"C:\Program Files\dotnet\packs\Microsoft.NETCore.App.Ref\10.0.4\ref\net10.0\System.IO.FileSystem.dll" /reference:"C:\Program Files\dotnet\packs\Microsoft.NETCore.App.Ref\10.0.4\ref\net10.0\System.IO.FileSystem.DriveInfo.dll" /reference:"C:\Program Files\dotnet\packs\Microsoft.NETCore.App.Ref\10.0.4\ref\net10.0\System.IO.FileSystem.Primitives.dll" /reference:"C:\Program Files\dotnet\packs\Microsoft.NETCore.App.Ref\10.0.4\ref\net10.0\System.IO.FileSystem.Watcher.dll" /reference:"C:\Program Files\dotnet\packs\Microsoft.NETCore.App.Ref\10.0.4\ref\net10.0\System.IO.IsolatedStorage.dll" /reference:"C:\Program Files\dotnet\packs\Microsoft.NETCore.App.Ref\10.0.4\ref\net10.0\System.IO.MemoryMappedFiles.dll" /reference:"C:\Program Files\dotnet\packs\Microsoft.NETCore.App.Ref\10.0.4\ref\net10.0\System.IO.Pipelines.dll" /reference:"C:\Program Files\dotnet\packs\Microsoft.NETCore.App.Ref\10.0.4\ref\net10.0\System.IO.Pipes.AccessControl.dll" /reference:"C:\Program Files\dotnet\packs\Microsoft.NETCore.App.Ref\10.0.4\ref\net10.0\System.IO.Pipes.dll" /reference:"C:\Program Files\dotnet\packs\Microsoft.NETCore.App.Ref\10.0.4\ref\net10.0\System.IO.UnmanagedMemoryStream.dll" /reference:"C:\Program Files\dotnet\packs\Microsoft.NETCore.App.Ref\10.0.4\ref\net10.0\System.Linq.AsyncEnumerable.dll" /reference:"C:\Program Files\dotnet\packs\Microsoft.NETCore.App.Ref\10.0.4\ref\net10.0\System.Linq.dll" /reference:"C:\Program Files\dotnet\packs\Microsoft.NETCore.App.Ref\10.0.4\ref\net10.0\System.Linq.Expressions.dll" /reference:"C:\Program Files\dotnet\packs\Microsoft.NETCore.App.Ref\10.0.4\ref\net10.0\System.Linq.Parallel.dll" /reference:"C:\Program Files\dotnet\packs\Microsoft.NETCore.App.Ref\10.0.4\ref\net10.0\System.Linq.Queryable.dll" /reference:"C:\Program Files\dotnet\packs\Microsoft.NETCore.App.Ref\10.0.4\ref\net10.0\System.Memory.dll" /reference:"C:\Program Files\dotnet\packs\Microsoft.NETCore.App.Ref\10.0.4\ref\net10.0\System.Net.dll" /reference:"C:\Program Files\dotnet\packs\Microsoft.NETCore.App.Ref\10.0.4\ref\net10.0\System.Net.Http.dll" /reference:"C:\Program Files\dotnet\packs\Microsoft.NETCore.App.Ref\10.0.4\ref\net10.0\System.Net.Http.Json.dll" /reference:"C:\Program Files\dotnet\packs\Microsoft.NETCore.App.Ref\10.0.4\ref\net10.0\System.Net.HttpListener.dll" /reference:"C:\Program Files\dotnet\packs\Microsoft.NETCore.App.Ref\10.0.4\ref\net10.0\System.Net.Mail.dll" /reference:"C:\Program Files\dotnet\packs\Microsoft.NETCore.App.Ref\10.0.4\ref\net10.0\System.Net.NameResolution.dll" /reference:"C:\Program Files\dotnet\packs\Microsoft.NETCore.App.Ref\10.0.4\ref\net10.0\System.Net.NetworkInformation.dll" /reference:"C:\Program Files\dotnet\packs\Microsoft.NETCore.App.Ref\10.0.4\ref\net10.0\System.Net.Ping.dll" /reference:"C:\Program Files\dotnet\packs\Microsoft.NETCore.App.Ref\10.0.4\ref\net10.0\System.Net.Primitives.dll" /reference:"C:\Program Files\dotnet\packs\Microsoft.NETCore.App.Ref\10.0.4\ref\net10.0\System.Net.Quic.dll" /reference:"C:\Program Files\dotnet\packs\Microsoft.NETCore.App.Ref\10.0.4\ref\net10.0\System.Net.Requests.dll" /reference:"C:\Program Files\dotnet\packs\Microsoft.NETCore.App.Ref\10.0.4\ref\net10.0\System.Net.Security.dll" /reference:"C:\Program Files\dotnet\packs\Microsoft.NETCore.App.Ref\10.0.4\ref\net10.0\System.Net.ServerSentEvents.dll" /reference:"C:\Program Files\dotnet\packs\Microsoft.NETCore.App.Ref\10.0.4\ref\net10.0\System.Net.ServicePoint.dll" /reference:"C:\Program Files\dotnet\packs\Microsoft.NETCore.App.Ref\10.0.4\ref\net10.0\System.Net.Sockets.dll" /reference:"C:\Program Files\dotnet\packs\Microsoft.NETCore.App.Ref\10.0.4\ref\net10.0\System.Net.WebClient.dll" /reference:"C:\Program Files\dotnet\packs\Microsoft.NETCore.App.Ref\10.0.4\ref\net10.0\System.Net.WebHeaderCollection.dll" /reference:"C:\Program Files\dotnet\packs\Microsoft.NETCore.App.Ref\10.0.4\ref\net10.0\System.Net.WebProxy.dll" /reference:"C:\Program Files\dotnet\packs\Microsoft.NETCore.App.Ref\10.0.4\ref\net10.0\System.Net.WebSockets.Client.dll" /reference:"C:\Program Files\dotnet\packs\Microsoft.NETCore.App.Ref\10.0.4\ref\net10.0\System.Net.WebSockets.dll" /reference:"C:\Program Files\dotnet\packs\Microsoft.NETCore.App.Ref\10.0.4\ref\net10.0\System.Numerics.dll" /reference:"C:\Program Files\dotnet\packs\Microsoft.NETCore.App.Ref\10.0.4\ref\net10.0\System.Numerics.Vectors.dll" /reference:"C:\Program Files\dotnet\packs\Microsoft.NETCore.App.Ref\10.0.4\ref\net10.0\System.ObjectModel.dll" /reference:"C:\Program Files\dotnet\packs\Microsoft.NETCore.App.Ref\10.0.4\ref\net10.0\System.Reflection.DispatchProxy.dll" /reference:"C:\Program Files\dotnet\packs\Microsoft.NETCore.App.Ref\10.0.4\ref\net10.0\System.Reflection.dll" /reference:"C:\Program Files\dotnet\packs\Microsoft.NETCore.App.Ref\10.0.4\ref\net10.0\System.Reflection.Emit.dll" /reference:"C:\Program Files\dotnet\packs\Microsoft.NETCore.App.Ref\10.0.4\ref\net10.0\System.Reflection.Emit.ILGeneration.dll" /reference:"C:\Program Files\dotnet\packs\Microsoft.NETCore.App.Ref\10.0.4\ref\net10.0\System.Reflection.Emit.Lightweight.dll" /reference:"C:\Program Files\dotnet\packs\Microsoft.NETCore.App.Ref\10.0.4\ref\net10.0\System.Reflection.Extensions.dll" /reference:"C:\Program Files\dotnet\packs\Microsoft.NETCore.App.Ref\10.0.4\ref\net10.0\System.Reflection.Metadata.dll" /reference:"C:\Program Files\dotnet\packs\Microsoft.NETCore.App.Ref\10.0.4\ref\net10.0\System.Reflection.Primitives.dll" /reference:"C:\Program Files\dotnet\packs\Microsoft.NETCore.App.Ref\10.0.4\ref\net10.0\System.Reflection.TypeExtensions.dll" /reference:"C:\Program Files\dotnet\packs\Microsoft.NETCore.App.Ref\10.0.4\ref\net10.0\System.Resources.Reader.dll" /reference:"C:\Program Files\dotnet\packs\Microsoft.NETCore.App.Ref\10.0.4\ref\net10.0\System.Resources.ResourceManager.dll" /reference:"C:\Program Files\dotnet\packs\Microsoft.NETCore.App.Ref\10.0.4\ref\net10.0\System.Resources.Writer.dll" /reference:"C:\Program Files\dotnet\packs\Microsoft.NETCore.App.Ref\10.0.4\ref\net10.0\System.Runtime.CompilerServices.Unsafe.dll" /reference:"C:\Program Files\dotnet\packs\Microsoft.NETCore.App.Ref\10.0.4\ref\net10.0\System.Runtime.CompilerServices.VisualC.dll" /reference:"C:\Program Files\dotnet\packs\Microsoft.NETCore.App.Ref\10.0.4\ref\net10.0\System.Runtime.dll" /reference:"C:\Program Files\dotnet\packs\Microsoft.NETCore.App.Ref\10.0.4\ref\net10.0\System.Runtime.Extensions.dll" /reference:"C:\Program Files\dotnet\packs\Microsoft.NETCore.App.Ref\10.0.4\ref\net10.0\System.Runtime.Handles.dll" /reference:"C:\Program Files\dotnet\packs\Microsoft.NETCore.App.Ref\10.0.4\ref\net10.0\System.Runtime.InteropServices.dll" /reference:"C:\Program Files\dotnet\packs\Microsoft.NETCore.App.Ref\10.0.4\ref\net10.0\System.Runtime.InteropServices.JavaScript.dll" /reference:"C:\Program Files\dotnet\packs\Microsoft.NETCore.App.Ref\10.0.4\ref\net10.0\System.Runtime.InteropServices.RuntimeInformation.dll" /reference:"C:\Program Files\dotnet\packs\Microsoft.NETCore.App.Ref\10.0.4\ref\net10.0\System.Runtime.Intrinsics.dll" /reference:"C:\Program Files\dotnet\packs\Microsoft.NETCore.App.Ref\10.0.4\ref\net10.0\System.Runtime.Loader.dll" /reference:"C:\Program Files\dotnet\packs\Microsoft.NETCore.App.Ref\10.0.4\ref\net10.0\System.Runtime.Numerics.dll" /reference:"C:\Program Files\dotnet\packs\Microsoft.NETCore.App.Ref\10.0.4\ref\net10.0\System.Runtime.Serialization.dll" /reference:"C:\Program Files\dotnet\packs\Microsoft.NETCore.App.Ref\10.0.4\ref\net10.0\System.Runtime.Serialization.Formatters.dll" /reference:"C:\Program Files\dotnet\packs\Microsoft.NETCore.App.Ref\10.0.4\ref\net10.0\System.Runtime.Serialization.Json.dll" /reference:"C:\Program Files\dotnet\packs\Microsoft.NETCore.App.Ref\10.0.4\ref\net10.0\System.Runtime.Serialization.Primitives.dll" /reference:"C:\Program Files\dotnet\packs\Microsoft.NETCore.App.Ref\10.0.4\ref\net10.0\System.Runtime.Serialization.Xml.dll" /reference:"C:\Program Files\dotnet\packs\Microsoft.NETCore.App.Ref\10.0.4\ref\net10.0\System.Security.AccessControl.dll" /reference:"C:\Program Files\dotnet\packs\Microsoft.NETCore.App.Ref\10.0.4\ref\net10.0\System.Security.Claims.dll" /reference:"C:\Program Files\dotnet\packs\Microsoft.NETCore.App.Ref\10.0.4\ref\net10.0\System.Security.Cryptography.Algorithms.dll" /reference:"C:\Program Files\dotnet\packs\Microsoft.NETCore.App.Ref\10.0.4\ref\net10.0\System.Security.Cryptography.Cng.dll" /reference:"C:\Program Files\dotnet\packs\Microsoft.NETCore.App.Ref\10.0.4\ref\net10.0\System.Security.Cryptography.Csp.dll" /reference:"C:\Program Files\dotnet\packs\Microsoft.NETCore.App.Ref\10.0.4\ref\net10.0\System.Security.Cryptography.dll" /reference:"C:\Program Files\dotnet\packs\Microsoft.NETCore.App.Ref\10.0.4\ref\net10.0\System.Security.Cryptography.Encoding.dll" /reference:"C:\Program Files\dotnet\packs\Microsoft.NETCore.App.Ref\10.0.4\ref\net10.0\System.Security.Cryptography.OpenSsl.dll" /reference:"C:\Program Files\dotnet\packs\Microsoft.NETCore.App.Ref\10.0.4\ref\net10.0\System.Security.Cryptography.Primitives.dll" /reference:D:\packages\nuget\system.security.cryptography.protecteddata\6.0.0\lib\net6.0\System.Security.Cryptography.ProtectedData.dll /reference:"C:\Program Files\dotnet\packs\Microsoft.NETCore.App.Ref\10.0.4\ref\net10.0\System.Security.Cryptography.X509Certificates.dll" /reference:"C:\Program Files\dotnet\packs\Microsoft.NETCore.App.Ref\10.0.4\ref\net10.0\System.Security.dll" /reference:D:\packages\nuget\system.security.permissions\6.0.0\lib\net6.0\System.Security.Permissions.dll /reference:"C:\Program Files\dotnet\packs\Microsoft.NETCore.App.Ref\10.0.4\ref\net10.0\System.Security.Principal.dll" /reference:"C:\Program Files\dotnet\packs\Microsoft.NETCore.App.Ref\10.0.4\ref\net10.0\System.Security.Principal.Windows.dll" /reference:"C:\Program Files\dotnet\packs\Microsoft.NETCore.App.Ref\10.0.4\ref\net10.0\System.Security.SecureString.dll" /reference:"C:\Program Files\dotnet\packs\Microsoft.NETCore.App.Ref\10.0.4\ref\net10.0\System.ServiceModel.Web.dll" /reference:"C:\Program Files\dotnet\packs\Microsoft.NETCore.App.Ref\10.0.4\ref\net10.0\System.ServiceProcess.dll" /reference:"C:\Program Files\dotnet\packs\Microsoft.NETCore.App.Ref\10.0.4\ref\net10.0\System.Text.Encoding.CodePages.dll" /reference:"C:\Program Files\dotnet\packs\Microsoft.NETCore.App.Ref\10.0.4\ref\net10.0\System.Text.Encoding.dll" /reference:"C:\Program Files\dotnet\packs\Microsoft.NETCore.App.Ref\10.0.4\ref\net10.0\System.Text.Encoding.Extensions.dll" /reference:"C:\Program Files\dotnet\packs\Microsoft.NETCore.App.Ref\10.0.4\ref\net10.0\System.Text.Encodings.Web.dll" /reference:"C:\Program Files\dotnet\packs\Microsoft.NETCore.App.Ref\10.0.4\ref\net10.0\System.Text.Json.dll" /reference:"C:\Program Files\dotnet\packs\Microsoft.NETCore.App.Ref\10.0.4\ref\net10.0\System.Text.RegularExpressions.dll" /reference:"C:\Program Files\dotnet\packs\Microsoft.NETCore.App.Ref\10.0.4\ref\net10.0\System.Threading.AccessControl.dll" /reference:"C:\Program Files\dotnet\packs\Microsoft.NETCore.App.Ref\10.0.4\ref\net10.0\System.Threading.Channels.dll" /reference:"C:\Program Files\dotnet\packs\Microsoft.NETCore.App.Ref\10.0.4\ref\net10.0\System.Threading.dll" /reference:"C:\Program Files\dotnet\packs\Microsoft.NETCore.App.Ref\10.0.4\ref\net10.0\System.Threading.Overlapped.dll" /reference:"C:\Program Files\dotnet\packs\Microsoft.NETCore.App.Ref\10.0.4\ref\net10.0\System.Threading.Tasks.Dataflow.dll" /reference:"C:\Program Files\dotnet\packs\Microsoft.NETCore.App.Ref\10.0.4\ref\net10.0\System.Threading.Tasks.dll" /reference:"C:\Program Files\dotnet\packs\Microsoft.NETCore.App.Ref\10.0.4\ref\net10.0\System.Threading.Tasks.Extensions.dll" /reference:"C:\Program Files\dotnet\packs\Microsoft.NETCore.App.Ref\10.0.4\ref\net10.0\System.Threading.Tasks.Parallel.dll" /reference:"C:\Program Files\dotnet\packs\Microsoft.NETCore.App.Ref\10.0.4\ref\net10.0\System.Threading.Thread.dll" /reference:"C:\Program Files\dotnet\packs\Microsoft.NETCore.App.Ref\10.0.4\ref\net10.0\System.Threading.ThreadPool.dll" /reference:"C:\Program Files\dotnet\packs\Microsoft.NETCore.App.Ref\10.0.4\ref\net10.0\System.Threading.Timer.dll" /reference:"C:\Program Files\dotnet\packs\Microsoft.NETCore.App.Ref\10.0.4\ref\net10.0\System.Transactions.dll" /reference:"C:\Program Files\dotnet\packs\Microsoft.NETCore.App.Ref\10.0.4\ref\net10.0\System.Transactions.Local.dll" /reference:"C:\Program Files\dotnet\packs\Microsoft.NETCore.App.Ref\10.0.4\ref\net10.0\System.ValueTuple.dll" /reference:"C:\Program Files\dotnet\packs\Microsoft.NETCore.App.Ref\10.0.4\ref\net10.0\System.Web.dll" /reference:"C:\Program Files\dotnet\packs\Microsoft.NETCore.App.Ref\10.0.4\ref\net10.0\System.Web.HttpUtility.dll" /reference:"C:\Program Files\dotnet\packs\Microsoft.NETCore.App.Ref\10.0.4\ref\net10.0\System.Windows.dll" /reference:D:\packages\nuget\system.windows.extensions\6.0.0\lib\net6.0\System.Windows.Extensions.dll /reference:"C:\Program Files\dotnet\packs\Microsoft.NETCore.App.Ref\10.0.4\ref\net10.0\System.Xml.dll" /reference:"C:\Program Files\dotnet\packs\Microsoft.NETCore.App.Ref\10.0.4\ref\net10.0\System.Xml.Linq.dll" /reference:"C:\Program Files\dotnet\packs\Microsoft.NETCore.App.Ref\10.0.4\ref\net10.0\System.Xml.ReaderWriter.dll" /reference:"C:\Program Files\dotnet\packs\Microsoft.NETCore.App.Ref\10.0.4\ref\net10.0\System.Xml.Serialization.dll" /reference:"C:\Program Files\dotnet\packs\Microsoft.NETCore.App.Ref\10.0.4\ref\net10.0\System.Xml.XDocument.dll" /reference:"C:\Program Files\dotnet\packs\Microsoft.NETCore.App.Ref\10.0.4\ref\net10.0\System.Xml.XmlDocument.dll" /reference:"C:\Program Files\dotnet\packs\Microsoft.NETCore.App.Ref\10.0.4\ref\net10.0\System.Xml.XmlSerializer.dll" /reference:"C:\Program Files\dotnet\packs\Microsoft.NETCore.App.Ref\10.0.4\ref\net10.0\System.Xml.XPath.dll" /reference:"C:\Program Files\dotnet\packs\Microsoft.NETCore.App.Ref\10.0.4\ref\net10.0\System.Xml.XPath.XDocument.dll" /reference:D:\packages\nuget\microsoft.testplatform.testhost\18.3.0\lib\net8.0\testhost.dll /reference:D:\warhub\wham\artifacts\obj\WarHub.ArmouryModel.Concrete.Extensions\debug\ref\WarHub.ArmouryModel.Concrete.Extensions.dll /reference:D:\warhub\wham\artifacts\obj\WarHub.ArmouryModel.EditorServices\debug\ref\WarHub.ArmouryModel.EditorServices.dll /reference:D:\warhub\wham\artifacts\obj\WarHub.ArmouryModel.Extensions\debug\ref\WarHub.ArmouryModel.Extensions.dll /reference:D:\warhub\wham\artifacts\obj\WarHub.ArmouryModel.RosterEngine\debug\ref\WarHub.ArmouryModel.RosterEngine.dll /reference:D:\warhub\wham\artifacts\obj\WarHub.ArmouryModel.Source.BattleScribe\debug\ref\WarHub.ArmouryModel.Source.BattleScribe.dll /reference:D:\warhub\wham\artifacts\obj\WarHub.ArmouryModel.Source\debug\ref\WarHub.ArmouryModel.Source.dll /reference:"C:\Program Files\dotnet\packs\Microsoft.NETCore.App.Ref\10.0.4\ref\net10.0\WindowsBase.dll" /reference:D:\packages\nuget\xunit.v3.assert\3.2.2\lib\net8.0\xunit.v3.assert.dll /reference:D:\packages\nuget\xunit.v3.common\3.2.2\lib\netstandard2.0\xunit.v3.common.dll /reference:D:\packages\nuget\xunit.v3.extensibility.core\3.2.2\lib\netstandard2.0\xunit.v3.core.dll /reference:D:\packages\nuget\xunit.v3.core.mtp-v1\3.2.2\lib\net8.0\xunit.v3.mtp-v1.dll /reference:D:\packages\nuget\xunit.v3.runner.common\3.2.2\lib\netstandard2.0\xunit.v3.runner.common.dll /reference:D:\packages\nuget\xunit.v3.runner.inproc.console\3.2.2\lib\net8.0\xunit.v3.runner.inproc.console.dll /reference:D:\packages\nuget\yamldotnet\16.3.0\lib\net8.0\YamlDotNet.dll /features:"InterceptorsNamespaces=;Microsoft.Extensions.Validation.Generated" /debug+ /debug:portable /filealign:512 /optimize- /out:D:\warhub\wham\artifacts\obj\WarHub.ArmouryModel.RosterEngine.Tests\debug\WarHub.ArmouryModel.RosterEngine.Tests.dll /refout:D:\warhub\wham\artifacts\obj\WarHub.ArmouryModel.RosterEngine.Tests\debug\refint\WarHub.ArmouryModel.RosterEngine.Tests.dll /target:exe /warnaserror- /utf8output /deterministic+ /langversion:latest /embed:D:\warhub\wham\artifacts\obj\WarHub.ArmouryModel.RosterEngine.Tests\debug\WarHub.ArmouryModel.RosterEngine.Tests.Version.cs /embed:D:\warhub\wham\artifacts\obj\WarHub.ArmouryModel.RosterEngine.Tests\debug\WarHub.ArmouryModel.RosterEngine.Tests.GlobalUsings.g.cs /embed:"D:\warhub\wham\artifacts\obj\WarHub.ArmouryModel.RosterEngine.Tests\debug\.NETCoreApp,Version=v10.0.AssemblyAttributes.cs" /embed:D:\warhub\wham\artifacts\obj\WarHub.ArmouryModel.RosterEngine.Tests\debug\SelfRegisteredExtensions.cs /embed:D:\packages\nuget\xunit.v3.core.mtp-v1\3.2.2\buildTransitive\..\_content\DefaultRunnerReporters.cs /embed:D:\warhub\wham\artifacts\obj\WarHub.ArmouryModel.RosterEngine.Tests\debug\XunitAutoGeneratedEntryPoint.cs /embed:D:\warhub\wham\artifacts\obj\WarHub.ArmouryModel.RosterEngine.Tests\debug\WarHub.ArmouryModel.RosterEngine.Tests.AssemblyInfo.cs /analyzerconfig:D:\warhub\wham\.editorconfig /analyzerconfig:D:\warhub\wham\tests\.editorconfig /analyzerconfig:D:\warhub\wham\artifacts\obj\WarHub.ArmouryModel.RosterEngine.Tests\debug\WarHub.ArmouryModel.RosterEngine.Tests.GeneratedMSBuildEditorConfig.editorconfig /analyzerconfig:"C:\Program Files\dotnet\sdk\10.0.104\Sdks\Microsoft.NET.Sdk\analyzers\build\config\analysislevel_10_all.globalconfig" /analyzer:"C:\Program Files\dotnet\sdk\10.0.104\Sdks\Microsoft.NET.Sdk\targets\..\analyzers\Microsoft.CodeAnalysis.CSharp.NetAnalyzers.dll" /analyzer:"C:\Program Files\dotnet\sdk\10.0.104\Sdks\Microsoft.NET.Sdk\targets\..\analyzers\Microsoft.CodeAnalysis.NetAnalyzers.dll" /analyzer:D:\packages\nuget\xunit.analyzers\1.27.0\analyzers\dotnet\cs\xunit.analyzers.dll /analyzer:D:\packages\nuget\xunit.analyzers\1.27.0\analyzers\dotnet\cs\xunit.analyzers.fixes.dll /analyzer:"C:\Program Files\dotnet\packs\Microsoft.NETCore.App.Ref\10.0.4\analyzers/dotnet/cs/Microsoft.Interop.ComInterfaceGenerator.dll" /analyzer:"C:\Program Files\dotnet\packs\Microsoft.NETCore.App.Ref\10.0.4\analyzers/dotnet/cs/Microsoft.Interop.JavaScript.JSImportGenerator.dll" /analyzer:"C:\Program Files\dotnet\packs\Microsoft.NETCore.App.Ref\10.0.4\analyzers/dotnet/cs/Microsoft.Interop.LibraryImportGenerator.dll" /analyzer:"C:\Program Files\dotnet\packs\Microsoft.NETCore.App.Ref\10.0.4\analyzers/dotnet/cs/Microsoft.Interop.SourceGeneration.dll" /analyzer:"C:\Program Files\dotnet\packs\Microsoft.NETCore.App.Ref\10.0.4\analyzers/dotnet/cs/System.Text.Json.SourceGeneration.dll" /analyzer:"C:\Program Files\dotnet\packs\Microsoft.NETCore.App.Ref\10.0.4\analyzers/dotnet/cs/System.Text.RegularExpressions.Generator.dll" D:\warhub\wham\artifacts\obj\WarHub.ArmouryModel.RosterEngine.Tests\debug\WarHub.ArmouryModel.RosterEngine.Tests.Version.cs ConformanceTests.cs WhamRosterEngineTests.cs D:\warhub\wham\artifacts\obj\WarHub.ArmouryModel.RosterEngine.Tests\debug\WarHub.ArmouryModel.RosterEngine.Tests.GlobalUsings.g.cs "D:\warhub\wham\artifacts\obj\WarHub.ArmouryModel.RosterEngine.Tests\debug\.NETCoreApp,Version=v10.0.AssemblyAttributes.cs" D:\warhub\wham\artifacts\obj\WarHub.ArmouryModel.RosterEngine.Tests\debug\SelfRegisteredExtensions.cs D:\packages\nuget\xunit.v3.core.mtp-v1\3.2.2\buildTransitive\..\_content\DefaultRunnerReporters.cs D:\warhub\wham\artifacts\obj\WarHub.ArmouryModel.RosterEngine.Tests\debug\XunitAutoGeneratedEntryPoint.cs D:\warhub\wham\artifacts\obj\WarHub.ArmouryModel.RosterEngine.Tests\debug\WarHub.ArmouryModel.RosterEngine.Tests.AssemblyInfo.cs /warnaserror+:NU1605,SYSLIB0011
         Compilation request WarHub.ArmouryModel.RosterEngine.Tests (net10.0), PathToTool=C:\Program Files\dotnet\sdk\10.0.104\Roslyn\bincore\csc.exe
         CommandLine = ' /noconfig'
         BuildResponseFile = '/unsafe- /checked- /nowarn:CS1591,NU5105,CA1515,1701,1702 /fullpaths /nostdlib+ /errorreport:prompt /warn:10 /doc:D:\warhub\wham\artifacts\obj\WarHub.ArmouryModel.RosterEngine.Tests\debug\WarHub.ArmouryModel.RosterEngine.Tests.xml /define:TRACE;DEBUG;NET;NET10_0;NETCOREAPP;NET5_0_OR_GREATER;NET6_0_OR_GREATER;NET7_0_OR_GREATER;NET8_0_OR_GREATER;NET9_0_OR_GREATER;NET10_0_OR_GREATER;NETCOREAPP1_0_OR_GREATER;NETCOREAPP1_1_OR_GREATER;NETCOREAPP2_0_OR_GREATER;NETCOREAPP2_1_OR_GREATER;NETCOREAPP2_2_OR_GREATER;NETCOREAPP3_0_OR_GREATER;NETCOREAPP3_1_OR_GREATER /highentropyva+ /nullable:enable /reference:D:\warhub\battlescribe-spec\artifacts\obj\BattleScribeSpec.TestKit\debug\ref\BattleScribeSpec.TestKit.dll /reference:D:\packages\nuget\fluentassertions\7.2.0\lib\net6.0\FluentAssertions.dll /reference:D:\packages\nuget\handlebars.net\2.1.6\lib\net6.0\Handlebars.dll /reference:D:\packages\nuget\microsoft.applicationinsights\2.23.0\lib\netstandard2.0\Microsoft.ApplicationInsights.dll /reference:D:\packages\nuget\microsoft.bcl.asyncinterfaces\6.0.0\lib\netstandard2.1\Microsoft.Bcl.AsyncInterfaces.dll /reference:"C:\Program Files\dotnet\packs\Microsoft.NETCore.App.Ref\10.0.4\ref\net10.0\Microsoft.CSharp.dll" /reference:D:\packages\nuget\microsoft.testing.platform.msbuild\1.9.1\lib\net9.0\Microsoft.Testing.Extensions.MSBuild.dll /reference:D:\packages\nuget\microsoft.testing.extensions.telemetry\1.9.1\lib\net9.0\Microsoft.Testing.Extensions.Telemetry.dll /reference:D:\packages\nuget\microsoft.testing.extensions.trxreport.abstractions\1.9.1\lib\net9.0\Microsoft.Testing.Extensions.TrxReport.Abstractions.dll /reference:D:\packages\nuget\microsoft.testing.platform\1.9.1\lib\net9.0\Microsoft.Testing.Platform.dll /reference:D:\packages\nuget\microsoft.testplatform.testhost\18.3.0\lib\net8.0\Microsoft.TestPlatform.CommunicationUtilities.dll /reference:D:\packages\nuget\microsoft.testplatform.testhost\18.3.0\lib\net8.0\Microsoft.TestPlatform.CoreUtilities.dll /reference:D:\packages\nuget\microsoft.testplatform.testhost\18.3.0\lib\net8.0\Microsoft.TestPlatform.CrossPlatEngine.dll /reference:D:\packages\nuget\microsoft.testplatform.testhost\18.3.0\lib\net8.0\Microsoft.TestPlatform.PlatformAbstractions.dll /reference:D:\packages\nuget\microsoft.testplatform.testhost\18.3.0\lib\net8.0\Microsoft.TestPlatform.Utilities.dll /reference:"C:\Program Files\dotnet\packs\Microsoft.NETCore.App.Ref\10.0.4\ref\net10.0\Microsoft.VisualBasic.Core.dll" /reference:"C:\Program Files\dotnet\packs\Microsoft.NETCore.App.Ref\10.0.4\ref\net10.0\Microsoft.VisualBasic.dll" /reference:D:\packages\nuget\microsoft.codecoverage\18.3.0\lib\net8.0\Microsoft.VisualStudio.CodeCoverage.Shim.dll /reference:D:\packages\nuget\microsoft.testplatform.testhost\18.3.0\lib\net8.0\Microsoft.VisualStudio.TestPlatform.Common.dll /reference:D:\packages\nuget\microsoft.testplatform.testhost\18.3.0\lib\net8.0\Microsoft.VisualStudio.TestPlatform.ObjectModel.dll /reference:"C:\Program Files\dotnet\packs\Microsoft.NETCore.App.Ref\10.0.4\ref\net10.0\Microsoft.Win32.Primitives.dll" /reference:"C:\Program Files\dotnet\packs\Microsoft.NETCore.App.Ref\10.0.4\ref\net10.0\Microsoft.Win32.Registry.dll" /reference:D:\packages\nuget\microsoft.win32.systemevents\6.0.0\lib\net6.0\Microsoft.Win32.SystemEvents.dll /reference:"C:\Program Files\dotnet\packs\Microsoft.NETCore.App.Ref\10.0.4\ref\net10.0\mscorlib.dll" /reference:"C:\Program Files\dotnet\packs\Microsoft.NETCore.App.Ref\10.0.4\ref\net10.0\netstandard.dll" /reference:D:\packages\nuget\newtonsoft.json\13.0.3\lib\net6.0\Newtonsoft.Json.dll /reference:"C:\Program Files\dotnet\packs\Microsoft.NETCore.App.Ref\10.0.4\ref\net10.0\System.AppContext.dll" /reference:"C:\Program Files\dotnet\packs\Microsoft.NETCore.App.Ref\10.0.4\ref\net10.0\System.Buffers.dll" /reference:"C:\Program Files\dotnet\packs\Microsoft.NETCore.App.Ref\10.0.4\ref\net10.0\System.Collections.Concurrent.dll" /reference:"C:\Program Files\dotnet\packs\Microsoft.NETCore.App.Ref\10.0.4\ref\net10.0\System.Collections.dll" /reference:"C:\Program Files\dotnet\packs\Microsoft.NETCore.App.Ref\10.0.4\ref\net10.0\System.Collections.Immutable.dll" /reference:"C:\Program Files\dotnet\packs\Microsoft.NETCore.App.Ref\10.0.4\ref\net10.0\System.Collections.NonGeneric.dll" /reference:"C:\Program Files\dotnet\packs\Microsoft.NETCore.App.Ref\10.0.4\ref\net10.0\System.Collections.Specialized.dll" /reference:"C:\Program Files\dotnet\packs\Microsoft.NETCore.App.Ref\10.0.4\ref\net10.0\System.ComponentModel.Annotations.dll" /reference:"C:\Program Files\dotnet\packs\Microsoft.NETCore.App.Ref\10.0.4\ref\net10.0\System.ComponentModel.DataAnnotations.dll" /reference:"C:\Program Files\dotnet\packs\Microsoft.NETCore.App.Ref\10.0.4\ref\net10.0\System.ComponentModel.dll" /reference:"C:\Program Files\dotnet\packs\Microsoft.NETCore.App.Ref\10.0.4\ref\net10.0\System.ComponentModel.EventBasedAsync.dll" /reference:"C:\Program Files\dotnet\packs\Microsoft.NETCore.App.Ref\10.0.4\ref\net10.0\System.ComponentModel.Primitives.dll" /reference:"C:\Program Files\dotnet\packs\Microsoft.NETCore.App.Ref\10.0.4\ref\net10.0\System.ComponentModel.TypeConverter.dll" /reference:D:\packages\nuget\system.configuration.configurationmanager\6.0.0\lib\net6.0\System.Configuration.ConfigurationManager.dll /reference:"C:\Program Files\dotnet\packs\Microsoft.NETCore.App.Ref\10.0.4\ref\net10.0\System.Configuration.dll" /reference:"C:\Program Files\dotnet\packs\Microsoft.NETCore.App.Ref\10.0.4\ref\net10.0\System.Console.dll" /reference:"C:\Program Files\dotnet\packs\Microsoft.NETCore.App.Ref\10.0.4\ref\net10.0\System.Core.dll" /reference:"C:\Program Files\dotnet\packs\Microsoft.NETCore.App.Ref\10.0.4\ref\net10.0\System.Data.Common.dll" /reference:"C:\Program Files\dotnet\packs\Microsoft.NETCore.App.Ref\10.0.4\ref\net10.0\System.Data.DataSetExtensions.dll" /reference:"C:\Program Files\dotnet\packs\Microsoft.NETCore.App.Ref\10.0.4\ref\net10.0\System.Data.dll" /reference:"C:\Program Files\dotnet\packs\Microsoft.NETCore.App.Ref\10.0.4\ref\net10.0\System.Diagnostics.Contracts.dll" /reference:"C:\Program Files\dotnet\packs\Microsoft.NETCore.App.Ref\10.0.4\ref\net10.0\System.Diagnostics.Debug.dll" /reference:"C:\Program Files\dotnet\packs\Microsoft.NETCore.App.Ref\10.0.4\ref\net10.0\System.Diagnostics.DiagnosticSource.dll" /reference:"C:\Program Files\dotnet\packs\Microsoft.NETCore.App.Ref\10.0.4\ref\net10.0\System.Diagnostics.FileVersionInfo.dll" /reference:"C:\Program Files\dotnet\packs\Microsoft.NETCore.App.Ref\10.0.4\ref\net10.0\System.Diagnostics.Process.dll" /reference:"C:\Program Files\dotnet\packs\Microsoft.NETCore.App.Ref\10.0.4\ref\net10.0\System.Diagnostics.StackTrace.dll" /reference:"C:\Program Files\dotnet\packs\Microsoft.NETCore.App.Ref\10.0.4\ref\net10.0\System.Diagnostics.TextWriterTraceListener.dll" /reference:"C:\Program Files\dotnet\packs\Microsoft.NETCore.App.Ref\10.0.4\ref\net10.0\System.Diagnostics.Tools.dll" /reference:"C:\Program Files\dotnet\packs\Microsoft.NETCore.App.Ref\10.0.4\ref\net10.0\System.Diagnostics.TraceSource.dll" /reference:"C:\Program Files\dotnet\packs\Microsoft.NETCore.App.Ref\10.0.4\ref\net10.0\System.Diagnostics.Tracing.dll" /reference:"C:\Program Files\dotnet\packs\Microsoft.NETCore.App.Ref\10.0.4\ref\net10.0\System.dll" /reference:D:\packages\nuget\system.drawing.common\6.0.0\lib\net6.0\System.Drawing.Common.dll /reference:"C:\Program Files\dotnet\packs\Microsoft.NETCore.App.Ref\10.0.4\ref\net10.0\System.Drawing.dll" /reference:"C:\Program Files\dotnet\packs\Microsoft.NETCore.App.Ref\10.0.4\ref\net10.0\System.Drawing.Primitives.dll" /reference:"C:\Program Files\dotnet\packs\Microsoft.NETCore.App.Ref\10.0.4\ref\net10.0\System.Dynamic.Runtime.dll" /reference:"C:\Program Files\dotnet\packs\Microsoft.NETCore.App.Ref\10.0.4\ref\net10.0\System.Formats.Asn1.dll" /reference:"C:\Program Files\dotnet\packs\Microsoft.NETCore.App.Ref\10.0.4\ref\net10.0\System.Formats.Tar.dll" /reference:"C:\Program Files\dotnet\packs\Microsoft.NETCore.App.Ref\10.0.4\ref\net10.0\System.Globalization.Calendars.dll" /reference:"C:\Program Files\dotnet\packs\Microsoft.NETCore.App.Ref\10.0.4\ref\net10.0\System.Globalization.dll" /reference:"C:\Program Files\dotnet\packs\Microsoft.NETCore.App.Ref\10.0.4\ref\net10.0\System.Globalization.Extensions.dll" /reference:"C:\Program Files\dotnet\packs\Microsoft.NETCore.App.Ref\10.0.4\ref\net10.0\System.IO.Compression.Brotli.dll" /reference:"C:\Program Files\dotnet\packs\Microsoft.NETCore.App.Ref\10.0.4\ref\net10.0\System.IO.Compression.dll" /reference:"C:\Program Files\dotnet\packs\Microsoft.NETCore.App.Ref\10.0.4\ref\net10.0\System.IO.Compression.FileSystem.dll" /reference:"C:\Program Files\dotnet\packs\Microsoft.NETCore.App.Ref\10.0.4\ref\net10.0\System.IO.Compression.ZipFile.dll" /reference:"C:\Program Files\dotnet\packs\Microsoft.NETCore.App.Ref\10.0.4\ref\net10.0\System.IO.dll" /reference:"C:\Program Files\dotnet\packs\Microsoft.NETCore.App.Ref\10.0.4\ref\net10.0\System.IO.FileSystem.AccessControl.dll" /reference:"C:\Program Files\dotnet\packs\Microsoft.NETCore.App.Ref\10.0.4\ref\net10.0\System.IO.FileSystem.dll" /reference:"C:\Program Files\dotnet\packs\Microsoft.NETCore.App.Ref\10.0.4\ref\net10.0\System.IO.FileSystem.DriveInfo.dll" /reference:"C:\Program Files\dotnet\packs\Microsoft.NETCore.App.Ref\10.0.4\ref\net10.0\System.IO.FileSystem.Primitives.dll" /reference:"C:\Program Files\dotnet\packs\Microsoft.NETCore.App.Ref\10.0.4\ref\net10.0\System.IO.FileSystem.Watcher.dll" /reference:"C:\Program Files\dotnet\packs\Microsoft.NETCore.App.Ref\10.0.4\ref\net10.0\System.IO.IsolatedStorage.dll" /reference:"C:\Program Files\dotnet\packs\Microsoft.NETCore.App.Ref\10.0.4\ref\net10.0\System.IO.MemoryMappedFiles.dll" /reference:"C:\Program Files\dotnet\packs\Microsoft.NETCore.App.Ref\10.0.4\ref\net10.0\System.IO.Pipelines.dll" /reference:"C:\Program Files\dotnet\packs\Microsoft.NETCore.App.Ref\10.0.4\ref\net10.0\System.IO.Pipes.AccessControl.dll" /reference:"C:\Program Files\dotnet\packs\Microsoft.NETCore.App.Ref\10.0.4\ref\net10.0\System.IO.Pipes.dll" /reference:"C:\Program Files\dotnet\packs\Microsoft.NETCore.App.Ref\10.0.4\ref\net10.0\System.IO.UnmanagedMemoryStream.dll" /reference:"C:\Program Files\dotnet\packs\Microsoft.NETCore.App.Ref\10.0.4\ref\net10.0\System.Linq.AsyncEnumerable.dll" /reference:"C:\Program Files\dotnet\packs\Microsoft.NETCore.App.Ref\10.0.4\ref\net10.0\System.Linq.dll" /reference:"C:\Program Files\dotnet\packs\Microsoft.NETCore.App.Ref\10.0.4\ref\net10.0\System.Linq.Expressions.dll" /reference:"C:\Program Files\dotnet\packs\Microsoft.NETCore.App.Ref\10.0.4\ref\net10.0\System.Linq.Parallel.dll" /reference:"C:\Program Files\dotnet\packs\Microsoft.NETCore.App.Ref\10.0.4\ref\net10.0\System.Linq.Queryable.dll" /reference:"C:\Program Files\dotnet\packs\Microsoft.NETCore.App.Ref\10.0.4\ref\net10.0\System.Memory.dll" /reference:"C:\Program Files\dotnet\packs\Microsoft.NETCore.App.Ref\10.0.4\ref\net10.0\System.Net.dll" /reference:"C:\Program Files\dotnet\packs\Microsoft.NETCore.App.Ref\10.0.4\ref\net10.0\System.Net.Http.dll" /reference:"C:\Program Files\dotnet\packs\Microsoft.NETCore.App.Ref\10.0.4\ref\net10.0\System.Net.Http.Json.dll" /reference:"C:\Program Files\dotnet\packs\Microsoft.NETCore.App.Ref\10.0.4\ref\net10.0\System.Net.HttpListener.dll" /reference:"C:\Program Files\dotnet\packs\Microsoft.NETCore.App.Ref\10.0.4\ref\net10.0\System.Net.Mail.dll" /reference:"C:\Program Files\dotnet\packs\Microsoft.NETCore.App.Ref\10.0.4\ref\net10.0\System.Net.NameResolution.dll" /reference:"C:\Program Files\dotnet\packs\Microsoft.NETCore.App.Ref\10.0.4\ref\net10.0\System.Net.NetworkInformation.dll" /reference:"C:\Program Files\dotnet\packs\Microsoft.NETCore.App.Ref\10.0.4\ref\net10.0\System.Net.Ping.dll" /reference:"C:\Program Files\dotnet\packs\Microsoft.NETCore.App.Ref\10.0.4\ref\net10.0\System.Net.Primitives.dll" /reference:"C:\Program Files\dotnet\packs\Microsoft.NETCore.App.Ref\10.0.4\ref\net10.0\System.Net.Quic.dll" /reference:"C:\Program Files\dotnet\packs\Microsoft.NETCore.App.Ref\10.0.4\ref\net10.0\System.Net.Requests.dll" /reference:"C:\Program Files\dotnet\packs\Microsoft.NETCore.App.Ref\10.0.4\ref\net10.0\System.Net.Security.dll" /reference:"C:\Program Files\dotnet\packs\Microsoft.NETCore.App.Ref\10.0.4\ref\net10.0\System.Net.ServerSentEvents.dll" /reference:"C:\Program Files\dotnet\packs\Microsoft.NETCore.App.Ref\10.0.4\ref\net10.0\System.Net.ServicePoint.dll" /reference:"C:\Program Files\dotnet\packs\Microsoft.NETCore.App.Ref\10.0.4\ref\net10.0\System.Net.Sockets.dll" /reference:"C:\Program Files\dotnet\packs\Microsoft.NETCore.App.Ref\10.0.4\ref\net10.0\System.Net.WebClient.dll" /reference:"C:\Program Files\dotnet\packs\Microsoft.NETCore.App.Ref\10.0.4\ref\net10.0\System.Net.WebHeaderCollection.dll" /reference:"C:\Program Files\dotnet\packs\Microsoft.NETCore.App.Ref\10.0.4\ref\net10.0\System.Net.WebProxy.dll" /reference:"C:\Program Files\dotnet\packs\Microsoft.NETCore.App.Ref\10.0.4\ref\net10.0\System.Net.WebSockets.Client.dll" /reference:"C:\Program Files\dotnet\packs\Microsoft.NETCore.App.Ref\10.0.4\ref\net10.0\System.Net.WebSockets.dll" /reference:"C:\Program Files\dotnet\packs\Microsoft.NETCore.App.Ref\10.0.4\ref\net10.0\System.Numerics.dll" /reference:"C:\Program Files\dotnet\packs\Microsoft.NETCore.App.Ref\10.0.4\ref\net10.0\System.Numerics.Vectors.dll" /reference:"C:\Program Files\dotnet\packs\Microsoft.NETCore.App.Ref\10.0.4\ref\net10.0\System.ObjectModel.dll" /reference:"C:\Program Files\dotnet\packs\Microsoft.NETCore.App.Ref\10.0.4\ref\net10.0\System.Reflection.DispatchProxy.dll" /reference:"C:\Program Files\dotnet\packs\Microsoft.NETCore.App.Ref\10.0.4\ref\net10.0\System.Reflection.dll" /reference:"C:\Program Files\dotnet\packs\Microsoft.NETCore.App.Ref\10.0.4\ref\net10.0\System.Reflection.Emit.dll" /reference:"C:\Program Files\dotnet\packs\Microsoft.NETCore.App.Ref\10.0.4\ref\net10.0\System.Reflection.Emit.ILGeneration.dll" /reference:"C:\Program Files\dotnet\packs\Microsoft.NETCore.App.Ref\10.0.4\ref\net10.0\System.Reflection.Emit.Lightweight.dll" /reference:"C:\Program Files\dotnet\packs\Microsoft.NETCore.App.Ref\10.0.4\ref\net10.0\System.Reflection.Extensions.dll" /reference:"C:\Program Files\dotnet\packs\Microsoft.NETCore.App.Ref\10.0.4\ref\net10.0\System.Reflection.Metadata.dll" /reference:"C:\Program Files\dotnet\packs\Microsoft.NETCore.App.Ref\10.0.4\ref\net10.0\System.Reflection.Primitives.dll" /reference:"C:\Program Files\dotnet\packs\Microsoft.NETCore.App.Ref\10.0.4\ref\net10.0\System.Reflection.TypeExtensions.dll" /reference:"C:\Program Files\dotnet\packs\Microsoft.NETCore.App.Ref\10.0.4\ref\net10.0\System.Resources.Reader.dll" /reference:"C:\Program Files\dotnet\packs\Microsoft.NETCore.App.Ref\10.0.4\ref\net10.0\System.Resources.ResourceManager.dll" /reference:"C:\Program Files\dotnet\packs\Microsoft.NETCore.App.Ref\10.0.4\ref\net10.0\System.Resources.Writer.dll" /reference:"C:\Program Files\dotnet\packs\Microsoft.NETCore.App.Ref\10.0.4\ref\net10.0\System.Runtime.CompilerServices.Unsafe.dll" /reference:"C:\Program Files\dotnet\packs\Microsoft.NETCore.App.Ref\10.0.4\ref\net10.0\System.Runtime.CompilerServices.VisualC.dll" /reference:"C:\Program Files\dotnet\packs\Microsoft.NETCore.App.Ref\10.0.4\ref\net10.0\System.Runtime.dll" /reference:"C:\Program Files\dotnet\packs\Microsoft.NETCore.App.Ref\10.0.4\ref\net10.0\System.Runtime.Extensions.dll" /reference:"C:\Program Files\dotnet\packs\Microsoft.NETCore.App.Ref\10.0.4\ref\net10.0\System.Runtime.Handles.dll" /reference:"C:\Program Files\dotnet\packs\Microsoft.NETCore.App.Ref\10.0.4\ref\net10.0\System.Runtime.InteropServices.dll" /reference:"C:\Program Files\dotnet\packs\Microsoft.NETCore.App.Ref\10.0.4\ref\net10.0\System.Runtime.InteropServices.JavaScript.dll" /reference:"C:\Program Files\dotnet\packs\Microsoft.NETCore.App.Ref\10.0.4\ref\net10.0\System.Runtime.InteropServices.RuntimeInformation.dll" /reference:"C:\Program Files\dotnet\packs\Microsoft.NETCore.App.Ref\10.0.4\ref\net10.0\System.Runtime.Intrinsics.dll" /reference:"C:\Program Files\dotnet\packs\Microsoft.NETCore.App.Ref\10.0.4\ref\net10.0\System.Runtime.Loader.dll" /reference:"C:\Program Files\dotnet\packs\Microsoft.NETCore.App.Ref\10.0.4\ref\net10.0\System.Runtime.Numerics.dll" /reference:"C:\Program Files\dotnet\packs\Microsoft.NETCore.App.Ref\10.0.4\ref\net10.0\System.Runtime.Serialization.dll" /reference:"C:\Program Files\dotnet\packs\Microsoft.NETCore.App.Ref\10.0.4\ref\net10.0\System.Runtime.Serialization.Formatters.dll" /reference:"C:\Program Files\dotnet\packs\Microsoft.NETCore.App.Ref\10.0.4\ref\net10.0\System.Runtime.Serialization.Json.dll" /reference:"C:\Program Files\dotnet\packs\Microsoft.NETCore.App.Ref\10.0.4\ref\net10.0\System.Runtime.Serialization.Primitives.dll" /reference:"C:\Program Files\dotnet\packs\Microsoft.NETCore.App.Ref\10.0.4\ref\net10.0\System.Runtime.Serialization.Xml.dll" /reference:"C:\Program Files\dotnet\packs\Microsoft.NETCore.App.Ref\10.0.4\ref\net10.0\System.Security.AccessControl.dll" /reference:"C:\Program Files\dotnet\packs\Microsoft.NETCore.App.Ref\10.0.4\ref\net10.0\System.Security.Claims.dll" /reference:"C:\Program Files\dotnet\packs\Microsoft.NETCore.App.Ref\10.0.4\ref\net10.0\System.Security.Cryptography.Algorithms.dll" /reference:"C:\Program Files\dotnet\packs\Microsoft.NETCore.App.Ref\10.0.4\ref\net10.0\System.Security.Cryptography.Cng.dll" /reference:"C:\Program Files\dotnet\packs\Microsoft.NETCore.App.Ref\10.0.4\ref\net10.0\System.Security.Cryptography.Csp.dll" /reference:"C:\Program Files\dotnet\packs\Microsoft.NETCore.App.Ref\10.0.4\ref\net10.0\System.Security.Cryptography.dll" /reference:"C:\Program Files\dotnet\packs\Microsoft.NETCore.App.Ref\10.0.4\ref\net10.0\System.Security.Cryptography.Encoding.dll" /reference:"C:\Program Files\dotnet\packs\Microsoft.NETCore.App.Ref\10.0.4\ref\net10.0\System.Security.Cryptography.OpenSsl.dll" /reference:"C:\Program Files\dotnet\packs\Microsoft.NETCore.App.Ref\10.0.4\ref\net10.0\System.Security.Cryptography.Primitives.dll" /reference:D:\packages\nuget\system.security.cryptography.protecteddata\6.0.0\lib\net6.0\System.Security.Cryptography.ProtectedData.dll /reference:"C:\Program Files\dotnet\packs\Microsoft.NETCore.App.Ref\10.0.4\ref\net10.0\System.Security.Cryptography.X509Certificates.dll" /reference:"C:\Program Files\dotnet\packs\Microsoft.NETCore.App.Ref\10.0.4\ref\net10.0\System.Security.dll" /reference:D:\packages\nuget\system.security.permissions\6.0.0\lib\net6.0\System.Security.Permissions.dll /reference:"C:\Program Files\dotnet\packs\Microsoft.NETCore.App.Ref\10.0.4\ref\net10.0\System.Security.Principal.dll" /reference:"C:\Program Files\dotnet\packs\Microsoft.NETCore.App.Ref\10.0.4\ref\net10.0\System.Security.Principal.Windows.dll" /reference:"C:\Program Files\dotnet\packs\Microsoft.NETCore.App.Ref\10.0.4\ref\net10.0\System.Security.SecureString.dll" /reference:"C:\Program Files\dotnet\packs\Microsoft.NETCore.App.Ref\10.0.4\ref\net10.0\System.ServiceModel.Web.dll" /reference:"C:\Program Files\dotnet\packs\Microsoft.NETCore.App.Ref\10.0.4\ref\net10.0\System.ServiceProcess.dll" /reference:"C:\Program Files\dotnet\packs\Microsoft.NETCore.App.Ref\10.0.4\ref\net10.0\System.Text.Encoding.CodePages.dll" /reference:"C:\Program Files\dotnet\packs\Microsoft.NETCore.App.Ref\10.0.4\ref\net10.0\System.Text.Encoding.dll" /reference:"C:\Program Files\dotnet\packs\Microsoft.NETCore.App.Ref\10.0.4\ref\net10.0\System.Text.Encoding.Extensions.dll" /reference:"C:\Program Files\dotnet\packs\Microsoft.NETCore.App.Ref\10.0.4\ref\net10.0\System.Text.Encodings.Web.dll" /reference:"C:\Program Files\dotnet\packs\Microsoft.NETCore.App.Ref\10.0.4\ref\net10.0\System.Text.Json.dll" /reference:"C:\Program Files\dotnet\packs\Microsoft.NETCore.App.Ref\10.0.4\ref\net10.0\System.Text.RegularExpressions.dll" /reference:"C:\Program Files\dotnet\packs\Microsoft.NETCore.App.Ref\10.0.4\ref\net10.0\System.Threading.AccessControl.dll" /reference:"C:\Program Files\dotnet\packs\Microsoft.NETCore.App.Ref\10.0.4\ref\net10.0\System.Threading.Channels.dll" /reference:"C:\Program Files\dotnet\packs\Microsoft.NETCore.App.Ref\10.0.4\ref\net10.0\System.Threading.dll" /reference:"C:\Program Files\dotnet\packs\Microsoft.NETCore.App.Ref\10.0.4\ref\net10.0\System.Threading.Overlapped.dll" /reference:"C:\Program Files\dotnet\packs\Microsoft.NETCore.App.Ref\10.0.4\ref\net10.0\System.Threading.Tasks.Dataflow.dll" /reference:"C:\Program Files\dotnet\packs\Microsoft.NETCore.App.Ref\10.0.4\ref\net10.0\System.Threading.Tasks.dll" /reference:"C:\Program Files\dotnet\packs\Microsoft.NETCore.App.Ref\10.0.4\ref\net10.0\System.Threading.Tasks.Extensions.dll" /reference:"C:\Program Files\dotnet\packs\Microsoft.NETCore.App.Ref\10.0.4\ref\net10.0\System.Threading.Tasks.Parallel.dll" /reference:"C:\Program Files\dotnet\packs\Microsoft.NETCore.App.Ref\10.0.4\ref\net10.0\System.Threading.Thread.dll" /reference:"C:\Program Files\dotnet\packs\Microsoft.NETCore.App.Ref\10.0.4\ref\net10.0\System.Threading.ThreadPool.dll" /reference:"C:\Program Files\dotnet\packs\Microsoft.NETCore.App.Ref\10.0.4\ref\net10.0\System.Threading.Timer.dll" /reference:"C:\Program Files\dotnet\packs\Microsoft.NETCore.App.Ref\10.0.4\ref\net10.0\System.Transactions.dll" /reference:"C:\Program Files\dotnet\packs\Microsoft.NETCore.App.Ref\10.0.4\ref\net10.0\System.Transactions.Local.dll" /reference:"C:\Program Files\dotnet\packs\Microsoft.NETCore.App.Ref\10.0.4\ref\net10.0\System.ValueTuple.dll" /reference:"C:\Program Files\dotnet\packs\Microsoft.NETCore.App.Ref\10.0.4\ref\net10.0\System.Web.dll" /reference:"C:\Program Files\dotnet\packs\Microsoft.NETCore.App.Ref\10.0.4\ref\net10.0\System.Web.HttpUtility.dll" /reference:"C:\Program Files\dotnet\packs\Microsoft.NETCore.App.Ref\10.0.4\ref\net10.0\System.Windows.dll" /reference:D:\packages\nuget\system.windows.extensions\6.0.0\lib\net6.0\System.Windows.Extensions.dll /reference:"C:\Program Files\dotnet\packs\Microsoft.NETCore.App.Ref\10.0.4\ref\net10.0\System.Xml.dll" /reference:"C:\Program Files\dotnet\packs\Microsoft.NETCore.App.Ref\10.0.4\ref\net10.0\System.Xml.Linq.dll" /reference:"C:\Program Files\dotnet\packs\Microsoft.NETCore.App.Ref\10.0.4\ref\net10.0\System.Xml.ReaderWriter.dll" /reference:"C:\Program Files\dotnet\packs\Microsoft.NETCore.App.Ref\10.0.4\ref\net10.0\System.Xml.Serialization.dll" /reference:"C:\Program Files\dotnet\packs\Microsoft.NETCore.App.Ref\10.0.4\ref\net10.0\System.Xml.XDocument.dll" /reference:"C:\Program Files\dotnet\packs\Microsoft.NETCore.App.Ref\10.0.4\ref\net10.0\System.Xml.XmlDocument.dll" /reference:"C:\Program Files\dotnet\packs\Microsoft.NETCore.App.Ref\10.0.4\ref\net10.0\System.Xml.XmlSerializer.dll" /reference:"C:\Program Files\dotnet\packs\Microsoft.NETCore.App.Ref\10.0.4\ref\net10.0\System.Xml.XPath.dll" /reference:"C:\Program Files\dotnet\packs\Microsoft.NETCore.App.Ref\10.0.4\ref\net10.0\System.Xml.XPath.XDocument.dll" /reference:D:\packages\nuget\microsoft.testplatform.testhost\18.3.0\lib\net8.0\testhost.dll /reference:D:\warhub\wham\artifacts\obj\WarHub.ArmouryModel.Concrete.Extensions\debug\ref\WarHub.ArmouryModel.Concrete.Extensions.dll /reference:D:\warhub\wham\artifacts\obj\WarHub.ArmouryModel.EditorServices\debug\ref\WarHub.ArmouryModel.EditorServices.dll /reference:D:\warhub\wham\artifacts\obj\WarHub.ArmouryModel.Extensions\debug\ref\WarHub.ArmouryModel.Extensions.dll /reference:D:\warhub\wham\artifacts\obj\WarHub.ArmouryModel.RosterEngine\debug\ref\WarHub.ArmouryModel.RosterEngine.dll /reference:D:\warhub\wham\artifacts\obj\WarHub.ArmouryModel.Source.BattleScribe\debug\ref\WarHub.ArmouryModel.Source.BattleScribe.dll /reference:D:\warhub\wham\artifacts\obj\WarHub.ArmouryModel.Source\debug\ref\WarHub.ArmouryModel.Source.dll /reference:"C:\Program Files\dotnet\packs\Microsoft.NETCore.App.Ref\10.0.4\ref\net10.0\WindowsBase.dll" /reference:D:\packages\nuget\xunit.v3.assert\3.2.2\lib\net8.0\xunit.v3.assert.dll /reference:D:\packages\nuget\xunit.v3.common\3.2.2\lib\netstandard2.0\xunit.v3.common.dll /reference:D:\packages\nuget\xunit.v3.extensibility.core\3.2.2\lib\netstandard2.0\xunit.v3.core.dll /reference:D:\packages\nuget\xunit.v3.core.mtp-v1\3.2.2\lib\net8.0\xunit.v3.mtp-v1.dll /reference:D:\packages\nuget\xunit.v3.runner.common\3.2.2\lib\netstandard2.0\xunit.v3.runner.common.dll /reference:D:\packages\nuget\xunit.v3.runner.inproc.console\3.2.2\lib\net8.0\xunit.v3.runner.inproc.console.dll /reference:D:\packages\nuget\yamldotnet\16.3.0\lib\net8.0\YamlDotNet.dll /features:"InterceptorsNamespaces=;Microsoft.Extensions.Validation.Generated" /debug+ /debug:portable /filealign:512 /optimize- /out:D:\warhub\wham\artifacts\obj\WarHub.ArmouryModel.RosterEngine.Tests\debug\WarHub.ArmouryModel.RosterEngine.Tests.dll /refout:D:\warhub\wham\artifacts\obj\WarHub.ArmouryModel.RosterEngine.Tests\debug\refint\WarHub.ArmouryModel.RosterEngine.Tests.dll /target:exe /warnaserror- /utf8output /deterministic+ /langversion:latest /embed:D:\warhub\wham\artifacts\obj\WarHub.ArmouryModel.RosterEngine.Tests\debug\WarHub.ArmouryModel.RosterEngine.Tests.Version.cs /embed:D:\warhub\wham\artifacts\obj\WarHub.ArmouryModel.RosterEngine.Tests\debug\WarHub.ArmouryModel.RosterEngine.Tests.GlobalUsings.g.cs /embed:"D:\warhub\wham\artifacts\obj\WarHub.ArmouryModel.RosterEngine.Tests\debug\.NETCoreApp,Version=v10.0.AssemblyAttributes.cs" /embed:D:\warhub\wham\artifacts\obj\WarHub.ArmouryModel.RosterEngine.Tests\debug\SelfRegisteredExtensions.cs /embed:D:\packages\nuget\xunit.v3.core.mtp-v1\3.2.2\buildTransitive\..\_content\DefaultRunnerReporters.cs /embed:D:\warhub\wham\artifacts\obj\WarHub.ArmouryModel.RosterEngine.Tests\debug\XunitAutoGeneratedEntryPoint.cs /embed:D:\warhub\wham\artifacts\obj\WarHub.ArmouryModel.RosterEngine.Tests\debug\WarHub.ArmouryModel.RosterEngine.Tests.AssemblyInfo.cs /analyzerconfig:D:\warhub\wham\.editorconfig /analyzerconfig:D:\warhub\wham\tests\.editorconfig /analyzerconfig:D:\warhub\wham\artifacts\obj\WarHub.ArmouryModel.RosterEngine.Tests\debug\WarHub.ArmouryModel.RosterEngine.Tests.GeneratedMSBuildEditorConfig.editorconfig /analyzerconfig:"C:\Program Files\dotnet\sdk\10.0.104\Sdks\Microsoft.NET.Sdk\analyzers\build\config\analysislevel_10_all.globalconfig" /analyzer:"C:\Program Files\dotnet\sdk\10.0.104\Sdks\Microsoft.NET.Sdk\targets\..\analyzers\Microsoft.CodeAnalysis.CSharp.NetAnalyzers.dll" /analyzer:"C:\Program Files\dotnet\sdk\10.0.104\Sdks\Microsoft.NET.Sdk\targets\..\analyzers\Microsoft.CodeAnalysis.NetAnalyzers.dll" /analyzer:D:\packages\nuget\xunit.analyzers\1.27.0\analyzers\dotnet\cs\xunit.analyzers.dll /analyzer:D:\packages\nuget\xunit.analyzers\1.27.0\analyzers\dotnet\cs\xunit.analyzers.fixes.dll /analyzer:"C:\Program Files\dotnet\packs\Microsoft.NETCore.App.Ref\10.0.4\analyzers/dotnet/cs/Microsoft.Interop.ComInterfaceGenerator.dll" /analyzer:"C:\Program Files\dotnet\packs\Microsoft.NETCore.App.Ref\10.0.4\analyzers/dotnet/cs/Microsoft.Interop.JavaScript.JSImportGenerator.dll" /analyzer:"C:\Program Files\dotnet\packs\Microsoft.NETCore.App.Ref\10.0.4\analyzers/dotnet/cs/Microsoft.Interop.LibraryImportGenerator.dll" /analyzer:"C:\Program Files\dotnet\packs\Microsoft.NETCore.App.Ref\10.0.4\analyzers/dotnet/cs/Microsoft.Interop.SourceGeneration.dll" /analyzer:"C:\Program Files\dotnet\packs\Microsoft.NETCore.App.Ref\10.0.4\analyzers/dotnet/cs/System.Text.Json.SourceGeneration.dll" /analyzer:"C:\Program Files\dotnet\packs\Microsoft.NETCore.App.Ref\10.0.4\analyzers/dotnet/cs/System.Text.RegularExpressions.Generator.dll" D:\warhub\wham\artifacts\obj\WarHub.ArmouryModel.RosterEngine.Tests\debug\WarHub.ArmouryModel.RosterEngine.Tests.Version.cs ConformanceTests.cs WhamRosterEngineTests.cs D:\warhub\wham\artifacts\obj\WarHub.ArmouryModel.RosterEngine.Tests\debug\WarHub.ArmouryModel.RosterEngine.Tests.GlobalUsings.g.cs "D:\warhub\wham\artifacts\obj\WarHub.ArmouryModel.RosterEngine.Tests\debug\.NETCoreApp,Version=v10.0.AssemblyAttributes.cs" D:\warhub\wham\artifacts\obj\WarHub.ArmouryModel.RosterEngine.Tests\debug\SelfRegisteredExtensions.cs D:\packages\nuget\xunit.v3.core.mtp-v1\3.2.2\buildTransitive\..\_content\DefaultRunnerReporters.cs D:\warhub\wham\artifacts\obj\WarHub.ArmouryModel.RosterEngine.Tests\debug\XunitAutoGeneratedEntryPoint.cs D:\warhub\wham\artifacts\obj\WarHub.ArmouryModel.RosterEngine.Tests\debug\WarHub.ArmouryModel.RosterEngine.Tests.AssemblyInfo.cs /warnaserror+:NU1605,SYSLIB0011'
         Attempt to open named pipe 'yQiqoU4G1HkDoitZ6p1liDWTIZlE_laOFRNKsOjNUzk'
         Attempt to connect named pipe 'yQiqoU4G1HkDoitZ6p1liDWTIZlE_laOFRNKsOjNUzk'
         Named pipe 'yQiqoU4G1HkDoitZ6p1liDWTIZlE_laOFRNKsOjNUzk' connected
         Begin writing request for WarHub.ArmouryModel.RosterEngine.Tests (net10.0)
         End writing request for WarHub.ArmouryModel.RosterEngine.Tests (net10.0)
         Begin reading response for WarHub.ArmouryModel.RosterEngine.Tests (net10.0)
         End reading response for WarHub.ArmouryModel.RosterEngine.Tests (net10.0)
     1>D:\warhub\wham\tests\WarHub.ArmouryModel.RosterEngine.Tests\ConformanceTests.cs(17,13): warning CA1031: Modify 'AllSpecs' to catch a more specific allowed exception type, or rethrow the exception (https://learn.microsoft.com/dotnet/fundamentals/code-analysis/quality-rules/ca1031) [D:\warhub\wham\tests\WarHub.ArmouryModel.RosterEngine.Tests\WarHub.ArmouryModel.RosterEngine.Tests.csproj]
         CompilerServer: server - server processed compilation - WarHub.ArmouryModel.RosterEngine.Tests (net10.0)
       _CopyFilesMarkedCopyLocal:
         Copying file from "D:\warhub\wham\artifacts\bin\WarHub.ArmouryModel.Concrete.Extensions\debug\WarHub.ArmouryModel.Concrete.Extensions.dll" to "D:\warhub\wham\artifacts\bin\WarHub.ArmouryModel.RosterEngine.Tests\debug\WarHub.ArmouryModel.Concrete.Extensions.dll".
         Copying file from "D:\warhub\wham\artifacts\bin\WarHub.ArmouryModel.Source.BattleScribe\debug\WarHub.ArmouryModel.Source.BattleScribe.dll" to "D:\warhub\wham\artifacts\bin\WarHub.ArmouryModel.RosterEngine.Tests\debug\WarHub.ArmouryModel.Source.BattleScribe.dll".
         Copying file from "D:\warhub\wham\artifacts\bin\WarHub.ArmouryModel.Extensions\debug\WarHub.ArmouryModel.Extensions.dll" to "D:\warhub\wham\artifacts\bin\WarHub.ArmouryModel.RosterEngine.Tests\debug\WarHub.ArmouryModel.Extensions.dll".
         Copying file from "D:\warhub\wham\artifacts\bin\WarHub.ArmouryModel.EditorServices\debug\WarHub.ArmouryModel.EditorServices.dll" to "D:\warhub\wham\artifacts\bin\WarHub.ArmouryModel.RosterEngine.Tests\debug\WarHub.ArmouryModel.EditorServices.dll".
         Copying file from "D:\warhub\wham\artifacts\bin\WarHub.ArmouryModel.RosterEngine\debug\WarHub.ArmouryModel.RosterEngine.dll" to "D:\warhub\wham\artifacts\bin\WarHub.ArmouryModel.RosterEngine.Tests\debug\WarHub.ArmouryModel.RosterEngine.dll".
         Copying file from "D:\warhub\wham\artifacts\bin\WarHub.ArmouryModel.Source\debug\WarHub.ArmouryModel.Source.dll" to "D:\warhub\wham\artifacts\bin\WarHub.ArmouryModel.RosterEngine.Tests\debug\WarHub.ArmouryModel.Source.dll".
         Copying file from "D:\warhub\wham\artifacts\bin\WarHub.ArmouryModel.RosterEngine\debug\WarHub.ArmouryModel.RosterEngine.pdb" to "D:\warhub\wham\artifacts\bin\WarHub.ArmouryModel.RosterEngine.Tests\debug\WarHub.ArmouryModel.RosterEngine.pdb".
         Copying file from "D:\warhub\wham\artifacts\bin\WarHub.ArmouryModel.RosterEngine\debug\WarHub.ArmouryModel.RosterEngine.xml" to "D:\warhub\wham\artifacts\bin\WarHub.ArmouryModel.RosterEngine.Tests\debug\WarHub.ArmouryModel.RosterEngine.xml".
         Copying file from "D:\warhub\wham\artifacts\bin\WarHub.ArmouryModel.EditorServices\debug\WarHub.ArmouryModel.EditorServices.xml" to "D:\warhub\wham\artifacts\bin\WarHub.ArmouryModel.RosterEngine.Tests\debug\WarHub.ArmouryModel.EditorServices.xml".
         Copying file from "D:\warhub\wham\artifacts\bin\WarHub.ArmouryModel.Concrete.Extensions\debug\WarHub.ArmouryModel.Concrete.Extensions.pdb" to "D:\warhub\wham\artifacts\bin\WarHub.ArmouryModel.RosterEngine.Tests\debug\WarHub.ArmouryModel.Concrete.Extensions.pdb".
         Copying file from "D:\warhub\wham\artifacts\bin\WarHub.ArmouryModel.Concrete.Extensions\debug\WarHub.ArmouryModel.Concrete.Extensions.xml" to "D:\warhub\wham\artifacts\bin\WarHub.ArmouryModel.RosterEngine.Tests\debug\WarHub.ArmouryModel.Concrete.Extensions.xml".
         Copying file from "D:\warhub\wham\artifacts\bin\WarHub.ArmouryModel.EditorServices\debug\WarHub.ArmouryModel.EditorServices.pdb" to "D:\warhub\wham\artifacts\bin\WarHub.ArmouryModel.RosterEngine.Tests\debug\WarHub.ArmouryModel.EditorServices.pdb".
         Copying file from "D:\warhub\wham\artifacts\bin\WarHub.ArmouryModel.Extensions\debug\WarHub.ArmouryModel.Extensions.pdb" to "D:\warhub\wham\artifacts\bin\WarHub.ArmouryModel.RosterEngine.Tests\debug\WarHub.ArmouryModel.Extensions.pdb".
         Copying file from "D:\warhub\wham\artifacts\bin\WarHub.ArmouryModel.Extensions\debug\WarHub.ArmouryModel.Extensions.xml" to "D:\warhub\wham\artifacts\bin\WarHub.ArmouryModel.RosterEngine.Tests\debug\WarHub.ArmouryModel.Extensions.xml".
         Copying file from "D:\warhub\wham\artifacts\bin\WarHub.ArmouryModel.Source\debug\WarHub.ArmouryModel.Source.pdb" to "D:\warhub\wham\artifacts\bin\WarHub.ArmouryModel.RosterEngine.Tests\debug\WarHub.ArmouryModel.Source.pdb".
         Copying file from "D:\warhub\wham\artifacts\bin\WarHub.ArmouryModel.Source\debug\WarHub.ArmouryModel.Source.xml" to "D:\warhub\wham\artifacts\bin\WarHub.ArmouryModel.RosterEngine.Tests\debug\WarHub.ArmouryModel.Source.xml".
         Copying file from "D:\warhub\wham\artifacts\bin\WarHub.ArmouryModel.Source.BattleScribe\debug\WarHub.ArmouryModel.Source.BattleScribe.xml" to "D:\warhub\wham\artifacts\bin\WarHub.ArmouryModel.RosterEngine.Tests\debug\WarHub.ArmouryModel.Source.BattleScribe.xml".
         Copying file from "D:\warhub\wham\artifacts\bin\WarHub.ArmouryModel.Source.BattleScribe\debug\WarHub.ArmouryModel.Source.BattleScribe.pdb" to "D:\warhub\wham\artifacts\bin\WarHub.ArmouryModel.RosterEngine.Tests\debug\WarHub.ArmouryModel.Source.BattleScribe.pdb".
         Touching "D:\warhub\wham\artifacts\obj\WarHub.ArmouryModel.RosterEngine.Tests\debug\WarHub.A.B187B03F.Up2Date".
       _CopyOutOfDateSourceItemsToOutputDirectory:
       Building target "_CopyOutOfDateSourceItemsToOutputDirectory" partially, because some output files are out of date with respect to their input files.
         Copying file from "D:\warhub\wham\artifacts\obj\WarHub.ArmouryModel.RosterEngine.Tests\debug\apphost.exe" to "D:\warhub\wham\artifacts\bin\WarHub.ArmouryModel.RosterEngine.Tests\debug\WarHub.ArmouryModel.RosterEngine.Tests.exe".
       GenerateBuildDependencyFile:
       Skipping target "GenerateBuildDependencyFile" because all output files are up-to-date with respect to the input files.
       GenerateBuildRuntimeConfigurationFiles:
       Skipping target "GenerateBuildRuntimeConfigurationFiles" because all output files are up-to-date with respect to the input files.
       CopyFilesToOutputDirectory:
         Copying file from "D:\warhub\wham\artifacts\obj\WarHub.ArmouryModel.RosterEngine.Tests\debug\WarHub.ArmouryModel.RosterEngine.Tests.dll" to "D:\warhub\wham\artifacts\bin\WarHub.ArmouryModel.RosterEngine.Tests\debug\WarHub.ArmouryModel.RosterEngine.Tests.dll".
         WarHub.ArmouryModel.RosterEngine.Tests -> D:\warhub\wham\artifacts\bin\WarHub.ArmouryModel.RosterEngine.Tests\debug\WarHub.ArmouryModel.RosterEngine.Tests.dll
         Copying file from "D:\warhub\wham\artifacts\obj\WarHub.ArmouryModel.RosterEngine.Tests\debug\WarHub.ArmouryModel.RosterEngine.Tests.pdb" to "D:\warhub\wham\artifacts\bin\WarHub.ArmouryModel.RosterEngine.Tests\debug\WarHub.ArmouryModel.RosterEngine.Tests.pdb".
         Copying file from "D:\warhub\wham\artifacts\obj\WarHub.ArmouryModel.RosterEngine.Tests\debug\WarHub.ArmouryModel.RosterEngine.Tests.xml" to "D:\warhub\wham\artifacts\bin\WarHub.ArmouryModel.RosterEngine.Tests\debug\WarHub.ArmouryModel.RosterEngine.Tests.xml".
     1>Done Building Project "D:\warhub\wham\tests\WarHub.ArmouryModel.RosterEngine.Tests\WarHub.ArmouryModel.RosterEngine.Tests.csproj" (default targets).
     1>BuildProject:
         Build completed.
         
Test run for D:\warhub\wham\artifacts\bin\WarHub.ArmouryModel.RosterEngine.Tests\debug\WarHub.ArmouryModel.RosterEngine.Tests.dll (.NETCoreApp,Version=v10.0)
VSTest version 18.0.1 (x64)

Starting test execution, please wait...
A total of 1 test files matched the specified pattern.
D:\warhub\wham\artifacts\bin\WarHub.ArmouryModel.RosterEngine.Tests\debug\WarHub.ArmouryModel.RosterEngine.Tests.dll
[xUnit.net 00:00:00.00] xUnit.net VSTest Adapter v3.1.5+1b188a7b0a (64-bit .NET 10.0.4)
[xUnit.net 00:00:00.38]   Discovering: WarHub.ArmouryModel.RosterEngine.Tests
[xUnit.net 00:00:01.40]   Discovered:  WarHub.ArmouryModel.RosterEngine.Tests
[xUnit.net 00:00:01.75]   Starting:    WarHub.ArmouryModel.RosterEngine.Tests
  Passed WarHub.ArmouryModel.RosterEngine.Tests.WhamRosterEngineTests.AddForce_CreatesEmptyForce [54 ms]
  Passed WarHub.ArmouryModel.RosterEngine.Tests.WhamRosterEngineTests.Costs_CalculatedCorrectly [27 ms]
  Passed WarHub.ArmouryModel.RosterEngine.Tests.WhamRosterEngineTests.AutoSelect_MinConstraint [5 ms]
  Passed WarHub.ArmouryModel.RosterEngine.Tests.WhamRosterEngineTests.DuplicateSelection_CreatesClone [4 ms]
  Passed WarHub.ArmouryModel.RosterEngine.Tests.WhamRosterEngineTests.Setup_ReturnsNoErrors [< 1 ms]
  Passed WarHub.ArmouryModel.RosterEngine.Tests.WhamRosterEngineTests.CostLimit_GeneratesError [16 ms]
  Passed WarHub.ArmouryModel.RosterEngine.Tests.WhamRosterEngineTests.DeselectSelection_RemovesSelection [< 1 ms]
  Passed WarHub.ArmouryModel.RosterEngine.Tests.WhamRosterEngineTests.RemoveForce_RemovesForce [< 1 ms]
  Passed WarHub.ArmouryModel.RosterEngine.Tests.WhamRosterEngineTests.SetSelectionCount_IsNoOpForRootEntries [1 ms]
  Passed WarHub.ArmouryModel.RosterEngine.Tests.WhamRosterEngineTests.SelectEntry_AddsSelection [< 1 ms]
  Passed WarHub.ArmouryModel.RosterEngine.Tests.ConformanceTests.Spec(id: "cost-limit-query-resolution", resourceName: "BattleScribeSpec.specs.cost.cost-limit-query-resol"┬╖┬╖┬╖) [158 ms]
  Passed WarHub.ArmouryModel.RosterEngine.Tests.ConformanceTests.Spec(id: "condition-instance-of-by-type", resourceName: "BattleScribeSpec.specs.condition.condition-instanc"┬╖┬╖┬╖) [13 ms]
  Passed WarHub.ArmouryModel.RosterEngine.Tests.ConformanceTests.Spec(id: "condition-group-and", resourceName: "BattleScribeSpec.specs.condition.condition-group-a"┬╖┬╖┬╖) [8 ms]
  Passed WarHub.ArmouryModel.RosterEngine.Tests.ConformanceTests.Spec(id: "modifier-no-modifier", resourceName: "BattleScribeSpec.specs.modifier.modifier-no-modifi"┬╖┬╖┬╖) [3 ms]
  Passed WarHub.ArmouryModel.RosterEngine.Tests.ConformanceTests.Spec(id: "catalogue-cost-types", resourceName: "BattleScribeSpec.specs.catalogue.catalogue-cost-ty"┬╖┬╖┬╖) [3 ms]
  Passed WarHub.ArmouryModel.RosterEngine.Tests.ConformanceTests.Spec(id: "cost-multi-type", resourceName: "BattleScribeSpec.specs.cost.cost-multi-type.yaml") [1 ms]
  Passed WarHub.ArmouryModel.RosterEngine.Tests.ConformanceTests.Spec(id: "gamesystem-root-selectionentry", resourceName: "BattleScribeSpec.specs.gamesystem.gamesystem-root-"┬╖┬╖┬╖) [< 1 ms]
[xUnit.net 00:00:02.09]     WarHub.ArmouryModel.RosterEngine.Tests.ConformanceTests.Spec(id: "constraint-entry-link-shared-counting", resourceName: "BattleScribeSpec.specs.constraint.constraint-entry"┬╖┬╖┬╖) [FAIL]
[xUnit.net 00:00:02.09]       Spec constraint-entry-link-shared-counting failed:
Step 7: expected error [on='selection shared-unit', from='shared-unit/con-max-shared'] not found in: []
Step 7: expected 1 error(s) but got 0: []
[xUnit.net 00:00:02.09]       Stack Trace:
[xUnit.net 00:00:02.10]         D:\warhub\wham\tests\WarHub.ArmouryModel.RosterEngine.Tests\ConformanceTests.cs(35,0): at WarHub.ArmouryModel.RosterEngine.Tests.ConformanceTests.Spec(String id, String resourceName)
[xUnit.net 00:00:02.10]            at InvokeStub_ConformanceTests.Spec(Object, Span`1)
[xUnit.net 00:00:02.10]            at System.Reflection.MethodBaseInvoker.InvokeWithFewArgs(Object obj, BindingFlags invokeAttr, Binder binder, Object[] parameters, CultureInfo culture)
[xUnit.net 00:00:02.10]     WarHub.ArmouryModel.RosterEngine.Tests.ConformanceTests.Spec(id: "constraint-percent-value-at-limit", resourceName: "BattleScribeSpec.specs.constraint.constraint-perce"┬╖┬╖┬╖) [FAIL]
[xUnit.net 00:00:02.10]       Spec constraint-percent-value-at-limit failed:
Step 2: expected error [on='selection se-1', from='se-1/c1'] not found in: []
Step 2: expected 1 error(s) but got 0: []
[xUnit.net 00:00:02.10]       Stack Trace:
[xUnit.net 00:00:02.10]         D:\warhub\wham\tests\WarHub.ArmouryModel.RosterEngine.Tests\ConformanceTests.cs(35,0): at WarHub.ArmouryModel.RosterEngine.Tests.ConformanceTests.Spec(String id, String resourceName)
[xUnit.net 00:00:02.10]            at InvokeStub_ConformanceTests.Spec(Object, Span`1)
[xUnit.net 00:00:02.10]            at System.Reflection.MethodBaseInvoker.InvokeWithFewArgs(Object obj, BindingFlags invokeAttr, Binder binder, Object[] parameters, CultureInfo culture)
  Failed WarHub.ArmouryModel.RosterEngine.Tests.ConformanceTests.Spec(id: "constraint-entry-link-shared-counting", resourceName: "BattleScribeSpec.specs.constraint.constraint-entry"┬╖┬╖┬╖) [15 ms]
  Error Message:
   Spec constraint-entry-link-shared-counting failed:
Step 7: expected error [on='selection shared-unit', from='shared-unit/con-max-shared'] not found in: []
Step 7: expected 1 error(s) but got 0: []
  Stack Trace:
     at WarHub.ArmouryModel.RosterEngine.Tests.ConformanceTests.Spec(String id, String resourceName) in D:\warhub\wham\tests\WarHub.ArmouryModel.RosterEngine.Tests\ConformanceTests.cs:line 35
   at InvokeStub_ConformanceTests.Spec(Object, Span`1)
   at System.Reflection.MethodBaseInvoker.InvokeWithFewArgs(Object obj, BindingFlags invokeAttr, Binder binder, Object[] parameters, CultureInfo culture)
  Passed WarHub.ArmouryModel.RosterEngine.Tests.ConformanceTests.Spec(id: "condition-multiple-and", resourceName: "BattleScribeSpec.specs.condition.condition-multipl"┬╖┬╖┬╖) [2 ms]
  Failed WarHub.ArmouryModel.RosterEngine.Tests.ConformanceTests.Spec(id: "constraint-percent-value-at-limit", resourceName: "BattleScribeSpec.specs.constraint.constraint-perce"┬╖┬╖┬╖) [7 ms]
  Error Message:
   Spec constraint-percent-value-at-limit failed:
Step 2: expected error [on='selection se-1', from='se-1/c1'] not found in: []
Step 2: expected 1 error(s) but got 0: []
  Stack Trace:
     at WarHub.ArmouryModel.RosterEngine.Tests.ConformanceTests.Spec(String id, String resourceName) in D:\warhub\wham\tests\WarHub.ArmouryModel.RosterEngine.Tests\ConformanceTests.cs:line 35
   at InvokeStub_ConformanceTests.Spec(Object, Span`1)
   at System.Reflection.MethodBaseInvoker.InvokeWithFewArgs(Object obj, BindingFlags invokeAttr, Binder binder, Object[] parameters, CultureInfo culture)
  Passed WarHub.ArmouryModel.RosterEngine.Tests.ConformanceTests.Spec(id: "roster-multiple-selections", resourceName: "BattleScribeSpec.specs.roster.roster-multiple-sele"┬╖┬╖┬╖) [2 ms]
  Passed WarHub.ArmouryModel.RosterEngine.Tests.ConformanceTests.Spec(id: "force-selections-independent", resourceName: "BattleScribeSpec.specs.force.force-selections-inde"┬╖┬╖┬╖) [1 ms]
  Passed WarHub.ArmouryModel.RosterEngine.Tests.ConformanceTests.Spec(id: "import-true-entry-visible-via-link", resourceName: "BattleScribeSpec.specs.selection.import-true-entry"┬╖┬╖┬╖) [2 ms]
  Passed WarHub.ArmouryModel.RosterEngine.Tests.ConformanceTests.Spec(id: "selection-hidden-entry", resourceName: "BattleScribeSpec.specs.selection.selection-hidden-"┬╖┬╖┬╖) [2 ms]
  Passed WarHub.ArmouryModel.RosterEngine.Tests.ConformanceTests.Spec(id: "modifier-number-set", resourceName: "BattleScribeSpec.specs.modifier.modifier-number-se"┬╖┬╖┬╖) [3 ms]
  Passed WarHub.ArmouryModel.RosterEngine.Tests.ConformanceTests.Spec(id: "selection-multiple-entries", resourceName: "BattleScribeSpec.specs.selection.selection-multipl"┬╖┬╖┬╖) [1 ms]
[xUnit.net 00:00:02.14]     WarHub.ArmouryModel.RosterEngine.Tests.ConformanceTests.Spec(id: "constraint-forces-field-on-forceentry", resourceName: "BattleScribeSpec.specs.constraint.constraint-force"┬╖┬╖┬╖) [FAIL]
[xUnit.net 00:00:02.14]       Spec constraint-forces-field-on-forceentry failed:
Step 5: expected error [on='roster', from='fe-patrol/con-max-forces'] not found in: []
Step 5: expected error [on='roster', from='fe-patrol/con-max-forces'] not found in: []
Step 5: expected error [on='roster', from='fe-patrol/con-max-forces'] not found in: []
Step 5: expected 3 error(s) but got 0: []
[xUnit.net 00:00:02.14]       Stack Trace:
[xUnit.net 00:00:02.14]         D:\warhub\wham\tests\WarHub.ArmouryModel.RosterEngine.Tests\ConformanceTests.cs(35,0): at WarHub.ArmouryModel.RosterEngine.Tests.ConformanceTests.Spec(String id, String resourceName)
[xUnit.net 00:00:02.14]            at InvokeStub_ConformanceTests.Spec(Object, Span`1)
[xUnit.net 00:00:02.14]            at System.Reflection.MethodBaseInvoker.InvokeWithFewArgs(Object obj, BindingFlags invokeAttr, Binder binder, Object[] parameters, CultureInfo culture)
  Passed WarHub.ArmouryModel.RosterEngine.Tests.ConformanceTests.Spec(id: "nested-children-deep", resourceName: "BattleScribeSpec.specs.selection.nested-children-d"┬╖┬╖┬╖) [2 ms]
  Passed WarHub.ArmouryModel.RosterEngine.Tests.ConformanceTests.Spec(id: "condition-instance-of-self-category", resourceName: "BattleScribeSpec.specs.condition.condition-instanc"┬╖┬╖┬╖) [2 ms]
  Passed WarHub.ArmouryModel.RosterEngine.Tests.ConformanceTests.Spec(id: "publication-on-catalogue", resourceName: "BattleScribeSpec.specs.selection.publication-on-ca"┬╖┬╖┬╖) [2 ms]
  Passed WarHub.ArmouryModel.RosterEngine.Tests.ConformanceTests.Spec(id: "force-entry-publication", resourceName: "BattleScribeSpec.specs.selection.force-entry-publi"┬╖┬╖┬╖) [2 ms]
  Passed WarHub.ArmouryModel.RosterEngine.Tests.ConformanceTests.Spec(id: "selection-same-entry-twice", resourceName: "BattleScribeSpec.specs.selection.selection-same-en"┬╖┬╖┬╖) [1 ms]
  Passed WarHub.ArmouryModel.RosterEngine.Tests.ConformanceTests.Spec(id: "import-false-entry-direct-use", resourceName: "BattleScribeSpec.specs.selection.import-false-entr"┬╖┬╖┬╖) [1 ms]
  Failed WarHub.ArmouryModel.RosterEngine.Tests.ConformanceTests.Spec(id: "constraint-forces-field-on-forceentry", resourceName: "BattleScribeSpec.specs.constraint.constraint-force"┬╖┬╖┬╖) [2 ms]
  Error Message:
   Spec constraint-forces-field-on-forceentry failed:
Step 5: expected error [on='roster', from='fe-patrol/con-max-forces'] not found in: []
Step 5: expected error [on='roster', from='fe-patrol/con-max-forces'] not found in: []
Step 5: expected error [on='roster', from='fe-patrol/con-max-forces'] not found in: []
Step 5: expected 3 error(s) but got 0: []
  Stack Trace:
     at WarHub.ArmouryModel.RosterEngine.Tests.ConformanceTests.Spec(String id, String resourceName) in D:\warhub\wham\tests\WarHub.ArmouryModel.RosterEngine.Tests\ConformanceTests.cs:line 35
   at InvokeStub_ConformanceTests.Spec(Object, Span`1)
   at System.Reflection.MethodBaseInvoker.InvokeWithFewArgs(Object obj, BindingFlags invokeAttr, Binder binder, Object[] parameters, CultureInfo culture)
  Passed WarHub.ArmouryModel.RosterEngine.Tests.ConformanceTests.Spec(id: "force-with-categories", resourceName: "BattleScribeSpec.specs.force.force-with-categories"┬╖┬╖┬╖) [< 1 ms]
  Passed WarHub.ArmouryModel.RosterEngine.Tests.ConformanceTests.Spec(id: "auto-select-multiple-min", resourceName: "BattleScribeSpec.specs.auto_select.auto-select-mul"┬╖┬╖┬╖) [2 ms]
  Passed WarHub.ArmouryModel.RosterEngine.Tests.ConformanceTests.Spec(id: "entry-group-nested-groups", resourceName: "BattleScribeSpec.specs.entry_group.entry-group-nes"┬╖┬╖┬╖) [4 ms]
  Passed WarHub.ArmouryModel.RosterEngine.Tests.ConformanceTests.Spec(id: "info-link-with-modifiers", resourceName: "BattleScribeSpec.specs.selection.info-link-with-mo"┬╖┬╖┬╖) [8 ms]
  Passed WarHub.ArmouryModel.RosterEngine.Tests.ConformanceTests.Spec(id: "cost-set-limit", resourceName: "BattleScribeSpec.specs.cost.cost-set-limit.yaml") [2 ms]
  Passed WarHub.ArmouryModel.RosterEngine.Tests.ConformanceTests.Spec(id: "constraint-multiple-entries-independent", resourceName: "BattleScribeSpec.specs.constraint.constraint-multi"┬╖┬╖┬╖) [1 ms]
  Passed WarHub.ArmouryModel.RosterEngine.Tests.ConformanceTests.Spec(id: "condition-childid-group", resourceName: "BattleScribeSpec.specs.condition.condition-childid"┬╖┬╖┬╖) [1 ms]
  Passed WarHub.ArmouryModel.RosterEngine.Tests.ConformanceTests.Spec(id: "force-multi-catalogue-two-forces", resourceName: "BattleScribeSpec.specs.force.force-multi-catalogue"┬╖┬╖┬╖) [2 ms]
  Passed WarHub.ArmouryModel.RosterEngine.Tests.ConformanceTests.Spec(id: "profile-publication", resourceName: "BattleScribeSpec.specs.selection.profile-publicati"┬╖┬╖┬╖) [11 ms]
  Passed WarHub.ArmouryModel.RosterEngine.Tests.ConformanceTests.Spec(id: "modifier-group-on-infolink", resourceName: "BattleScribeSpec.specs.modifier.modifier-group-on-"┬╖┬╖┬╖) [6 ms]
  Passed WarHub.ArmouryModel.RosterEngine.Tests.ConformanceTests.Spec(id: "condition-at-most", resourceName: "BattleScribeSpec.specs.condition.condition-at-most"┬╖┬╖┬╖) [1 ms]
  Passed WarHub.ArmouryModel.RosterEngine.Tests.ConformanceTests.Spec(id: "selection-entry-group-constraint", resourceName: "BattleScribeSpec.specs.selection.selection-entry-g"┬╖┬╖┬╖) [2 ms]
  Passed WarHub.ArmouryModel.RosterEngine.Tests.ConformanceTests.Spec(id: "modifier-repeat-multiple-additive", resourceName: "BattleScribeSpec.specs.modifier.modifier-repeat-mu"┬╖┬╖┬╖) [4 ms]
  Passed WarHub.ArmouryModel.RosterEngine.Tests.ConformanceTests.Spec(id: "condition-childid-force-entry", resourceName: "BattleScribeSpec.specs.condition.condition-childid"┬╖┬╖┬╖) [1 ms]
  Passed WarHub.ArmouryModel.RosterEngine.Tests.ConformanceTests.Spec(id: "roster-name-and-metadata", resourceName: "BattleScribeSpec.specs.roster.roster-name-and-meta"┬╖┬╖┬╖) [< 1 ms]
  Passed WarHub.ArmouryModel.RosterEngine.Tests.ConformanceTests.Spec(id: "entry-link-with-modifier", resourceName: "BattleScribeSpec.specs.selection.entry-link-with-m"┬╖┬╖┬╖) [2 ms]
  Passed WarHub.ArmouryModel.RosterEngine.Tests.ConformanceTests.Spec(id: "constraint-min-violation", resourceName: "BattleScribeSpec.specs.constraint.constraint-min-v"┬╖┬╖┬╖) [1 ms]
  Passed WarHub.ArmouryModel.RosterEngine.Tests.ConformanceTests.Spec(id: "shared-entry-via-entry-link", resourceName: "BattleScribeSpec.specs.selection.shared-entry-via-"┬╖┬╖┬╖) [1 ms]
  Passed WarHub.ArmouryModel.RosterEngine.Tests.ConformanceTests.Spec(id: "modifier-append-name", resourceName: "BattleScribeSpec.specs.modifier.modifier-append-na"┬╖┬╖┬╖) [< 1 ms]
  Passed WarHub.ArmouryModel.RosterEngine.Tests.ConformanceTests.Spec(id: "modifier-set-name", resourceName: "BattleScribeSpec.specs.modifier.modifier-set-name."┬╖┬╖┬╖) [< 1 ms]
[xUnit.net 00:00:02.22]     WarHub.ArmouryModel.RosterEngine.Tests.ConformanceTests.Spec(id: "constraint-forces-field", resourceName: "BattleScribeSpec.specs.constraint.constraint-force"┬╖┬╖┬╖) [FAIL]
[xUnit.net 00:00:02.22]       Spec constraint-forces-field failed:
Step 1: expected error [on='roster', from='se-unit/con-force-field'] not found in: []
Step 1: expected 1 error(s) but got 0: []
Step 3: expected error [on='roster', from='se-unit/con-force-field'] not found in: []
Step 3: expected 1 error(s) but got 0: []
[xUnit.net 00:00:02.22]       Stack Trace:
[xUnit.net 00:00:02.22]         D:\warhub\wham\tests\WarHub.ArmouryModel.RosterEngine.Tests\ConformanceTests.cs(35,0): at WarHub.ArmouryModel.RosterEngine.Tests.ConformanceTests.Spec(String id, String resourceName)
[xUnit.net 00:00:02.22]            at InvokeStub_ConformanceTests.Spec(Object, Span`1)
[xUnit.net 00:00:02.22]            at System.Reflection.MethodBaseInvoker.InvokeWithFewArgs(Object obj, BindingFlags invokeAttr, Binder binder, Object[] parameters, CultureInfo culture)
  Passed WarHub.ArmouryModel.RosterEngine.Tests.ConformanceTests.Spec(id: "modifier-repeat-basic", resourceName: "BattleScribeSpec.specs.modifier.modifier-repeat-ba"┬╖┬╖┬╖) [2 ms]
  Passed WarHub.ArmouryModel.RosterEngine.Tests.ConformanceTests.Spec(id: "force-entry-with-profile", resourceName: "BattleScribeSpec.specs.selection.force-entry-with-"┬╖┬╖┬╖) [3 ms]
  Passed WarHub.ArmouryModel.RosterEngine.Tests.ConformanceTests.Spec(id: "modifier-group-on-infogroup", resourceName: "BattleScribeSpec.specs.modifier.modifier-group-on-"┬╖┬╖┬╖) [4 ms]
  Passed WarHub.ArmouryModel.RosterEngine.Tests.ConformanceTests.Spec(id: "condition-equal-to", resourceName: "BattleScribeSpec.specs.condition.condition-equal-t"┬╖┬╖┬╖) [1 ms]
  Passed WarHub.ArmouryModel.RosterEngine.Tests.ConformanceTests.Spec(id: "scope-roster", resourceName: "BattleScribeSpec.specs.scope.scope-roster.yaml") [1 ms]
  Passed WarHub.ArmouryModel.RosterEngine.Tests.ConformanceTests.Spec(id: "constraint-include-child-forces", resourceName: "BattleScribeSpec.specs.constraint.constraint-inclu"┬╖┬╖┬╖) [1 ms]
  Failed WarHub.ArmouryModel.RosterEngine.Tests.ConformanceTests.Spec(id: "constraint-forces-field", resourceName: "BattleScribeSpec.specs.constraint.constraint-force"┬╖┬╖┬╖) [1 ms]
  Error Message:
   Spec constraint-forces-field failed:
Step 1: expected error [on='roster', from='se-unit/con-force-field'] not found in: []
Step 1: expected 1 error(s) but got 0: []
Step 3: expected error [on='roster', from='se-unit/con-force-field'] not found in: []
Step 3: expected 1 error(s) but got 0: []
  Stack Trace:
     at WarHub.ArmouryModel.RosterEngine.Tests.ConformanceTests.Spec(String id, String resourceName) in D:\warhub\wham\tests\WarHub.ArmouryModel.RosterEngine.Tests\ConformanceTests.cs:line 35
   at InvokeStub_ConformanceTests.Spec(Object, Span`1)
   at System.Reflection.MethodBaseInvoker.InvokeWithFewArgs(Object obj, BindingFlags invokeAttr, Binder binder, Object[] parameters, CultureInfo culture)
  Passed WarHub.ArmouryModel.RosterEngine.Tests.ConformanceTests.Spec(id: "selection-deselect-middle", resourceName: "BattleScribeSpec.specs.selection.selection-deselec"┬╖┬╖┬╖) [1 ms]
  Passed WarHub.ArmouryModel.RosterEngine.Tests.ConformanceTests.Spec(id: "force-entry-hidden", resourceName: "BattleScribeSpec.specs.force.force-entry-hidden.ya"┬╖┬╖┬╖) [< 1 ms]
[xUnit.net 00:00:02.23]     WarHub.ArmouryModel.RosterEngine.Tests.ConformanceTests.Spec(id: "constraint-cost-min-linked", resourceName: "BattleScribeSpec.specs.constraint.constraint-cost-"┬╖┬╖┬╖) [FAIL]
[xUnit.net 00:00:02.23]       Spec constraint-cost-min-linked failed:
Step 1: expected error [on='category cat-troops', from='se-unit-a/con-cost-min'] not found in: []
Step 1: expected 1 error(s) but got 0: []
Step 3: expected error [on='category cat-troops', from='se-unit-a/con-cost-min'] not found in: []
Step 3: expected 1 error(s) but got 0: []
[xUnit.net 00:00:02.24]       Stack Trace:
[xUnit.net 00:00:02.24]         D:\warhub\wham\tests\WarHub.ArmouryModel.RosterEngine.Tests\ConformanceTests.cs(35,0): at WarHub.ArmouryModel.RosterEngine.Tests.ConformanceTests.Spec(String id, String resourceName)
[xUnit.net 00:00:02.24]            at InvokeStub_ConformanceTests.Spec(Object, Span`1)
[xUnit.net 00:00:02.24]            at System.Reflection.MethodBaseInvoker.InvokeWithFewArgs(Object obj, BindingFlags invokeAttr, Binder binder, Object[] parameters, CultureInfo culture)
[xUnit.net 00:00:02.24]     WarHub.ArmouryModel.RosterEngine.Tests.ConformanceTests.Spec(id: "constraint-hidden-enforcement", resourceName: "BattleScribeSpec.specs.constraint.constraint-hidde"┬╖┬╖┬╖) [FAIL]
[xUnit.net 00:00:02.24]       Spec constraint-hidden-enforcement failed:
Step 1: force[0].selectionCount: expected 1 but got 0
Step 1: force[0].selection[0] expected but only 0 selections
Step 1: expected no errors (default) but got 1: selection se-hidden <- se-hidden/con-min: Min 1 required for se-hidden, have 0
Step 3: force[0].selectionCount: expected 2 but got 1
Step 3: force[0].selection[0].name: expected Hidden Unit but got Visible Unit
Step 3: force[0].selection[1] expected but only 1 selections
Step 3: expected no errors (default) but got 1: selection se-hidden <- se-hidden/con-min: Min 1 required for se-hidden, have 0
[xUnit.net 00:00:02.24]       Stack Trace:
[xUnit.net 00:00:02.24]         D:\warhub\wham\tests\WarHub.ArmouryModel.RosterEngine.Tests\ConformanceTests.cs(35,0): at WarHub.ArmouryModel.RosterEngine.Tests.ConformanceTests.Spec(String id, String resourceName)
[xUnit.net 00:00:02.24]            at InvokeStub_ConformanceTests.Spec(Object, Span`1)
[xUnit.net 00:00:02.24]            at System.Reflection.MethodBaseInvoker.InvokeWithFewArgs(Object obj, BindingFlags invokeAttr, Binder binder, Object[] parameters, CultureInfo culture)
  Passed WarHub.ArmouryModel.RosterEngine.Tests.ConformanceTests.Spec(id: "scope-include-child-forces", resourceName: "BattleScribeSpec.specs.scope.scope-include-child-f"┬╖┬╖┬╖) [1 ms]
  Passed WarHub.ArmouryModel.RosterEngine.Tests.ConformanceTests.Spec(id: "infolink-profile-publication", resourceName: "BattleScribeSpec.specs.selection.infolink-profile-"┬╖┬╖┬╖) [3 ms]
  Passed WarHub.ArmouryModel.RosterEngine.Tests.ConformanceTests.Spec(id: "modifier-number-decrement", resourceName: "BattleScribeSpec.specs.modifier.modifier-number-de"┬╖┬╖┬╖) [1 ms]
  Failed WarHub.ArmouryModel.RosterEngine.Tests.ConformanceTests.Spec(id: "constraint-cost-min-linked", resourceName: "BattleScribeSpec.specs.constraint.constraint-cost-"┬╖┬╖┬╖) [1 ms]
  Error Message:
   Spec constraint-cost-min-linked failed:
Step 1: expected error [on='category cat-troops', from='se-unit-a/con-cost-min'] not found in: []
Step 1: expected 1 error(s) but got 0: []
Step 3: expected error [on='category cat-troops', from='se-unit-a/con-cost-min'] not found in: []
Step 3: expected 1 error(s) but got 0: []
  Stack Trace:
     at WarHub.ArmouryModel.RosterEngine.Tests.ConformanceTests.Spec(String id, String resourceName) in D:\warhub\wham\tests\WarHub.ArmouryModel.RosterEngine.Tests\ConformanceTests.cs:line 35
   at InvokeStub_ConformanceTests.Spec(Object, Span`1)
   at System.Reflection.MethodBaseInvoker.InvokeWithFewArgs(Object obj, BindingFlags invokeAttr, Binder binder, Object[] parameters, CultureInfo culture)
  Passed WarHub.ArmouryModel.RosterEngine.Tests.ConformanceTests.Spec(id: "constraint-collective", resourceName: "BattleScribeSpec.specs.constraint.constraint-colle"┬╖┬╖┬╖) [2 ms]
  Failed WarHub.ArmouryModel.RosterEngine.Tests.ConformanceTests.Spec(id: "constraint-hidden-enforcement", resourceName: "BattleScribeSpec.specs.constraint.constraint-hidde"┬╖┬╖┬╖) [2 ms]
  Error Message:
   Spec constraint-hidden-enforcement failed:
Step 1: force[0].selectionCount: expected 1 but got 0
Step 1: force[0].selection[0] expected but only 0 selections
Step 1: expected no errors (default) but got 1: selection se-hidden <- se-hidden/con-min: Min 1 required for se-hidden, have 0
Step 3: force[0].selectionCount: expected 2 but got 1
Step 3: force[0].selection[0].name: expected Hidden Unit but got Visible Unit
Step 3: force[0].selection[1] expected but only 1 selections
Step 3: expected no errors (default) but got 1: selection se-hidden <- se-hidden/con-min: Min 1 required for se-hidden, have 0
  Stack Trace:
     at WarHub.ArmouryModel.RosterEngine.Tests.ConformanceTests.Spec(String id, String resourceName) in D:\warhub\wham\tests\WarHub.ArmouryModel.RosterEngine.Tests\ConformanceTests.cs:line 35
   at InvokeStub_ConformanceTests.Spec(Object, Span`1)
   at System.Reflection.MethodBaseInvoker.InvokeWithFewArgs(Object obj, BindingFlags invokeAttr, Binder binder, Object[] parameters, CultureInfo culture)
  Passed WarHub.ArmouryModel.RosterEngine.Tests.ConformanceTests.Spec(id: "collective-with-constraint", resourceName: "BattleScribeSpec.specs.selection.collective-with-c"┬╖┬╖┬╖) [1 ms]
  Passed WarHub.ArmouryModel.RosterEngine.Tests.ConformanceTests.Spec(id: "category-entry-with-infogroup", resourceName: "BattleScribeSpec.specs.selection.category-entry-wi"┬╖┬╖┬╖) [2 ms]
  Passed WarHub.ArmouryModel.RosterEngine.Tests.ConformanceTests.Spec(id: "condition-greater-than", resourceName: "BattleScribeSpec.specs.condition.condition-greater"┬╖┬╖┬╖) [1 ms]
[xUnit.net 00:00:02.25]     WarHub.ArmouryModel.RosterEngine.Tests.ConformanceTests.Spec(id: "cost-partial-types", resourceName: "BattleScribeSpec.specs.cost.cost-partial-types.yam"┬╖┬╖┬╖) [FAIL]
[xUnit.net 00:00:02.25]       Spec cost-partial-types failed:
Step 2: costCount: expected 1 but got 2
[xUnit.net 00:00:02.25]       Stack Trace:
[xUnit.net 00:00:02.25]         D:\warhub\wham\tests\WarHub.ArmouryModel.RosterEngine.Tests\ConformanceTests.cs(35,0): at WarHub.ArmouryModel.RosterEngine.Tests.ConformanceTests.Spec(String id, String resourceName)
[xUnit.net 00:00:02.25]            at InvokeStub_ConformanceTests.Spec(Object, Span`1)
[xUnit.net 00:00:02.25]            at System.Reflection.MethodBaseInvoker.InvokeWithFewArgs(Object obj, BindingFlags invokeAttr, Binder binder, Object[] parameters, CultureInfo culture)
  Passed WarHub.ArmouryModel.RosterEngine.Tests.ConformanceTests.Spec(id: "modifier-rule-description", resourceName: "BattleScribeSpec.specs.modifier.modifier-rule-desc"┬╖┬╖┬╖) [1 ms]
  Failed WarHub.ArmouryModel.RosterEngine.Tests.ConformanceTests.Spec(id: "cost-partial-types", resourceName: "BattleScribeSpec.specs.cost.cost-partial-types.yam"┬╖┬╖┬╖) [1 ms]
  Error Message:
   Spec cost-partial-types failed:
Step 2: costCount: expected 1 but got 2
  Stack Trace:
     at WarHub.ArmouryModel.RosterEngine.Tests.ConformanceTests.Spec(String id, String resourceName) in D:\warhub\wham\tests\WarHub.ArmouryModel.RosterEngine.Tests\ConformanceTests.cs:line 35
   at InvokeStub_ConformanceTests.Spec(Object, Span`1)
   at System.Reflection.MethodBaseInvoker.InvokeWithFewArgs(Object obj, BindingFlags invokeAttr, Binder binder, Object[] parameters, CultureInfo culture)
  Passed WarHub.ArmouryModel.RosterEngine.Tests.ConformanceTests.Spec(id: "condition-equal-to-zero", resourceName: "BattleScribeSpec.specs.condition.condition-equal-t"┬╖┬╖┬╖) [1 ms]
  Passed WarHub.ArmouryModel.RosterEngine.Tests.ConformanceTests.Spec(id: "constraint-cost-field", resourceName: "BattleScribeSpec.specs.constraint.constraint-cost-"┬╖┬╖┬╖) [1 ms]
  Passed WarHub.ArmouryModel.RosterEngine.Tests.ConformanceTests.Spec(id: "roster-add-force-and-select", resourceName: "BattleScribeSpec.specs.roster.roster-add-force-and"┬╖┬╖┬╖) [1 ms]
  Passed WarHub.ArmouryModel.RosterEngine.Tests.ConformanceTests.Spec(id: "condition-group-triple-nested", resourceName: "BattleScribeSpec.specs.condition.condition-group-t"┬╖┬╖┬╖) [2 ms]
  Passed WarHub.ArmouryModel.RosterEngine.Tests.ConformanceTests.Spec(id: "condition-instance-of-group", resourceName: "BattleScribeSpec.specs.condition.condition-instanc"┬╖┬╖┬╖) [1 ms]
  Passed WarHub.ArmouryModel.RosterEngine.Tests.ConformanceTests.Spec(id: "selection-child-multiple", resourceName: "BattleScribeSpec.specs.selection.selection-child-m"┬╖┬╖┬╖) [1 ms]
  Passed WarHub.ArmouryModel.RosterEngine.Tests.ConformanceTests.Spec(id: "selection-add-unit", resourceName: "BattleScribeSpec.specs.selection.selection-add-uni"┬╖┬╖┬╖) [< 1 ms]
[xUnit.net 00:00:02.28]     WarHub.ArmouryModel.RosterEngine.Tests.ConformanceTests.Spec(id: "constraint-min-and-max", resourceName: "BattleScribeSpec.specs.constraint.constraint-min-a"┬╖┬╖┬╖) [FAIL]
[xUnit.net 00:00:02.28]       Spec constraint-min-and-max failed:
Step 5: expected error [on='selection se-unit-a', from='se-unit-a/con-max-2'] not found in: [category cat-troops <- se-unit-a/con-max-2: Max 2 allowed for se-unit-a, have 3]
[xUnit.net 00:00:02.28]       Stack Trace:
[xUnit.net 00:00:02.28]         D:\warhub\wham\tests\WarHub.ArmouryModel.RosterEngine.Tests\ConformanceTests.cs(35,0): at WarHub.ArmouryModel.RosterEngine.Tests.ConformanceTests.Spec(String id, String resourceName)
[xUnit.net 00:00:02.28]            at InvokeStub_ConformanceTests.Spec(Object, Span`1)
[xUnit.net 00:00:02.28]            at System.Reflection.MethodBaseInvoker.InvokeWithFewArgs(Object obj, BindingFlags invokeAttr, Binder binder, Object[] parameters, CultureInfo culture)
  Passed WarHub.ArmouryModel.RosterEngine.Tests.ConformanceTests.Spec(id: "selection-model-with-cost", resourceName: "BattleScribeSpec.specs.selection.selection-model-w"┬╖┬╖┬╖) [1 ms]
  Passed WarHub.ArmouryModel.RosterEngine.Tests.ConformanceTests.Spec(id: "constraint-min-satisfied", resourceName: "BattleScribeSpec.specs.constraint.constraint-min-s"┬╖┬╖┬╖) [1 ms]
  Passed WarHub.ArmouryModel.RosterEngine.Tests.ConformanceTests.Spec(id: "entry-link-with-cost", resourceName: "BattleScribeSpec.specs.selection.entry-link-with-c"┬╖┬╖┬╖) [1 ms]
  Passed WarHub.ArmouryModel.RosterEngine.Tests.ConformanceTests.Spec(id: "rule-publication", resourceName: "BattleScribeSpec.specs.selection.rule-publication."┬╖┬╖┬╖) [2 ms]
  Failed WarHub.ArmouryModel.RosterEngine.Tests.ConformanceTests.Spec(id: "constraint-min-and-max", resourceName: "BattleScribeSpec.specs.constraint.constraint-min-a"┬╖┬╖┬╖) [1 ms]
  Error Message:
   Spec constraint-min-and-max failed:
Step 5: expected error [on='selection se-unit-a', from='se-unit-a/con-max-2'] not found in: [category cat-troops <- se-unit-a/con-max-2: Max 2 allowed for se-unit-a, have 3]
  Stack Trace:
     at WarHub.ArmouryModel.RosterEngine.Tests.ConformanceTests.Spec(String id, String resourceName) in D:\warhub\wham\tests\WarHub.ArmouryModel.RosterEngine.Tests\ConformanceTests.cs:line 35
   at InvokeStub_ConformanceTests.Spec(Object, Span`1)
   at System.Reflection.MethodBaseInvoker.InvokeWithFewArgs(Object obj, BindingFlags invokeAttr, Binder binder, Object[] parameters, CultureInfo culture)
  Passed WarHub.ArmouryModel.RosterEngine.Tests.ConformanceTests.Spec(id: "modifier-conditional-false-keeps-base-cost", resourceName: "BattleScribeSpec.specs.modifier.modifier-condition"┬╖┬╖┬╖) [1 ms]
  Passed WarHub.ArmouryModel.RosterEngine.Tests.ConformanceTests.Spec(id: "profile-with-page", resourceName: "BattleScribeSpec.specs.selection.profile-with-page"┬╖┬╖┬╖) [1 ms]
  Passed WarHub.ArmouryModel.RosterEngine.Tests.ConformanceTests.Spec(id: "condition-not-equal-to", resourceName: "BattleScribeSpec.specs.condition.condition-not-equ"┬╖┬╖┬╖) [1 ms]
  Passed WarHub.ArmouryModel.RosterEngine.Tests.ConformanceTests.Spec(id: "profile-inherited-from-link", resourceName: "BattleScribeSpec.specs.selection.profile-inherited"┬╖┬╖┬╖) [1 ms]
[xUnit.net 00:00:02.29]     WarHub.ArmouryModel.RosterEngine.Tests.ConformanceTests.Spec(id: "auto-select-field-forces-skipped", resourceName: "BattleScribeSpec.specs.auto_select.auto-select-fie"┬╖┬╖┬╖) [FAIL]
[xUnit.net 00:00:02.29]       Spec auto-select-field-forces-skipped failed:
Step 1: expected error [on='roster', from='se-forces-min/con-min-forces'] not found in: []
Step 1: expected 1 error(s) but got 0: []
[xUnit.net 00:00:02.29]       Stack Trace:
[xUnit.net 00:00:02.29]         D:\warhub\wham\tests\WarHub.ArmouryModel.RosterEngine.Tests\ConformanceTests.cs(35,0): at WarHub.ArmouryModel.RosterEngine.Tests.ConformanceTests.Spec(String id, String resourceName)
[xUnit.net 00:00:02.30]     WarHub.ArmouryModel.RosterEngine.Tests.ConformanceTests.Spec(id: "constraint-hidden-violation-linked", resourceName: "BattleScribeSpec.specs.constraint.constraint-hidde"┬╖┬╖┬╖) [FAIL]
[xUnit.net 00:00:02.29]            at InvokeStub_ConformanceTests.Spec(Object, Span`1)
[xUnit.net 00:00:02.29]            at System.Reflection.MethodBaseInvoker.InvokeWithFewArgs(Object obj, BindingFlags invokeAttr, Binder binder, Object[] parameters, CultureInfo culture)
[xUnit.net 00:00:02.30]       Spec constraint-hidden-violation-linked failed:
Step 3: expected error [on='selection se-unit-a', from='se-unit-a/hidden'] not found in: []
Step 3: expected 1 error(s) but got 0: []
[xUnit.net 00:00:02.30]       Stack Trace:
[xUnit.net 00:00:02.30]         D:\warhub\wham\tests\WarHub.ArmouryModel.RosterEngine.Tests\ConformanceTests.cs(35,0): at WarHub.ArmouryModel.RosterEngine.Tests.ConformanceTests.Spec(String id, String resourceName)
[xUnit.net 00:00:02.30]            at InvokeStub_ConformanceTests.Spec(Object, Span`1)
[xUnit.net 00:00:02.30]            at System.Reflection.MethodBaseInvoker.InvokeWithFewArgs(Object obj, BindingFlags invokeAttr, Binder binder, Object[] parameters, CultureInfo culture)
  Failed WarHub.ArmouryModel.RosterEngine.Tests.ConformanceTests.Spec(id: "auto-select-field-forces-skipped", resourceName: "BattleScribeSpec.specs.auto_select.auto-select-fie"┬╖┬╖┬╖) [1 ms]
  Error Message:
   Spec auto-select-field-forces-skipped failed:
Step 1: expected error [on='roster', from='se-forces-min/con-min-forces'] not found in: []
Step 1: expected 1 error(s) but got 0: []
  Stack Trace:
     at WarHub.ArmouryModel.RosterEngine.Tests.ConformanceTests.Spec(String id, String resourceName) in D:\warhub\wham\tests\WarHub.ArmouryModel.RosterEngine.Tests\ConformanceTests.cs:line 35
   at InvokeStub_ConformanceTests.Spec(Object, Span`1)
   at System.Reflection.MethodBaseInvoker.InvokeWithFewArgs(Object obj, BindingFlags invokeAttr, Binder binder, Object[] parameters, CultureInfo culture)
  Passed WarHub.ArmouryModel.RosterEngine.Tests.ConformanceTests.Spec(id: "selection-multiple-types", resourceName: "BattleScribeSpec.specs.selection.selection-multipl"┬╖┬╖┬╖) [1 ms]
  Passed WarHub.ArmouryModel.RosterEngine.Tests.ConformanceTests.Spec(id: "condition-childid-catalogue", resourceName: "BattleScribeSpec.specs.condition.condition-childid"┬╖┬╖┬╖) [1 ms]
  Passed WarHub.ArmouryModel.RosterEngine.Tests.ConformanceTests.Spec(id: "auto-select-no-min", resourceName: "BattleScribeSpec.specs.auto_select.auto-select-no-"┬╖┬╖┬╖) [< 1 ms]
  Passed WarHub.ArmouryModel.RosterEngine.Tests.ConformanceTests.Spec(id: "selection-remove", resourceName: "BattleScribeSpec.specs.selection.selection-remove."┬╖┬╖┬╖) [< 1 ms]
  Passed WarHub.ArmouryModel.RosterEngine.Tests.ConformanceTests.Spec(id: "constraint-include-child-selections", resourceName: "BattleScribeSpec.specs.constraint.constraint-inclu"┬╖┬╖┬╖) [1 ms]
  Failed WarHub.ArmouryModel.RosterEngine.Tests.ConformanceTests.Spec(id: "constraint-hidden-violation-linked", resourceName: "BattleScribeSpec.specs.constraint.constraint-hidde"┬╖┬╖┬╖) [1 ms]
  Error Message:
   Spec constraint-hidden-violation-linked failed:
Step 3: expected error [on='selection se-unit-a', from='se-unit-a/hidden'] not found in: []
Step 3: expected 1 error(s) but got 0: []
  Stack Trace:
     at WarHub.ArmouryModel.RosterEngine.Tests.ConformanceTests.Spec(String id, String resourceName) in D:\warhub\wham\tests\WarHub.ArmouryModel.RosterEngine.Tests\ConformanceTests.cs:line 35
   at InvokeStub_ConformanceTests.Spec(Object, Span`1)
   at System.Reflection.MethodBaseInvoker.InvokeWithFewArgs(Object obj, BindingFlags invokeAttr, Binder binder, Object[] parameters, CultureInfo culture)
  Passed WarHub.ArmouryModel.RosterEngine.Tests.ConformanceTests.Spec(id: "cost-zero", resourceName: "BattleScribeSpec.specs.cost.cost-zero.yaml") [1 ms]
  Passed WarHub.ArmouryModel.RosterEngine.Tests.ConformanceTests.Spec(id: "info-link-to-profile", resourceName: "BattleScribeSpec.specs.selection.info-link-to-prof"┬╖┬╖┬╖) [1 ms]
  Passed WarHub.ArmouryModel.RosterEngine.Tests.ConformanceTests.Spec(id: "infolink-publication-override", resourceName: "BattleScribeSpec.specs.selection.infolink-publicat"┬╖┬╖┬╖) [2 ms]
  Passed WarHub.ArmouryModel.RosterEngine.Tests.ConformanceTests.Spec(id: "gamesystem-root-rule", resourceName: "BattleScribeSpec.specs.gamesystem.gamesystem-root-"┬╖┬╖┬╖) [1 ms]
  Passed WarHub.ArmouryModel.RosterEngine.Tests.ConformanceTests.Spec(id: "category-entry-with-rule", resourceName: "BattleScribeSpec.specs.selection.category-entry-wi"┬╖┬╖┬╖) [1 ms]
  Passed WarHub.ArmouryModel.RosterEngine.Tests.ConformanceTests.Spec(id: "profile-with-multiple-characteristics", resourceName: "BattleScribeSpec.specs.selection.profile-with-mult"┬╖┬╖┬╖) [1 ms]
  Passed WarHub.ArmouryModel.RosterEngine.Tests.ConformanceTests.Spec(id: "condition-scope-roster", resourceName: "BattleScribeSpec.specs.condition.condition-scope-r"┬╖┬╖┬╖) [2 ms]
  Passed WarHub.ArmouryModel.RosterEngine.Tests.ConformanceTests.Spec(id: "profile-multiple-on-entry", resourceName: "BattleScribeSpec.specs.selection.profile-multiple-"┬╖┬╖┬╖) [1 ms]
  Passed WarHub.ArmouryModel.RosterEngine.Tests.ConformanceTests.Spec(id: "selection-with-children", resourceName: "BattleScribeSpec.specs.selection.selection-with-ch"┬╖┬╖┬╖) [< 1 ms]
  Passed WarHub.ArmouryModel.RosterEngine.Tests.ConformanceTests.Spec(id: "entry-link-collective", resourceName: "BattleScribeSpec.specs.entry_link.entry-link-colle"┬╖┬╖┬╖) [1 ms]
  Passed WarHub.ArmouryModel.RosterEngine.Tests.ConformanceTests.Spec(id: "force-remove-second", resourceName: "BattleScribeSpec.specs.force.force-remove-second.y"┬╖┬╖┬╖) [< 1 ms]
[xUnit.net 00:00:02.33]     WarHub.ArmouryModel.RosterEngine.Tests.ConformanceTests.Spec(id: "condition-instance-of-self", resourceName: "BattleScribeSpec.specs.condition.condition-instanc"┬╖┬╖┬╖) [FAIL]
[xUnit.net 00:00:02.33]       Spec condition-instance-of-self failed:
Step 2: force[0].selection[0].name: expected Self Matched but got Unit A
[xUnit.net 00:00:02.33]       Stack Trace:
[xUnit.net 00:00:02.33]         D:\warhub\wham\tests\WarHub.ArmouryModel.RosterEngine.Tests\ConformanceTests.cs(35,0): at WarHub.ArmouryModel.RosterEngine.Tests.ConformanceTests.Spec(String id, String resourceName)
[xUnit.net 00:00:02.33]            at InvokeStub_ConformanceTests.Spec(Object, Span`1)
[xUnit.net 00:00:02.33]            at System.Reflection.MethodBaseInvoker.InvokeWithFewArgs(Object obj, BindingFlags invokeAttr, Binder binder, Object[] parameters, CultureInfo culture)
[xUnit.net 00:00:02.34]     WarHub.ArmouryModel.RosterEngine.Tests.ConformanceTests.Spec(id: "scope-parent", resourceName: "BattleScribeSpec.specs.scope.scope-parent.yaml") [FAIL]
[xUnit.net 00:00:02.34]       Spec scope-parent failed:
Step 6: expected no errors (default) but got 1: selection se-unit-a <- se-unit-a/con-max-3: Max 3 allowed for se-unit-a, have 4
[xUnit.net 00:00:02.34]       Stack Trace:
[xUnit.net 00:00:02.34]         D:\warhub\wham\tests\WarHub.ArmouryModel.RosterEngine.Tests\ConformanceTests.cs(35,0): at WarHub.ArmouryModel.RosterEngine.Tests.ConformanceTests.Spec(String id, String resourceName)
[xUnit.net 00:00:02.34]            at InvokeStub_ConformanceTests.Spec(Object, Span`1)
[xUnit.net 00:00:02.34]            at System.Reflection.MethodBaseInvoker.InvokeWithFewArgs(Object obj, BindingFlags invokeAttr, Binder binder, Object[] parameters, CultureInfo culture)
  Passed WarHub.ArmouryModel.RosterEngine.Tests.ConformanceTests.Spec(id: "condition-less-than", resourceName: "BattleScribeSpec.specs.condition.condition-less-th"┬╖┬╖┬╖) [1 ms]
  Passed WarHub.ArmouryModel.RosterEngine.Tests.ConformanceTests.Spec(id: "modifier-group-on-rule", resourceName: "BattleScribeSpec.specs.modifier.modifier-group-on-"┬╖┬╖┬╖) [1 ms]
  Passed WarHub.ArmouryModel.RosterEngine.Tests.ConformanceTests.Spec(id: "catalogue-link-shared-entry", resourceName: "BattleScribeSpec.specs.selection.catalogue-link-sh"┬╖┬╖┬╖) [2 ms]
  Failed WarHub.ArmouryModel.RosterEngine.Tests.ConformanceTests.Spec(id: "condition-instance-of-self", resourceName: "BattleScribeSpec.specs.condition.condition-instanc"┬╖┬╖┬╖) [1 ms]
  Error Message:
   Spec condition-instance-of-self failed:
Step 2: force[0].selection[0].name: expected Self Matched but got Unit A
  Stack Trace:
     at WarHub.ArmouryModel.RosterEngine.Tests.ConformanceTests.Spec(String id, String resourceName) in D:\warhub\wham\tests\WarHub.ArmouryModel.RosterEngine.Tests\ConformanceTests.cs:line 35
   at InvokeStub_ConformanceTests.Spec(Object, Span`1)
   at System.Reflection.MethodBaseInvoker.InvokeWithFewArgs(Object obj, BindingFlags invokeAttr, Binder binder, Object[] parameters, CultureInfo culture)
  Passed WarHub.ArmouryModel.RosterEngine.Tests.ConformanceTests.Spec(id: "condition-null-childid-force-threshold", resourceName: "BattleScribeSpec.specs.condition.condition-null-ch"┬╖┬╖┬╖) [2 ms]
  Passed WarHub.ArmouryModel.RosterEngine.Tests.ConformanceTests.Spec(id: "force-empty-has-no-selections", resourceName: "BattleScribeSpec.specs.force.force-empty-has-no-se"┬╖┬╖┬╖) [< 1 ms]
  Passed WarHub.ArmouryModel.RosterEngine.Tests.ConformanceTests.Spec(id: "modifier-repeat-round-down", resourceName: "BattleScribeSpec.specs.modifier.modifier-repeat-ro"┬╖┬╖┬╖) [1 ms]
  Passed WarHub.ArmouryModel.RosterEngine.Tests.ConformanceTests.Spec(id: "catalogue-root-rules", resourceName: "BattleScribeSpec.specs.catalogue.catalogue-root-ru"┬╖┬╖┬╖) [1 ms]
  Failed WarHub.ArmouryModel.RosterEngine.Tests.ConformanceTests.Spec(id: "scope-parent", resourceName: "BattleScribeSpec.specs.scope.scope-parent.yaml") [1 ms]
  Error Message:
   Spec scope-parent failed:
Step 6: expected no errors (default) but got 1: selection se-unit-a <- se-unit-a/con-max-3: Max 3 allowed for se-unit-a, have 4
  Stack Trace:
     at WarHub.ArmouryModel.RosterEngine.Tests.ConformanceTests.Spec(String id, String resourceName) in D:\warhub\wham\tests\WarHub.ArmouryModel.RosterEngine.Tests\ConformanceTests.cs:line 35
   at InvokeStub_ConformanceTests.Spec(Object, Span`1)
   at System.Reflection.MethodBaseInvoker.InvokeWithFewArgs(Object obj, BindingFlags invokeAttr, Binder binder, Object[] parameters, CultureInfo culture)
[xUnit.net 00:00:02.36]     WarHub.ArmouryModel.RosterEngine.Tests.ConformanceTests.Spec(id: "constraint-entry-link-shared-target", resourceName: "BattleScribeSpec.specs.constraint.constraint-entry"┬╖┬╖┬╖) [FAIL]
[xUnit.net 00:00:02.36]       Spec constraint-entry-link-shared-target failed:
Step 5: expected error [on='selection shared-unit', from='shared-unit/con-max'] not found in: [category cat-troops <- link-1/con-max: Max 2 allowed for link-1, have 3]
[xUnit.net 00:00:02.36]       Stack Trace:
[xUnit.net 00:00:02.36]         D:\warhub\wham\tests\WarHub.ArmouryModel.RosterEngine.Tests\ConformanceTests.cs(35,0): at WarHub.ArmouryModel.RosterEngine.Tests.ConformanceTests.Spec(String id, String resourceName)
[xUnit.net 00:00:02.36]            at InvokeStub_ConformanceTests.Spec(Object, Span`1)
[xUnit.net 00:00:02.36]            at System.Reflection.MethodBaseInvoker.InvokeWithFewArgs(Object obj, BindingFlags invokeAttr, Binder binder, Object[] parameters, CultureInfo culture)
  Passed WarHub.ArmouryModel.RosterEngine.Tests.ConformanceTests.Spec(id: "scope-force", resourceName: "BattleScribeSpec.specs.scope.scope-force.yaml") [1 ms]
  Passed WarHub.ArmouryModel.RosterEngine.Tests.ConformanceTests.Spec(id: "cost-zero-value", resourceName: "BattleScribeSpec.specs.cost.cost-zero-value.yaml") [3 ms]
  Passed WarHub.ArmouryModel.RosterEngine.Tests.ConformanceTests.Spec(id: "condition-instance-of-catalogue", resourceName: "BattleScribeSpec.specs.condition.condition-instanc"┬╖┬╖┬╖) [1 ms]
  Passed WarHub.ArmouryModel.RosterEngine.Tests.ConformanceTests.Spec(id: "scope-include-child-forces-nested", resourceName: "BattleScribeSpec.specs.scope.scope-include-child-f"┬╖┬╖┬╖) [2 ms]
  Passed WarHub.ArmouryModel.RosterEngine.Tests.ConformanceTests.Spec(id: "modifier-repeat-round-up", resourceName: "BattleScribeSpec.specs.modifier.modifier-repeat-ro"┬╖┬╖┬╖) [1 ms]
  Passed WarHub.ArmouryModel.RosterEngine.Tests.ConformanceTests.Spec(id: "selection-child-with-cost", resourceName: "BattleScribeSpec.specs.selection.selection-child-w"┬╖┬╖┬╖) [1 ms]
  Passed WarHub.ArmouryModel.RosterEngine.Tests.ConformanceTests.Spec(id: "category-entry-with-profile", resourceName: "BattleScribeSpec.specs.selection.category-entry-wi"┬╖┬╖┬╖) [1 ms]
  Passed WarHub.ArmouryModel.RosterEngine.Tests.ConformanceTests.Spec(id: "modifier-group-with-repeat", resourceName: "BattleScribeSpec.specs.modifier.modifier-group-wit"┬╖┬╖┬╖) [1 ms]
  Failed WarHub.ArmouryModel.RosterEngine.Tests.ConformanceTests.Spec(id: "constraint-entry-link-shared-target", resourceName: "BattleScribeSpec.specs.constraint.constraint-entry"┬╖┬╖┬╖) [2 ms]
  Error Message:
   Spec constraint-entry-link-shared-target failed:
Step 5: expected error [on='selection shared-unit', from='shared-unit/con-max'] not found in: [category cat-troops <- link-1/con-max: Max 2 allowed for link-1, have 3]
  Stack Trace:
     at WarHub.ArmouryModel.RosterEngine.Tests.ConformanceTests.Spec(String id, String resourceName) in D:\warhub\wham\tests\WarHub.ArmouryModel.RosterEngine.Tests\ConformanceTests.cs:line 35
   at InvokeStub_ConformanceTests.Spec(Object, Span`1)
   at System.Reflection.MethodBaseInvoker.InvokeWithFewArgs(Object obj, BindingFlags invokeAttr, Binder binder, Object[] parameters, CultureInfo culture)
[xUnit.net 00:00:02.37]     WarHub.ArmouryModel.RosterEngine.Tests.ConformanceTests.Spec(id: "condition-percent-value", resourceName: "BattleScribeSpec.specs.condition.condition-percent"┬╖┬╖┬╖) [FAIL]
[xUnit.net 00:00:02.37]       Spec condition-percent-value failed:
Step 4: force[0].selection[0].name: expected Percent Met but got Target Unit
[xUnit.net 00:00:02.37]       Stack Trace:
[xUnit.net 00:00:02.37]         D:\warhub\wham\tests\WarHub.ArmouryModel.RosterEngine.Tests\ConformanceTests.cs(35,0): at WarHub.ArmouryModel.RosterEngine.Tests.ConformanceTests.Spec(String id, String resourceName)
[xUnit.net 00:00:02.37]            at InvokeStub_ConformanceTests.Spec(Object, Span`1)
[xUnit.net 00:00:02.37]            at System.Reflection.MethodBaseInvoker.InvokeWithFewArgs(Object obj, BindingFlags invokeAttr, Binder binder, Object[] parameters, CultureInfo culture)
[xUnit.net 00:00:02.37]     WarHub.ArmouryModel.RosterEngine.Tests.ConformanceTests.Spec(id: "condition-not-instance-of", resourceName: "BattleScribeSpec.specs.condition.condition-not-ins"┬╖┬╖┬╖) [FAIL]
[xUnit.net 00:00:02.37]       Spec condition-not-instance-of failed:
Step 4: force[0].selection[0].name: expected No B Exists but got Unit A
[xUnit.net 00:00:02.37]       Stack Trace:
[xUnit.net 00:00:02.37]         D:\warhub\wham\tests\WarHub.ArmouryModel.RosterEngine.Tests\ConformanceTests.cs(35,0): at WarHub.ArmouryModel.RosterEngine.Tests.ConformanceTests.Spec(String id, String resourceName)
[xUnit.net 00:00:02.37]            at InvokeStub_ConformanceTests.Spec(Object, Span`1)
[xUnit.net 00:00:02.37]            at System.Reflection.MethodBaseInvoker.InvokeWithFewArgs(Object obj, BindingFlags invokeAttr, Binder binder, Object[] parameters, CultureInfo culture)
  Passed WarHub.ArmouryModel.RosterEngine.Tests.ConformanceTests.Spec(id: "condition-instance-of", resourceName: "BattleScribeSpec.specs.condition.condition-instanc"┬╖┬╖┬╖) [1 ms]
  Passed WarHub.ArmouryModel.RosterEngine.Tests.ConformanceTests.Spec(id: "selection-deselect-last", resourceName: "BattleScribeSpec.specs.selection.selection-deselec"┬╖┬╖┬╖) [2 ms]
  Passed WarHub.ArmouryModel.RosterEngine.Tests.ConformanceTests.Spec(id: "infogroup-nested", resourceName: "BattleScribeSpec.specs.selection.infogroup-nested."┬╖┬╖┬╖) [3 ms]
  Failed WarHub.ArmouryModel.RosterEngine.Tests.ConformanceTests.Spec(id: "condition-percent-value", resourceName: "BattleScribeSpec.specs.condition.condition-percent"┬╖┬╖┬╖) [1 ms]
  Error Message:
   Spec condition-percent-value failed:
Step 4: force[0].selection[0].name: expected Percent Met but got Target Unit
  Stack Trace:
     at WarHub.ArmouryModel.RosterEngine.Tests.ConformanceTests.Spec(String id, String resourceName) in D:\warhub\wham\tests\WarHub.ArmouryModel.RosterEngine.Tests\ConformanceTests.cs:line 35
   at InvokeStub_ConformanceTests.Spec(Object, Span`1)
   at System.Reflection.MethodBaseInvoker.InvokeWithFewArgs(Object obj, BindingFlags invokeAttr, Binder binder, Object[] parameters, CultureInfo culture)
  Passed WarHub.ArmouryModel.RosterEngine.Tests.ConformanceTests.Spec(id: "selection-upgrade-type", resourceName: "BattleScribeSpec.specs.selection.selection-upgrade"┬╖┬╖┬╖) [< 1 ms]
  Failed WarHub.ArmouryModel.RosterEngine.Tests.ConformanceTests.Spec(id: "condition-not-instance-of", resourceName: "BattleScribeSpec.specs.condition.condition-not-ins"┬╖┬╖┬╖) [1 ms]
  Error Message:
   Spec condition-not-instance-of failed:
Step 4: force[0].selection[0].name: expected No B Exists but got Unit A
  Stack Trace:
     at WarHub.ArmouryModel.RosterEngine.Tests.ConformanceTests.Spec(String id, String resourceName) in D:\warhub\wham\tests\WarHub.ArmouryModel.RosterEngine.Tests\ConformanceTests.cs:line 35
   at InvokeStub_ConformanceTests.Spec(Object, Span`1)
   at System.Reflection.MethodBaseInvoker.InvokeWithFewArgs(Object obj, BindingFlags invokeAttr, Binder binder, Object[] parameters, CultureInfo culture)
  Passed WarHub.ArmouryModel.RosterEngine.Tests.ConformanceTests.Spec(id: "cost-negative-value", resourceName: "BattleScribeSpec.specs.cost.cost-negative-value.ya"┬╖┬╖┬╖) [1 ms]
  Passed WarHub.ArmouryModel.RosterEngine.Tests.ConformanceTests.Spec(id: "condition-instance-of-ancestor", resourceName: "BattleScribeSpec.specs.condition.condition-instanc"┬╖┬╖┬╖) [1 ms]
  Passed WarHub.ArmouryModel.RosterEngine.Tests.ConformanceTests.Spec(id: "selection-number-default", resourceName: "BattleScribeSpec.specs.selection.selection-number-"┬╖┬╖┬╖) [< 1 ms]
[xUnit.net 00:00:02.39]     WarHub.ArmouryModel.RosterEngine.Tests.ConformanceTests.Spec(id: "modifier-group-on-category-link", resourceName: "BattleScribeSpec.specs.modifier.modifier-group-on-"┬╖┬╖┬╖) [FAIL]
[xUnit.net 00:00:02.39]       Spec modifier-group-on-category-link failed:
Step 2: force[0].selection[0].category[Elites].primary: expected True but got False
[xUnit.net 00:00:02.39]       Stack Trace:
[xUnit.net 00:00:02.39]         D:\warhub\wham\tests\WarHub.ArmouryModel.RosterEngine.Tests\ConformanceTests.cs(35,0): at WarHub.ArmouryModel.RosterEngine.Tests.ConformanceTests.Spec(String id, String resourceName)
[xUnit.net 00:00:02.39]            at InvokeStub_ConformanceTests.Spec(Object, Span`1)
[xUnit.net 00:00:02.39]            at System.Reflection.MethodBaseInvoker.InvokeWithFewArgs(Object obj, BindingFlags invokeAttr, Binder binder, Object[] parameters, CultureInfo culture)
  Passed WarHub.ArmouryModel.RosterEngine.Tests.ConformanceTests.Spec(id: "catalogue-link-import", resourceName: "BattleScribeSpec.specs.selection.catalogue-link-im"┬╖┬╖┬╖) [1 ms]
  Passed WarHub.ArmouryModel.RosterEngine.Tests.ConformanceTests.Spec(id: "modifier-category-remove", resourceName: "BattleScribeSpec.specs.modifier.modifier-category-"┬╖┬╖┬╖) [2 ms]
  Failed WarHub.ArmouryModel.RosterEngine.Tests.ConformanceTests.Spec(id: "modifier-group-on-category-link", resourceName: "BattleScribeSpec.specs.modifier.modifier-group-on-"┬╖┬╖┬╖) [3 ms]
  Error Message:
   Spec modifier-group-on-category-link failed:
Step 2: force[0].selection[0].category[Elites].primary: expected True but got False
  Stack Trace:
     at WarHub.ArmouryModel.RosterEngine.Tests.ConformanceTests.Spec(String id, String resourceName) in D:\warhub\wham\tests\WarHub.ArmouryModel.RosterEngine.Tests\ConformanceTests.cs:line 35
   at InvokeStub_ConformanceTests.Spec(Object, Span`1)
   at System.Reflection.MethodBaseInvoker.InvokeWithFewArgs(Object obj, BindingFlags invokeAttr, Binder binder, Object[] parameters, CultureInfo culture)
  Passed WarHub.ArmouryModel.RosterEngine.Tests.ConformanceTests.Spec(id: "entry-link-with-child-group", resourceName: "BattleScribeSpec.specs.entry_link.entry-link-with-"┬╖┬╖┬╖) [2 ms]
  Passed WarHub.ArmouryModel.RosterEngine.Tests.ConformanceTests.Spec(id: "constraint-max-unlimited", resourceName: "BattleScribeSpec.specs.constraint.constraint-max-u"┬╖┬╖┬╖) [1 ms]
  Passed WarHub.ArmouryModel.RosterEngine.Tests.ConformanceTests.Spec(id: "auto-select-nested-child", resourceName: "BattleScribeSpec.specs.auto_select.auto-select-nes"┬╖┬╖┬╖) [1 ms]
  Passed WarHub.ArmouryModel.RosterEngine.Tests.ConformanceTests.Spec(id: "modifier-multiple-groups", resourceName: "BattleScribeSpec.specs.modifier.modifier-multiple-"┬╖┬╖┬╖) [2 ms]
  Passed WarHub.ArmouryModel.RosterEngine.Tests.ConformanceTests.Spec(id: "scope-forces-field", resourceName: "BattleScribeSpec.specs.scope.scope-forces-field.ya"┬╖┬╖┬╖) [< 1 ms]
  Passed WarHub.ArmouryModel.RosterEngine.Tests.ConformanceTests.Spec(id: "infogroup-with-modifiers", resourceName: "BattleScribeSpec.specs.modifier.infogroup-with-mod"┬╖┬╖┬╖) [2 ms]
[xUnit.net 00:00:02.41]     WarHub.ArmouryModel.RosterEngine.Tests.ConformanceTests.Spec(id: "scope-ancestor", resourceName: "BattleScribeSpec.specs.scope.scope-ancestor.yaml") [FAIL]
[xUnit.net 00:00:02.41]       Spec scope-ancestor failed:
Step 3: force[0].selection[0].selection[0].name: expected Modified Equipment but got Equipment
[xUnit.net 00:00:02.41]       Stack Trace:
[xUnit.net 00:00:02.41]         D:\warhub\wham\tests\WarHub.ArmouryModel.RosterEngine.Tests\ConformanceTests.cs(35,0): at WarHub.ArmouryModel.RosterEngine.Tests.ConformanceTests.Spec(String id, String resourceName)
[xUnit.net 00:00:02.41]            at InvokeStub_ConformanceTests.Spec(Object, Span`1)
[xUnit.net 00:00:02.41]            at System.Reflection.MethodBaseInvoker.InvokeWithFewArgs(Object obj, BindingFlags invokeAttr, Binder binder, Object[] parameters, CultureInfo culture)
  Passed WarHub.ArmouryModel.RosterEngine.Tests.ConformanceTests.Spec(id: "force-add-single", resourceName: "BattleScribeSpec.specs.force.force-add-single.yaml") [< 1 ms]
  Passed WarHub.ArmouryModel.RosterEngine.Tests.ConformanceTests.Spec(id: "profile-hidden", resourceName: "BattleScribeSpec.specs.selection.profile-hidden.ya"┬╖┬╖┬╖) [1 ms]
  Passed WarHub.ArmouryModel.RosterEngine.Tests.ConformanceTests.Spec(id: "constraint-max-satisfied", resourceName: "BattleScribeSpec.specs.constraint.constraint-max-s"┬╖┬╖┬╖) [< 1 ms]
  Passed WarHub.ArmouryModel.RosterEngine.Tests.ConformanceTests.Spec(id: "category-entry-publication", resourceName: "BattleScribeSpec.specs.selection.category-entry-pu"┬╖┬╖┬╖) [1 ms]
  Passed WarHub.ArmouryModel.RosterEngine.Tests.ConformanceTests.Spec(id: "modifier-repeat-percent-value", resourceName: "BattleScribeSpec.specs.modifier.modifier-repeat-pe"┬╖┬╖┬╖) [2 ms]
  Passed WarHub.ArmouryModel.RosterEngine.Tests.ConformanceTests.Spec(id: "catalogue-profile-types", resourceName: "BattleScribeSpec.specs.catalogue.catalogue-profile"┬╖┬╖┬╖) [1 ms]
  Passed WarHub.ArmouryModel.RosterEngine.Tests.ConformanceTests.Spec(id: "selection-page", resourceName: "BattleScribeSpec.specs.selection.selection-page.ya"┬╖┬╖┬╖) [1 ms]
  Failed WarHub.ArmouryModel.RosterEngine.Tests.ConformanceTests.Spec(id: "scope-ancestor", resourceName: "BattleScribeSpec.specs.scope.scope-ancestor.yaml") [1 ms]
  Error Message:
   Spec scope-ancestor failed:
Step 3: force[0].selection[0].selection[0].name: expected Modified Equipment but got Equipment
  Stack Trace:
     at WarHub.ArmouryModel.RosterEngine.Tests.ConformanceTests.Spec(String id, String resourceName) in D:\warhub\wham\tests\WarHub.ArmouryModel.RosterEngine.Tests\ConformanceTests.cs:line 35
   at InvokeStub_ConformanceTests.Spec(Object, Span`1)
   at System.Reflection.MethodBaseInvoker.InvokeWithFewArgs(Object obj, BindingFlags invokeAttr, Binder binder, Object[] parameters, CultureInfo culture)
  Passed WarHub.ArmouryModel.RosterEngine.Tests.ConformanceTests.Spec(id: "constraint-modified-by-modifier", resourceName: "BattleScribeSpec.specs.constraint.constraint-modif"┬╖┬╖┬╖) [1 ms]
  Passed WarHub.ArmouryModel.RosterEngine.Tests.ConformanceTests.Spec(id: "cost-removal-after-deselect", resourceName: "BattleScribeSpec.specs.cost.cost-removal-after-des"┬╖┬╖┬╖) [1 ms]
  Passed WarHub.ArmouryModel.RosterEngine.Tests.ConformanceTests.Spec(id: "scope-primary-catalogue", resourceName: "BattleScribeSpec.specs.scope.scope-primary-catalog"┬╖┬╖┬╖) [< 1 ms]
  Passed WarHub.ArmouryModel.RosterEngine.Tests.ConformanceTests.Spec(id: "modifier-group-on-profile", resourceName: "BattleScribeSpec.specs.modifier.modifier-group-on-"┬╖┬╖┬╖) [1 ms]
  Passed WarHub.ArmouryModel.RosterEngine.Tests.ConformanceTests.Spec(id: "roster-deselect-reduces-cost", resourceName: "BattleScribeSpec.specs.roster.roster-deselect-redu"┬╖┬╖┬╖) [1 ms]
  Passed WarHub.ArmouryModel.RosterEngine.Tests.ConformanceTests.Spec(id: "modifier-on-profile", resourceName: "BattleScribeSpec.specs.modifier.modifier-on-profil"┬╖┬╖┬╖) [2 ms]
  Passed WarHub.ArmouryModel.RosterEngine.Tests.ConformanceTests.Spec(id: "scope-child-id-filter", resourceName: "BattleScribeSpec.specs.scope.scope-child-id-filter"┬╖┬╖┬╖) [1 ms]
  Passed WarHub.ArmouryModel.RosterEngine.Tests.ConformanceTests.Spec(id: "modifier-string-decrement-non-numeric", resourceName: "BattleScribeSpec.specs.modifier.modifier-string-de"┬╖┬╖┬╖) [1 ms]
  Passed WarHub.ArmouryModel.RosterEngine.Tests.ConformanceTests.Spec(id: "condition-group-or", resourceName: "BattleScribeSpec.specs.condition.condition-group-o"┬╖┬╖┬╖) [1 ms]
  Passed WarHub.ArmouryModel.RosterEngine.Tests.ConformanceTests.Spec(id: "cost-multi-force-aggregation", resourceName: "BattleScribeSpec.specs.cost.cost-multi-force-aggre"┬╖┬╖┬╖) [1 ms]
[xUnit.net 00:00:02.44]     WarHub.ArmouryModel.RosterEngine.Tests.ConformanceTests.Spec(id: "entry-group-with-category-links", resourceName: "BattleScribeSpec.specs.entry_group.entry-group-wit"┬╖┬╖┬╖) [FAIL]
[xUnit.net 00:00:02.44]       Spec entry-group-with-category-links failed:
Step 3: force[0].selection[0].selection[0].category[Elites] not found (have 0 categories)
[xUnit.net 00:00:02.44]       Stack Trace:
[xUnit.net 00:00:02.44]         D:\warhub\wham\tests\WarHub.ArmouryModel.RosterEngine.Tests\ConformanceTests.cs(35,0): at WarHub.ArmouryModel.RosterEngine.Tests.ConformanceTests.Spec(String id, String resourceName)
[xUnit.net 00:00:02.44]            at InvokeStub_ConformanceTests.Spec(Object, Span`1)
[xUnit.net 00:00:02.44]            at System.Reflection.MethodBaseInvoker.InvokeWithFewArgs(Object obj, BindingFlags invokeAttr, Binder binder, Object[] parameters, CultureInfo culture)
[xUnit.net 00:00:02.45]     WarHub.ArmouryModel.RosterEngine.Tests.ConformanceTests.Spec(id: "constraint-entry-link-merged", resourceName: "BattleScribeSpec.specs.constraint.constraint-entry"┬╖┬╖┬╖) [FAIL]
[xUnit.net 00:00:02.45]       Spec constraint-entry-link-merged failed:
Step 5: expected error [on='selection shared-unit', from='shared-unit/con-shared-max'] not found in: [selection shared-unit <- link-1/con-link-max: Max 2 allowed for link-1, have 3]
[xUnit.net 00:00:02.45]       Stack Trace:
[xUnit.net 00:00:02.45]         D:\warhub\wham\tests\WarHub.ArmouryModel.RosterEngine.Tests\ConformanceTests.cs(35,0): at WarHub.ArmouryModel.RosterEngine.Tests.ConformanceTests.Spec(String id, String resourceName)
[xUnit.net 00:00:02.45]            at InvokeStub_ConformanceTests.Spec(Object, Span`1)
[xUnit.net 00:00:02.45]            at System.Reflection.MethodBaseInvoker.InvokeWithFewArgs(Object obj, BindingFlags invokeAttr, Binder binder, Object[] parameters, CultureInfo culture)
  Failed WarHub.ArmouryModel.RosterEngine.Tests.ConformanceTests.Spec(id: "entry-group-with-category-links", resourceName: "BattleScribeSpec.specs.entry_group.entry-group-wit"┬╖┬╖┬╖) [3 ms]
  Error Message:
   Spec entry-group-with-category-links failed:
Step 3: force[0].selection[0].selection[0].category[Elites] not found (have 0 categories)
  Stack Trace:
     at WarHub.ArmouryModel.RosterEngine.Tests.ConformanceTests.Spec(String id, String resourceName) in D:\warhub\wham\tests\WarHub.ArmouryModel.RosterEngine.Tests\ConformanceTests.cs:line 35
   at InvokeStub_ConformanceTests.Spec(Object, Span`1)
   at System.Reflection.MethodBaseInvoker.InvokeWithFewArgs(Object obj, BindingFlags invokeAttr, Binder binder, Object[] parameters, CultureInfo culture)
  Passed WarHub.ArmouryModel.RosterEngine.Tests.ConformanceTests.Spec(id: "constraint-errors-contain", resourceName: "BattleScribeSpec.specs.constraint.constraint-error"┬╖┬╖┬╖) [3 ms]
  Passed WarHub.ArmouryModel.RosterEngine.Tests.ConformanceTests.Spec(id: "rule-multiple-on-entry", resourceName: "BattleScribeSpec.specs.selection.rule-multiple-on-"┬╖┬╖┬╖) [1 ms]
  Passed WarHub.ArmouryModel.RosterEngine.Tests.ConformanceTests.Spec(id: "modifier-conditional-set-name", resourceName: "BattleScribeSpec.specs.modifier.modifier-condition"┬╖┬╖┬╖) [1 ms]
  Passed WarHub.ArmouryModel.RosterEngine.Tests.ConformanceTests.Spec(id: "modifier-group-nested", resourceName: "BattleScribeSpec.specs.modifier.modifier-group-nes"┬╖┬╖┬╖) [1 ms]
  Passed WarHub.ArmouryModel.RosterEngine.Tests.ConformanceTests.Spec(id: "force-add-and-remove-all", resourceName: "BattleScribeSpec.specs.force.force-add-and-remove-"┬╖┬╖┬╖) [< 1 ms]
  Passed WarHub.ArmouryModel.RosterEngine.Tests.ConformanceTests.Spec(id: "catalogue-force-entries", resourceName: "BattleScribeSpec.specs.catalogue.catalogue-force-e"┬╖┬╖┬╖) [1 ms]
  Passed WarHub.ArmouryModel.RosterEngine.Tests.ConformanceTests.Spec(id: "force-entry-with-rule", resourceName: "BattleScribeSpec.specs.selection.force-entry-with-"┬╖┬╖┬╖) [1 ms]
  Failed WarHub.ArmouryModel.RosterEngine.Tests.ConformanceTests.Spec(id: "constraint-entry-link-merged", resourceName: "BattleScribeSpec.specs.constraint.constraint-entry"┬╖┬╖┬╖) [2 ms]
  Error Message:
   Spec constraint-entry-link-merged failed:
Step 5: expected error [on='selection shared-unit', from='shared-unit/con-shared-max'] not found in: [selection shared-unit <- link-1/con-link-max: Max 2 allowed for link-1, have 3]
  Stack Trace:
     at WarHub.ArmouryModel.RosterEngine.Tests.ConformanceTests.Spec(String id, String resourceName) in D:\warhub\wham\tests\WarHub.ArmouryModel.RosterEngine.Tests\ConformanceTests.cs:line 35
   at InvokeStub_ConformanceTests.Spec(Object, Span`1)
   at System.Reflection.MethodBaseInvoker.InvokeWithFewArgs(Object obj, BindingFlags invokeAttr, Binder binder, Object[] parameters, CultureInfo culture)
  Passed WarHub.ArmouryModel.RosterEngine.Tests.ConformanceTests.Spec(id: "roster-create-empty", resourceName: "BattleScribeSpec.specs.roster.roster-create-empty."┬╖┬╖┬╖) [< 1 ms]
  Passed WarHub.ArmouryModel.RosterEngine.Tests.ConformanceTests.Spec(id: "modifier-category-unset-primary", resourceName: "BattleScribeSpec.specs.modifier.modifier-category-"┬╖┬╖┬╖) [3 ms]
  Passed WarHub.ArmouryModel.RosterEngine.Tests.ConformanceTests.Spec(id: "cost-aggregation", resourceName: "BattleScribeSpec.specs.cost.cost-aggregation.yaml") [1 ms]
  Passed WarHub.ArmouryModel.RosterEngine.Tests.ConformanceTests.Spec(id: "condition-instance-of-self-type", resourceName: "BattleScribeSpec.specs.condition.condition-instanc"┬╖┬╖┬╖) [1 ms]
  Passed WarHub.ArmouryModel.RosterEngine.Tests.ConformanceTests.Spec(id: "constraint-max-violation", resourceName: "BattleScribeSpec.specs.constraint.constraint-max-v"┬╖┬╖┬╖) [1 ms]
  Passed WarHub.ArmouryModel.RosterEngine.Tests.ConformanceTests.Spec(id: "modifier-group-basic", resourceName: "BattleScribeSpec.specs.modifier.modifier-group-bas"┬╖┬╖┬╖) [1 ms]
  Passed WarHub.ArmouryModel.RosterEngine.Tests.ConformanceTests.Spec(id: "modifier-increment-cost", resourceName: "BattleScribeSpec.specs.modifier.modifier-increment"┬╖┬╖┬╖) [1 ms]
  Passed WarHub.ArmouryModel.RosterEngine.Tests.ConformanceTests.Spec(id: "force-remove", resourceName: "BattleScribeSpec.specs.force.force-remove.yaml") [3 ms]
  Passed WarHub.ArmouryModel.RosterEngine.Tests.ConformanceTests.Spec(id: "modifier-field-constraint-value", resourceName: "BattleScribeSpec.specs.modifier.modifier-field-con"┬╖┬╖┬╖) [1 ms]
[xUnit.net 00:00:02.49]     WarHub.ArmouryModel.RosterEngine.Tests.ConformanceTests.Spec(id: "constraint-cost-max-linked", resourceName: "BattleScribeSpec.specs.constraint.constraint-cost-"┬╖┬╖┬╖) [FAIL]
[xUnit.net 00:00:02.49]       Spec constraint-cost-max-linked failed:
Step 3: expected error [on='selection se-unit-a', from='se-unit-a/con-cost-max'] not found in: []
Step 3: expected 1 error(s) but got 0: []
[xUnit.net 00:00:02.49]       Stack Trace:
[xUnit.net 00:00:02.49]         D:\warhub\wham\tests\WarHub.ArmouryModel.RosterEngine.Tests\ConformanceTests.cs(35,0): at WarHub.ArmouryModel.RosterEngine.Tests.ConformanceTests.Spec(String id, String resourceName)
[xUnit.net 00:00:02.49]            at InvokeStub_ConformanceTests.Spec(Object, Span`1)
[xUnit.net 00:00:02.49]            at System.Reflection.MethodBaseInvoker.InvokeWithFewArgs(Object obj, BindingFlags invokeAttr, Binder binder, Object[] parameters, CultureInfo culture)
  Passed WarHub.ArmouryModel.RosterEngine.Tests.ConformanceTests.Spec(id: "modifier-category-add", resourceName: "BattleScribeSpec.specs.modifier.modifier-category-"┬╖┬╖┬╖) [< 1 ms]
  Passed WarHub.ArmouryModel.RosterEngine.Tests.ConformanceTests.Spec(id: "force-nested-basic", resourceName: "BattleScribeSpec.specs.force.force-nested-basic.ya"┬╖┬╖┬╖) [1 ms]
  Passed WarHub.ArmouryModel.RosterEngine.Tests.ConformanceTests.Spec(id: "roster-full-lifecycle", resourceName: "BattleScribeSpec.specs.roster.roster-full-lifecycl"┬╖┬╖┬╖) [2 ms]
  Passed WarHub.ArmouryModel.RosterEngine.Tests.ConformanceTests.Spec(id: "modifier-conditional-boolean-toggle", resourceName: "BattleScribeSpec.specs.modifier.modifier-condition"┬╖┬╖┬╖) [1 ms]
  Passed WarHub.ArmouryModel.RosterEngine.Tests.ConformanceTests.Spec(id: "cost-type-hidden", resourceName: "BattleScribeSpec.specs.cost.cost-type-hidden.yaml") [1 ms]
  Passed WarHub.ArmouryModel.RosterEngine.Tests.ConformanceTests.Spec(id: "selection-entry-group-default-nested", resourceName: "BattleScribeSpec.specs.selection.selection-entry-g"┬╖┬╖┬╖) [2 ms]
  Passed WarHub.ArmouryModel.RosterEngine.Tests.ConformanceTests.Spec(id: "roster-game-system-id", resourceName: "BattleScribeSpec.specs.roster.roster-game-system-i"┬╖┬╖┬╖) [< 1 ms]
  Passed WarHub.ArmouryModel.RosterEngine.Tests.ConformanceTests.Spec(id: "selection-category-link", resourceName: "BattleScribeSpec.specs.selection.selection-categor"┬╖┬╖┬╖) [1 ms]
  Failed WarHub.ArmouryModel.RosterEngine.Tests.ConformanceTests.Spec(id: "constraint-cost-max-linked", resourceName: "BattleScribeSpec.specs.constraint.constraint-cost-"┬╖┬╖┬╖) [1 ms]
  Error Message:
   Spec constraint-cost-max-linked failed:
Step 3: expected error [on='selection se-unit-a', from='se-unit-a/con-cost-max'] not found in: []
Step 3: expected 1 error(s) but got 0: []
  Stack Trace:
     at WarHub.ArmouryModel.RosterEngine.Tests.ConformanceTests.Spec(String id, String resourceName) in D:\warhub\wham\tests\WarHub.ArmouryModel.RosterEngine.Tests\ConformanceTests.cs:line 35
   at InvokeStub_ConformanceTests.Spec(Object, Span`1)
   at System.Reflection.MethodBaseInvoker.InvokeWithFewArgs(Object obj, BindingFlags invokeAttr, Binder binder, Object[] parameters, CultureInfo culture)
[xUnit.net 00:00:02.50]     WarHub.ArmouryModel.RosterEngine.Tests.ConformanceTests.Spec(id: "constraint-percent-value", resourceName: "BattleScribeSpec.specs.constraint.constraint-perce"┬╖┬╖┬╖) [FAIL]
[xUnit.net 00:00:02.50]       Spec constraint-percent-value failed:
Step 3: expected error [on='selection se-1', from='se-1/c1'] not found in: []
Step 3: expected 1 error(s) but got 0: []
[xUnit.net 00:00:02.50]       Stack Trace:
[xUnit.net 00:00:02.50]         D:\warhub\wham\tests\WarHub.ArmouryModel.RosterEngine.Tests\ConformanceTests.cs(35,0): at WarHub.ArmouryModel.RosterEngine.Tests.ConformanceTests.Spec(String id, String resourceName)
[xUnit.net 00:00:02.50]            at InvokeStub_ConformanceTests.Spec(Object, Span`1)
[xUnit.net 00:00:02.50]            at System.Reflection.MethodBaseInvoker.InvokeWithFewArgs(Object obj, BindingFlags invokeAttr, Binder binder, Object[] parameters, CultureInfo culture)
  Passed WarHub.ArmouryModel.RosterEngine.Tests.ConformanceTests.Spec(id: "cost-default-limit-negative-one", resourceName: "BattleScribeSpec.specs.cost.cost-default-limit-neg"┬╖┬╖┬╖) [1 ms]
  Passed WarHub.ArmouryModel.RosterEngine.Tests.ConformanceTests.Spec(id: "constraint-min-violation-linked", resourceName: "BattleScribeSpec.specs.constraint.constraint-min-v"┬╖┬╖┬╖) [1 ms]
  Passed WarHub.ArmouryModel.RosterEngine.Tests.ConformanceTests.Spec(id: "modifier-decrement-below-zero", resourceName: "BattleScribeSpec.specs.modifier.modifier-decrement"┬╖┬╖┬╖) [1 ms]
  Passed WarHub.ArmouryModel.RosterEngine.Tests.ConformanceTests.Spec(id: "infolink-page-override", resourceName: "BattleScribeSpec.specs.selection.infolink-page-ove"┬╖┬╖┬╖) [2 ms]
  Passed WarHub.ArmouryModel.RosterEngine.Tests.ConformanceTests.Spec(id: "auto-select-root-entry", resourceName: "BattleScribeSpec.specs.auto_select.auto-select-roo"┬╖┬╖┬╖) [1 ms]
  Failed WarHub.ArmouryModel.RosterEngine.Tests.ConformanceTests.Spec(id: "constraint-percent-value", resourceName: "BattleScribeSpec.specs.constraint.constraint-perce"┬╖┬╖┬╖) [1 ms]
  Error Message:
   Spec constraint-percent-value failed:
Step 3: expected error [on='selection se-1', from='se-1/c1'] not found in: []
Step 3: expected 1 error(s) but got 0: []
  Stack Trace:
     at WarHub.ArmouryModel.RosterEngine.Tests.ConformanceTests.Spec(String id, String resourceName) in D:\warhub\wham\tests\WarHub.ArmouryModel.RosterEngine.Tests\ConformanceTests.cs:line 35
   at InvokeStub_ConformanceTests.Spec(Object, Span`1)
   at System.Reflection.MethodBaseInvoker.InvokeWithFewArgs(Object obj, BindingFlags invokeAttr, Binder binder, Object[] parameters, CultureInfo culture)
  Passed WarHub.ArmouryModel.RosterEngine.Tests.ConformanceTests.Spec(id: "selection-deselect-then-reselect", resourceName: "BattleScribeSpec.specs.selection.selection-deselec"┬╖┬╖┬╖) [2 ms]
  Passed WarHub.ArmouryModel.RosterEngine.Tests.ConformanceTests.Spec(id: "modifier-group-on-category-entry", resourceName: "BattleScribeSpec.specs.modifier.modifier-group-on-"┬╖┬╖┬╖) [1 ms]
  Passed WarHub.ArmouryModel.RosterEngine.Tests.ConformanceTests.Spec(id: "cost-base-calculation", resourceName: "BattleScribeSpec.specs.cost.cost-base-calculation."┬╖┬╖┬╖) [< 1 ms]
  Passed WarHub.ArmouryModel.RosterEngine.Tests.ConformanceTests.Spec(id: "modifier-conditional-increment-cost", resourceName: "BattleScribeSpec.specs.modifier.modifier-condition"┬╖┬╖┬╖) [3 ms]
  Passed WarHub.ArmouryModel.RosterEngine.Tests.ConformanceTests.Spec(id: "force-entry-with-modifier", resourceName: "BattleScribeSpec.specs.force.force-entry-with-modi"┬╖┬╖┬╖) [1 ms]
  Passed WarHub.ArmouryModel.RosterEngine.Tests.ConformanceTests.Spec(id: "modifier-string-increment-numeric", resourceName: "BattleScribeSpec.specs.modifier.modifier-string-in"┬╖┬╖┬╖) [1 ms]
  Passed WarHub.ArmouryModel.RosterEngine.Tests.ConformanceTests.Spec(id: "category-link-publication", resourceName: "BattleScribeSpec.specs.selection.category-link-pub"┬╖┬╖┬╖) [1 ms]
  Passed WarHub.ArmouryModel.RosterEngine.Tests.ConformanceTests.Spec(id: "constraint-shared-deduplication", resourceName: "BattleScribeSpec.specs.constraint.constraint-share"┬╖┬╖┬╖) [1 ms]
  Passed WarHub.ArmouryModel.RosterEngine.Tests.ConformanceTests.Spec(id: "constraint-entry-link-own", resourceName: "BattleScribeSpec.specs.constraint.constraint-entry"┬╖┬╖┬╖) [1 ms]
  Passed WarHub.ArmouryModel.RosterEngine.Tests.ConformanceTests.Spec(id: "cost-duplicate-increases", resourceName: "BattleScribeSpec.specs.cost.cost-duplicate-increas"┬╖┬╖┬╖) [1 ms]
  Passed WarHub.ArmouryModel.RosterEngine.Tests.ConformanceTests.Spec(id: "condition-false-prevents-modifier", resourceName: "BattleScribeSpec.specs.condition.condition-false-p"┬╖┬╖┬╖) [< 1 ms]
  Passed WarHub.ArmouryModel.RosterEngine.Tests.ConformanceTests.Spec(id: "modifier-order-set-then-append", resourceName: "BattleScribeSpec.specs.modifier.modifier-order-set"┬╖┬╖┬╖) [< 1 ms]
  Passed WarHub.ArmouryModel.RosterEngine.Tests.ConformanceTests.Spec(id: "cost-same-entry-twice-doubles", resourceName: "BattleScribeSpec.specs.cost.cost-same-entry-twice-"┬╖┬╖┬╖) [1 ms]
  Passed WarHub.ArmouryModel.RosterEngine.Tests.ConformanceTests.Spec(id: "modifier-multiple-on-same-entry", resourceName: "BattleScribeSpec.specs.modifier.modifier-multiple-"┬╖┬╖┬╖) [1 ms]
  Passed WarHub.ArmouryModel.RosterEngine.Tests.ConformanceTests.Spec(id: "modifier-set-constraint", resourceName: "BattleScribeSpec.specs.modifier.modifier-set-const"┬╖┬╖┬╖) [1 ms]
  Passed WarHub.ArmouryModel.RosterEngine.Tests.ConformanceTests.Spec(id: "modifier-conditional-toggle", resourceName: "BattleScribeSpec.specs.modifier.modifier-condition"┬╖┬╖┬╖) [1 ms]
  Passed WarHub.ArmouryModel.RosterEngine.Tests.ConformanceTests.Spec(id: "modifier-set-hidden-true", resourceName: "BattleScribeSpec.specs.modifier.modifier-set-hidde"┬╖┬╖┬╖) [< 1 ms]
  Passed WarHub.ArmouryModel.RosterEngine.Tests.ConformanceTests.Spec(id: "infogroup-multiple-profiles", resourceName: "BattleScribeSpec.specs.selection.infogroup-multipl"┬╖┬╖┬╖) [2 ms]
  Passed WarHub.ArmouryModel.RosterEngine.Tests.ConformanceTests.Spec(id: "constraint-shared", resourceName: "BattleScribeSpec.specs.constraint.constraint-share"┬╖┬╖┬╖) [1 ms]
  Passed WarHub.ArmouryModel.RosterEngine.Tests.ConformanceTests.Spec(id: "cost-three-types", resourceName: "BattleScribeSpec.specs.cost.cost-three-types.yaml") [1 ms]
  Passed WarHub.ArmouryModel.RosterEngine.Tests.ConformanceTests.Spec(id: "protocol-kitchen-sink", resourceName: "BattleScribeSpec.specs.protocol.protocol-kitchen-s"┬╖┬╖┬╖) [27 ms]
[xUnit.net 00:00:02.59]     WarHub.ArmouryModel.RosterEngine.Tests.ConformanceTests.Spec(id: "constraint-max-violation-linked", resourceName: "BattleScribeSpec.specs.constraint.constraint-max-v"┬╖┬╖┬╖) [FAIL]
[xUnit.net 00:00:02.59]       Spec constraint-max-violation-linked failed:
Step 5: expected error [on='selection se-unit-a', from='se-unit-a/con-max-1'] not found in: [category cat-troops <- se-unit-a/con-max-1: Max 1 allowed for se-unit-a, have 2]
[xUnit.net 00:00:02.59]       Stack Trace:
[xUnit.net 00:00:02.59]         D:\warhub\wham\tests\WarHub.ArmouryModel.RosterEngine.Tests\ConformanceTests.cs(35,0): at WarHub.ArmouryModel.RosterEngine.Tests.ConformanceTests.Spec(String id, String resourceName)
[xUnit.net 00:00:02.59]            at InvokeStub_ConformanceTests.Spec(Object, Span`1)
[xUnit.net 00:00:02.59]            at System.Reflection.MethodBaseInvoker.InvokeWithFewArgs(Object obj, BindingFlags invokeAttr, Binder binder, Object[] parameters, CultureInfo culture)
  Passed WarHub.ArmouryModel.RosterEngine.Tests.ConformanceTests.Spec(id: "scope-force-trigger-in-same-force", resourceName: "BattleScribeSpec.specs.scope.scope-force-trigger-i"┬╖┬╖┬╖) [1 ms]
  Passed WarHub.ArmouryModel.RosterEngine.Tests.ConformanceTests.Spec(id: "selection-entry-group-basic", resourceName: "BattleScribeSpec.specs.selection.selection-entry-g"┬╖┬╖┬╖) [1 ms]
  Passed WarHub.ArmouryModel.RosterEngine.Tests.ConformanceTests.Spec(id: "constraint-max-exactly-at-limit", resourceName: "BattleScribeSpec.specs.constraint.constraint-max-e"┬╖┬╖┬╖) [1 ms]
  Passed WarHub.ArmouryModel.RosterEngine.Tests.ConformanceTests.Spec(id: "selection-child-entry", resourceName: "BattleScribeSpec.specs.selection.selection-child-e"┬╖┬╖┬╖) [1 ms]
  Passed WarHub.ArmouryModel.RosterEngine.Tests.ConformanceTests.Spec(id: "modifier-decrement-cost", resourceName: "BattleScribeSpec.specs.modifier.modifier-decrement"┬╖┬╖┬╖) [1 ms]
  Passed WarHub.ArmouryModel.RosterEngine.Tests.ConformanceTests.Spec(id: "selection-duplicate", resourceName: "BattleScribeSpec.specs.selection.selection-duplica"┬╖┬╖┬╖) [1 ms]
  Passed WarHub.ArmouryModel.RosterEngine.Tests.ConformanceTests.Spec(id: "gamesystem-publication", resourceName: "BattleScribeSpec.specs.gamesystem.gamesystem-publi"┬╖┬╖┬╖) [2 ms]
  Passed WarHub.ArmouryModel.RosterEngine.Tests.ConformanceTests.Spec(id: "selection-entry-group-default", resourceName: "BattleScribeSpec.specs.selection.selection-entry-g"┬╖┬╖┬╖) [1 ms]
  Failed WarHub.ArmouryModel.RosterEngine.Tests.ConformanceTests.Spec(id: "constraint-max-violation-linked", resourceName: "BattleScribeSpec.specs.constraint.constraint-max-v"┬╖┬╖┬╖) [1 ms]
  Error Message:
   Spec constraint-max-violation-linked failed:
Step 5: expected error [on='selection se-unit-a', from='se-unit-a/con-max-1'] not found in: [category cat-troops <- se-unit-a/con-max-1: Max 1 allowed for se-unit-a, have 2]
  Stack Trace:
     at WarHub.ArmouryModel.RosterEngine.Tests.ConformanceTests.Spec(String id, String resourceName) in D:\warhub\wham\tests\WarHub.ArmouryModel.RosterEngine.Tests\ConformanceTests.cs:line 35
   at InvokeStub_ConformanceTests.Spec(Object, Span`1)
   at System.Reflection.MethodBaseInvoker.InvokeWithFewArgs(Object obj, BindingFlags invokeAttr, Binder binder, Object[] parameters, CultureInfo culture)
[xUnit.net 00:00:02.60]     WarHub.ArmouryModel.RosterEngine.Tests.ConformanceTests.Spec(id: "constraint-shared-linked", resourceName: "BattleScribeSpec.specs.constraint.constraint-share"┬╖┬╖┬╖) [FAIL]
[xUnit.net 00:00:02.60]       Spec constraint-shared-linked failed:
Step 4: expected error [on='category cat-troops', from='se-unit-b/con-min-shared'] not found in: [category cat-troops <- se-unit-a/con-min-shared: Min 1 required for se-unit-a, have 0]
Step 4: expected 2 error(s) but got 1: [category cat-troops <- se-unit-a/con-min-shared: Min 1 required for se-unit-a, have 0]
[xUnit.net 00:00:02.60]       Stack Trace:
[xUnit.net 00:00:02.60]         D:\warhub\wham\tests\WarHub.ArmouryModel.RosterEngine.Tests\ConformanceTests.cs(35,0): at WarHub.ArmouryModel.RosterEngine.Tests.ConformanceTests.Spec(String id, String resourceName)
[xUnit.net 00:00:02.60]            at InvokeStub_ConformanceTests.Spec(Object, Span`1)
[xUnit.net 00:00:02.60]            at System.Reflection.MethodBaseInvoker.InvokeWithFewArgs(Object obj, BindingFlags invokeAttr, Binder binder, Object[] parameters, CultureInfo culture)
[xUnit.net 00:00:02.60]     WarHub.ArmouryModel.RosterEngine.Tests.ConformanceTests.Spec(id: "constraint-forces-field-per-type", resourceName: "BattleScribeSpec.specs.constraint.constraint-force"┬╖┬╖┬╖) [FAIL]
[xUnit.net 00:00:02.60]       Spec constraint-forces-field-per-type failed:
Step 7: expected error [on='roster', from='fe-battalion/con-max-battalion'] not found in: []
Step 7: expected error [on='roster', from='fe-battalion/con-max-battalion'] not found in: []
Step 7: expected 2 error(s) but got 0: []
[xUnit.net 00:00:02.60]       Stack Trace:
[xUnit.net 00:00:02.60]         D:\warhub\wham\tests\WarHub.ArmouryModel.RosterEngine.Tests\ConformanceTests.cs(35,0): at WarHub.ArmouryModel.RosterEngine.Tests.ConformanceTests.Spec(String id, String resourceName)
[xUnit.net 00:00:02.60]            at InvokeStub_ConformanceTests.Spec(Object, Span`1)
[xUnit.net 00:00:02.60]            at System.Reflection.MethodBaseInvoker.InvokeWithFewArgs(Object obj, BindingFlags invokeAttr, Binder binder, Object[] parameters, CultureInfo culture)
  Passed WarHub.ArmouryModel.RosterEngine.Tests.ConformanceTests.Spec(id: "modifier-field-hidden", resourceName: "BattleScribeSpec.specs.modifier.modifier-field-hid"┬╖┬╖┬╖) [1 ms]
  Passed WarHub.ArmouryModel.RosterEngine.Tests.ConformanceTests.Spec(id: "infogroup-hidden", resourceName: "BattleScribeSpec.specs.selection.infogroup-hidden."┬╖┬╖┬╖) [3 ms]
  Failed WarHub.ArmouryModel.RosterEngine.Tests.ConformanceTests.Spec(id: "constraint-shared-linked", resourceName: "BattleScribeSpec.specs.constraint.constraint-share"┬╖┬╖┬╖) [2 ms]
  Error Message:
   Spec constraint-shared-linked failed:
Step 4: expected error [on='category cat-troops', from='se-unit-b/con-min-shared'] not found in: [category cat-troops <- se-unit-a/con-min-shared: Min 1 required for se-unit-a, have 0]
Step 4: expected 2 error(s) but got 1: [category cat-troops <- se-unit-a/con-min-shared: Min 1 required for se-unit-a, have 0]
  Stack Trace:
     at WarHub.ArmouryModel.RosterEngine.Tests.ConformanceTests.Spec(String id, String resourceName) in D:\warhub\wham\tests\WarHub.ArmouryModel.RosterEngine.Tests\ConformanceTests.cs:line 35
   at InvokeStub_ConformanceTests.Spec(Object, Span`1)
   at System.Reflection.MethodBaseInvoker.InvokeWithFewArgs(Object obj, BindingFlags invokeAttr, Binder binder, Object[] parameters, CultureInfo culture)
  Passed WarHub.ArmouryModel.RosterEngine.Tests.ConformanceTests.Spec(id: "selection-collective-deselect", resourceName: "BattleScribeSpec.specs.selection.selection-collect"┬╖┬╖┬╖) [1 ms]
  Passed WarHub.ArmouryModel.RosterEngine.Tests.ConformanceTests.Spec(id: "roster-with-cost-types", resourceName: "BattleScribeSpec.specs.roster.roster-with-cost-typ"┬╖┬╖┬╖) [1 ms]
  Failed WarHub.ArmouryModel.RosterEngine.Tests.ConformanceTests.Spec(id: "constraint-forces-field-per-type", resourceName: "BattleScribeSpec.specs.constraint.constraint-force"┬╖┬╖┬╖) [1 ms]
  Error Message:
   Spec constraint-forces-field-per-type failed:
Step 7: expected error [on='roster', from='fe-battalion/con-max-battalion'] not found in: []
Step 7: expected error [on='roster', from='fe-battalion/con-max-battalion'] not found in: []
Step 7: expected 2 error(s) but got 0: []
  Stack Trace:
     at WarHub.ArmouryModel.RosterEngine.Tests.ConformanceTests.Spec(String id, String resourceName) in D:\warhub\wham\tests\WarHub.ArmouryModel.RosterEngine.Tests\ConformanceTests.cs:line 35
   at InvokeStub_ConformanceTests.Spec(Object, Span`1)
   at System.Reflection.MethodBaseInvoker.InvokeWithFewArgs(Object obj, BindingFlags invokeAttr, Binder binder, Object[] parameters, CultureInfo culture)
  Passed WarHub.ArmouryModel.RosterEngine.Tests.ConformanceTests.Spec(id: "constraint-multiple-errors-linked", resourceName: "BattleScribeSpec.specs.constraint.constraint-multi"┬╖┬╖┬╖) [2 ms]
  Passed WarHub.ArmouryModel.RosterEngine.Tests.ConformanceTests.Spec(id: "constraint-min-uncategorised-skipped", resourceName: "BattleScribeSpec.specs.constraint.constraint-min-u"┬╖┬╖┬╖) [< 1 ms]
  Passed WarHub.ArmouryModel.RosterEngine.Tests.ConformanceTests.Spec(id: "condition-group-nested", resourceName: "BattleScribeSpec.specs.condition.condition-group-n"┬╖┬╖┬╖) [2 ms]
[xUnit.net 00:00:02.62]     WarHub.ArmouryModel.RosterEngine.Tests.ConformanceTests.Spec(id: "constraint-min-on-force-linked", resourceName: "BattleScribeSpec.specs.constraint.constraint-min-o"┬╖┬╖┬╖) [FAIL]
[xUnit.net 00:00:02.62]       Spec constraint-min-on-force-linked failed:
Step 1: force[0].selectionCount: expected 2 but got 0
Step 1: force[0].selection[0] expected but only 0 selections
Step 1: force[0].selection[1] expected but only 0 selections
Step 1: expected no errors (default) but got 1: category cat-troops <- se-unit-a/con-min-force: Min 2 required for se-unit-a, have 0
Step 2: ArgumentOutOfRangeException: Index was out of range. Must be non-negative and less than the size of the collection. (Parameter 'index')
[xUnit.net 00:00:02.62]       Stack Trace:
[xUnit.net 00:00:02.62]         D:\warhub\wham\tests\WarHub.ArmouryModel.RosterEngine.Tests\ConformanceTests.cs(35,0): at WarHub.ArmouryModel.RosterEngine.Tests.ConformanceTests.Spec(String id, String resourceName)
[xUnit.net 00:00:02.62]            at InvokeStub_ConformanceTests.Spec(Object, Span`1)
[xUnit.net 00:00:02.62]            at System.Reflection.MethodBaseInvoker.InvokeWithFewArgs(Object obj, BindingFlags invokeAttr, Binder binder, Object[] parameters, CultureInfo culture)
  Passed WarHub.ArmouryModel.RosterEngine.Tests.ConformanceTests.Spec(id: "modifier-group-false-condition", resourceName: "BattleScribeSpec.specs.modifier.modifier-group-fal"┬╖┬╖┬╖) [1 ms]
  Passed WarHub.ArmouryModel.RosterEngine.Tests.ConformanceTests.Spec(id: "cost-child-aggregation", resourceName: "BattleScribeSpec.specs.cost.cost-child-aggregation"┬╖┬╖┬╖) [1 ms]
  Failed WarHub.ArmouryModel.RosterEngine.Tests.ConformanceTests.Spec(id: "constraint-min-on-force-linked", resourceName: "BattleScribeSpec.specs.constraint.constraint-min-o"┬╖┬╖┬╖) [2 ms]
  Error Message:
   Spec constraint-min-on-force-linked failed:
Step 1: force[0].selectionCount: expected 2 but got 0
Step 1: force[0].selection[0] expected but only 0 selections
Step 1: force[0].selection[1] expected but only 0 selections
Step 1: expected no errors (default) but got 1: category cat-troops <- se-unit-a/con-min-force: Min 2 required for se-unit-a, have 0
Step 2: ArgumentOutOfRangeException: Index was out of range. Must be non-negative and less than the size of the collection. (Parameter 'index')
  Stack Trace:
     at WarHub.ArmouryModel.RosterEngine.Tests.ConformanceTests.Spec(String id, String resourceName) in D:\warhub\wham\tests\WarHub.ArmouryModel.RosterEngine.Tests\ConformanceTests.cs:line 35
   at InvokeStub_ConformanceTests.Spec(Object, Span`1)
   at System.Reflection.MethodBaseInvoker.InvokeWithFewArgs(Object obj, BindingFlags invokeAttr, Binder binder, Object[] parameters, CultureInfo culture)
  Passed WarHub.ArmouryModel.RosterEngine.Tests.ConformanceTests.Spec(id: "modifier-decrement-name", resourceName: "BattleScribeSpec.specs.modifier.modifier-decrement"┬╖┬╖┬╖) [1 ms]
  Passed WarHub.ArmouryModel.RosterEngine.Tests.ConformanceTests.Spec(id: "scope-force-vs-roster", resourceName: "BattleScribeSpec.specs.scope.scope-force-vs-roster"┬╖┬╖┬╖) [1 ms]
  Passed WarHub.ArmouryModel.RosterEngine.Tests.ConformanceTests.Spec(id: "modifier-set-cost", resourceName: "BattleScribeSpec.specs.modifier.modifier-set-cost."┬╖┬╖┬╖) [1 ms]
  Passed WarHub.ArmouryModel.RosterEngine.Tests.ConformanceTests.Spec(id: "constraint-error-count", resourceName: "BattleScribeSpec.specs.constraint.constraint-error"┬╖┬╖┬╖) [1 ms]
  Passed WarHub.ArmouryModel.RosterEngine.Tests.ConformanceTests.Spec(id: "catalogue-category-entries", resourceName: "BattleScribeSpec.specs.catalogue.catalogue-categor"┬╖┬╖┬╖) [1 ms]
  Passed WarHub.ArmouryModel.RosterEngine.Tests.ConformanceTests.Spec(id: "gamesystem-shared-entry", resourceName: "BattleScribeSpec.specs.gamesystem.gamesystem-share"┬╖┬╖┬╖) [1 ms]
[xUnit.net 00:00:02.64]     WarHub.ArmouryModel.RosterEngine.Tests.ConformanceTests.Spec(id: "modifier-category-set-primary", resourceName: "BattleScribeSpec.specs.modifier.modifier-category-"┬╖┬╖┬╖) [FAIL]
[xUnit.net 00:00:02.64]       Spec modifier-category-set-primary failed:
Step 2: force[0].selection[0].category[Elites] not found (have 1 categories)
[xUnit.net 00:00:02.64]       Stack Trace:
[xUnit.net 00:00:02.64]         D:\warhub\wham\tests\WarHub.ArmouryModel.RosterEngine.Tests\ConformanceTests.cs(35,0): at WarHub.ArmouryModel.RosterEngine.Tests.ConformanceTests.Spec(String id, String resourceName)
[xUnit.net 00:00:02.64]            at InvokeStub_ConformanceTests.Spec(Object, Span`1)
[xUnit.net 00:00:02.64]            at System.Reflection.MethodBaseInvoker.InvokeWithFewArgs(Object obj, BindingFlags invokeAttr, Binder binder, Object[] parameters, CultureInfo culture)
  Passed WarHub.ArmouryModel.RosterEngine.Tests.ConformanceTests.Spec(id: "modifier-characteristic-value", resourceName: "BattleScribeSpec.specs.modifier.modifier-character"┬╖┬╖┬╖) [2 ms]
  Failed WarHub.ArmouryModel.RosterEngine.Tests.ConformanceTests.Spec(id: "modifier-category-set-primary", resourceName: "BattleScribeSpec.specs.modifier.modifier-category-"┬╖┬╖┬╖) [1 ms]
  Error Message:
   Spec modifier-category-set-primary failed:
Step 2: force[0].selection[0].category[Elites] not found (have 1 categories)
  Stack Trace:
     at WarHub.ArmouryModel.RosterEngine.Tests.ConformanceTests.Spec(String id, String resourceName) in D:\warhub\wham\tests\WarHub.ArmouryModel.RosterEngine.Tests\ConformanceTests.cs:line 35
   at InvokeStub_ConformanceTests.Spec(Object, Span`1)
   at System.Reflection.MethodBaseInvoker.InvokeWithFewArgs(Object obj, BindingFlags invokeAttr, Binder binder, Object[] parameters, CultureInfo culture)
  Passed WarHub.ArmouryModel.RosterEngine.Tests.ConformanceTests.Spec(id: "rule-with-page", resourceName: "BattleScribeSpec.specs.selection.rule-with-page.ya"┬╖┬╖┬╖) [1 ms]
  Passed WarHub.ArmouryModel.RosterEngine.Tests.ConformanceTests.Spec(id: "rule-hidden", resourceName: "BattleScribeSpec.specs.selection.rule-hidden.yaml") [2 ms]
  Passed WarHub.ArmouryModel.RosterEngine.Tests.ConformanceTests.Spec(id: "modifier-repeat-zero-threshold", resourceName: "BattleScribeSpec.specs.modifier.modifier-repeat-ze"┬╖┬╖┬╖) [2 ms]
  Passed WarHub.ArmouryModel.RosterEngine.Tests.ConformanceTests.Spec(id: "roster-multi-cost-types", resourceName: "BattleScribeSpec.specs.roster.roster-multi-cost-ty"┬╖┬╖┬╖) [1 ms]
  Passed WarHub.ArmouryModel.RosterEngine.Tests.ConformanceTests.Spec(id: "condition-null-childid", resourceName: "BattleScribeSpec.specs.condition.condition-null-ch"┬╖┬╖┬╖) [1 ms]
  Passed WarHub.ArmouryModel.RosterEngine.Tests.ConformanceTests.Spec(id: "force-multiple-types", resourceName: "BattleScribeSpec.specs.force.force-multiple-types."┬╖┬╖┬╖) [1 ms]
  Passed WarHub.ArmouryModel.RosterEngine.Tests.ConformanceTests.Spec(id: "entry-link-to-group", resourceName: "BattleScribeSpec.specs.selection.entry-link-to-gro"┬╖┬╖┬╖) [1 ms]
  Passed WarHub.ArmouryModel.RosterEngine.Tests.ConformanceTests.Spec(id: "scope-roster-cross-force", resourceName: "BattleScribeSpec.specs.scope.scope-roster-cross-fo"┬╖┬╖┬╖) [1 ms]
  Passed WarHub.ArmouryModel.RosterEngine.Tests.ConformanceTests.Spec(id: "info-link-to-rule", resourceName: "BattleScribeSpec.specs.selection.info-link-to-rule"┬╖┬╖┬╖) [1 ms]
  Passed WarHub.ArmouryModel.RosterEngine.Tests.ConformanceTests.Spec(id: "entry-group-with-entry-links", resourceName: "BattleScribeSpec.specs.entry_group.entry-group-wit"┬╖┬╖┬╖) [2 ms]
  Passed WarHub.ArmouryModel.RosterEngine.Tests.ConformanceTests.Spec(id: "cost-empty-roster", resourceName: "BattleScribeSpec.specs.cost.cost-empty-roster.yaml") [1 ms]
  Passed WarHub.ArmouryModel.RosterEngine.Tests.ConformanceTests.Spec(id: "selection-multiple-deselects", resourceName: "BattleScribeSpec.specs.selection.selection-multipl"┬╖┬╖┬╖) [1 ms]
  Passed WarHub.ArmouryModel.RosterEngine.Tests.ConformanceTests.Spec(id: "modifier-append-with-space", resourceName: "BattleScribeSpec.specs.modifier.modifier-append-wi"┬╖┬╖┬╖) [< 1 ms]
  Passed WarHub.ArmouryModel.RosterEngine.Tests.ConformanceTests.Spec(id: "import-false-entry-hidden-via-link", resourceName: "BattleScribeSpec.specs.selection.import-false-entr"┬╖┬╖┬╖) [1 ms]
  Passed WarHub.ArmouryModel.RosterEngine.Tests.ConformanceTests.Spec(id: "entry-link-with-child-entries", resourceName: "BattleScribeSpec.specs.entry_link.entry-link-with-"┬╖┬╖┬╖) [1 ms]
  Passed WarHub.ArmouryModel.RosterEngine.Tests.ConformanceTests.Spec(id: "infolink-publication-not-inherited", resourceName: "BattleScribeSpec.specs.selection.infolink-publicat"┬╖┬╖┬╖) [1 ms]
[xUnit.net 00:00:02.68]     WarHub.ArmouryModel.RosterEngine.Tests.ConformanceTests.Spec(id: "condition-instance-of-force-entry", resourceName: "BattleScribeSpec.specs.condition.condition-instanc"┬╖┬╖┬╖) [FAIL]
[xUnit.net 00:00:02.68]       Spec condition-instance-of-force-entry failed:
Step 2: force[0].selection[0].name: expected Detector but got Force Entry Matched
[xUnit.net 00:00:02.68]       Stack Trace:
[xUnit.net 00:00:02.68]         D:\warhub\wham\tests\WarHub.ArmouryModel.RosterEngine.Tests\ConformanceTests.cs(35,0): at WarHub.ArmouryModel.RosterEngine.Tests.ConformanceTests.Spec(String id, String resourceName)
[xUnit.net 00:00:02.68]            at InvokeStub_ConformanceTests.Spec(Object, Span`1)
[xUnit.net 00:00:02.68]            at System.Reflection.MethodBaseInvoker.InvokeWithFewArgs(Object obj, BindingFlags invokeAttr, Binder binder, Object[] parameters, CultureInfo culture)
[xUnit.net 00:00:02.68]     WarHub.ArmouryModel.RosterEngine.Tests.ConformanceTests.Spec(id: "condition-instance-of-roster-scope", resourceName: "BattleScribeSpec.specs.condition.condition-instanc"┬╖┬╖┬╖) [FAIL]
[xUnit.net 00:00:02.68]       Spec condition-instance-of-roster-scope failed:
Step 2: force[0].selection[0].name: expected Unit A but got Should Not Apply
[xUnit.net 00:00:02.68]       Stack Trace:
[xUnit.net 00:00:02.68]         D:\warhub\wham\tests\WarHub.ArmouryModel.RosterEngine.Tests\ConformanceTests.cs(35,0): at WarHub.ArmouryModel.RosterEngine.Tests.ConformanceTests.Spec(String id, String resourceName)
[xUnit.net 00:00:02.68]            at InvokeStub_ConformanceTests.Spec(Object, Span`1)
[xUnit.net 00:00:02.68]            at System.Reflection.MethodBaseInvoker.InvokeWithFewArgs(Object obj, BindingFlags invokeAttr, Binder binder, Object[] parameters, CultureInfo culture)
  Passed WarHub.ArmouryModel.RosterEngine.Tests.ConformanceTests.Spec(id: "condition-group-and-fails", resourceName: "BattleScribeSpec.specs.condition.condition-group-a"┬╖┬╖┬╖) [1 ms]
  Passed WarHub.ArmouryModel.RosterEngine.Tests.ConformanceTests.Spec(id: "cost-default-limit-zero", resourceName: "BattleScribeSpec.specs.cost.cost-default-limit-zer"┬╖┬╖┬╖) [1 ms]
  Passed WarHub.ArmouryModel.RosterEngine.Tests.ConformanceTests.Spec(id: "selection-publication", resourceName: "BattleScribeSpec.specs.selection.selection-publica"┬╖┬╖┬╖) [4 ms]
  Passed WarHub.ArmouryModel.RosterEngine.Tests.ConformanceTests.Spec(id: "constraint-cost-limit-linked", resourceName: "BattleScribeSpec.specs.constraint.constraint-cost-"┬╖┬╖┬╖) [1 ms]
  Passed WarHub.ArmouryModel.RosterEngine.Tests.ConformanceTests.Spec(id: "entry-link-with-constraint", resourceName: "BattleScribeSpec.specs.selection.entry-link-with-c"┬╖┬╖┬╖) [1 ms]
  Failed WarHub.ArmouryModel.RosterEngine.Tests.ConformanceTests.Spec(id: "condition-instance-of-force-entry", resourceName: "BattleScribeSpec.specs.condition.condition-instanc"┬╖┬╖┬╖) [1 ms]
  Error Message:
   Spec condition-instance-of-force-entry failed:
Step 2: force[0].selection[0].name: expected Detector but got Force Entry Matched
  Stack Trace:
     at WarHub.ArmouryModel.RosterEngine.Tests.ConformanceTests.Spec(String id, String resourceName) in D:\warhub\wham\tests\WarHub.ArmouryModel.RosterEngine.Tests\ConformanceTests.cs:line 35
   at InvokeStub_ConformanceTests.Spec(Object, Span`1)
   at System.Reflection.MethodBaseInvoker.InvokeWithFewArgs(Object obj, BindingFlags invokeAttr, Binder binder, Object[] parameters, CultureInfo culture)
  Failed WarHub.ArmouryModel.RosterEngine.Tests.ConformanceTests.Spec(id: "condition-instance-of-roster-scope", resourceName: "BattleScribeSpec.specs.condition.condition-instanc"┬╖┬╖┬╖) [1 ms]
  Error Message:
   Spec condition-instance-of-roster-scope failed:
Step 2: force[0].selection[0].name: expected Unit A but got Should Not Apply
  Stack Trace:
     at WarHub.ArmouryModel.RosterEngine.Tests.ConformanceTests.Spec(String id, String resourceName) in D:\warhub\wham\tests\WarHub.ArmouryModel.RosterEngine.Tests\ConformanceTests.cs:line 35
   at InvokeStub_ConformanceTests.Spec(Object, Span`1)
   at System.Reflection.MethodBaseInvoker.InvokeWithFewArgs(Object obj, BindingFlags invokeAttr, Binder binder, Object[] parameters, CultureInfo culture)
  Passed WarHub.ArmouryModel.RosterEngine.Tests.ConformanceTests.Spec(id: "category-entry-hidden", resourceName: "BattleScribeSpec.specs.category.category-entry-hid"┬╖┬╖┬╖) [2 ms]
  Passed WarHub.ArmouryModel.RosterEngine.Tests.ConformanceTests.Spec(id: "selection-set-count", resourceName: "BattleScribeSpec.specs.selection.selection-set-cou"┬╖┬╖┬╖) [1 ms]
  Passed WarHub.ArmouryModel.RosterEngine.Tests.ConformanceTests.Spec(id: "selection-force-level-entry", resourceName: "BattleScribeSpec.specs.selection.selection-force-l"┬╖┬╖┬╖) [1 ms]
  Passed WarHub.ArmouryModel.RosterEngine.Tests.ConformanceTests.Spec(id: "cost-type-limit", resourceName: "BattleScribeSpec.specs.cost.cost-type-limit.yaml") [1 ms]
  Passed WarHub.ArmouryModel.RosterEngine.Tests.ConformanceTests.Spec(id: "cost-entry-no-costs", resourceName: "BattleScribeSpec.specs.cost.cost-entry-no-costs.ya"┬╖┬╖┬╖) [1 ms]
  Passed WarHub.ArmouryModel.RosterEngine.Tests.ConformanceTests.Spec(id: "selection-model-type", resourceName: "BattleScribeSpec.specs.selection.selection-model-t"┬╖┬╖┬╖) [< 1 ms]
  Passed WarHub.ArmouryModel.RosterEngine.Tests.ConformanceTests.Spec(id: "info-link-to-infogroup", resourceName: "BattleScribeSpec.specs.selection.info-link-to-info"┬╖┬╖┬╖) [8 ms]
  Passed WarHub.ArmouryModel.RosterEngine.Tests.ConformanceTests.Spec(id: "selection-entry-group-default-entrylink", resourceName: "BattleScribeSpec.specs.selection.selection-entry-g"┬╖┬╖┬╖) [2 ms]
  Passed WarHub.ArmouryModel.RosterEngine.Tests.ConformanceTests.Spec(id: "entry-link-cascading-modifiers", resourceName: "BattleScribeSpec.specs.modifier.entry-link-cascadi"┬╖┬╖┬╖) [1 ms]
  Passed WarHub.ArmouryModel.RosterEngine.Tests.ConformanceTests.Spec(id: "hidden-cascade-to-children", resourceName: "BattleScribeSpec.specs.selection.hidden-cascade-to"┬╖┬╖┬╖) [1 ms]
  Passed WarHub.ArmouryModel.RosterEngine.Tests.ConformanceTests.Spec(id: "modifier-repeat-include-child-selections", resourceName: "BattleScribeSpec.specs.modifier.modifier-repeat-in"┬╖┬╖┬╖) [1 ms]
[xUnit.net 00:00:02.71]     WarHub.ArmouryModel.RosterEngine.Tests.ConformanceTests.Spec(id: "constraint-forces-field-min-error", resourceName: "BattleScribeSpec.specs.constraint.constraint-force"┬╖┬╖┬╖) [FAIL]
[xUnit.net 00:00:02.71]       Spec constraint-forces-field-min-error failed:
Step 1: expected error [on='roster', from='fe-patrol/con-min-forces'] not found in: []
Step 1: expected 1 error(s) but got 0: []
[xUnit.net 00:00:02.71]       Stack Trace:
[xUnit.net 00:00:02.71]         D:\warhub\wham\tests\WarHub.ArmouryModel.RosterEngine.Tests\ConformanceTests.cs(35,0): at WarHub.ArmouryModel.RosterEngine.Tests.ConformanceTests.Spec(String id, String resourceName)
[xUnit.net 00:00:02.71]            at InvokeStub_ConformanceTests.Spec(Object, Span`1)
[xUnit.net 00:00:02.71]            at System.Reflection.MethodBaseInvoker.InvokeWithFewArgs(Object obj, BindingFlags invokeAttr, Binder binder, Object[] parameters, CultureInfo culture)
  Failed WarHub.ArmouryModel.RosterEngine.Tests.ConformanceTests.Spec(id: "constraint-forces-field-min-error", resourceName: "BattleScribeSpec.specs.constraint.constraint-force"┬╖┬╖┬╖) [1 ms]
  Error Message:
   Spec constraint-forces-field-min-error failed:
Step 1: expected error [on='roster', from='fe-patrol/con-min-forces'] not found in: []
Step 1: expected 1 error(s) but got 0: []
  Stack Trace:
     at WarHub.ArmouryModel.RosterEngine.Tests.ConformanceTests.Spec(String id, String resourceName) in D:\warhub\wham\tests\WarHub.ArmouryModel.RosterEngine.Tests\ConformanceTests.cs:line 35
   at InvokeStub_ConformanceTests.Spec(Object, Span`1)
   at System.Reflection.MethodBaseInvoker.InvokeWithFewArgs(Object obj, BindingFlags invokeAttr, Binder binder, Object[] parameters, CultureInfo culture)
  Passed WarHub.ArmouryModel.RosterEngine.Tests.ConformanceTests.Spec(id: "category-link-with-modifier", resourceName: "BattleScribeSpec.specs.category.category-link-with"┬╖┬╖┬╖) [1 ms]
  Passed WarHub.ArmouryModel.RosterEngine.Tests.ConformanceTests.Spec(id: "selection-collective-create", resourceName: "BattleScribeSpec.specs.selection.selection-collect"┬╖┬╖┬╖) [2 ms]
  Passed WarHub.ArmouryModel.RosterEngine.Tests.ConformanceTests.Spec(id: "condition-null-childid-parent-scope", resourceName: "BattleScribeSpec.specs.condition.condition-null-ch"┬╖┬╖┬╖) [2 ms]
  Passed WarHub.ArmouryModel.RosterEngine.Tests.ConformanceTests.Spec(id: "force-add-multiple", resourceName: "BattleScribeSpec.specs.force.force-add-multiple.ya"┬╖┬╖┬╖) [< 1 ms]
  Passed WarHub.ArmouryModel.RosterEngine.Tests.ConformanceTests.Spec(id: "infogroup-basic", resourceName: "BattleScribeSpec.specs.selection.infogroup-basic.y"┬╖┬╖┬╖) [3 ms]
  Passed WarHub.ArmouryModel.RosterEngine.Tests.ConformanceTests.Spec(id: "selection-number-with-min", resourceName: "BattleScribeSpec.specs.selection.selection-number-"┬╖┬╖┬╖) [1 ms]
  Passed WarHub.ArmouryModel.RosterEngine.Tests.ConformanceTests.Spec(id: "roster-no-cost-types", resourceName: "BattleScribeSpec.specs.roster.roster-no-cost-types"┬╖┬╖┬╖) [< 1 ms]
  Passed WarHub.ArmouryModel.RosterEngine.Tests.ConformanceTests.Spec(id: "modifier-increment-name", resourceName: "BattleScribeSpec.specs.modifier.modifier-increment"┬╖┬╖┬╖) [< 1 ms]
[xUnit.net 00:00:02.74]     WarHub.ArmouryModel.RosterEngine.Tests.ConformanceTests.Spec(id: "scope-primary-category", resourceName: "BattleScribeSpec.specs.scope.scope-primary-categor"┬╖┬╖┬╖) [FAIL]
[xUnit.net 00:00:02.74]       Spec scope-primary-category failed:
Step 2: force[0].selection[0].name: expected Commander but got Primary HQ
[xUnit.net 00:00:02.74]       Stack Trace:
[xUnit.net 00:00:02.74]         D:\warhub\wham\tests\WarHub.ArmouryModel.RosterEngine.Tests\ConformanceTests.cs(35,0): at WarHub.ArmouryModel.RosterEngine.Tests.ConformanceTests.Spec(String id, String resourceName)
[xUnit.net 00:00:02.74]            at InvokeStub_ConformanceTests.Spec(Object, Span`1)
[xUnit.net 00:00:02.74]            at System.Reflection.MethodBaseInvoker.InvokeWithFewArgs(Object obj, BindingFlags invokeAttr, Binder binder, Object[] parameters, CultureInfo culture)
  Passed WarHub.ArmouryModel.RosterEngine.Tests.ConformanceTests.Spec(id: "constraint-min-zero-no-error", resourceName: "BattleScribeSpec.specs.constraint.constraint-min-z"┬╖┬╖┬╖) [< 1 ms]
  Passed WarHub.ArmouryModel.RosterEngine.Tests.ConformanceTests.Spec(id: "cost-multi-type-aggregation", resourceName: "BattleScribeSpec.specs.cost.cost-multi-type-aggreg"┬╖┬╖┬╖) [1 ms]
  Passed WarHub.ArmouryModel.RosterEngine.Tests.ConformanceTests.Spec(id: "selection-entry-group-default-with-max", resourceName: "BattleScribeSpec.specs.selection.selection-entry-g"┬╖┬╖┬╖) [1 ms]
  Passed WarHub.ArmouryModel.RosterEngine.Tests.ConformanceTests.Spec(id: "entry-group-with-modifiers", resourceName: "BattleScribeSpec.specs.selection.entry-group-with-"┬╖┬╖┬╖) [2 ms]
  Passed WarHub.ArmouryModel.RosterEngine.Tests.ConformanceTests.Spec(id: "modifier-set-boolean", resourceName: "BattleScribeSpec.specs.modifier.modifier-set-boole"┬╖┬╖┬╖) [1 ms]
  Failed WarHub.ArmouryModel.RosterEngine.Tests.ConformanceTests.Spec(id: "scope-primary-category", resourceName: "BattleScribeSpec.specs.scope.scope-primary-categor"┬╖┬╖┬╖) [1 ms]
  Error Message:
   Spec scope-primary-category failed:
Step 2: force[0].selection[0].name: expected Commander but got Primary HQ
  Stack Trace:
     at WarHub.ArmouryModel.RosterEngine.Tests.ConformanceTests.Spec(String id, String resourceName) in D:\warhub\wham\tests\WarHub.ArmouryModel.RosterEngine.Tests\ConformanceTests.cs:line 35
   at InvokeStub_ConformanceTests.Spec(Object, Span`1)
   at System.Reflection.MethodBaseInvoker.InvokeWithFewArgs(Object obj, BindingFlags invokeAttr, Binder binder, Object[] parameters, CultureInfo culture)
  Passed WarHub.ArmouryModel.RosterEngine.Tests.ConformanceTests.Spec(id: "condition-at-least", resourceName: "BattleScribeSpec.specs.condition.condition-at-leas"┬╖┬╖┬╖) [1 ms]
  Passed WarHub.ArmouryModel.RosterEngine.Tests.ConformanceTests.Spec(id: "selection-publication-and-page", resourceName: "BattleScribeSpec.specs.selection.selection-publica"┬╖┬╖┬╖) [1 ms]
  Passed WarHub.ArmouryModel.RosterEngine.Tests.ConformanceTests.Spec(id: "modifier-entry-page", resourceName: "BattleScribeSpec.specs.modifier.modifier-entry-pag"┬╖┬╖┬╖) [1 ms]
[xUnit.net 00:00:02.77]   Finished:    WarHub.ArmouryModel.RosterEngine.Tests (ID = 'a4f72024384cf54b078b450d2407428bdeb21a8dc93ed64d0877c22964ecad79')
  Passed WarHub.ArmouryModel.RosterEngine.Tests.ConformanceTests.Spec(id: "scope-self", resourceName: "BattleScribeSpec.specs.scope.scope-self.yaml") [1 ms]
  Passed WarHub.ArmouryModel.RosterEngine.Tests.ConformanceTests.Spec(id: "cost-default-limit-positive", resourceName: "BattleScribeSpec.specs.cost.cost-default-limit-pos"┬╖┬╖┬╖) [1 ms]
  Passed WarHub.ArmouryModel.RosterEngine.Tests.ConformanceTests.Spec(id: "entry-link-basic", resourceName: "BattleScribeSpec.specs.selection.entry-link-basic."┬╖┬╖┬╖) [1 ms]
  Passed WarHub.ArmouryModel.RosterEngine.Tests.ConformanceTests.Spec(id: "selection-with-cost", resourceName: "BattleScribeSpec.specs.selection.selection-with-co"┬╖┬╖┬╖) [1 ms]
  Passed WarHub.ArmouryModel.RosterEngine.Tests.ConformanceTests.Spec(id: "entry-group-collective", resourceName: "BattleScribeSpec.specs.entry_group.entry-group-col"┬╖┬╖┬╖) [3 ms]
  Passed WarHub.ArmouryModel.RosterEngine.Tests.ConformanceTests.Spec(id: "constraint-no-constraints", resourceName: "BattleScribeSpec.specs.constraint.constraint-no-co"┬╖┬╖┬╖) [1 ms]
  Passed WarHub.ArmouryModel.RosterEngine.Tests.ConformanceTests.Spec(id: "condition-instance-of-by-category", resourceName: "BattleScribeSpec.specs.condition.condition-instanc"┬╖┬╖┬╖) [1 ms]

Test Run Failed.
Total tests: 303
     Passed: 273
     Failed: 30
 Total time: 3,6597 Seconds
       _VSTestConsole:
         MSB4181: The "VSTestTask" task returned false but did not log an error.
     1>Done Building Project "D:\warhub\wham\tests\WarHub.ArmouryModel.RosterEngine.Tests\WarHub.ArmouryModel.RosterEngine.Tests.csproj" (VSTest target(s)) -- FAILED.

Build FAILED.

       "D:\warhub\wham\tests\WarHub.ArmouryModel.RosterEngine.Tests\WarHub.ArmouryModel.RosterEngine.Tests.csproj" (VSTest target) (1) ->
       "D:\warhub\wham\tests\WarHub.ArmouryModel.RosterEngine.Tests\WarHub.ArmouryModel.RosterEngine.Tests.csproj" (default target) (1:2) ->
       "D:\warhub\wham\src\WarHub.ArmouryModel.Extensions\WarHub.ArmouryModel.Extensions.csproj" (default target) (7:2) ->
       (CoreCompile target) -> 
         D:\warhub\wham\src\WarHub.ArmouryModel.Extensions\Binding\LookupResult.cs(68,57): warning CS1734: XML comment on 'LookupResult.SetFrom(LookupResult)' has a paramref tag for 'error', but there is no parameter by that name [D:\warhub\wham\src\WarHub.ArmouryModel.Extensions\WarHub.ArmouryModel.Extensions.csproj]
         D:\warhub\wham\src\WarHub.ArmouryModel.Extensions\Binding\LookupResult.cs(70,22): warning CS1572: XML comment has a param tag for 'error', but there is no parameter by that name [D:\warhub\wham\src\WarHub.ArmouryModel.Extensions\WarHub.ArmouryModel.Extensions.csproj]
         D:\warhub\wham\src\WarHub.ArmouryModel.Extensions\Binding\LookupResult.cs(71,40): warning CS1573: Parameter 'other' has no matching param tag in the XML comment for 'LookupResult.SetFrom(LookupResult)' (but other parameters do) [D:\warhub\wham\src\WarHub.ArmouryModel.Extensions\WarHub.ArmouryModel.Extensions.csproj]
         D:\warhub\wham\src\WarHub.ArmouryModel.Extensions\Text\Location.cs(105,84): warning CS1574: XML comment has cref attribute 'SyntaxTree' that could not be resolved [D:\warhub\wham\src\WarHub.ArmouryModel.Extensions\WarHub.ArmouryModel.Extensions.csproj]
         D:\warhub\wham\src\WarHub.ArmouryModel.Extensions\Symbols\IContainerEntrySymbol.cs(18,42): warning CS1574: XML comment has cref attribute 'Resources' that could not be resolved [D:\warhub\wham\src\WarHub.ArmouryModel.Extensions\WarHub.ArmouryModel.Extensions.csproj]
         D:\warhub\wham\src\WarHub.ArmouryModel.Extensions\Symbols\IResourceSymbol.cs(6,35): warning CS1574: XML comment has cref attribute 'SourceEntryPath' that could not be resolved [D:\warhub\wham\src\WarHub.ArmouryModel.Extensions\WarHub.ArmouryModel.Extensions.csproj]
         D:\warhub\wham\src\WarHub.ArmouryModel.Extensions\Text\LocationKind.cs(18,5): warning CS1587: XML comment is not placed on a valid language element [D:\warhub\wham\src\WarHub.ArmouryModel.Extensions\WarHub.ArmouryModel.Extensions.csproj]
         D:\warhub\wham\src\WarHub.ArmouryModel.Extensions\Text\LocationKind.cs(23,5): warning CS1587: XML comment is not placed on a valid language element [D:\warhub\wham\src\WarHub.ArmouryModel.Extensions\WarHub.ArmouryModel.Extensions.csproj]
         D:\warhub\wham\src\WarHub.ArmouryModel.Extensions\Text\LocationKind.cs(28,5): warning CS1587: XML comment is not placed on a valid language element [D:\warhub\wham\src\WarHub.ArmouryModel.Extensions\WarHub.ArmouryModel.Extensions.csproj]
         D:\warhub\wham\src\WarHub.ArmouryModel.Extensions\Text\LocationKind.cs(6,13): warning CA1028: If possible, make the underlying type of LocationKind System.Int32 instead of byte (https://learn.microsoft.com/dotnet/fundamentals/code-analysis/quality-rules/ca1028) [D:\warhub\wham\src\WarHub.ArmouryModel.Extensions\WarHub.ArmouryModel.Extensions.csproj]
         D:\warhub\wham\src\WarHub.ArmouryModel.Extensions\Text\LocalizableString.cs(13,43): warning CA1003: Change the event 'OnException' to replace the type 'System.EventHandler<System.Exception>?' with a generic EventHandler, for example EventHandler<T>, where T is a valid EventArgs (https://learn.microsoft.com/dotnet/fundamentals/code-analysis/quality-rules/ca1003) [D:\warhub\wham\src\WarHub.ArmouryModel.Extensions\WarHub.ArmouryModel.Extensions.csproj]
         D:\warhub\wham\src\WarHub.ArmouryModel.Extensions\Text\LocalizableString.cs(36,37): warning CA2225: Provide a method named 'ToLocalizableString' or 'FromString' as an alternate for operator op_Implicit (https://learn.microsoft.com/dotnet/fundamentals/code-analysis/quality-rules/ca2225) [D:\warhub\wham\src\WarHub.ArmouryModel.Extensions\WarHub.ArmouryModel.Extensions.csproj]
         D:\warhub\wham\src\WarHub.ArmouryModel.Extensions\Binding\BindingDiagnosticBag.cs(293,26): warning CA1066: Type WarHub.ArmouryModel.ImmutableBindingDiagnostic<TModuleSymbol> should implement IEquatable<T> because it overrides Equals (https://learn.microsoft.com/dotnet/fundamentals/code-analysis/quality-rules/ca1066) [D:\warhub\wham\src\WarHub.ArmouryModel.Extensions\WarHub.ArmouryModel.Extensions.csproj]
         D:\warhub\wham\src\WarHub.ArmouryModel.Extensions\Text\LocalizableString.cs(24,9): warning CA1031: Modify 'ToString' to catch a more specific allowed exception type, or rethrow the exception (https://learn.microsoft.com/dotnet/fundamentals/code-analysis/quality-rules/ca1031) [D:\warhub\wham\src\WarHub.ArmouryModel.Extensions\WarHub.ArmouryModel.Extensions.csproj]
         D:\warhub\wham\src\WarHub.ArmouryModel.Extensions\Binding\BindingDiagnosticBag.cs(35,16): warning CA1508: 'DiagnosticBag' is never 'null'. Remove or refactor the condition(s) to avoid dead code. (https://learn.microsoft.com/dotnet/fundamentals/code-analysis/quality-rules/ca1508) [D:\warhub\wham\src\WarHub.ArmouryModel.Extensions\WarHub.ArmouryModel.Extensions.csproj]
         D:\warhub\wham\src\WarHub.ArmouryModel.Extensions\Text\LocalizableString.cs(57,9): warning CA1031: Modify 'GetHashCode' to catch a more specific allowed exception type, or rethrow the exception (https://learn.microsoft.com/dotnet/fundamentals/code-analysis/quality-rules/ca1031) [D:\warhub\wham\src\WarHub.ArmouryModel.Extensions\WarHub.ArmouryModel.Extensions.csproj]
         D:\warhub\wham\src\WarHub.ArmouryModel.Extensions\Text\LocalizableString.cs(70,9): warning CA1031: Modify 'Equals' to catch a more specific allowed exception type, or rethrow the exception (https://learn.microsoft.com/dotnet/fundamentals/code-analysis/quality-rules/ca1031) [D:\warhub\wham\src\WarHub.ArmouryModel.Extensions\WarHub.ArmouryModel.Extensions.csproj]
         D:\warhub\wham\src\WarHub.ArmouryModel.Extensions\Binding\BindingDiagnosticBag.cs(41,16): warning CA1508: 'DiagnosticBag' is never 'null'. Remove or refactor the condition(s) to avoid dead code. (https://learn.microsoft.com/dotnet/fundamentals/code-analysis/quality-rules/ca1508) [D:\warhub\wham\src\WarHub.ArmouryModel.Extensions\WarHub.ArmouryModel.Extensions.csproj]
         D:\warhub\wham\src\WarHub.ArmouryModel.Extensions\Text\LocalizableString.cs(114,9): warning CA1031: Modify 'RaiseOnException' to catch a more specific allowed exception type, or rethrow the exception (https://learn.microsoft.com/dotnet/fundamentals/code-analysis/quality-rules/ca1031) [D:\warhub\wham\src\WarHub.ArmouryModel.Extensions\WarHub.ArmouryModel.Extensions.csproj]
         D:\warhub\wham\src\WarHub.ArmouryModel.Extensions\Diagnostics\Diagnostic.SimpleDiagnostic.cs(87,13): warning CA1031: Modify 'GetMessage' to catch a more specific allowed exception type, or rethrow the exception (https://learn.microsoft.com/dotnet/fundamentals/code-analysis/quality-rules/ca1031) [D:\warhub\wham\src\WarHub.ArmouryModel.Extensions\WarHub.ArmouryModel.Extensions.csproj]
         D:\warhub\wham\src\WarHub.ArmouryModel.Extensions\Compilation\Compilation.cs(5,23): warning CA1724: The type name Compilation conflicts in whole or in part with the namespace name 'System.Web.Compilation' defined in the .NET Framework. Rename the type to eliminate the conflict. (https://learn.microsoft.com/dotnet/fundamentals/code-analysis/quality-rules/ca1724) [D:\warhub\wham\src\WarHub.ArmouryModel.Extensions\WarHub.ArmouryModel.Extensions.csproj]


       "D:\warhub\wham\tests\WarHub.ArmouryModel.RosterEngine.Tests\WarHub.ArmouryModel.RosterEngine.Tests.csproj" (VSTest target) (1) ->
       "D:\warhub\wham\tests\WarHub.ArmouryModel.RosterEngine.Tests\WarHub.ArmouryModel.RosterEngine.Tests.csproj" (default target) (1:2) ->
       "D:\warhub\wham\src\WarHub.ArmouryModel.Concrete.Extensions\WarHub.ArmouryModel.Concrete.Extensions.csproj" (default target) (4:2) ->
         D:\warhub\wham\src\WarHub.ArmouryModel.Concrete.Extensions\Symbols\Symbol.cs(21,14): warning CA1508: 'ContainingSymbol' is never 'null'. Remove or refactor the condition(s) to avoid dead code. (https://learn.microsoft.com/dotnet/fundamentals/code-analysis/quality-rules/ca1508) [D:\warhub\wham\src\WarHub.ArmouryModel.Concrete.Extensions\WarHub.ArmouryModel.Concrete.Extensions.csproj]
         D:\warhub\wham\src\WarHub.ArmouryModel.Concrete.Extensions\Symbols\Symbol.cs(28,14): warning CA1508: 'ContainingSymbol' is never 'null'. Remove or refactor the condition(s) to avoid dead code. (https://learn.microsoft.com/dotnet/fundamentals/code-analysis/quality-rules/ca1508) [D:\warhub\wham\src\WarHub.ArmouryModel.Concrete.Extensions\WarHub.ArmouryModel.Concrete.Extensions.csproj]


       "D:\warhub\wham\tests\WarHub.ArmouryModel.RosterEngine.Tests\WarHub.ArmouryModel.RosterEngine.Tests.csproj" (VSTest target) (1) ->
       "D:\warhub\wham\tests\WarHub.ArmouryModel.RosterEngine.Tests\WarHub.ArmouryModel.RosterEngine.Tests.csproj" (default target) (1:2) ->
       "D:\warhub\wham\src\WarHub.ArmouryModel.EditorServices\WarHub.ArmouryModel.EditorServices.csproj" (default target) (3:2) ->
         D:\warhub\wham\src\WarHub.ArmouryModel.EditorServices\RosterEditor.cs(19,57): warning CA1003: Change the event 'OperationApplied' to replace the type 'System.Action<WarHub.ArmouryModel.EditorServices.IRosterOperation, WarHub.ArmouryModel.EditorServices.RosterState>?' with a generic EventHandler, for example EventHandler<T>, where T is a valid EventArgs (https://learn.microsoft.com/dotnet/fundamentals/code-analysis/quality-rules/ca1003) [D:\warhub\wham\src\WarHub.ArmouryModel.EditorServices\WarHub.ArmouryModel.EditorServices.csproj]
         D:\warhub\wham\src\WarHub.ArmouryModel.EditorServices\RosterOperations.cs(60,34): warning CA1033: Make 'RosterOperationBase' sealed (a breaking change if this class has previously shipped), implement the method non-explicitly, or implement a new method that exposes the functionality of 'WarHub.ArmouryModel.EditorServices.IRosterOperation.Apply' and is visible to derived classes (https://learn.microsoft.com/dotnet/fundamentals/code-analysis/quality-rules/ca1033) [D:\warhub\wham\src\WarHub.ArmouryModel.EditorServices\WarHub.ArmouryModel.EditorServices.csproj]
         D:\warhub\wham\src\WarHub.ArmouryModel.EditorServices\RosterOperations.cs(70,34): warning CA1033: Make 'CreateRosterOperation' sealed (a breaking change if this class has previously shipped), implement the method non-explicitly, or implement a new method that exposes the functionality of 'WarHub.ArmouryModel.EditorServices.IRosterOperation.Apply' and is visible to derived classes (https://learn.microsoft.com/dotnet/fundamentals/code-analysis/quality-rules/ca1033) [D:\warhub\wham\src\WarHub.ArmouryModel.EditorServices\WarHub.ArmouryModel.EditorServices.csproj]


       "D:\warhub\wham\tests\WarHub.ArmouryModel.RosterEngine.Tests\WarHub.ArmouryModel.RosterEngine.Tests.csproj" (VSTest target) (1) ->
       "D:\warhub\wham\tests\WarHub.ArmouryModel.RosterEngine.Tests\WarHub.ArmouryModel.RosterEngine.Tests.csproj" (default target) (1:2) ->
       "D:\warhub\wham\src\WarHub.ArmouryModel.RosterEngine\WarHub.ArmouryModel.RosterEngine.csproj" (default target) (2:2) ->
         D:\warhub\wham\src\WarHub.ArmouryModel.RosterEngine\ConstraintValidator.cs(211,18): warning CA1822: Member 'ValidateCategoryConstraints' does not access instance data and can be marked as static (https://learn.microsoft.com/dotnet/fundamentals/code-analysis/quality-rules/ca1822) [D:\warhub\wham\src\WarHub.ArmouryModel.RosterEngine\WarHub.ArmouryModel.RosterEngine.csproj]
         D:\warhub\wham\src\WarHub.ArmouryModel.RosterEngine\WhamRosterEngine.cs(556,20): warning CA1305: The behavior of 'long.ToString()' could vary based on the current user's locale settings. Replace this call in 'WhamRosterEngine.FormatNumber(double)' with a call to 'long.ToString(IFormatProvider)'. (https://learn.microsoft.com/dotnet/fundamentals/code-analysis/quality-rules/ca1305) [D:\warhub\wham\src\WarHub.ArmouryModel.RosterEngine\WarHub.ArmouryModel.RosterEngine.csproj]
         D:\warhub\wham\src\WarHub.ArmouryModel.RosterEngine\WhamRosterEngine.cs(494,18): warning CA1822: Member 'ApplyCategoryModifiers' does not access instance data and can be marked as static (https://learn.microsoft.com/dotnet/fundamentals/code-analysis/quality-rules/ca1822) [D:\warhub\wham\src\WarHub.ArmouryModel.RosterEngine\WarHub.ArmouryModel.RosterEngine.csproj]
         D:\warhub\wham\src\WarHub.ArmouryModel.RosterEngine\ModifierEvaluator.cs(469,23): warning CA1812: 'ModifiedRuleProperties' is an internal class that is apparently never instantiated. If so, remove the code from the assembly. If this class is intended to contain only static members, make it 'static' (Module in Visual Basic). (https://learn.microsoft.com/dotnet/fundamentals/code-analysis/quality-rules/ca1812) [D:\warhub\wham\src\WarHub.ArmouryModel.RosterEngine\WarHub.ArmouryModel.RosterEngine.csproj]
         D:\warhub\wham\src\WarHub.ArmouryModel.RosterEngine\ResolvedEntry.cs(9,23): warning CA1812: 'ResolvedEntry' is an internal class that is apparently never instantiated. If so, remove the code from the assembly. If this class is intended to contain only static members, make it 'static' (Module in Visual Basic). (https://learn.microsoft.com/dotnet/fundamentals/code-analysis/quality-rules/ca1812) [D:\warhub\wham\src\WarHub.ArmouryModel.RosterEngine\WarHub.ArmouryModel.RosterEngine.csproj]
         D:\warhub\wham\src\WarHub.ArmouryModel.RosterEngine\ModifierEvaluator.cs(462,23): warning CA1812: 'ModifiedProfileProperties' is an internal class that is apparently never instantiated. If so, remove the code from the assembly. If this class is intended to contain only static members, make it 'static' (Module in Visual Basic). (https://learn.microsoft.com/dotnet/fundamentals/code-analysis/quality-rules/ca1812) [D:\warhub\wham\src\WarHub.ArmouryModel.RosterEngine\WarHub.ArmouryModel.RosterEngine.csproj]


       "D:\warhub\wham\tests\WarHub.ArmouryModel.RosterEngine.Tests\WarHub.ArmouryModel.RosterEngine.Tests.csproj" (VSTest target) (1) ->
       "D:\warhub\wham\tests\WarHub.ArmouryModel.RosterEngine.Tests\WarHub.ArmouryModel.RosterEngine.Tests.csproj" (default target) (1:2) ->
         D:\warhub\wham\tests\WarHub.ArmouryModel.RosterEngine.Tests\ConformanceTests.cs(17,13): warning CA1031: Modify 'AllSpecs' to catch a more specific allowed exception type, or rethrow the exception (https://learn.microsoft.com/dotnet/fundamentals/code-analysis/quality-rules/ca1031) [D:\warhub\wham\tests\WarHub.ArmouryModel.RosterEngine.Tests\WarHub.ArmouryModel.RosterEngine.Tests.csproj]

    33 Warning(s)
    0 Error(s)

Time Elapsed 00:00:30.19
